01-04 04:09:40.274   303   303 V NatController: runCmd(/system/bin/iptables -w -F natctrl_FORWARD) res=0
01-04 04:09:40.366   303   303 V NatController: runCmd(/system/bin/ip6tables -w -F natctrl_FORWARD) res=0
01-04 04:09:40.460   303   303 V NatController: runCmd(/system/bin/iptables -w -A natctrl_FORWARD -j DROP) res=0
01-04 04:09:40.556   303   303 V NatController: runCmd(/system/bin/iptables -w -t nat -F natctrl_nat_POSTROUTING) res=0
01-04 04:09:40.651   303   303 V NatController: runCmd(/system/bin/ip6tables -w -t raw -F natctrl_raw_PREROUTING) res=0
01-04 04:09:40.745   303   303 V NatController: runCmd(/system/bin/iptables -w -F natctrl_tether_counters) res=1
01-04 04:09:40.835   303   303 V NatController: runCmd(/system/bin/ip6tables -w -F natctrl_tether_counters) res=1
01-04 04:09:40.928   303   303 V NatController: runCmd(/system/bin/iptables -w -X natctrl_tether_counters) res=1
01-04 04:09:40.986   288   396 D agps    : [agps] WARNING: [AGPS] agps2_gnss_ack_timeout
01-04 04:09:40.986   288   396 E agps    : [agps] ERR: [AGPS] agps2_gnss_ack_timeout is already retried for 10 times
01-04 04:09:41.025   303   303 V NatController: runCmd(/system/bin/ip6tables -w -X natctrl_tether_counters) res=1
01-04 04:09:41.120   303   303 V NatController: runCmd(/system/bin/iptables -w -N natctrl_tether_counters) res=0
01-04 04:09:41.214   303   303 V NatController: runCmd(/system/bin/ip6tables -w -N natctrl_tether_counters) res=0
01-04 04:09:41.304   303   303 V NatController: runCmd(/system/bin/iptables -w -t mangle -A natctrl_mangle_FORWARD -p tcp --tcp-flags SYN SYN -j TCPMSS --clamp-mss-to-pmtu) res=0
01-04 04:09:42.653   303   303 E Netd    : cannot find interface dummy0
01-04 04:09:42.655   303   722 D MDnsDS  : MDnsSdListener starting to monitor
01-04 04:09:42.655   303   303 D MDnsDS  : MDnsSdListener::Hander starting up
01-04 04:09:42.655   303   722 D MDnsDS  : Going to poll with pollCount 1
01-04 04:09:46.057   281   354 W hwcomposer: [JOB] (0) Timed out waiting for vsync...
01-04 04:09:46.878   433   433 W dex2oat : Skipping class com.android.framework.protobuf.nano.CodedInputByteBufferNano from /system/framework/telephony-common.jar previously found in /system/framework/framework.jar:classes2.dex
01-04 04:09:46.879   433   433 W dex2oat : Skipping class com.android.framework.protobuf.nano.CodedOutputByteBufferNano$OutOfSpaceException from /system/framework/telephony-common.jar previously found in /system/framework/framework.jar:classes2.dex
01-04 04:09:46.879   433   433 W dex2oat : Skipping class com.android.framework.protobuf.nano.CodedOutputByteBufferNano from /system/framework/telephony-common.jar previously found in /system/framework/framework.jar:classes2.dex
01-04 04:09:46.879   433   433 W dex2oat : Skipping class com.android.framework.protobuf.nano.MessageNano from /system/framework/telephony-common.jar previously found in /system/framework/framework.jar:classes2.dex
01-04 04:09:46.879   433   433 W dex2oat : Skipping class com.android.framework.protobuf.nano.ExtendableMessageNano from /system/framework/telephony-common.jar previously found in /system/framework/framework.jar:classes2.dex
01-04 04:09:46.879   433   433 W dex2oat : Skipping class com.android.framework.protobuf.nano.Extension from /system/framework/telephony-common.jar previously found in /system/framework/framework.jar:classes2.dex
01-04 04:09:46.879   433   433 W dex2oat : Skipping class com.android.framework.protobuf.nano.Extension$PrimitiveExtension from /system/framework/telephony-common.jar previously found in /system/framework/framework.jar:classes2.dex
01-04 04:09:46.879   433   433 W dex2oat : Skipping class com.android.framework.protobuf.nano.FieldArray from /system/framework/telephony-common.jar previously found in /system/framework/framework.jar:classes2.dex
01-04 04:09:46.879   433   433 W dex2oat : Skipping class com.android.framework.protobuf.nano.FieldData from /system/framework/telephony-common.jar previously found in /system/framework/framework.jar:classes2.dex
01-04 04:09:46.879   433   433 W dex2oat : Skipping class com.android.framework.protobuf.nano.InternalNano from /system/framework/telephony-common.jar previously found in /system/framework/framework.jar:classes2.dex
01-04 04:09:46.879   433   433 W dex2oat : Skipping class com.android.framework.protobuf.nano.InvalidProtocolBufferNanoException from /system/framework/telephony-common.jar previously found in /system/framework/framework.jar:classes2.dex
01-04 04:09:46.879   433   433 W dex2oat : Skipping class com.android.framework.protobuf.nano.MessageNanoPrinter from /system/framework/telephony-common.jar previously found in /system/framework/framework.jar:classes2.dex
01-04 04:09:46.879   433   433 W dex2oat : Skipping class com.android.framework.protobuf.nano.UnknownFieldData from /system/framework/telephony-common.jar previously found in /system/framework/framework.jar:classes2.dex
01-04 04:09:46.879   433   433 W dex2oat : Skipping class com.android.framework.protobuf.nano.WireFormatNano from /system/framework/telephony-common.jar previously found in /system/framework/framework.jar:classes2.dex
01-04 04:09:46.879   433   433 W dex2oat : Skipping class com.android.framework.protobuf.nano.android.ParcelableExtendableMessageNano from /system/framework/telephony-common.jar previously found in /system/framework/framework.jar:classes2.dex
01-04 04:09:46.879   433   433 W dex2oat : Skipping class com.android.framework.protobuf.nano.android.ParcelableMessageNano from /system/framework/telephony-common.jar previously found in /system/framework/framework.jar:classes2.dex
01-04 04:09:46.879   433   433 W dex2oat : Skipping class com.android.framework.protobuf.nano.android.ParcelableMessageNanoCreator from /system/framework/telephony-common.jar previously found in /system/framework/framework.jar:classes2.dex
01-04 04:09:47.140   433   433 I dex2oat : Explicit concurrent mark sweep GC freed 49014(7MB) AllocSpace objects, 0(0B) LOS objects, 35% free, 7MB/11MB, paused 220us total 107.826ms
01-04 04:09:47.464   281   354 W hwcomposer: [JOB] (0) Timed out waiting for vsync...
01-04 04:09:51.799   433   560 W dex2oat : Compilation of int android.icu.text.SimpleDateFormat.subParse(java.lang.String, int, char, int, boolean, boolean, boolean[], android.icu.util.Calendar, android.icu.text.MessageFormat, android.icu.util.Output) took 108.408ms
01-04 04:09:53.777   281   354 W hwcomposer: [JOB] (0) Timed out waiting for vsync...
01-04 04:09:54.635   433   558 I dex2oat : Method exceeds compiler instruction limit: 25337 in void org.ccil.cowan.tagsoup.HTMLSchema.<init>()
01-04 04:09:57.560   433   558 W dex2oat : Compilation of boolean android.content.pm.IPackageManager$Stub.onTransact(int, android.os.Parcel, android.os.Parcel, int) took 207.874ms
01-04 04:09:58.141   281   354 W hwcomposer: [JOB] (0) Timed out waiting for vsync...
01-04 04:09:59.515   281   354 W hwcomposer: [JOB] (0) Timed out waiting for vsync...
01-04 04:09:59.850   281   354 W hwcomposer: [JOB] (0) Timed out waiting for vsync...
01-04 04:10:00.186   281   354 W hwcomposer: [JOB] (0) Timed out waiting for vsync...
01-04 04:10:01.498   281   354 W hwcomposer: [JOB] (0) Timed out waiting for vsync...
01-04 04:10:02.016   433   560 W dex2oat : Compilation of void android.os.BatteryStats.dumpCheckinLocked(android.content.Context, java.io.PrintWriter, int, int, boolean) took 360.602ms
01-04 04:10:03.052   433   560 W dex2oat : Compilation of void android.os.BatteryStats.dumpLocked(android.content.Context, java.io.PrintWriter, java.lang.String, int, int, boolean) took 971.735ms
01-04 04:10:04.908   433   559 W dex2oat : Compilation of void android.view.View.<init>(android.content.Context, android.util.AttributeSet, int, int) took 132.701ms
01-04 04:10:04.916   281   354 W hwcomposer: [JOB] (0) Timed out waiting for vsync...
01-04 04:10:05.220   281   354 W hwcomposer: [JOB] (0) Timed out waiting for vsync...
01-04 04:10:05.841   433   560 W dex2oat : Compilation of void android.view.ViewRootImpl.performTraversals() took 160.181ms
01-04 04:10:06.558   433   559 W dex2oat : Compilation of void android.widget.TextView.<init>(android.content.Context, android.util.AttributeSet, int, int) took 177.750ms
01-04 04:10:07.570   281   354 W hwcomposer: [JOB] (0) Timed out waiting for vsync...
01-04 04:10:08.901   433   560 W dex2oat : Compilation of boolean com.android.internal.telephony.ITelephony$Stub.onTransact(int, android.os.Parcel, android.os.Parcel, int) took 166.915ms
01-04 04:10:09.528   433   433 W dex2oat : Compilation of void com.android.server.SystemConfig.readPermissionsFromXml(java.io.File, int) took 164.705ms
01-04 04:10:09.562   433   559 W dex2oat : Skipping class com.android.framework.protobuf.nano.CodedInputByteBufferNano from /system/framework/telephony-common.jar previously found in /system/framework/framework.jar:classes2.dex
01-04 04:10:09.563   433   559 W dex2oat : Skipping class com.android.framework.protobuf.nano.CodedOutputByteBufferNano$OutOfSpaceException from /system/framework/telephony-common.jar previously found in /system/framework/framework.jar:classes2.dex
01-04 04:10:09.563   433   559 W dex2oat : Skipping class com.android.framework.protobuf.nano.CodedOutputByteBufferNano from /system/framework/telephony-common.jar previously found in /system/framework/framework.jar:classes2.dex
01-04 04:10:09.563   433   559 W dex2oat : Skipping class com.android.framework.protobuf.nano.MessageNano from /system/framework/telephony-common.jar previously found in /system/framework/framework.jar:classes2.dex
01-04 04:10:09.564   433   559 W dex2oat : Skipping class com.android.framework.protobuf.nano.ExtendableMessageNano from /system/framework/telephony-common.jar previously found in /system/framework/framework.jar:classes2.dex
01-04 04:10:09.564   433   559 W dex2oat : Skipping class com.android.framework.protobuf.nano.Extension from /system/framework/telephony-common.jar previously found in /system/framework/framework.jar:classes2.dex
01-04 04:10:09.564   433   559 W dex2oat : Skipping class com.android.framework.protobuf.nano.Extension$PrimitiveExtension from /system/framework/telephony-common.jar previously found in /system/framework/framework.jar:classes2.dex
01-04 04:10:09.564   433   559 W dex2oat : Skipping class com.android.framework.protobuf.nano.FieldArray from /system/framework/telephony-common.jar previously found in /system/framework/framework.jar:classes2.dex
01-04 04:10:09.565   433   559 W dex2oat : Skipping class com.android.framework.protobuf.nano.FieldData from /system/framework/telephony-common.jar previously found in /system/framework/framework.jar:classes2.dex
01-04 04:10:09.565   433   559 W dex2oat : Skipping class com.android.framework.protobuf.nano.InternalNano from /system/framework/telephony-common.jar previously found in /system/framework/framework.jar:classes2.dex
01-04 04:10:09.565   433   559 W dex2oat : Skipping class com.android.framework.protobuf.nano.InvalidProtocolBufferNanoException from /system/framework/telephony-common.jar previously found in /system/framework/framework.jar:classes2.dex
01-04 04:10:09.565   433   559 W dex2oat : Skipping class com.android.framework.protobuf.nano.MessageNanoPrinter from /system/framework/telephony-common.jar previously found in /system/framework/framework.jar:classes2.dex
01-04 04:10:09.565   433   559 W dex2oat : Skipping class com.android.framework.protobuf.nano.UnknownFieldData from /system/framework/telephony-common.jar previously found in /system/framework/framework.jar:classes2.dex
01-04 04:10:09.565   433   559 W dex2oat : Skipping class com.android.framework.protobuf.nano.WireFormatNano from /system/framework/telephony-common.jar previously found in /system/framework/framework.jar:classes2.dex
01-04 04:10:09.565   433   559 W dex2oat : Skipping class com.android.framework.protobuf.nano.android.ParcelableExtendableMessageNano from /system/framework/telephony-common.jar previously found in /system/framework/framework.jar:classes2.dex
01-04 04:10:09.565   433   559 W dex2oat : Skipping class com.android.framework.protobuf.nano.android.ParcelableMessageNano from /system/framework/telephony-common.jar previously found in /system/framework/framework.jar:classes2.dex
01-04 04:10:09.566   433   559 W dex2oat : Skipping class com.android.framework.protobuf.nano.android.ParcelableMessageNanoCreator from /system/framework/telephony-common.jar previously found in /system/framework/framework.jar:classes2.dex
01-04 04:10:09.919   281   354 W hwcomposer: [JOB] (0) Timed out waiting for vsync...
01-04 04:10:10.255   281   354 W hwcomposer: [JOB] (0) Timed out waiting for vsync...
01-04 04:10:10.591   281   354 W hwcomposer: [JOB] (0) Timed out waiting for vsync...
01-04 04:10:10.926   281   354 W hwcomposer: [JOB] (0) Timed out waiting for vsync...
01-04 04:10:11.583   433   560 W dex2oat : Compilation of void com.android.internal.telephony.uicc.SIMRecords.handleMessage(android.os.Message) took 193.713ms
01-04 04:10:12.151   433   558 W dex2oat : Compilation of org.apache.http.HttpResponse org.apache.http.impl.client.DefaultRequestDirector.execute(org.apache.http.HttpHost, org.apache.http.HttpRequest, org.apache.http.protocol.HttpContext) took 155.610ms
01-04 04:10:12.628   433   559 W dex2oat : Skipping class com.android.framework.protobuf.nano.CodedInputByteBufferNano from /system/framework/telephony-common.jar previously found in /system/framework/framework.jar:classes2.dex
01-04 04:10:12.628   433   558 W dex2oat : Skipping class com.android.framework.protobuf.nano.CodedOutputByteBufferNano from /system/framework/telephony-common.jar previously found in /system/framework/framework.jar:classes2.dex
01-04 04:10:12.628   433   560 W dex2oat : Skipping class com.android.framework.protobuf.nano.CodedOutputByteBufferNano$OutOfSpaceException from /system/framework/telephony-common.jar previously found in /system/framework/framework.jar:classes2.dex
01-04 04:10:12.628   433   433 W dex2oat : Skipping class com.android.framework.protobuf.nano.MessageNano from /system/framework/telephony-common.jar previously found in /system/framework/framework.jar:classes2.dex
01-04 04:10:12.628   433   560 W dex2oat : Skipping class com.android.framework.protobuf.nano.Extension$PrimitiveExtension from /system/framework/telephony-common.jar previously found in /system/framework/framework.jar:classes2.dex
01-04 04:10:12.628   433   560 W dex2oat : Skipping class com.android.framework.protobuf.nano.FieldArray from /system/framework/telephony-common.jar previously found in /system/framework/framework.jar:classes2.dex
01-04 04:10:12.628   433   558 W dex2oat : Skipping class com.android.framework.protobuf.nano.Extension from /system/framework/telephony-common.jar previously found in /system/framework/framework.jar:classes2.dex
01-04 04:10:12.628   433   433 W dex2oat : Skipping class com.android.framework.protobuf.nano.FieldData from /system/framework/telephony-common.jar previously found in /system/framework/framework.jar:classes2.dex
01-04 04:10:12.628   433   560 W dex2oat : Skipping class com.android.framework.protobuf.nano.InternalNano from /system/framework/telephony-common.jar previously found in /system/framework/framework.jar:classes2.dex
01-04 04:10:12.628   433   559 W dex2oat : Skipping class com.android.framework.protobuf.nano.ExtendableMessageNano from /system/framework/telephony-common.jar previously found in /system/framework/framework.jar:classes2.dex
01-04 04:10:12.628   433   558 W dex2oat : Skipping class com.android.framework.protobuf.nano.InvalidProtocolBufferNanoException from /system/framework/telephony-common.jar previously found in /system/framework/framework.jar:classes2.dex
01-04 04:10:12.628   433   433 W dex2oat : Skipping class com.android.framework.protobuf.nano.MessageNanoPrinter from /system/framework/telephony-common.jar previously found in /system/framework/framework.jar:classes2.dex
01-04 04:10:12.628   433   560 W dex2oat : Skipping class com.android.framework.protobuf.nano.UnknownFieldData from /system/framework/telephony-common.jar previously found in /system/framework/framework.jar:classes2.dex
01-04 04:10:12.629   433   559 W dex2oat : Skipping class com.android.framework.protobuf.nano.WireFormatNano from /system/framework/telephony-common.jar previously found in /system/framework/framework.jar:classes2.dex
01-04 04:10:12.629   433   558 W dex2oat : Skipping class com.android.framework.protobuf.nano.android.ParcelableExtendableMessageNano from /system/framework/telephony-common.jar previously found in /system/framework/framework.jar:classes2.dex
01-04 04:10:12.629   433   433 W dex2oat : Skipping class com.android.framework.protobuf.nano.android.ParcelableMessageNano from /system/framework/telephony-common.jar previously found in /system/framework/framework.jar:classes2.dex
01-04 04:10:12.630   433   560 W dex2oat : Skipping class com.android.framework.protobuf.nano.android.ParcelableMessageNanoCreator from /system/framework/telephony-common.jar previously found in /system/framework/framework.jar:classes2.dex
01-04 04:10:12.635   281   354 W hwcomposer: [JOB] (0) Timed out waiting for vsync...
01-04 04:10:14.502   433   433 I dex2oat : Explicit concurrent mark sweep GC freed 38261(4MB) AllocSpace objects, 0(0B) LOS objects, 47% free, 4MB/8MB, paused 214us total 58.501ms
01-04 04:10:19.636   281   354 W hwcomposer: [JOB] (0) Timed out waiting for vsync...
01-04 04:10:20.556   433   433 I dex2oat : dex2oat took 57.979s (threads: 4) arena alloc=20MB (21277488B) java alloc=4MB (4602728B) native alloc=77MB (81769632B) free=14MB (14699360B)
01-04 04:10:20.714   293   293 D ICU     : No timezone override file found: /data/misc/zoneinfo/current/icu/icu_tzdata.dat
01-04 04:10:20.817   293   293 I Radio-JNI: register_android_hardware_Radio DONE
01-04 04:10:20.823   293   293 I SamplingProfilerIntegration: Profiling disabled.
01-04 04:10:20.823   293   293 D Zygote  : begin preload
01-04 04:10:20.823   293   293 I Zygote  : Installing ICU cache reference pinning...
01-04 04:10:20.824   293   293 I Zygote  : Preloading ICU data...
01-04 04:10:20.887   293   293 I Zygote  : Preloading classes...
01-04 04:10:20.890   293   293 W Zygote  : Class not found for preloading: [Landroid.view.Display$ColorTransform;
01-04 04:10:21.814   293   293 E Typeface: Error mapping font file /system/fonts/DroidSansFallback.ttf
01-04 04:10:22.140   293   293 I art     : Thread[1,tid=293,Native,Thread*=0xf4585400,peer=0x12c070d0,"main"] recursive attempt to load library "/system/lib/libmedia_jni.so"
01-04 04:10:22.140   293   293 D MtpDeviceJNI: register_android_mtp_MtpDevice
01-04 04:10:22.141   293   293 I art     : Thread[1,tid=293,Native,Thread*=0xf4585400,peer=0x12c070d0,"main"] recursive attempt to load library "/system/lib/libmedia_jni.so"
01-04 04:10:22.141   293   293 I art     : Thread[1,tid=293,Native,Thread*=0xf4585400,peer=0x12c070d0,"main"] recursive attempt to load library "/system/lib/libmedia_jni.so"
01-04 04:10:22.203   293   293 E FFMPEGSoftCodec: Failed to load FFMPEG plugin: (null)
01-04 04:10:22.524   293   293 W Zygote  : Class not found for preloading: android.view.Display$ColorTransform
01-04 04:10:22.524   293   293 W Zygote  : Class not found for preloading: android.view.Display$ColorTransform$1
01-04 04:10:22.560   293   293 W System  : ClassLoader referenced unknown path: /system/framework/tcmclient.jar
01-04 04:10:22.711   293   293 I System  : Loaded time zone names for "" in 79ms (76ms in ICU)
01-04 04:10:22.749   293   293 I System  : Loaded time zone names for "en_US" in 38ms (34ms in ICU)
01-04 04:10:22.797   293   293 I Zygote  : ...preloaded 4158 classes in 1910ms.
01-04 04:10:22.798   293   293 I art     : VMRuntime.preloadDexCaches starting
01-04 04:10:22.934   293   293 I art     : VMRuntime.preloadDexCaches strings total=287319 before=37095 after=37095
01-04 04:10:22.934   293   293 I art     : VMRuntime.preloadDexCaches types total=23728 before=7904 after=7934
01-04 04:10:22.934   293   293 I art     : VMRuntime.preloadDexCaches fields total=113383 before=41314 after=41542
01-04 04:10:22.934   293   293 I art     : VMRuntime.preloadDexCaches methods total=199189 before=82751 after=83340
01-04 04:10:22.934   293   293 I art     : VMRuntime.preloadDexCaches finished
01-04 04:10:22.936   293   293 I Zygote  : Preloading resources...
01-04 04:10:22.993   293   293 W Resources: Preloaded drawable resource #0x108025c (android:drawable/dialog_background_material) that varies with configuration!!
01-04 04:10:23.004   293   293 W Resources: Preloaded color resource #0x10600e2 (android:color/material_grey_800) that varies with configuration!!
01-04 04:10:23.004   293   293 W Resources: Preloaded drawable resource #0x10802c9 (android:drawable/floating_popup_background_dark) that varies with configuration!!
01-04 04:10:23.204   293   293 I Zygote  : ...preloaded 114 resources in 267ms.
01-04 04:10:23.209   293   293 W Resources: Preloaded color resource #0x106010b (android:color/background_cache_hint_selector_material_dark) that varies with configuration!!
01-04 04:10:23.210   293   293 W Resources: Preloaded color resource #0x1060110 (android:color/btn_default_material_dark) that varies with configuration!!
01-04 04:10:23.214   293   293 I Zygote  : ...preloaded 41 resources in 10ms.
01-04 04:10:23.593   293   293 D libEGL  : loaded /system/lib/egl/libGLES_mali.so
01-04 04:10:23.705   293   293 I Zygote  : Preloading shared libraries...
01-04 04:10:23.747   293   293 I Zygote  : Uninstalled ICU cache reference pinning...
01-04 04:10:23.760   293   293 I Zygote  : Installed AndroidKeyStoreProvider in 13ms.
01-04 04:10:23.784   293   293 I Zygote  : Warmed up JCA providers in 24ms.
01-04 04:10:23.785   293   293 D Zygote  : end preload
01-04 04:10:23.785   293   293 I art     : Waiting for a blocking GC Explicit
01-04 04:10:23.801   293   293 I art     : WaitForGcToComplete blocked for 15.704ms for cause Explicit
01-04 04:10:23.801   293   293 I art     : Starting a blocking GC Explicit
01-04 04:10:23.820   293   293 I art     : Explicit concurrent mark sweep GC freed 4839(192KB) AllocSpace objects, 0(0B) LOS objects, 49% free, 4MB/8MB, paused 271us total 19.223ms
01-04 04:10:23.822   293   293 I art     : Starting a blocking GC Explicit
01-04 04:10:23.839   293   293 I art     : Explicit concurrent mark sweep GC freed 16(432B) AllocSpace objects, 0(0B) LOS objects, 49% free, 4MB/8MB, paused 292us total 17.098ms
01-04 04:10:23.952   293   770 I art     : Starting a blocking GC HeapTrim
01-04 04:10:23.957   293   293 I art     : Starting a blocking GC Background
01-04 04:10:24.010   293   293 I main    : type=1400 audit(0.0:20): avc: denied { getattr } for path="/sys/kernel/debug/tracing/trace_marker" dev="debugfs" ino=1049 scontext=u:r:zygote:s0 tcontext=u:object_r:debugfs:s0 tclass=file permissive=1
01-04 04:10:24.024   293   293 I Zygote  : System server process 780 has been created
01-04 04:10:24.027   293   293 I Zygote  : Accepting command socket connections
01-04 04:10:24.039   780   780 W Zygote  : Got error connecting to zygote, retrying. msg= No such file or directory
01-04 04:10:25.040   780   780 W Zygote  : Got error connecting to zygote, retrying. msg= No such file or directory
01-04 04:10:26.041   780   780 W Zygote  : Got error connecting to zygote, retrying. msg= No such file or directory
01-04 04:10:27.041   780   780 W Zygote  : Got error connecting to zygote, retrying. msg= No such file or directory
01-04 04:10:28.042   780   780 W Zygote  : Got error connecting to zygote, retrying. msg= No such file or directory
01-04 04:10:29.043   780   780 W Zygote  : Got error connecting to zygote, retrying. msg= No such file or directory
01-04 04:10:30.044   780   780 W Zygote  : Got error connecting to zygote, retrying. msg= No such file or directory
01-04 04:10:31.045   780   780 W Zygote  : Got error connecting to zygote, retrying. msg= No such file or directory
01-04 04:10:32.046   780   780 W Zygote  : Got error connecting to zygote, retrying. msg= No such file or directory
01-04 04:10:33.046   780   780 W Zygote  : Got error connecting to zygote, retrying. msg= No such file or directory
01-04 04:10:34.047   780   780 W Zygote  : Got error connecting to zygote, retrying. msg= No such file or directory
01-04 04:10:35.048   780   780 W Zygote  : Got error connecting to zygote, retrying. msg= No such file or directory
01-04 04:10:36.049   780   780 W Zygote  : Got error connecting to zygote, retrying. msg= No such file or directory
01-04 04:10:37.050   780   780 W Zygote  : Got error connecting to zygote, retrying. msg= No such file or directory
01-04 04:10:38.051   780   780 W Zygote  : Got error connecting to zygote, retrying. msg= No such file or directory
01-04 04:10:39.052   780   780 W Zygote  : Got error connecting to zygote, retrying. msg= No such file or directory
01-04 04:10:40.053   780   780 W Zygote  : Got error connecting to zygote, retrying. msg= No such file or directory
01-04 04:10:41.053   780   780 W Zygote  : Got error connecting to zygote, retrying. msg= No such file or directory
01-04 04:10:42.054   780   780 W Zygote  : Got error connecting to zygote, retrying. msg= No such file or directory
01-04 04:10:43.055   780   780 W Zygote  : Got error connecting to zygote, retrying. msg= No such file or directory
01-04 04:10:44.056   780   780 W Zygote  : Got error connecting to zygote, retrying. msg= No such file or directory
01-04 04:10:45.057   780   780 W Zygote  : Got error connecting to zygote, retrying. msg= No such file or directory
01-04 04:10:46.057   780   780 W Zygote  : Got error connecting to zygote, retrying. msg= No such file or directory
01-04 04:10:47.060   780   780 W Zygote  : Got error connecting to zygote, retrying. msg= No such file or directory
01-04 04:10:48.061   780   780 W Zygote  : Got error connecting to zygote, retrying. msg= No such file or directory
01-04 04:10:49.062   780   780 W Zygote  : Got error connecting to zygote, retrying. msg= No such file or directory
01-04 04:10:50.063   780   780 W Zygote  : Got error connecting to zygote, retrying. msg= No such file or directory
01-04 04:10:51.064   780   780 W Zygote  : Got error connecting to zygote, retrying. msg= No such file or directory
01-04 04:10:52.065   780   780 W Zygote  : Got error connecting to zygote, retrying. msg= No such file or directory
01-04 04:10:53.065   780   780 W Zygote  : Got error connecting to zygote, retrying. msg= No such file or directory
01-04 04:10:54.066   780   780 W Zygote  : Got error connecting to zygote, retrying. msg= No such file or directory
01-04 04:10:55.067   780   780 W Zygote  : Got error connecting to zygote, retrying. msg= No such file or directory
01-04 04:10:56.068   780   780 W Zygote  : Got error connecting to zygote, retrying. msg= No such file or directory
01-04 04:10:57.069   780   780 W Zygote  : Got error connecting to zygote, retrying. msg= No such file or directory
01-04 04:10:58.071   780   780 W Zygote  : Got error connecting to zygote, retrying. msg= No such file or directory
01-04 04:10:59.072   780   780 W Zygote  : Got error connecting to zygote, retrying. msg= No such file or directory
01-04 04:11:00.073   780   780 W Zygote  : Got error connecting to zygote, retrying. msg= No such file or directory
01-04 04:11:01.074   780   780 W Zygote  : Got error connecting to zygote, retrying. msg= No such file or directory
01-04 04:11:02.077   780   780 W Zygote  : Got error connecting to zygote, retrying. msg= No such file or directory
01-04 04:11:03.082   780   780 W Zygote  : Got error connecting to zygote, retrying. msg= No such file or directory
01-04 04:11:04.083   780   780 W Zygote  : Got error connecting to zygote, retrying. msg= No such file or directory
01-04 04:11:05.084   780   780 W Zygote  : Got error connecting to zygote, retrying. msg= No such file or directory
01-04 04:11:06.085   780   780 W Zygote  : Got error connecting to zygote, retrying. msg= No such file or directory
01-04 04:11:07.086   780   780 W Zygote  : Got error connecting to zygote, retrying. msg= No such file or directory
01-04 04:11:08.087   780   780 W Zygote  : Got error connecting to zygote, retrying. msg= No such file or directory
01-04 04:11:09.088   780   780 W Zygote  : Got error connecting to zygote, retrying. msg= No such file or directory
01-04 04:11:10.088   780   780 W Zygote  : Got error connecting to zygote, retrying. msg= No such file or directory
01-04 04:11:11.089   780   780 W Zygote  : Got error connecting to zygote, retrying. msg= No such file or directory
01-04 04:11:12.090   780   780 W Zygote  : Got error connecting to zygote, retrying. msg= No such file or directory
01-04 04:11:13.091   780   780 W Zygote  : Got error connecting to zygote, retrying. msg= No such file or directory
01-04 04:11:14.092   780   780 W Zygote  : Got error connecting to zygote, retrying. msg= No such file or directory
01-04 04:11:15.093   780   780 W Zygote  : Got error connecting to zygote, retrying. msg= No such file or directory
01-04 04:11:16.094   780   780 W Zygote  : Got error connecting to zygote, retrying. msg= No such file or directory
01-04 04:11:17.100   780   780 W Zygote  : Got error connecting to zygote, retrying. msg= No such file or directory
01-04 04:11:18.101   780   780 W Zygote  : Got error connecting to zygote, retrying. msg= No such file or directory
01-04 04:11:19.103   780   780 W Zygote  : Got error connecting to zygote, retrying. msg= No such file or directory
01-04 04:11:20.103   780   780 W Zygote  : Got error connecting to zygote, retrying. msg= No such file or directory
01-04 04:11:21.104   780   780 W Zygote  : Got error connecting to zygote, retrying. msg= No such file or directory
01-04 04:11:22.105   780   780 W Zygote  : Got error connecting to zygote, retrying. msg= No such file or directory
01-04 04:11:23.106   780   780 W Zygote  : Got error connecting to zygote, retrying. msg= No such file or directory
01-04 04:11:24.107   780   780 W Zygote  : Got error connecting to zygote, retrying. msg= No such file or directory
01-04 04:11:25.108   780   780 W Zygote  : Got error connecting to zygote, retrying. msg= No such file or directory
01-04 04:11:26.108   780   780 W Zygote  : Got error connecting to zygote, retrying. msg= No such file or directory
01-04 04:11:27.109   780   780 W Zygote  : Got error connecting to zygote, retrying. msg= No such file or directory
01-04 04:11:28.110   780   780 W Zygote  : Got error connecting to zygote, retrying. msg= No such file or directory
01-04 04:11:29.111   780   780 W Zygote  : Got error connecting to zygote, retrying. msg= No such file or directory
01-04 04:11:30.112   780   780 W Zygote  : Got error connecting to zygote, retrying. msg= No such file or directory
01-04 04:11:31.112   780   780 W Zygote  : Got error connecting to zygote, retrying. msg= No such file or directory
01-04 04:11:32.113   780   780 W Zygote  : Got error connecting to zygote, retrying. msg= No such file or directory
01-04 04:11:33.115   780   780 W Zygote  : Got error connecting to zygote, retrying. msg= No such file or directory
01-04 04:11:34.116   780   780 W Zygote  : Got error connecting to zygote, retrying. msg= No such file or directory
01-04 04:11:35.116   780   780 W Zygote  : Got error connecting to zygote, retrying. msg= No such file or directory
01-04 04:11:36.117   780   780 W Zygote  : Got error connecting to zygote, retrying. msg= No such file or directory
01-04 04:11:37.118   780   780 W Zygote  : Got error connecting to zygote, retrying. msg= No such file or directory
01-04 04:11:38.119   780   780 W Zygote  : Got error connecting to zygote, retrying. msg= No such file or directory
01-04 04:11:39.119   780   780 W Zygote  : Got error connecting to zygote, retrying. msg= No such file or directory
01-04 04:11:40.120   780   780 W Zygote  : Got error connecting to zygote, retrying. msg= No such file or directory
01-04 04:11:41.121   780   780 W Zygote  : Got error connecting to zygote, retrying. msg= No such file or directory
01-04 04:11:42.132   780   780 W Zygote  : Got error connecting to zygote, retrying. msg= No such file or directory
01-04 04:11:43.133   780   780 W Zygote  : Got error connecting to zygote, retrying. msg= No such file or directory
01-04 04:11:44.134   780   780 W Zygote  : Got error connecting to zygote, retrying. msg= No such file or directory
01-04 04:11:45.135   780   780 W Zygote  : Got error connecting to zygote, retrying. msg= No such file or directory
01-04 04:11:46.137   780   780 W Zygote  : Got error connecting to zygote, retrying. msg= No such file or directory
01-04 04:11:47.138   780   780 W Zygote  : Got error connecting to zygote, retrying. msg= No such file or directory
01-04 04:11:48.139   780   780 W Zygote  : Got error connecting to zygote, retrying. msg= No such file or directory
01-04 04:11:49.140   780   780 W Zygote  : Got error connecting to zygote, retrying. msg= No such file or directory
01-04 04:11:50.140   780   780 W Zygote  : Got error connecting to zygote, retrying. msg= No such file or directory
01-04 04:11:51.141   780   780 W Zygote  : Got error connecting to zygote, retrying. msg= No such file or directory
01-04 04:11:52.142   780   780 W Zygote  : Got error connecting to zygote, retrying. msg= No such file or directory
01-04 04:11:53.143   780   780 W Zygote  : Got error connecting to zygote, retrying. msg= No such file or directory
01-04 04:11:54.144   780   780 W Zygote  : Got error connecting to zygote, retrying. msg= No such file or directory
01-04 04:11:55.145   780   780 W Zygote  : Got error connecting to zygote, retrying. msg= No such file or directory
01-04 04:11:56.146   780   780 W Zygote  : Got error connecting to zygote, retrying. msg= No such file or directory
01-04 04:11:57.147   780   780 W Zygote  : Got error connecting to zygote, retrying. msg= No such file or directory
01-04 04:11:58.148   780   780 W Zygote  : Got error connecting to zygote, retrying. msg= No such file or directory
01-04 04:11:59.149   780   780 W Zygote  : Got error connecting to zygote, retrying. msg= No such file or directory
01-04 04:12:00.150   780   780 W Zygote  : Got error connecting to zygote, retrying. msg= No such file or directory
01-04 04:12:01.151   780   780 W Zygote  : Got error connecting to zygote, retrying. msg= No such file or directory
01-04 04:12:02.152   780   780 W Zygote  : Got error connecting to zygote, retrying. msg= No such file or directory
01-04 04:12:03.153   780   780 W Zygote  : Got error connecting to zygote, retrying. msg= No such file or directory
01-04 04:12:04.154   780   780 W Zygote  : Got error connecting to zygote, retrying. msg= No such file or directory
01-04 04:12:05.154   780   780 W Zygote  : Got error connecting to zygote, retrying. msg= No such file or directory
01-04 04:12:06.155   780   780 W Zygote  : Got error connecting to zygote, retrying. msg= No such file or directory
01-04 04:12:07.156   780   780 W Zygote  : Got error connecting to zygote, retrying. msg= No such file or directory
01-04 04:12:08.157   780   780 W Zygote  : Got error connecting to zygote, retrying. msg= No such file or directory
01-04 04:12:09.158   780   780 W Zygote  : Got error connecting to zygote, retrying. msg= No such file or directory
01-04 04:12:10.159   780   780 W Zygote  : Got error connecting to zygote, retrying. msg= No such file or directory
01-04 04:12:11.160   780   780 W Zygote  : Got error connecting to zygote, retrying. msg= No such file or directory
01-04 04:12:12.160   780   780 W Zygote  : Got error connecting to zygote, retrying. msg= No such file or directory
01-04 04:12:13.161   780   780 W Zygote  : Got error connecting to zygote, retrying. msg= No such file or directory
01-04 04:12:14.162   780   780 W Zygote  : Got error connecting to zygote, retrying. msg= No such file or directory
01-04 04:12:15.163   780   780 W Zygote  : Got error connecting to zygote, retrying. msg= No such file or directory
01-04 04:12:16.163   780   780 W Zygote  : Got error connecting to zygote, retrying. msg= No such file or directory
01-04 04:12:17.164   780   780 W Zygote  : Got error connecting to zygote, retrying. msg= No such file or directory
01-04 04:12:18.166   780   780 W Zygote  : Got error connecting to zygote, retrying. msg= No such file or directory
01-04 04:12:19.167   780   780 W Zygote  : Got error connecting to zygote, retrying. msg= No such file or directory
01-04 04:12:20.168   780   780 W Zygote  : Got error connecting to zygote, retrying. msg= No such file or directory
01-04 04:12:21.168   780   780 W Zygote  : Got error connecting to zygote, retrying. msg= No such file or directory
01-04 04:12:22.169   780   780 W Zygote  : Got error connecting to zygote, retrying. msg= No such file or directory
01-04 04:12:23.170   780   780 W Zygote  : Got error connecting to zygote, retrying. msg= No such file or directory
01-04 04:12:24.171   780   780 W Zygote  : Got error connecting to zygote, retrying. msg= No such file or directory
01-04 04:12:25.172   780   780 W Zygote  : Got error connecting to zygote, retrying. msg= No such file or directory
01-04 04:12:26.173   780   780 W Zygote  : Got error connecting to zygote, retrying. msg= No such file or directory
01-04 04:12:27.173   780   780 W Zygote  : Got error connecting to zygote, retrying. msg= No such file or directory
01-04 04:12:28.174   780   780 W Zygote  : Got error connecting to zygote, retrying. msg= No such file or directory
01-04 04:12:29.175   780   780 W Zygote  : Got error connecting to zygote, retrying. msg= No such file or directory
01-04 04:12:30.176   780   780 W Zygote  : Got error connecting to zygote, retrying. msg= No such file or directory
01-04 04:12:31.177   780   780 W Zygote  : Got error connecting to zygote, retrying. msg= No such file or directory
01-04 04:12:32.178   780   780 W Zygote  : Got error connecting to zygote, retrying. msg= No such file or directory
01-04 04:12:33.179   780   780 W Zygote  : Got error connecting to zygote, retrying. msg= No such file or directory
01-04 04:12:34.179   780   780 W Zygote  : Got error connecting to zygote, retrying. msg= No such file or directory
01-04 04:12:35.180   780   780 W Zygote  : Got error connecting to zygote, retrying. msg= No such file or directory
01-04 04:12:36.181   780   780 W Zygote  : Got error connecting to zygote, retrying. msg= No such file or directory
01-04 04:12:37.182   780   780 W Zygote  : Got error connecting to zygote, retrying. msg= No such file or directory
01-04 04:12:38.183   780   780 W Zygote  : Got error connecting to zygote, retrying. msg= No such file or directory
01-04 04:12:39.183   780   780 W Zygote  : Got error connecting to zygote, retrying. msg= No such file or directory
01-04 04:12:40.184   780   780 W Zygote  : Got error connecting to zygote, retrying. msg= No such file or directory
01-04 04:12:41.186   780   780 W Zygote  : Got error connecting to zygote, retrying. msg= No such file or directory
01-04 04:12:42.187   780   780 W Zygote  : Got error connecting to zygote, retrying. msg= No such file or directory
01-04 04:12:43.188   780   780 W Zygote  : Got error connecting to zygote, retrying. msg= No such file or directory
01-04 04:12:44.189   780   780 W Zygote  : Got error connecting to zygote, retrying. msg= No such file or directory
01-04 04:12:45.190   780   780 W Zygote  : Got error connecting to zygote, retrying. msg= No such file or directory
01-04 04:12:46.191   780   780 W Zygote  : Got error connecting to zygote, retrying. msg= No such file or directory
01-04 04:12:47.192   780   780 W Zygote  : Got error connecting to zygote, retrying. msg= No such file or directory
01-04 04:12:48.193   780   780 W Zygote  : Got error connecting to zygote, retrying. msg= No such file or directory
01-04 04:12:49.194   780   780 W Zygote  : Got error connecting to zygote, retrying. msg= No such file or directory
01-04 04:12:50.196   780   780 W Zygote  : Got error connecting to zygote, retrying. msg= No such file or directory
01-04 04:12:51.197   780   780 W Zygote  : Got error connecting to zygote, retrying. msg= No such file or directory
01-04 04:12:52.198   780   780 W Zygote  : Got error connecting to zygote, retrying. msg= No such file or directory
01-04 04:12:53.202   780   780 W Zygote  : Got error connecting to zygote, retrying. msg= No such file or directory
01-04 04:12:54.203   780   780 W Zygote  : Got error connecting to zygote, retrying. msg= No such file or directory
01-04 04:12:55.204   780   780 W Zygote  : Got error connecting to zygote, retrying. msg= No such file or directory
01-04 04:12:56.204   780   780 W Zygote  : Got error connecting to zygote, retrying. msg= No such file or directory
01-04 04:12:57.205   780   780 W Zygote  : Got error connecting to zygote, retrying. msg= No such file or directory
01-04 04:12:58.206   780   780 W Zygote  : Got error connecting to zygote, retrying. msg= No such file or directory
01-04 04:12:59.207   780   780 W Zygote  : Got error connecting to zygote, retrying. msg= No such file or directory
01-04 04:13:00.208   780   780 W Zygote  : Got error connecting to zygote, retrying. msg= No such file or directory
01-04 04:13:01.208   780   780 W Zygote  : Got error connecting to zygote, retrying. msg= No such file or directory
01-04 04:13:02.209   780   780 W Zygote  : Got error connecting to zygote, retrying. msg= No such file or directory
01-04 04:13:03.210   780   780 W Zygote  : Got error connecting to zygote, retrying. msg= No such file or directory
01-04 04:13:04.211   780   780 W Zygote  : Got error connecting to zygote, retrying. msg= No such file or directory
01-04 04:13:04.540   281   354 W hwcomposer: [JOB] (0) Timed out waiting for vsync...
01-04 04:13:05.212   780   780 W Zygote  : Got error connecting to zygote, retrying. msg= No such file or directory
01-04 04:13:06.213   780   780 W Zygote  : Got error connecting to zygote, retrying. msg= No such file or directory
01-04 04:13:07.214   780   780 W Zygote  : Got error connecting to zygote, retrying. msg= No such file or directory
01-04 04:13:08.215   780   780 W Zygote  : Got error connecting to zygote, retrying. msg= No such file or directory
01-04 04:13:09.216   780   780 W Zygote  : Got error connecting to zygote, retrying. msg= No such file or directory
01-04 04:13:10.217   780   780 W Zygote  : Got error connecting to zygote, retrying. msg= No such file or directory
01-04 04:13:11.219   780   780 W Zygote  : Got error connecting to zygote, retrying. msg= No such file or directory
01-04 04:13:12.220   780   780 W Zygote  : Got error connecting to zygote, retrying. msg= No such file or directory
01-04 04:13:13.221   780   780 W Zygote  : Got error connecting to zygote, retrying. msg= No such file or directory
01-04 04:13:14.222   780   780 W Zygote  : Got error connecting to zygote, retrying. msg= No such file or directory
01-04 04:13:15.223   780   780 W Zygote  : Got error connecting to zygote, retrying. msg= No such file or directory
01-04 04:13:16.223   780   780 W Zygote  : Got error connecting to zygote, retrying. msg= No such file or directory
01-04 04:13:17.224   780   780 W Zygote  : Got error connecting to zygote, retrying. msg= No such file or directory
01-04 04:13:18.225   780   780 W Zygote  : Got error connecting to zygote, retrying. msg= No such file or directory
01-04 04:13:19.226   780   780 W Zygote  : Got error connecting to zygote, retrying. msg= No such file or directory
01-04 04:13:20.226   780   780 W Zygote  : Got error connecting to zygote, retrying. msg= No such file or directory
01-04 04:13:21.228   780   780 W Zygote  : Got error connecting to zygote, retrying. msg= No such file or directory
01-04 04:13:22.229   780   780 W Zygote  : Got error connecting to zygote, retrying. msg= No such file or directory
01-04 04:13:23.229   780   780 W Zygote  : Got error connecting to zygote, retrying. msg= No such file or directory
01-04 04:13:24.230   780   780 W Zygote  : Got error connecting to zygote, retrying. msg= No such file or directory
01-04 04:13:25.231   780   780 W Zygote  : Got error connecting to zygote, retrying. msg= No such file or directory
01-04 04:13:26.232   780   780 W Zygote  : Got error connecting to zygote, retrying. msg= No such file or directory
01-04 04:13:27.234   780   780 W Zygote  : Got error connecting to zygote, retrying. msg= No such file or directory
01-04 04:13:28.235   780   780 W Zygote  : Got error connecting to zygote, retrying. msg= No such file or directory
01-04 04:13:29.235   780   780 W Zygote  : Got error connecting to zygote, retrying. msg= No such file or directory
01-04 04:13:30.239   780   780 W Zygote  : Got error connecting to zygote, retrying. msg= No such file or directory
01-04 04:13:31.240   780   780 W Zygote  : Got error connecting to zygote, retrying. msg= No such file or directory
01-04 04:13:32.241   780   780 W Zygote  : Got error connecting to zygote, retrying. msg= No such file or directory
01-04 04:13:33.242   780   780 W Zygote  : Got error connecting to zygote, retrying. msg= No such file or directory
01-04 04:13:34.243   780   780 W Zygote  : Got error connecting to zygote, retrying. msg= No such file or directory
01-04 04:13:35.244   780   780 W Zygote  : Got error connecting to zygote, retrying. msg= No such file or directory
01-04 04:13:36.245   780   780 W Zygote  : Got error connecting to zygote, retrying. msg= No such file or directory
01-04 04:13:37.245   780   780 W Zygote  : Got error connecting to zygote, retrying. msg= No such file or directory
01-04 04:13:38.246   780   780 W Zygote  : Got error connecting to zygote, retrying. msg= No such file or directory
01-04 04:13:39.247   780   780 W Zygote  : Got error connecting to zygote, retrying. msg= No such file or directory
01-04 04:13:40.248   780   780 W Zygote  : Got error connecting to zygote, retrying. msg= No such file or directory
01-04 04:13:41.249   780   780 W Zygote  : Got error connecting to zygote, retrying. msg= No such file or directory
01-04 04:13:42.250   780   780 W Zygote  : Got error connecting to zygote, retrying. msg= No such file or directory
01-04 04:13:43.251   780   780 W Zygote  : Got error connecting to zygote, retrying. msg= No such file or directory
01-04 04:13:44.252   780   780 W Zygote  : Got error connecting to zygote, retrying. msg= No such file or directory
01-04 04:13:45.253   780   780 W Zygote  : Got error connecting to zygote, retrying. msg= No such file or directory
01-04 04:13:46.254   780   780 W Zygote  : Got error connecting to zygote, retrying. msg= No such file or directory
01-04 04:13:47.254   780   780 W Zygote  : Got error connecting to zygote, retrying. msg= No such file or directory
01-04 04:13:48.255   780   780 W Zygote  : Got error connecting to zygote, retrying. msg= No such file or directory
01-04 04:13:49.256   780   780 W Zygote  : Got error connecting to zygote, retrying. msg= No such file or directory
01-04 04:13:50.257   780   780 W Zygote  : Got error connecting to zygote, retrying. msg= No such file or directory
01-04 04:13:51.259   780   780 W Zygote  : Got error connecting to zygote, retrying. msg= No such file or directory
01-04 04:13:52.260   780   780 W Zygote  : Got error connecting to zygote, retrying. msg= No such file or directory
01-04 04:13:53.261   780   780 W Zygote  : Got error connecting to zygote, retrying. msg= No such file or directory
01-04 04:13:54.262   780   780 W Zygote  : Got error connecting to zygote, retrying. msg= No such file or directory
01-04 04:13:55.263   780   780 W Zygote  : Got error connecting to zygote, retrying. msg= No such file or directory
01-04 04:13:56.264   780   780 W Zygote  : Got error connecting to zygote, retrying. msg= No such file or directory
01-04 04:13:57.265   780   780 W Zygote  : Got error connecting to zygote, retrying. msg= No such file or directory
01-04 04:13:58.266   780   780 W Zygote  : Got error connecting to zygote, retrying. msg= No such file or directory
01-04 04:13:59.266   780   780 W Zygote  : Got error connecting to zygote, retrying. msg= No such file or directory
01-04 04:14:00.268   780   780 W Zygote  : Got error connecting to zygote, retrying. msg= No such file or directory
01-04 04:14:01.269   780   780 W Zygote  : Got error connecting to zygote, retrying. msg= No such file or directory
01-04 04:14:02.270   780   780 W Zygote  : Got error connecting to zygote, retrying. msg= No such file or directory
01-04 04:14:03.270   780   780 W Zygote  : Got error connecting to zygote, retrying. msg= No such file or directory
01-04 04:14:04.272   780   780 W Zygote  : Got error connecting to zygote, retrying. msg= No such file or directory
01-04 04:14:05.273   780   780 W Zygote  : Got error connecting to zygote, retrying. msg= No such file or directory
01-04 04:14:06.273   780   780 W Zygote  : Got error connecting to zygote, retrying. msg= No such file or directory
01-04 04:14:07.274   780   780 W Zygote  : Got error connecting to zygote, retrying. msg= No such file or directory
01-04 04:14:08.275   780   780 W Zygote  : Got error connecting to zygote, retrying. msg= No such file or directory
01-04 04:14:09.276   780   780 W Zygote  : Got error connecting to zygote, retrying. msg= No such file or directory
01-04 04:14:10.276   780   780 W Zygote  : Got error connecting to zygote, retrying. msg= No such file or directory
01-04 04:14:11.277   780   780 W Zygote  : Got error connecting to zygote, retrying. msg= No such file or directory
01-04 04:14:12.278   780   780 W Zygote  : Got error connecting to zygote, retrying. msg= No such file or directory
01-04 04:14:13.279   780   780 W Zygote  : Got error connecting to zygote, retrying. msg= No such file or directory
01-04 04:14:14.280   780   780 W Zygote  : Got error connecting to zygote, retrying. msg= No such file or directory
