adb server is out of date.  killing...
* daemon started successfully *
--------- beginning of main
01-04 04:09:12.321   250   250 W auditd  : type=2000 audit(0.0:1): initialized
01-04 04:09:13.600   250   250 I auditd  : type=1403 audit(0.0:2): policy loaded auid=4294967295 ses=4294967295
01-04 04:09:18.309   253   253 I         : debuggerd: starting
--------- beginning of system
01-04 04:09:18.466   254   254 I vold    : Vold 3.0 (the awakening) firing up
01-04 04:09:18.467   254   254 V vold    : Detected support for: exfat ext4 ntfs vfat
01-04 04:09:18.475   254   254 W Vold    : Tearing down stale mount /storage/usbotg
01-04 04:09:18.475   254   254 W Vold    : Tearing down stale mount /mnt/media_rw
01-04 04:09:18.545   252   252 I         : debuggerd: starting
01-04 04:09:18.835   254   265 V vold    : /system/bin/sgdisk
01-04 04:09:18.835   254   265 V vold    :     --android-dump
01-04 04:09:18.835   254   265 V vold    :     /dev/block/vold/disk:179_128
01-04 04:09:18.840   254   267 D vold    : e4crypt_init_user0
01-04 04:09:18.840   254   267 D vold    : e4crypt_prepare_user_storage for volume null, user 0, serial 0, flags 1
01-04 04:09:18.841   254   267 D vold    : Preparing: /data/system/users/0
01-04 04:09:18.841   254   267 D vold    : Preparing: /data/misc/profiles/cur/0
01-04 04:09:18.842   254   267 D vold    : Preparing: /data/misc/profiles/cur/0/foreign-dex
01-04 04:09:18.843   254   267 D vold    : Preparing: /data/system_de/0
01-04 04:09:18.843   254   267 D vold    : Preparing: /data/misc_de/0
01-04 04:09:18.844   254   267 D vold    : Preparing: /data/user_de/0
01-04 04:09:18.844   254   267 D vold    : e4crypt_unlock_user_key 0 serial=0 token_present=0
01-04 04:09:18.845   254   267 E vold    : Failed to chmod /data/system_ce/0: No such file or directory
01-04 04:09:18.845   254   267 E vold    : Failed to chmod /data/misc_ce/0: No such file or directory
01-04 04:09:18.847     1     1 I vdc     : 200 263 Command succeeded
01-04 04:09:18.954   269   269 I /system/bin/tzdatacheck: tzdata file /data/misc/zoneinfo/current/tzdata does not exist. No action required.
01-04 04:09:19.027   254   265 V vold    : DISK gpt CBC83FD9-4235-4453-8D69-6B98D2518C8B
01-04 04:09:19.027   254   265 V vold    : 
01-04 04:09:19.027   254   265 V vold    : PART 1 EBD0A0A2-B9E5-4433-87C0-68B6B72699C7 6364D990-56C9-45B7-991C-554740580B3D Microsoft basic data
01-04 04:09:19.027   254   265 V vold    : 
01-04 04:09:19.367   275   275 I 6620_launcher: get property(service.wcn.driver.ready) failed i_ret:0
01-04 04:09:19.388   279   279 I lowmemorykiller: Using in-kernel low memory killer interface
01-04 04:09:19.466   274   274 I wmt_loader: external combo chip power on failed
01-04 04:09:19.467   274   274 I wmt_loader: no external combo chip detected, get current soc chipid
01-04 04:09:19.467   274   274 I wmt_loader: soc chipid (0x335) detected
01-04 04:09:19.528   289   289 D wifi2agps: add no timeout event, sock=4
01-04 04:09:19.542   284   284 I sysinit : Running /system/etc/init.d/00banner
01-04 04:09:19.593   285   285 D Netdiag : setgid SHELL successfully!
01-04 04:09:19.593   285   285 D Netdiag : setuid SHELL successfully!
01-04 04:09:19.593   285   285 E Netdiag : network_dignose_daemon doing
01-04 04:09:19.593   285   285 E Netdiag : commandlistening sockname=netdiag
01-04 04:09:19.593   285   285 E Netdiag : commandlistening::startlistening() ret:0,sock_listen_id:5
01-04 04:09:19.601   285   307 E Netdiag : commandlistening threadStart doing
01-04 04:09:19.601   285   307 E Netdiag : commandlistening runListener doing
01-04 04:09:19.601   285   307 D Netdiag : Set net log running flag to 0 at the very beginning
01-04 04:09:19.630   291   291 D MsensorDaemon: Msensor deamon statr!!!!!!!!!!!!
01-04 04:09:19.630   291   291 D MsensorDaemon: Msensor deamon statr : /sys/bus/platform/drivers/msensor/daemon don't exist
01-04 04:09:19.631   292   292 I thermal_manager: thermal_manager Service started!, argc 1
01-04 04:09:19.631   292   292 I thermal_manager: thermal_manager Service started!, argv[0] /system/bin/thermal_manager
01-04 04:09:19.640   283   283 I mobile_log_d: type=1400 audit(0.0:3): avc: denied { read } for name="selinux_version" dev="rootfs" ino=34 scontext=u:r:mobile_log_d:s0 tcontext=u:object_r:rootfs:s0 tclass=file permissive=1
01-04 04:09:19.640   283   283 I mobile_log_d: type=1400 audit(0.0:4): avc: denied { open } for path="/selinux_version" dev="rootfs" ino=34 scontext=u:r:mobile_log_d:s0 tcontext=u:object_r:rootfs:s0 tclass=file permissive=1
01-04 04:09:19.640   283   283 I mobile_log_d: type=1400 audit(0.0:5): avc: denied { getattr } for path="/selinux_version" dev="rootfs" ino=34 scontext=u:r:mobile_log_d:s0 tcontext=u:object_r:rootfs:s0 tclass=file permissive=1
01-04 04:09:19.648   283   283 I MobileLogD/lib: create dir /data/misc/mblog/
01-04 04:09:19.668   275   275 I 6620_launcher: get property(service.wcn.driver.ready) failed i_ret:0
01-04 04:09:19.712   281   281 E DispSync: Couldn't set SCHED_FIFO for DispSyncThread
01-04 04:09:19.713   281   281 I SurfaceFlinger: SurfaceFlinger is starting
01-04 04:09:19.713   281   281 I SurfaceFlinger: SurfaceFlinger's main thread ready to run. Initializing graphics H/W...
01-04 04:09:19.717   274   274 I wmt_loader: set property(persist.mtk.wcn.combo.chipid) to 0x0335 succeed.
01-04 04:09:19.718   274   274 I wmt_loader: external combo chip power off succeed
01-04 04:09:19.718   274   274 I wmt_loader: remove wmtWifi returns:-1, errno:2
01-04 04:09:19.752   292   292 I thermal_manager: thermal_manager dlopen
01-04 04:09:19.752   292   292 I thermal_manager: loadmtc  etc .tp thermal.conf 
01-04 04:09:19.752   292   292 I libMtcLoader: mtcloader started!
01-04 04:09:19.754   283   283 E MobileLogD/lib: restorecon success for /data/misc/mblog/!
01-04 04:09:19.841   285   307 D Netdiag : Add listener on socket server whose id=5
01-04 04:09:19.841   285   307 E Netdiag : commandlistening unlock exit
01-04 04:09:19.855   283   283 I MobileLogD/main: =====MOBILELOG START=======
01-04 04:09:19.968   275   275 I 6620_launcher: get property(service.wcn.driver.ready) failed i_ret:0
01-04 04:09:20.036   299   299 I mediacodec: @@@ mediacodecservice starting
01-04 04:09:20.036   299   299 W         : No seccomp filter defined for this architecture.
01-04 04:09:20.153   274   274 I wmt_loader: do kernel module init succeed: 0
01-04 04:09:20.154   274   274 I wmt_loader: chown wmt_tm fail:No such file or directory
01-04 04:09:20.154   274   274 I wmt_loader: get property(service.wcn.driver.ready) failed iRet:0 or property is 
01-04 04:09:20.158   274   274 I wmt_loader: set property(service.wcn.driver.ready) to yes succeed
01-04 04:09:20.203   297   297 I         : installd firing up
01-04 04:09:20.244   281   281 D libEGL  : loaded /system/lib64/egl/libGLES_mali.so
01-04 04:09:20.268   275   275 I 6620_launcher: get property(service.wcn.driver.ready) is yes
01-04 04:09:20.268   275   275 E 6620_launcher: open device node succeed.(Node:/dev/stpwmt, fd:4) 
01-04 04:09:20.268   275   275 I 6620_launcher: key:(persist.mtk.wcn.combo.chipid)-value:(0x0335),chipId:0x0335
01-04 04:09:20.268   275   275 I 6620_launcher: chip id is 0x335
01-04 04:09:20.268   275   275 I 6620_launcher: chiId:0x335, setting to property(persist.mtk.wcn.combo.chipid)
01-04 04:09:20.294   305   305 I perfprofd: starting Android Wide Profiling daemon
01-04 04:09:20.312   275   275 I 6620_launcher: set property(persist.mtk.wcn.combo.chipid) to 0x0335 succeed.
01-04 04:09:20.313   275   275 I 6620_launcher: chipIdProp:key(persist.mtk.wcn.combo.chipid)value(0x0335)
01-04 04:09:20.313   275   275 I 6620_launcher: chiId:0x0335
01-04 04:09:20.313   275   275 I 6620_launcher: for denali chipid convert
01-04 04:09:20.313   275   275 I 6620_launcher: run SOC chip flow
01-04 04:09:20.313   275   275 I 6620_launcher: key:(ro.build.type)-value:(userdebug)
01-04 04:09:20.313   275   275 I 6620_launcher: get coredump_mode property(service.wcn.coredump.mode) failed
01-04 04:09:20.313   275   275 I 6620_launcher: Connectivity coredump is disabled!
01-04 04:09:20.313   275   275 I 6620_launcher: create pwr on thread ok
01-04 04:09:20.319   275   324 I 6620_launcher: enter power on connsys flow
01-04 04:09:20.348   304   304 I gatekeeperd: Starting gatekeeperd...
01-04 04:09:20.353   292   292 E libMtcLoader: mtcloader fails to open .tp.settings and exits!
01-04 04:09:20.353   297   297 E cutils  : Failed to read /data/.layout_version: No such file or directory
01-04 04:09:20.353   297   297 D         : Assuming that device has multi-user storage layout; upgrade no longer supported
01-04 04:09:20.353   292   292 I thermal_manager: [backward-compatiable] default thermal policy
01-04 04:09:20.359   295   295 I cameraserver: ServiceManager: 0xf6699460
01-04 04:09:20.360   295   295 I CameraService: CameraService started (pid=295)
01-04 04:09:20.360   295   295 I CameraService: CameraService process starting
01-04 04:09:20.364   295   295 W BatteryNotifier: batterystats service unavailable!
01-04 04:09:20.365   298   298 I keystore: Found keymaster0 module Keymaster OpenSSL HAL, version 2
01-04 04:09:20.365   298   298 I SoftKeymaster: system/keymaster/soft_keymaster_device.cpp, Line 131: Creating device
01-04 04:09:20.365   298   298 D SoftKeymaster: system/keymaster/soft_keymaster_device.cpp, Line 132: Device address: 0x7fae650000
01-04 04:09:20.365   298   298 I keystore: Keymaster0 module is software-only.  Using SoftKeymasterDevice instead.
01-04 04:09:20.365   298   298 I SoftKeymaster: system/keymaster/soft_keymaster_device.cpp, Line 131: Creating device
01-04 04:09:20.365   298   298 D SoftKeymaster: system/keymaster/soft_keymaster_device.cpp, Line 132: Device address: 0x7fae650400
01-04 04:09:20.366   295   295 W BatteryNotifier: batterystats service unavailable!
01-04 04:09:20.374   304   304 W gatekeeperd: falling back to software GateKeeper
01-04 04:09:20.388   303   303 I Netd    : Netd 1.0 starting
01-04 04:09:20.396   275   275 I 6620_launcher: for denali chipid convert
01-04 04:09:20.396   275   275 I 6620_launcher: patch name pre-fix:ROMv2_lm_patch
01-04 04:09:20.396   275   275 I 6620_launcher: fwVersion:0x8a00
01-04 04:09:20.396   275   275 I 6620_launcher: /system/etc/firmware//ROMv2_lm_patch_1_0_hdr.bin
01-04 04:09:20.472   275   275 I 6620_launcher: fw Ver in patch: 0x8a00
01-04 04:09:20.472   275   275 I 6620_launcher: read patch info:0x22,0x00,0x06,0x00
01-04 04:09:20.472   275   275 I 6620_launcher: gpatchnum = [2]
01-04 04:09:20.472   275   275 I 6620_launcher: gdwonseq = [2]
01-04 04:09:20.472   275   275 I 6620_launcher: /system/etc/firmware//ROMv2_lm_patch_1_1_hdr.bin
01-04 04:09:20.482   275   275 I 6620_launcher: fw Ver in patch: 0x8a00
01-04 04:09:20.482   275   275 I 6620_launcher: read patch info:0x21,0x00,0x0e,0xf0
01-04 04:09:20.482   275   275 I 6620_launcher: gdwonseq = [1]
01-04 04:09:20.482   275   275 I 6620_launcher: cmd(srh_patch) resp(ok)
01-04 04:09:20.491   283   283 I MobileLogD/bootmode: boot mode is 0
01-04 04:09:20.492   283   283 I MobileLogD/config: create configure file done
01-04 04:09:20.492   283   283 E MobileLogD/bootmode: no start logging
01-04 04:09:20.498   287   287 D PQ      : PQ service start...
01-04 04:09:20.499   287   287 D PQ      : [PQ_SERIVCE] PQService constructor
01-04 04:09:20.500   287   287 D PQ      : [PQ_SERIVCE] PQService : onFirstRef
01-04 04:09:20.500   287   337 D PQ      : [PQ_SERIVCE] PQService is ready to run.
01-04 04:09:20.501   287   337 D PQ      : Gamma index: 7/15
01-04 04:09:20.502   287   337 D PQ      : [PQ_SERIVCE] DISP PQ init start...
01-04 04:09:20.502   287   337 D PQ      : [PQ_SERIVCE] DISP_IOCTL_SET_PQPARAM 0...
01-04 04:09:20.502   287   337 D PQ      : [PQ_SERIVCE] DISP_IOCTL_SET_PQ_GAL_PARAM 0...
01-04 04:09:20.524   290   290 E MNLD    : main: MNLD started
01-04 04:09:20.524   290   290 D MNLD    : main: Normal mode
01-04 04:09:20.533   294   294 I         : sMaxFastTracks = 8
01-04 04:09:20.533   294   294 I audioserver: ServiceManager: 0xf6619460
01-04 04:09:20.534   294   294 W BatteryNotifier: batterystats service unavailable!
01-04 04:09:20.534   294   294 I AudioFlinger: Using default 3000 mSec as standby time.
01-04 04:09:20.535   294   294 I AudioPolicyService: AudioPolicyService CSTOR in new mode
01-04 04:09:20.541   294   294 I APM::ConfigParsingUtils: loadAudioPolicyConfig() loaded /system/etc/audio_policy.conf
01-04 04:09:20.568   325   325 I cm      : ____ _   _ ____ _  _ ____ ____ ____ _  _ _  _ ____ ___
01-04 04:09:20.608   301   301 V MediaUtils: physMem: 964718592
01-04 04:09:20.608   301   301 V MediaUtils: requested limit: 192943700
01-04 04:09:20.608   301   301 V MediaUtils: actual limit: 192943700
01-04 04:09:20.608   301   301 V MediaUtils: original limits: 4294967295/4294967295
01-04 04:09:20.608   301   301 V MediaUtils: new limits: 192943700/4294967295
01-04 04:09:20.608   301   301 W         : No seccomp filter defined for this architecture.
01-04 04:09:20.645   281   281 E SurfaceFlinger: Couldn't set SCHED_FIFO for SFEventThread
01-04 04:09:20.703   300   300 I mediaserver: ServiceManager: 0xf61994c0
01-04 04:09:20.740   288   288 E agps    : [agps] ERR: [MAIN] mtk_agpsd is running ver=4.111.0
01-04 04:09:20.740   288   288 E agps    : [agps] ERR: [MAIN] mtk_agpsd is for Android
01-04 04:09:20.743   294   294 D AudioALSAHardware: +mAudioALSAHardware
01-04 04:09:20.743   294   294 D AudioALSADriverUtility: AudioALSADriverUtility()
01-04 04:09:20.745   294   294 D AudioALSADriverUtility: mMixer = 0xf66531c0
01-04 04:09:20.745   294   294 D AudioALSAHardwareResourceManager: AudioALSAHardwareResourceManager()
01-04 04:09:20.747   302   302 I mediaserver: ServiceManager: 0xf5f194c0
01-04 04:09:20.748   294   294 D AudioALSACodecDeviceBase: AudioALSACodecDeviceBase()
01-04 04:09:20.748   294   294 D AudioALSACodecDeviceOutEarphonePMIC: AudioALSACodecDeviceOutEarphonePMIC()
01-04 04:09:20.748   294   294 D AudioALSACodecDeviceOutEarphonePMIC: DeviceDoDcCalibrate()
01-04 04:09:20.749   302   302 W BatteryNotifier: batterystats service unavailable!
01-04 04:09:20.749   294   294 D AudioYusuParam: checkNvramReady(), property_get("service.nvram_init") = , read_nvram_ready_retry = 1
01-04 04:09:20.749   343   343 I cm      : |     \_/  |__| |\ | |  | | __ |___ |\ | |\/| |  | |  \
01-04 04:09:20.761   287   337 D PQ      : ccorr table index=0
01-04 04:09:20.762   287   337 D PQ      : [PQ_SERIVCE] DISP_IOCTL_SET_PQ_CAM_PARAM 0...
01-04 04:09:20.762   287   337 D PQ      : [PQ_SERIVCE] DISP_IOCTL_SET_TDSHPINDEX 0...
01-04 04:09:20.837   287   337 D PQ      : ccorr table index=0
01-04 04:09:20.837   287   337 D PQ      : [PQ_SERIVCE] DISP PQ init end...
01-04 04:09:20.837   287   337 D PQ      : [PQ_SERIVCE] threadLoop config User_Def PQ... end
01-04 04:09:20.839   281   281 W hwcomposer: [EVENT] Start to listen uevent, addr.nl_pid(281)
01-04 04:09:20.845   281   281 W GuiExt  : Cannot find GuiExtService
01-04 04:09:20.845   281   281 W GuiExt  : Cannot find GuiExtService
01-04 04:09:20.846   281   281 W GuiExt  : Cannot find GuiExtService
01-04 04:09:20.846   281   281 E GuiExt  : [GuiExtC] [android::status_t android::GuiExtClientConsumer::configDisplay(uint32_t, bool, uint32_t, uint32_t, uint32_t)] assertStateLocked fail
01-04 04:09:20.846   281   281 W hwcomposer: [EVENT] HW VSync State(1)
01-04 04:09:20.846   281   281 I hwcomposer: [DPY] Display Information:
01-04 04:09:20.846   281   281 I hwcomposer: [DPY] # fo current devices : 1
01-04 04:09:20.846   281   281 I hwcomposer: [DPY] ------------------------------------
01-04 04:09:20.846   281   281 I hwcomposer: [DPY] Device id   : 0
01-04 04:09:20.846   281   281 I hwcomposer: [DPY] Width       : 720
01-04 04:09:20.846   281   281 I hwcomposer: [DPY] Height      : 1280
01-04 04:09:20.846   281   281 I hwcomposer: [DPY] xdpi        : 320.000000
01-04 04:09:20.846   281   281 I hwcomposer: [DPY] ydpi        : 320.000000
01-04 04:09:20.846   281   281 I hwcomposer: [DPY] vsync       : 1
01-04 04:09:20.846   281   281 I hwcomposer: [DPY] refresh     : 15974441
01-04 04:09:20.846   281   281 I hwcomposer: [DPY] connected   : 1
01-04 04:09:20.846   281   281 I hwcomposer: [DPY] hwrotation  : 0
01-04 04:09:20.846   281   281 I hwcomposer: [DPY] subtype     : 0
01-04 04:09:20.846   281   281 I hwcomposer: [DPY] aspect      : 0.562, 1.778
01-04 04:09:20.846   281   281 I hwcomposer: [DPY] protrait    : [   0,   0, 720,1280]
01-04 04:09:20.846   281   281 I hwcomposer: [DPY] landscape   : [   0,   0, 720,1280]
01-04 04:09:20.846   281   281 I SurfaceFlinger: Using composer version 1.4
01-04 04:09:20.846   281   281 I hwcomposer: [HWC] getConfigs Display(0)
01-04 04:09:20.846   281   281 I hwcomposer: [HWC] getAttributes Display(0)
01-04 04:09:20.846   281   281 I hwcomposer: [HWC] getConfigs Display(1)
01-04 04:09:20.846   281   281 I hwcomposer: [HWC] getAttributes Display(1)
01-04 04:09:20.846   281   281 W hwcomposer: [HWC] Failed to get display attributes (dpy=1 is not connected)
01-04 04:09:20.846   281   281 I hwcomposer: [HWC] getAttributes Display(1)
01-04 04:09:20.846   281   281 W hwcomposer: [HWC] Failed to get display attributes (dpy=1 is not connected)
01-04 04:09:20.847   281   281 W SurfaceFlinger: no suitable EGLConfig found, trying a simpler query
01-04 04:09:20.847   281   281 I SurfaceFlinger: EGL information:
01-04 04:09:20.847   281   281 I SurfaceFlinger: vendor    : Android
01-04 04:09:20.847   281   281 I SurfaceFlinger: version   : 1.4 Android META-EGL
01-04 04:09:20.847   281   281 I SurfaceFlinger: extensions: EGL_KHR_get_all_proc_addresses EGL_ANDROID_presentation_time EGL_KHR_swap_buffers_with_damage EGL_ANDROID_create_native_client_buffer EGL_ANDROID_front_buffer_auto_refresh EGL_KHR_image EGL_KHR_image_base EGL_KHR_gl_texture_2D_image EGL_KHR_gl_texture_cubemap_image EGL_KHR_gl_renderbuffer_image EGL_KHR_fence_sync EGL_KHR_create_context EGL_KHR_config_attribs EGL_KHR_surfaceless_context EGL_EXT_create_context_robustness EGL_ANDROID_image_native_buffer EGL_KHR_wait_sync EGL_ANDROID_recordable EGL_KHR_partial_update 
01-04 04:09:20.847   281   281 I SurfaceFlinger: Client API: OpenGL_ES
01-04 04:09:20.847   281   281 I SurfaceFlinger: EGLSurface: 8-8-8-8, config=0x7f88023220
01-04 04:09:20.881   352   352 I cm      : |___   |   |  | | \| |__| |__] |___ | \| |  | |__| |__/
01-04 04:09:20.901   305   305 E perfprofd: unable to open configuration file /data/data/com.google.android.gms/files/perfprofd.conf
01-04 04:09:20.902   305   305 I perfprofd: random seed set to 91250732
01-04 04:09:20.904   288   288 D MtkAgpsNative: SuplRawLog.bEnable:0
01-04 04:09:20.904   288   288 D MtkAgpsNative: SuplRawLog.szPath:/sdcard
01-04 04:09:20.904   288   288 D MtkAgpsNative: SuplRawLog.szFile:agps_raw.log
01-04 04:09:20.904   288   288 D MtkAgpsNative: SuplSslLog.bEnable:0
01-04 04:09:20.904   288   288 D MtkAgpsNative: SuplSslLog.szPath:/sdcard
01-04 04:09:20.904   288   288 D MtkAgpsNative: SuplSslLog.szFile:agps_ssl.log
01-04 04:09:20.904   288   288 D agps    : [agps] WARNING: [MAIN] cdma_mgr_dlopen_firmware failed
01-04 04:09:20.906   288   361 I MtkAgpsNative: Enter mtk_agps_up_init
01-04 04:09:20.906   288   361 D MtkAgpsNative: FS_CreateDir: /data/agps_supl
01-04 04:09:20.906   288   361 W MtkAgpsNative:   -> errno(EEXIST) => dir already exists
01-04 04:09:20.906   288   361 D MtkAgpsNative: mtk_agps_debug_init()
01-04 04:09:20.906   288   361 D MtkAgpsNative: Enter supl_os_timer_init
01-04 04:09:20.914   281   281 I SurfaceFlinger: OpenGL ES informations:
01-04 04:09:20.914   281   281 I SurfaceFlinger: vendor    : ARM
01-04 04:09:20.914   281   281 I SurfaceFlinger: renderer  : Mali-T720
01-04 04:09:20.914   281   281 I SurfaceFlinger: version   : OpenGL ES 3.1 v1.r7p0-02rel0.4ea33e6671ff828e33c99c982634cd65
01-04 04:09:20.914   281   281 I SurfaceFlinger: extensions: GL_EXT_debug_marker GL_ARM_rgba8 GL_ARM_mali_shader_binary GL_OES_depth24 GL_OES_depth_texture GL_OES_depth_texture_cube_map GL_OES_packed_depth_stencil GL_OES_rgb8_rgba8 GL_EXT_read_format_bgra GL_OES_compressed_paletted_texture GL_OES_compressed_ETC1_RGB8_texture GL_OES_standard_derivatives GL_OES_EGL_image GL_OES_EGL_image_external GL_OES_EGL_sync GL_OES_texture_npot GL_OES_vertex_half_float GL_OES_required_internalformat GL_OES_vertex_array_object GL_OES_mapbuffer GL_EXT_texture_format_BGRA8888 GL_EXT_texture_rg GL_EXT_texture_type_2_10_10_10_REV GL_OES_fbo_render_mipmap GL_OES_element_index_uint GL_EXT_shadow_samplers GL_OES_texture_compression_astc GL_KHR_texture_compression_astc_ldr GL_KHR_texture_compression_astc_hdr GL_KHR_debug GL_EXT_occlusion_query_boolean GL_EXT_disjoint_timer_query GL_EXT_blend_minmax GL_EXT_discard_framebuffer GL_OES_get_program_binary GL_OES_texture_3D GL_EXT_texture_storage GL_EXT_multisampled_render_to_texture GL_OES_surfaceless_context GL_OES_texture_stencil8 G
01-04 04:09:20.914   281   281 I SurfaceFlinger: GL_MAX_TEXTURE_SIZE = 8192
01-04 04:09:20.914   281   281 I SurfaceFlinger: GL_MAX_VIEWPORT_DIMS = 8192
01-04 04:09:20.910   281   281 I surfaceflinger: type=1400 audit(0.0:6): avc: denied { write } for name="trace_marker" dev="debugfs" ino=1049 scontext=u:r:surfaceflinger:s0 tcontext=u:object_r:debugfs:s0 tclass=file permissive=1
01-04 04:09:20.910   281   281 I surfaceflinger: type=1400 audit(0.0:7): avc: denied { open } for path="/sys/kernel/debug/tracing/trace_marker" dev="debugfs" ino=1049 scontext=u:r:surfaceflinger:s0 tcontext=u:object_r:debugfs:s0 tclass=file permissive=1
01-04 04:09:20.916   281   281 D mali_winsys: new_window_surface returns 0x3000
01-04 04:09:20.942   288   361 D MtkAgpsNative: rrlp_mod_init(): Init rrlp_ptr_g
01-04 04:09:20.942   288   361 I MtkAgpsNative: [????] kal_create_mutex: name(tls_global) 
01-04 04:09:20.942   288   361 D MtkAgpsNative: [????] -> idx(0) tbl_mtx_name()  name(tls_global) 
01-04 04:09:20.942   288   361 D MtkAgpsNative: [????]   -> empty slot found (0)
01-04 04:09:20.942   288   361 D MtkAgpsNative: [????]   -> kal_create_mutex: idx(0) name(tls_global) 
01-04 04:09:20.949   288   361 D agps    : [agps] WARNING: [CP] get_ccci_uart  is not a tty
01-04 04:09:20.949   288   361 D agps    : [agps] WARNING: [CP] get_ccci_uart  [/dev/ttyC2] success
01-04 04:09:20.949   288   361 D agps    : [agps][n][CP] ccci_uart_1  open success
01-04 04:09:20.949   288   361 D agps    : [agps][n][CP] [MD_1] write  sim_info_req
01-04 04:09:20.949   288   361 E agps    : [agps] ERR: [Utility] safe_write reason=[No such device]19
01-04 04:09:20.949   288   361 E agps    : [agps] ERR: [CP] get_ccci_uart  open failed node=[/dev/ccci2_tty2] reason=[No such file or directory]
01-04 04:09:20.949   288   361 E agps    : [agps] ERR: [CP] ccci_uart_2  open failed
01-04 04:09:20.957   288   380 D agps    : [agps][n][task] is801  is running
01-04 04:09:20.957   288   381 D agps    : [agps][n][task] lpp  is running
01-04 04:09:20.957   288   379 D agps    : [agps][n][task] rrlp  is running
01-04 04:09:20.957   288   379 D agps    : [agps][n][task] rrlp  before poll...
01-04 04:09:20.957   288   381 D agps    : [agps][n][task] lpp  before poll...
01-04 04:09:20.958   288   380 D agps    : [agps][n][task] is801  before poll...
01-04 04:09:20.959   288   361 D agps    : [agps][n][AGPS] xml file load from [/etc/agps_profiles_conf2.xml]
01-04 04:09:20.975   288   361 D agps    : [agps] WARNING: [Default]  =================== dump_agps_mgr_agps_config ===================
01-04 04:09:20.975   288   361 D agps    : [agps][n][Default] cur_supl_profile  name=[GOOGLE] addr=[supl.google.com] port=[7275] tls=[1] mcc=[] mcc_mnc=[] is_auto_config=[0] supl_version=[1.0.0] tls_version=[0] sha_version=[0] app_id=[] provider_id=[] default_apn=[] option_apn=[] optional_apn_2=[] addr_type=[]
01-04 04:09:20.975   288   361 D agps    : [agps][n][Default] cdma_profile  name=[CDMA1] mcp_enable=[1] mcp_addr=[10.199.22.165] mcp_port=[6066] pde_addr_valid=[0] pde_ip_type=[0] pde_addr=[11.11.11.11] pde_port=[1111] pde_url_valid=[0] pde_url_addr=[www.mediatek.com]
01-04 04:09:20.975   288   361 D agps    : [agps][n][Default] agps_setting  agps_enable=[1] agps_protocol=[0] gpevt=[0] e911_gps_icon_enable=[0] e911_open_gps=[0]
01-04 04:09:20.976   288   361 D agps    : [agps][n][Default] gnss_setting  sib8_16_enable=[1] gps_satellite_enable=[1] glonass_satellite_enable=[1] beidou_satellite_enable=[1] galileo_satellite_enable=[1] a_glonass_satellite_enable=[1]
01-04 04:09:20.976   288   361 D agps    : [agps][n][Default] cp_setting  molr_pos_method=[0] external_addr=[0][0123456789*#+] mlc_number=[0][0123456789*#+] cp_auto_reset=[0] epc_molr_lpp_payload_enable=[0] lpp_payload=[50]
01-04 04:09:20.976   288   361 D agps    : [agps][n][Utility] agps_dump_buf=lpp_payload  0xd2,0x00,0x00,0x10,0x23,0x7b,0x20,0x26,0x40,0x4f,0xb8,0x00,0x72,0x02,0xbf,0xff,0xff,0xff,0xf8,0x00,0x00,0x00,0x00,0x20,0xc0,0x00,0x01,0x00,0x94,0x0f,0xb9,0x00,
01-04 04:09:20.976   288   361 D agps    : [agps][n][Utility] agps_dump_buf=lpp_payload  0x12,0x02,0xb7,0xff,0xff,0xf8,0x00,0x00,0x00,0x00,0x00,0x61,0x80,0x00,0x02,0x01,0x8a,0x00,
01-04 04:09:20.976   288   361 D agps    : [agps][n][Default] up_setting  ca_enable=[0] ni_request=[1] roaming=[1] cdma_preferred=[0] pref_method=[1] supl_version=[2.0.0] tls_version=[1] sha_version=[0] supl_log=[0] msa=[1] msb=[1] ecid=[1] otdoa=[0] autonomous=[1] aflt=[0] hacc=[22] vacc=[0] loc_age=[0] delay=[0] udp_port_enable=[0] dedicated_apn_enable=[0] preferred_2g3g_cell_age=[300] lpp_enable=[1] cert_from_sdcard=[1] auto_profile_enable=[1] ut2=[11] ut3=[10] sync_to_slp=[0] imsi_enable=[1] no_sensitive_log=[0]
01-04 04:09:20.976   288   361 D agps    : [agps] WARNING: [AGPS] /nvcfg does not exist
01-04 04:09:20.976   288   361 D agps    : [agps][n][AGPS] [MNL] write  agps_reboot
01-04 04:09:20.976   288   361 E agps    : [agps] ERR: [MNL] sendto dest=[/data/agps_supl/agps_to_mnl] len=8 reason=[No such file or directory]
01-04 04:09:20.976   288   361 E agps    : [agps] ERR: [MNL] external_snd_cmd safe_sendto failed
01-04 04:09:20.977   288   361 D agps    : [agps][n][AGPS] [MNL] write  agps_settings_sync  sib8_16=[1], gps=[1] glonass=[1] beidou=[1] galileo=[1] aglonass=[1]
01-04 04:09:20.977   288   361 E agps    : [agps] ERR: [MNL] sendto dest=[/data/agps_supl/agps_to_mnl] len=32 reason=[No such file or directory]
01-04 04:09:20.977   288   361 E agps    : [agps] ERR: [MNL] external_snd_cmd safe_sendto failed
01-04 04:09:20.977   288   361 D agps    : [agps][n][C2K_MSG] c2k_msg_set_handler(0, 0xf70aa989)
01-04 04:09:20.977   288   361 D agps    : [agps][n][C2K_MSG] c2k_msg_set_handler(1, 0xf70aa92d)
01-04 04:09:20.977   288   361 D agps    : [agps][n][C2K_MSG] c2k_msg_set_handler(2, 0xf70aa58d)
01-04 04:09:20.977   288   361 D agps    : [agps][n][C2K_MSG] c2k_msg_set_handler(3, 0xf70aa80d)
01-04 04:09:20.977   288   361 D agps    : [agps][n][C2K_MSG] c2k_msg_set_handler(4, 0xf70aa55d)
01-04 04:09:20.977   288   361 D agps    : [agps][n][C2K_MSG] c2k_msg_set_handler(6, 0xf70aaaed)
01-04 04:09:20.977   288   361 D agps    : [agps][n][C2K_MSG] c2k_msg_set_handler(7, 0xf70aa519)
01-04 04:09:21.042   286   403 E HWMLIB  : gyroscope_open: Couldn't find or open file sensor (Not a typewriter)
01-04 04:09:21.030   401   401 I nvram_daemon: type=1400 audit(0.0:8): avc: denied { read } for name="boot_mode" dev="sysfs" ino=118 scontext=u:r:nvram_daemon:s0 tcontext=u:object_r:sysfs:s0 tclass=file permissive=1
01-04 04:09:21.030   401   401 I nvram_daemon: type=1400 audit(0.0:9): avc: denied { open } for path="/sys/devices/virtual/BOOT/BOOT/boot/boot_mode" dev="sysfs" ino=118 scontext=u:r:nvram_daemon:s0 tcontext=u:object_r:sysfs:s0 tclass=file permissive=1
01-04 04:09:21.040   295   295 I cameraserver: type=1400 audit(0.0:10): avc: denied { write } for name="trace_marker" dev="debugfs" ino=1049 scontext=u:r:cameraserver:s0 tcontext=u:object_r:debugfs:s0 tclass=file permissive=1
01-04 04:09:21.040   295   295 I cameraserver: type=1400 audit(0.0:11): avc: denied { open } for path="/sys/kernel/debug/tracing/trace_marker" dev="debugfs" ino=1049 scontext=u:r:cameraserver:s0 tcontext=u:object_r:debugfs:s0 tclass=file permissive=1
01-04 04:09:21.047   295   295 D ImgSensorDrv: [impSearchSensor]SENSOR search start 
01-04 04:09:21.047   295   295 D ImgSensorDrv: [impSearchSensor]impSearchSensor search to sub
01-04 04:09:21.047   295   295 D ImgSensorDrv: [impSearchSensor]set sensor driver id =10000
01-04 04:09:21.093   295   295 D ImgSensorDrv: [getCurrentSensorType][getCurrentSensorType] 
01-04 04:09:21.093   295   295 D ImgSensorDrv: [getInfo][getInfo],m_fdSensor = 0x8 
01-04 04:09:21.093   295   295 D ImgSensorDrv: [getSocketPosition][getSocketPosition]:[1][1] 
01-04 04:09:21.093   295   295 D ImgSensorDrv: [impSearchSensor]found <0x5005/gc5005mipiraw/SENSOR_DRVNAME_GC5005MIPI_RAW>
01-04 04:09:21.093   295   295 D ImgSensorDrv: [impSearchSensor]MAIN sensor found:[0]/[0x10000]/[0]/[1] 
01-04 04:09:21.093   295   295 D ImgSensorDrv: [impSearchSensor]set sensor driver id =10001
01-04 04:09:21.117   286   404 D HWMLIB  : nvram read: 0, 0, 0 
01-04 04:09:21.119   286   402 D HWMLIB  : [RN]    0.0000    0.0000    0.0000 =>     0     0     0
01-04 04:09:21.139   295   295 D ImgSensorDrv: [impSearchSensor][impSearchSensor] Err-ctrlCode (I/O error) 
01-04 04:09:21.139   295   295 D ImgSensorDrv: [getCurrentSensorType][getCurrentSensorType] 
01-04 04:09:21.139   295   295 D ImgSensorDrv: [getInfo][getInfo],m_fdSensor = 0x8 
01-04 04:09:21.139   295   295 D ImgSensorDrv: [getSocketPosition][getSocketPosition]:[1][1] 
01-04 04:09:21.139   295   295 D ImgSensorDrv: [impSearchSensor]sensor ID mismatch
01-04 04:09:21.139   295   295 D ImgSensorDrv: [impSearchSensor]m_pstSensorInitFunc[i].getCameraDefault is NULL: 2 
01-04 04:09:21.139   295   295 D ImgSensorDrv: [impSearchSensor]impSearchSensor search to sub
01-04 04:09:21.139   295   295 D ImgSensorDrv: [impSearchSensor]set sensor driver id =20000
01-04 04:09:21.150   290   290 D MNLD    : setup_socket_mtklogger: socket_fd = 7
01-04 04:09:21.150   290   290 D MNLD    : main: mtklogger2mnld_fd created success
01-04 04:09:21.151   290   290 D MNLD    : mnl_write_attr: write '0' to /sys/class/gpsdrv/gps/pwrctl okay
01-04 04:09:21.152   290   290 D MNLD    : mnl_write_attr: write '0' to /sys/class/gpsdrv/gps/suspend okay
01-04 04:09:21.152   290   290 D MNLD    : mnl_write_attr: write '0' to /sys/class/gpsdrv/gps/state okay
01-04 04:09:21.152   290   290 D MNLD    : mnl_write_attr: write '1' to /sys/class/gpsdrv/gps/pwrsave okay
01-04 04:09:21.152   290   290 D mnl_linux: read_prop: read_prop: open /data/misc/gps/mnl.prop fail!
01-04 04:09:21.152   290   290 D mnl_linux: read_prop: read_prop: open /sbin/mnl.prop fail!
01-04 04:09:21.152   290   290 E mnl_linux: mnl_utl_load_property: Config is not set yet, ignore
01-04 04:09:21.152   290   290 D mnl_linux: mnl_utl_load_property: ========================================
01-04 04:09:21.152   290   290 D mnl_linux: mnl_utl_load_property: [setting] load default value
01-04 04:09:21.152   290   290 D mnl_linux: mnl_utl_load_property: dev_dsp/dev_gps :  
01-04 04:09:21.152   290   290 D mnl_linux: mnl_utl_load_property: init_speed/link_speed: 0 0
01-04 04:09:21.152   290   290 D mnl_linux: mnl_utl_load_property: pmtk_conn/socket_port/dev_dbg : 0 0 
01-04 04:09:21.152   290   290 D mnl_linux: mnl_utl_load_property: debug_nmea/debug_mnl: 0 0x0000
01-04 04:09:21.152   290   290 D mnl_linux: mnl_utl_load_property: nmea2file/dbg2file: 0/0
01-04 04:09:21.152   290   290 D mnl_linux: mnl_utl_load_property: time-out: 15 5 3 10 0 0
01-04 04:09:21.152   290   290 D mnl_linux: mnl_utl_load_property: EPO_Enabled: 0
01-04 04:09:21.152   290   290 D mnl_linux: mnl_utl_load_property: BEE_Enabled: 0
01-04 04:09:21.152   290   290 D mnl_linux: mnl_utl_load_property: SUPL_Enabled: 0
01-04 04:09:21.152   290   290 D mnl_linux: mnl_utl_load_property: SUPLSI_Enabled: 0
01-04 04:09:21.152   290   290 D mnl_linux: mnl_utl_load_property: EPO_priority: 0
01-04 04:09:21.152   290   290 D mnl_linux: mnl_utl_load_property: BEE_priority: 0
01-04 04:09:21.152   290   290 D mnl_linux: mnl_utl_load_property: SUPL_priority: 0
01-04 04:09:21.152   290   290 D mnl_linux: mnl_utl_load_property: AVAILIABLE_AGE: 0
01-04 04:09:21.152   290   290 D mnl_linux: mnl_utl_load_property: RTC_DRIFT: 0
01-04 04:09:21.153   290   290 D mnl_linux: mnl_utl_load_property: TIME_INTERVAL: 0
01-04 04:09:21.153   290   290 D mnl_linux: mnl_utl_load_property: ========================================
01-04 04:09:21.153   290   290 D MNLD    : main: listening..
01-04 04:09:21.153   290   290 D MNLD    : chip_detector: combo_chip_id is 0x0335
01-04 04:09:21.153   290   290 D mnl_linux: mtk_gps_sys_init: Start to read nvram
01-04 04:09:21.153   290   290 D mnl_linux: mtk_gps_sys_init: nvram_init_val Ready
01-04 04:09:21.153   290   290 D mnl_linux: mtk_gps_sys_init: Get nvram restore ready retry cc=1
01-04 04:09:21.161   290   290 D mnl_linux: mtk_gps_sys_init: GPS NVRam (52 * 1) : 
01-04 04:09:21.161   290   290 D mnl_linux: mtk_gps_sys_init: dsp_dev(/dev/stpgps) : /dev/stpgps
01-04 04:09:21.161   290   290 D mnl_linux: mtk_gps_sys_init: gps_tcxo_hz : 26000000
01-04 04:09:21.161   290   290 D mnl_linux: mtk_gps_sys_init: gps_tcxo_ppb : 0
01-04 04:09:21.161   290   290 D mnl_linux: mtk_gps_sys_init: gps_tcxo_type : 255
01-04 04:09:21.161   290   290 D mnl_linux: mtk_gps_sys_init: gps_lna_mode : 0
01-04 04:09:21.161   290   290 E MNLD    : read_NVRAM: not 3332 UART port
01-04 04:09:21.161   290   290 D MNLD    : chip_detector: exit chip_detector
01-04 04:09:21.161   290   290 D MNLD    : main: main2
01-04 04:09:21.161   290   290 D MNLD    : main: main3
01-04 04:09:21.161   286   402 D HWMLIB  : [WD]    0.0000    0.0000    0.0000 =>     0     0     0
01-04 04:09:21.161   290   290 D MNLD    : epoll_init: Print:epoll_add success
01-04 04:09:21.161   290   290 D MNLD    : main: new connection
01-04 04:09:21.162   286   402 E HWMLIB  : gsensor_set_cali: set_cali err: -1
01-04 04:09:21.163   286   404 E HWMLIB  : alsps_set_cali: set_cali err: -1
01-04 04:09:21.185   303   303 D TetherController: Setting IP forward enable = 0
01-04 04:09:21.185   297   297 D         : Upgrading to /data/misc/user directories
01-04 04:09:21.185   304   304 I gatekeeperd: cold boot: clearing state
01-04 04:09:21.198   303   303 E         : Failed to open libdatactrl, some features may not be present.
01-04 04:09:21.198   303   303 E         : Failed to open libcsm_data, some features may not be present.
01-04 04:09:21.202   295   295 D ImgSensorDrv: [impSearchSensor][impSearchSensor] Err-ctrlCode (I/O error) 
01-04 04:09:21.202   295   295 D ImgSensorDrv: [getCurrentSensorType][getCurrentSensorType] 
01-04 04:09:21.202   295   295 D ImgSensorDrv: [getInfo][getInfo],m_fdSensor = 0x8 
01-04 04:09:21.202   295   295 D ImgSensorDrv: [getSocketPosition][getSocketPosition]:[2][-1] 
01-04 04:09:21.202   295   295 D ImgSensorDrv: [impSearchSensor]sensor ID mismatch
01-04 04:09:21.202   295   295 D ImgSensorDrv: [impSearchSensor]set sensor driver id =20001
01-04 04:09:21.250   295   295 D ImgSensorDrv: [getCurrentSensorType][getCurrentSensorType] 
01-04 04:09:21.250   295   295 D ImgSensorDrv: [getInfo][getInfo],m_fdSensor = 0x8 
01-04 04:09:21.250   295   295 D ImgSensorDrv: [getSocketPosition][getSocketPosition]:[2][-1] 
01-04 04:09:21.250   295   295 D ImgSensorDrv: [impSearchSensor]found <0x30a/gc030amipiraw/SENSOR_DRVNAME_GC030AMIPI_RAW>
01-04 04:09:21.250   295   295 D ImgSensorDrv: [impSearchSensor]SUB sensor found:[1]/[0x20001]/[0]/[-1] 
01-04 04:09:21.250   295   295 D ImgSensorDrv: [impSearchSensor]m_pstSensorInitFunc[i].getCameraDefault is NULL: 2 
01-04 04:09:21.250   295   295 D ImgSensorDrv: [impSearchSensor]SENSOR search end: 0x3 /[0x5005][0]/[0xffffff][255]/[0x30a][1]
01-04 04:09:21.250   295   295 D ImgSensorDrv: [init][init] mUsers = 0
01-04 04:09:21.250   295   295 D ImgSensorDrv: [getResolution][getResolution] ACDK_SENSOR_RESOLUTION_INFO_STRUCT
01-04 04:09:21.250   295   295 D ImgSensorDrv: [init][featureControl]: SENSOR_FEATURE_GET_PIXEL_CLOCK_FREQ
01-04 04:09:21.250   295   295 E ImgSensorDrv: [init]Err(  516):[init]:  SENSOR_FEATURE_GET_PIXEL_CLOCK_FREQ error = 0
01-04 04:09:21.250   295   295 D ImgSensorDrv: [init][init]: m_LineTimeInus[0] = 31
01-04 04:09:21.250   295   295 D ImgSensorDrv: [getInfo2]prv w=0xa20,h=0x798
01-04 04:09:21.250   295   295 D ImgSensorDrv: [getInfo2]cap w=0xa20,h=0x798
01-04 04:09:21.250   295   295 D ImgSensorDrv: [getInfo2]vd  w=0xa20,h=0x798
01-04 04:09:21.250   295   295 D ImgSensorDrv: [getInfo2]pre GrapX=0x0,GrapY=0x0
01-04 04:09:21.250   295   295 D ImgSensorDrv: [uninit][uninit]imgsensor_drv mUsers = 1
01-04 04:09:21.250   295   295 D ImgSensorDrv: [init][init] mUsers = 0
01-04 04:09:21.251   295   295 D ImgSensorDrv: [getResolution][getResolution] ACDK_SENSOR_RESOLUTION_INFO_STRUCT
01-04 04:09:21.251   295   295 E ImgSensorDrv: [init]Err(  549):[init]:  SENSOR_FEATURE_GET_PIXEL_CLOCK_FREQ error = 0
01-04 04:09:21.251   295   295 D ImgSensorDrv: [init][init]: m_LineTimeInus[1] = 31
01-04 04:09:21.251   295   295 D ImgSensorDrv: [getInfo2]prv w=0x280,h=0x1e0
01-04 04:09:21.251   295   295 D ImgSensorDrv: [getInfo2]cap w=0x280,h=0x1e0
01-04 04:09:21.251   295   295 D ImgSensorDrv: [getInfo2]vd  w=0x280,h=0x1e0
01-04 04:09:21.251   295   295 D ImgSensorDrv: [getInfo2]pre GrapX=0x0,GrapY=0x0
01-04 04:09:21.251   295   295 D ImgSensorDrv: [uninit][uninit]imgsensor_drv mUsers = 1
01-04 04:09:21.251   295   295 D ImgSensorDrv: [init][init] mUsers = 0
01-04 04:09:21.251   295   295 D ImgSensorDrv: [getResolution][getResolution] ACDK_SENSOR_RESOLUTION_INFO_STRUCT
01-04 04:09:21.251   295   295 D ImgSensorDrv: [init][featureControl]: SENSOR_FEATURE_GET_PIXEL_CLOCK_FREQ
01-04 04:09:21.251   295   295 E ImgSensorDrv: [init]Err(  516):[init]:  SENSOR_FEATURE_GET_PIXEL_CLOCK_FREQ error = 0
01-04 04:09:21.251   295   295 D ImgSensorDrv: [init][init]: m_LineTimeInus[0] = 31
01-04 04:09:21.252   295   295 D ImgSensorDrv: [uninit][uninit]imgsensor_drv mUsers = 1
01-04 04:09:21.252   295   295 D ImgSensorDrv: [init][init] mUsers = 0
01-04 04:09:21.252   295   295 D ImgSensorDrv: [getResolution][getResolution] ACDK_SENSOR_RESOLUTION_INFO_STRUCT
01-04 04:09:21.252   295   295 E ImgSensorDrv: [init]Err(  549):[init]:  SENSOR_FEATURE_GET_PIXEL_CLOCK_FREQ error = 0
01-04 04:09:21.252   295   295 D ImgSensorDrv: [init][init]: m_LineTimeInus[1] = 31
01-04 04:09:21.252   294   294 D AudioYusuParam: GetDcCalibrationParamFromNV rec_size = 8 rec_num = 1
01-04 04:09:21.252   295   295 D ImgSensorDrv: [uninit][uninit]imgsensor_drv mUsers = 1
01-04 04:09:21.252   294   294 D AudioALSACodecDeviceOutEarphonePMIC: cali_flag = 1 cali_val_hp_left = 2000 cali_val_hp_right = 2025 
01-04 04:09:21.252   294   294 D AudioALSACodecDeviceOutEarphonePMIC: cali_val_hp_left = 2000, short cali_val_hp_left = 2000, HplOffset=2000 
01-04 04:09:21.252   294   294 D AudioALSACodecDeviceOutEarphonePMIC: cali_val_hp_right = 2025, short cali_val_hp_right = 2025, HplOffset=2025 
01-04 04:09:21.260   281   281 D SurfaceFlinger: SF. shader cache generated - 26 shaders in 343.316071 ms
01-04 04:09:21.265   281   281 E SurfaceFlinger: Couldn't set SCHED_FIFO
01-04 04:09:21.266   281   281 D SurfaceFlinger: Set power mode=2, type=0 flinger=0x7f88068000
01-04 04:09:21.266   281   281 I hwcomposer: [HWC] SetPowerMode(2) Display(0)
01-04 04:09:21.288   407   407 I cm      : Welcome to Android 7.1.1 / CyanogenMod-14.1-20170104-UNOFFICIAL-maxi_lte
01-04 04:09:21.312   281   281 W SurfaceFlinger: Couldn't set SCHED_FIFO on display on
01-04 04:09:21.327   295   295 D nvbuf_util.cpp: nvbuf_util.cpp getBufAndReadNoLock+ ln=584 ramId=0 sensorDev=1
01-04 04:09:21.327   295   295 D NvramDrv: NvramDrv [readNoDefault] id=1 dev=9
01-04 04:09:21.327   295   295 D NvramDrv: NvramDrv [readNvramData]+ a_eSensorType=1 a_eNvramDataType=9
01-04 04:09:21.327   295   295 D NvramDrv: NvramDrv check nvram demon
01-04 04:09:21.332   295   295 D NvramDrv: NvramDrv [readNvramData]- 0 0 0 0 0 0 0 0 0 0
01-04 04:09:21.332   295   295 D nvbuf_util.cpp: nvbuf_util.cpp readRamVersion nvRamId=0 ver : isp=0,3a=0,sh=0,lens=0,pl=0,stb=0,tsf=0,geo=0,feature=0
01-04 04:09:21.332   295   295 D nvbuf_util.cpp: nvbuf_util.cpp readRamVersion ln=606 ver=0 err=0
01-04 04:09:21.332   295   295 D nvbuf_util.cpp: nvbuf_util.cpp ln=376 1
01-04 04:09:21.332   295   295 D nvbuf_util.cpp: nvbuf_util.cpp ln=393 20485
01-04 04:09:21.332   295   295 D NvramDrv: NvramDrv [readNvrameEx] sensor type = 1; NVRAM data type = 0
01-04 04:09:21.332   295   295 D NvramDrv: NvramDrv checkDataVersionNew
01-04 04:09:21.332   295   295 D NvramDrv: NvramDrv checkDataVersionNew v=0 vTar=1
01-04 04:09:21.332   295   295 D NvramDrv: NvramDrv [readDefaultData] sensor ID = 20485; NVRAM data type = 0
01-04 04:09:21.335   295   295 D nvbuf_util.cpp: nvbuf_util.cpp getBufAndRead- ln=628
01-04 04:09:21.335   295   295 D dngInfo : [DngInfoImp] S0(0.000000,0.000000) O0(0.000000,0.000000) S1(0.000000,0.000000) O1(0.000000,0.000000) S2(0.000000,0.000000) O2(0.000000,0.000000) S3(0.000000,0.000000) O3(0.000000,0.000000)
01-04 04:09:21.335   295   295 D dngInfo : [convertColorTransform] Support Only one color trasform for DNG, NVRAM CCM index(0)
01-04 04:09:21.335   295   295 D dngInfo : CCM1: [3.632812, -1.750000, 0.117188][-0.515625, 3.078125, -0.562500][-0.046875, -1.250000, 3.296875]
01-04 04:09:21.335   295   295 D dngInfo : CM1: [0.802675, -0.130537, -0.121581][-0.188307, 0.618827, 0.055246][-0.043106, 0.170886, 0.339893]
01-04 04:09:21.336   295   295 D dngInfo : FM1: [1.378921, 0.243297, 0.306222][0.435835, 1.741488, -0.177323][-0.032933, -0.618198, 2.301551]
01-04 04:09:21.336   295   295 D dngInfo : [DngInfoImp] Correctly converted color transform
01-04 04:09:21.349   295   295 D nvbuf_util.cpp: nvbuf_util.cpp getBufAndReadNoLock+ ln=584 ramId=0 sensorDev=2
01-04 04:09:21.349   295   295 D nvbuf_util.cpp: nvbuf_util.cpp readRamVersion nvRamId=0 ver : isp=0,3a=0,sh=0,lens=0,pl=0,stb=0,tsf=0,geo=0,feature=0
01-04 04:09:21.349   295   295 D nvbuf_util.cpp: nvbuf_util.cpp readRamVersion ln=606 ver=0 err=0
01-04 04:09:21.349   295   295 D nvbuf_util.cpp: nvbuf_util.cpp ln=380 2
01-04 04:09:21.349   295   295 D nvbuf_util.cpp: nvbuf_util.cpp ln=393 778
01-04 04:09:21.349   295   295 D NvramDrv: NvramDrv [readNvrameEx] sensor type = 2; NVRAM data type = 0
01-04 04:09:21.349   295   295 D NvramDrv: NvramDrv checkDataVersionNew
01-04 04:09:21.349   295   295 D NvramDrv: NvramDrv checkDataVersionNew v=0 vTar=1
01-04 04:09:21.349   295   295 D NvramDrv: NvramDrv [readDefaultData] sensor ID = 778; NVRAM data type = 0
01-04 04:09:21.352   295   295 D nvbuf_util.cpp: nvbuf_util.cpp getBufAndRead- ln=628
01-04 04:09:21.352   295   295 D dngInfo : [DngInfoImp] S0(0.000000,0.000000) O0(0.000000,0.000000) S1(0.000000,0.000000) O1(0.000000,0.000000) S2(0.000000,0.000000) O2(0.000000,0.000000) S3(0.000000,0.000000) O3(0.000000,0.000000)
01-04 04:09:21.352   295   295 D dngInfo : [convertColorTransform] Support Only one color trasform for DNG, NVRAM CCM index(0)
01-04 04:09:21.352   295   295 D dngInfo : CCM1: [3.468750, -1.164062, -0.304688][-0.601562, 3.039062, -0.437500][-0.117188, -1.218750, 3.335938]
01-04 04:09:21.352   295   295 D dngInfo : CM1: [0.885283, -0.231298, -0.101152][-0.144417, 0.592714, 0.040915][-0.004982, 0.147257, 0.328315]
01-04 04:09:21.352   295   295 D dngInfo : FM1: [1.264226, 0.488239, 0.175975][0.333462, 1.845753, -0.179214][-0.093779, -0.591510, 2.335709]
01-04 04:09:21.352   295   295 D dngInfo : [DngInfoImp] Correctly converted color transform
01-04 04:09:21.353   295   295 I CameraService: Loaded "MediaTek Camera Module" camera module
01-04 04:09:21.354   295   295 I ServiceManager: Waiting for service media.camera.proxy...
01-04 04:09:21.376   294   294 D AudioYusuParam: GetDcCalibrationParamFromNV rec_size = 8 rec_num = 1
01-04 04:09:21.376   294   294 D AudioALSACodecDeviceOutEarphonePMIC: cali_flag = 1 cali_val_hp_left = 2000 cali_val_hp_right = 2025, HplOffset=2000 
01-04 04:09:21.376   294   294 D AudioALSADeviceConfigManager: +UniqueAlsaDeviceConfigParserInstance
01-04 04:09:21.376   294   294 D AudioALSADeviceConfigManager: AudioALSADeviceConfigManager()
01-04 04:09:21.376   294   294 D AudioALSADeviceConfigManager: LoadAudioConfig()
01-04 04:09:21.382   294   294 E AudioALSADeviceConfigManager: LoadAudioConfig success 
01-04 04:09:21.382   294   294 D AudioALSADeviceConfigManager: TiXmlDeclaration version = 1.0 
01-04 04:09:21.382   294   294 D AudioALSADeviceConfigManager: TiXmlDeclaration Encoding = UTF-8 
01-04 04:09:21.382   294   294 D AudioALSADeviceConfigManager: TiXmlDeclaration Standalone =  
01-04 04:09:21.382   294   294 D AudioALSADeviceConfigManager: GetVersion = 1.01
01-04 04:09:21.382   294   294 D AudioALSADeviceConfigManager: FirstChildElement can find mixer
01-04 04:09:21.382   294   294 D AudioALSADeviceConfigManager: +ParseInitSequence()
01-04 04:09:21.382   294   294 D AudioALSADeviceConfigManager: valname = Audio_Speaker_class_Switch  valvalue = CLASSAB  
01-04 04:09:21.382   294   294 D AudioALSADeviceConfigManager: -ParseInitSequence()
01-04 04:09:21.382   294   294 D AudioALSADeviceConfigManager: ParseDeviceSequence() devicename = headphone_output action = turnon
01-04 04:09:21.382   294   294 D AudioALSADeviceConfigManager: CheckDeviceExist not exist devicename = headphone_output
01-04 04:09:21.382   294   294 D AudioALSADeviceConfigManager: add turn on sequnce
01-04 04:09:21.382   294   294 D AudioALSADeviceConfigManager: valname = Audio_Amp_R_Switch  valvalue = On  
01-04 04:09:21.382   294   294 D AudioALSADeviceConfigManager: valname = Audio_Amp_L_Switch  valvalue = On  
01-04 04:09:21.382   294   294 D AudioALSADeviceConfigManager: ParseDeviceSequence() devicename = headphone_output action = turnoff
01-04 04:09:21.382   294   294 D AudioALSADeviceConfigManager: CheckDeviceExist exist devicename = headphone_output
01-04 04:09:21.382   294   294 D AudioALSADeviceConfigManager: GetDeviceDescriptorbyname
01-04 04:09:21.382   294   294 D AudioALSADeviceConfigManager: CheckDeviceExist exist devicename = headphone_output
01-04 04:09:21.382   294   294 D AudioALSADeviceConfigManager: add turn off sequnce
01-04 04:09:21.382   294   294 D AudioALSADeviceConfigManager: valname = Audio_Amp_R_Switch  valvalue = Off  
01-04 04:09:21.382   294   294 D AudioALSADeviceConfigManager: valname = Audio_Amp_L_Switch  valvalue = Off  
01-04 04:09:21.382   294   294 D AudioALSADeviceConfigManager: ParseDeviceSequence() devicename = receiver_output action = turnon
01-04 04:09:21.382   294   294 D AudioALSADeviceConfigManager: CheckDeviceExist not exist devicename = receiver_output
01-04 04:09:21.382   294   294 D AudioALSADeviceConfigManager: add turn on sequnce
01-04 04:09:21.382   294   294 D AudioALSADeviceConfigManager: valname = Voice_Amp_Switch  valvalue = On  
01-04 04:09:21.382   294   294 D AudioALSADeviceConfigManager: ParseDeviceSequence() devicename = receiver_output action = turnoff
01-04 04:09:21.382   294   294 D AudioALSADeviceConfigManager: CheckDeviceExist exist devicename = receiver_output
01-04 04:09:21.383   294   294 D AudioALSADeviceConfigManager: GetDeviceDescriptorbyname
01-04 04:09:21.383   294   294 D AudioALSADeviceConfigManager: CheckDeviceExist exist devicename = receiver_output
01-04 04:09:21.383   294   294 D AudioALSADeviceConfigManager: add turn off sequnce
01-04 04:09:21.383   294   294 D AudioALSADeviceConfigManager: valname = Voice_Amp_Switch  valvalue = Off  
01-04 04:09:21.383   294   294 D AudioALSADeviceConfigManager: ParseDeviceSequence() devicename = two_in_one_speaker_output action = turnon
01-04 04:09:21.383   294   294 D AudioALSADeviceConfigManager: CheckDeviceExist not exist devicename = two_in_one_speaker_output
01-04 04:09:21.383   294   294 D AudioALSADeviceConfigManager: add turn on sequnce
01-04 04:09:21.383   294   294 D AudioALSADeviceConfigManager: valname = Audio_Speaker_class_Switch  valvalue = RECEIVER  
01-04 04:09:21.383   294   294 D AudioALSADeviceConfigManager: valname = Speaker_Amp_Switch  valvalue = On  
01-04 04:09:21.383   294   294 D AudioALSADeviceConfigManager: ParseDeviceSequence() devicename = two_in_one_speaker_output action = turnoff
01-04 04:09:21.383   294   294 D AudioALSADeviceConfigManager: CheckDeviceExist exist devicename = two_in_one_speaker_output
01-04 04:09:21.383   294   294 D AudioALSADeviceConfigManager: GetDeviceDescriptorbyname
01-04 04:09:21.383   294   294 D AudioALSADeviceConfigManager: CheckDeviceExist exist devicename = two_in_one_speaker_output
01-04 04:09:21.383   294   294 D AudioALSADeviceConfigManager: add turn off sequnce
01-04 04:09:21.383   294   294 D AudioALSADeviceConfigManager: valname = Speaker_Amp_Switch  valvalue = Off  
01-04 04:09:21.383   294   294 D AudioALSADeviceConfigManager: valname = Audio_Speaker_class_Switch  valvalue = CALSSD  
01-04 04:09:21.383   294   294 D AudioALSADeviceConfigManager: ParseDeviceSequence() devicename = speaker_output action = turnon
01-04 04:09:21.383   294   294 D AudioALSADeviceConfigManager: CheckDeviceExist not exist devicename = speaker_output
01-04 04:09:21.383   294   294 D AudioALSADeviceConfigManager: add turn on sequnce
01-04 04:09:21.383   294   294 D AudioALSADeviceConfigManager: valname = Speaker_Amp_Switch  valvalue = On  
01-04 04:09:21.383   294   294 D AudioALSADeviceConfigManager: ParseDeviceSequence() devicename = speaker_output action = turnoff
01-04 04:09:21.383   294   294 D AudioALSADeviceConfigManager: CheckDeviceExist exist devicename = speaker_output
01-04 04:09:21.383   294   294 D AudioALSADeviceConfigManager: GetDeviceDescriptorbyname
01-04 04:09:21.383   294   294 D AudioALSADeviceConfigManager: CheckDeviceExist exist devicename = speaker_output
