01-03 21:23:50.095   914  1022 I vol.Events: writeEvent level_changed STREAM_SYSTEM 5
01-03 21:23:50.098   577   700 D VoldConnector: RCV <- {651 public:179_129 2}
01-03 21:23:50.099   577   700 D VoldConnector: RCV <- {200 6 Command succeeded}
01-03 21:23:50.102   577   698 E VoldConnector: NDC Command {6 volume mount public:179_129 2 0} took too long (1461ms)
01-03 21:23:50.107   914  1022 I vol.Events: writeEvent level_changed STREAM_VOICE_CALL 4
01-03 21:23:50.107   314   314 I MediaPlayerService: MediaPlayerService::getOMX
01-03 21:23:50.109   314   314 I OMXClient: MuxOMX ctor
01-03 21:23:50.109   310   310 I OMXMaster: makeComponentInstance(OMX.google.g711.alaw.decoder) in mediacodec process
01-03 21:23:50.116   314   314 I MediaPlayerService: MediaPlayerService::getOMX
01-03 21:23:50.118   314   314 I OMXClient: MuxOMX ctor
01-03 21:23:50.118   310  1053 I OMXMaster: makeComponentInstance(OMX.google.g711.mlaw.decoder) in mediacodec process
01-03 21:23:50.130   314   314 I MediaPlayerService: MediaPlayerService::getOMX
01-03 21:23:50.132   314   314 I OMXClient: MuxOMX ctor
01-03 21:23:50.132   310  1052 I OMXMaster: makeComponentInstance(OMX.google.vorbis.decoder) in mediacodec process
01-03 21:23:50.138   314   314 I MediaPlayerService: MediaPlayerService::getOMX
01-03 21:23:50.139   314   314 I OMXClient: MuxOMX ctor
01-03 21:23:50.139   310   379 I OMXMaster: makeComponentInstance(OMX.google.opus.decoder) in mediacodec process
01-03 21:23:50.145   314   314 I MediaPlayerService: MediaPlayerService::getOMX
01-03 21:23:50.146   314   314 I OMXClient: MuxOMX ctor
01-03 21:23:50.146   310   995 I OMXMaster: makeComponentInstance(OMX.google.raw.decoder) in mediacodec process
01-03 21:23:50.157   314   314 I MediaPlayerService: MediaPlayerService::getOMX
01-03 21:23:50.158   314   314 I OMXClient: MuxOMX ctor
01-03 21:23:50.158   310   310 I OMXMaster: makeComponentInstance(OMX.google.aac.encoder) in mediacodec process
01-03 21:23:50.172   314   314 I MediaPlayerService: MediaPlayerService::getOMX
01-03 21:23:50.173   314   314 I OMXClient: MuxOMX ctor
01-03 21:23:50.173   310   310 I OMXMaster: makeComponentInstance(OMX.google.amrnb.encoder) in mediacodec process
01-03 21:23:50.188   914   914 D StorageNotification: Notifying about private volume: VolumeInfo{private}:
01-03 21:23:50.188   914   914 D StorageNotification:     type=PRIVATE diskId=null partGuid=null mountFlags=0 mountUserId=-1 
01-03 21:23:50.188   914   914 D StorageNotification:     state=MOUNTED 
01-03 21:23:50.188   914   914 D StorageNotification:     fsType=null fsUuid=null fsLabel=null 
01-03 21:23:50.188   914   914 D StorageNotification:     path=/data internalPath=null 
01-03 21:23:50.190   314   314 I MediaPlayerService: MediaPlayerService::getOMX
01-03 21:23:50.191   314   314 I OMXClient: MuxOMX ctor
01-03 21:23:50.191   310  1053 I OMXMaster: makeComponentInstance(OMX.google.amrwb.encoder) in mediacodec process
01-03 21:23:50.192   914   914 D StorageNotification: Notifying about public volume: VolumeInfo{public:179_129}:
01-03 21:23:50.192   914   914 D StorageNotification:     type=PUBLIC diskId=disk:179_128 partGuid=null mountFlags=VISIBLE 
01-03 21:23:50.192   914   914 D StorageNotification:     mountUserId=0 state=MOUNTED 
01-03 21:23:50.192   914   914 D StorageNotification:     fsType=vfat fsUuid=5F4E-035A fsLabel=^^NAM-yM-@^C?M-VM-b^C 
01-03 21:23:50.192   914   914 D StorageNotification:     path=/storage/5F4E-035A internalPath=/mnt/media_rw/5F4E-035A 
01-03 21:23:50.203   314   314 I MediaPlayerService: MediaPlayerService::getOMX
01-03 21:23:50.203   314   314 I OMXClient: MuxOMX ctor
01-03 21:23:50.204   310  1052 I OMXMaster: makeComponentInstance(OMX.google.flac.encoder) in mediacodec process
01-03 21:23:50.212   314   314 I MediaPlayerService: MediaPlayerService::getOMX
01-03 21:23:50.213   314   314 I OMXClient: MuxOMX ctor
01-03 21:23:50.213   310   379 I OMXMaster: makeComponentInstance(OMX.google.gsm.decoder) in mediacodec process
01-03 21:23:50.230   314   314 I MediaPlayerService: MediaPlayerService::getOMX
01-03 21:23:50.232   314   314 I OMXClient: MuxOMX ctor
01-03 21:23:50.232   310   995 I OMXMaster: makeComponentInstance(OMX.google.mpeg4.decoder) in mediacodec process
01-03 21:23:50.240   310  1053 E OMXNodeInstance: getExtensionIndex(136001e:google.mpeg4.decoder, OMX.google.android.index.configureVideoTunnelMode) ERROR: UnsupportedIndex(0x8000101a)
01-03 21:23:50.240   310   310 W OMXNodeInstance: [136001e:google.mpeg4.decoder] component does not support metadata mode; using fallback
01-03 21:23:50.243   314   314 I MediaPlayerService: MediaPlayerService::getOMX
01-03 21:23:50.244   314   314 I OMXClient: MuxOMX ctor
01-03 21:23:50.244   310  1053 I OMXMaster: makeComponentInstance(OMX.google.h263.decoder) in mediacodec process
01-03 21:23:50.257   310  1053 E OMXNodeInstance: getExtensionIndex(136001f:google.h263.decoder, OMX.google.android.index.configureVideoTunnelMode) ERROR: UnsupportedIndex(0x8000101a)
01-03 21:23:50.257   310   310 W OMXNodeInstance: [136001f:google.h263.decoder] component does not support metadata mode; using fallback
01-03 21:23:50.262   314   314 I MediaPlayerService: MediaPlayerService::getOMX
01-03 21:23:50.262   314   314 I OMXClient: MuxOMX ctor
01-03 21:23:50.263   310  1053 I OMXMaster: makeComponentInstance(OMX.google.h264.decoder) in mediacodec process
01-03 21:23:50.278   314   314 W ACodec  : [OMX.google.h264.decoder] stopping checking profiles after 32: 2/8000
01-03 21:23:50.279   310   995 E OMXNodeInstance: getExtensionIndex(1360020:google.h264.decoder, OMX.google.android.index.configureVideoTunnelMode) ERROR: UnsupportedIndex(0x8000101a)
01-03 21:23:50.279   310  1053 W OMXNodeInstance: [1360020:google.h264.decoder] component does not support metadata mode; using fallback
01-03 21:23:50.285   314   314 I MediaPlayerService: MediaPlayerService::getOMX
01-03 21:23:50.288   314   314 I OMXClient: MuxOMX ctor
01-03 21:23:50.288   310   995 I OMXMaster: makeComponentInstance(OMX.google.hevc.decoder) in mediacodec process
01-03 21:23:50.303   310  1053 E OMXNodeInstance: getExtensionIndex(1360021:google.hevc.decoder, OMX.google.android.index.configureVideoTunnelMode) ERROR: UnsupportedIndex(0x8000101a)
01-03 21:23:50.303   310   310 W OMXNodeInstance: [1360021:google.hevc.decoder] component does not support metadata mode; using fallback
01-03 21:23:50.306   314   314 I MediaPlayerService: MediaPlayerService::getOMX
01-03 21:23:50.306   314   314 I OMXClient: MuxOMX ctor
01-03 21:23:50.307   310  1053 I OMXMaster: makeComponentInstance(OMX.google.vp8.decoder) in mediacodec process
01-03 21:23:50.314   310   379 E OMXNodeInstance: getExtensionIndex(1360022:google.vp8.decoder, OMX.google.android.index.configureVideoTunnelMode) ERROR: UnsupportedIndex(0x8000101a)
01-03 21:23:50.315   310  1052 W OMXNodeInstance: [1360022:google.vp8.decoder] component does not support metadata mode; using fallback
01-03 21:23:50.319   314   314 I MediaPlayerService: MediaPlayerService::getOMX
01-03 21:23:50.321   314   314 I OMXClient: MuxOMX ctor
01-03 21:23:50.321   310   379 I OMXMaster: makeComponentInstance(OMX.google.vp9.decoder) in mediacodec process
01-03 21:23:50.332   310  1053 E OMXNodeInstance: getExtensionIndex(1360023:google.vp9.decoder, OMX.google.android.index.configureVideoTunnelMode) ERROR: UnsupportedIndex(0x8000101a)
01-03 21:23:50.332   310   310 W OMXNodeInstance: [1360023:google.vp9.decoder] component does not support metadata mode; using fallback
01-03 21:23:50.336   314   314 I MediaPlayerService: MediaPlayerService::getOMX
01-03 21:23:50.336   314   314 I OMXClient: MuxOMX ctor
01-03 21:23:50.337   310  1053 I OMXMaster: makeComponentInstance(OMX.google.h263.encoder) in mediacodec process
01-03 21:23:50.342   310  1053 I SoftMPEG4Encoder: Construct SoftMPEG4Encoder
01-03 21:23:50.343   577   590 I StatusBarManagerService: registerStatusBar bar=com.android.internal.statusbar.IStatusBar$Stub$Proxy@95fe4ec
01-03 21:23:50.345   314   314 W ACodec  : do not know color format 0x7f000789 = 2130708361
01-03 21:23:50.345   310   379 E OMXNodeInstance: getConfig(1360024:google.h263.encoder, ConfigAndroidIntraRefresh(0x6f60000a)) ERROR: Undefined(0x80001001)
01-03 21:23:50.347   314   314 I MediaPlayerService: MediaPlayerService::getOMX
01-03 21:23:50.348   314   314 I OMXClient: MuxOMX ctor
01-03 21:23:50.352   310   995 I OMXMaster: makeComponentInstance(OMX.google.h264.encoder) in mediacodec process
01-03 21:23:50.367   314   314 W ACodec  : do not know color format 0x7f000789 = 2130708361
01-03 21:23:50.370   314   314 I MediaPlayerService: MediaPlayerService::getOMX
01-03 21:23:50.370   314   314 I OMXClient: MuxOMX ctor
01-03 21:23:50.371   310   995 I OMXMaster: makeComponentInstance(OMX.google.mpeg4.encoder) in mediacodec process
01-03 21:23:50.373   310   995 I SoftMPEG4Encoder: Construct SoftMPEG4Encoder
01-03 21:23:50.375   314   314 W ACodec  : do not know color format 0x7f000789 = 2130708361
01-03 21:23:50.375   310  1052 E OMXNodeInstance: getConfig(1360026:google.mpeg4.encoder, ConfigAndroidIntraRefresh(0x6f60000a)) ERROR: Undefined(0x80001001)
01-03 21:23:50.377   314   314 I MediaPlayerService: MediaPlayerService::getOMX
01-03 21:23:50.378   314   314 I OMXClient: MuxOMX ctor
01-03 21:23:50.378   310   310 I OMXMaster: makeComponentInstance(OMX.google.vp8.encoder) in mediacodec process
01-03 21:23:50.395   314   314 W ACodec  : do not know color format 0x7f000789 = 2130708361
01-03 21:23:50.395   310  1052 E OMXNodeInstance: getConfig(1360027:google.vp8.encoder, ConfigAndroidIntraRefresh(0x6f60000a)) ERROR: Undefined(0x80001001)
01-03 21:23:50.397   314   314 W MediaCodecList: Component OMX.dolby.ec3.decoder does not support any type of media?
01-03 21:23:50.397   314   314 W MediaCodecList: Component OMX.dolby.ac3.decoder does not support any type of media?
01-03 21:23:50.398   314   314 I MediaPlayerService: MediaPlayerService::getOMX
01-03 21:23:50.399   314   314 I OMXClient: MuxOMX ctor
01-03 21:23:50.399   314   314 W MediaCodecList: unable to open media codecs configuration xml file: /etc/media_codecs_performance.xml
01-03 21:23:50.400   314   314 I MediaPlayerService: MediaPlayerService::getOMX
01-03 21:23:50.401   314   314 I OMXClient: MuxOMX ctor
01-03 21:23:50.402   314   314 W MediaCodecList: unable to open media codecs configuration xml file: /data/misc/media/media_codecs_profiling_results.xml
01-03 21:23:50.404   314  1019 I MediaPlayerService: MediaPlayerService::getOMX
01-03 21:23:50.404   314   314 I MediaPlayerService: MediaPlayerService::getOMX
01-03 21:23:50.405   577   936 I chatty  : uid=1000 system_server expire 1 line
01-03 21:23:50.406   914  1006 I OMXClient: MuxOMX ctor
01-03 21:23:50.407   310  1053 I OMXMaster: makeComponentInstance(OMX.google.vorbis.decoder) in mediacodec process
01-03 21:23:50.409   310  1052 I OMXMaster: makeComponentInstance(OMX.google.vorbis.decoder) in mediacodec process
01-03 21:23:50.488   914   914 W Resources: Drawable com.android.systemui:drawable/ic_battery_portrait has unresolved theme attributes! Consider using Resources.getDrawable(int, Theme) or Context.getDrawable(int).
01-03 21:23:50.488   914   914 W Resources: java.lang.RuntimeException
01-03 21:23:50.488   914   914 W Resources: 	at android.content.res.Resources.getDrawable(Resources.java:746)
01-03 21:23:50.488   914   914 W Resources: 	at com.android.systemui.BatteryMeterDrawable.loadBatteryDrawables(BatteryMeterDrawable.java:427)
01-03 21:23:50.488   914   914 W Resources: 	at com.android.systemui.BatteryMeterDrawable.<init>(BatteryMeterDrawable.java:174)
01-03 21:23:50.488   914   914 W Resources: 	at com.android.systemui.BatteryMeterDrawable.<init>(BatteryMeterDrawable.java:145)
01-03 21:23:50.488   914   914 W Resources: 	at com.android.systemui.BatteryMeterView.<init>(BatteryMeterView.java:62)
01-03 21:23:50.488   914   914 W Resources: 	at com.android.systemui.BatteryMeterView.<init>(BatteryMeterView.java:52)
01-03 21:23:50.488   914   914 W Resources: 	at java.lang.reflect.Constructor.newInstance0(Native Method)
01-03 21:23:50.488   914   914 W Resources: 	at java.lang.reflect.Constructor.newInstance(Constructor.java:430)
01-03 21:23:50.488   914   914 W Resources: 	at android.view.LayoutInflater.createView(LayoutInflater.java:645)
01-03 21:23:50.488   914   914 W Resources: 	at android.view.LayoutInflater.createViewFromTag(LayoutInflater.java:787)
01-03 21:23:50.488   914   914 W Resources: 	at android.view.LayoutInflater.createViewFromTag(LayoutInflater.java:727)
01-03 21:23:50.488   914   914 W Resources: 	at android.view.LayoutInflater.rInflate(LayoutInflater.java:858)
01-03 21:23:50.488   914   914 W Resources: 	at android.view.LayoutInflater.rInflateChildren(LayoutInflater.java:821)
01-03 21:23:50.488   914   914 W Resources: 	at android.view.LayoutInflater.parseInclude(LayoutInflater.java:994)
01-03 21:23:50.488   914   914 W Resources: 	at android.view.LayoutInflater.rInflate(LayoutInflater.java:854)
01-03 21:23:50.488   914   914 W Resources: 	at android.view.LayoutInflater.rInflateChildren(LayoutInflater.java:821)
01-03 21:23:50.488   914   914 W Resources: 	at android.view.LayoutInflater.rInflate(LayoutInflater.java:861)
01-03 21:23:50.488   914   914 W Resources: 	at android.view.LayoutInflater.rInflateChildren(LayoutInflater.java:821)
01-03 21:23:50.488   914   914 W Resources: 	at android.view.LayoutInflater.rInflate(LayoutInflater.java:861)
01-03 21:23:50.488   914   914 W Resources: 	at android.view.LayoutInflater.rInflateChildren(LayoutInflater.java:821)
01-03 21:23:50.488   914   914 W Resources: 	at android.view.LayoutInflater.parseInclude(LayoutInflater.java:994)
01-03 21:23:50.488   914   914 W Resources: 	at android.view.LayoutInflater.rInflate(LayoutInflater.java:854)
01-03 21:23:50.488   914   914 W Resources: 	at android.view.LayoutInflater.rInflateChildren(LayoutInflater.java:821)
01-03 21:23:50.488   914   914 W Resources: 	at android.view.LayoutInflater.inflate(LayoutInflater.java:518)
01-03 21:23:50.488   914   914 W Resources: 	at android.view.LayoutInflater.inflate(LayoutInflater.java:426)
01-03 21:23:50.488   914   914 W Resources: 	at android.view.LayoutInflater.inflate(LayoutInflater.java:377)
01-03 21:23:50.488   914   914 W Resources: 	at android.view.View.inflate(View.java:21014)
01-03 21:23:50.488   914   914 W Resources: 	at com.android.systemui.statusbar.phone.PhoneStatusBar.inflateStatusBarWindow(PhoneStatusBar.java:1273)
01-03 21:23:50.488   914   914 W Resources: 	at com.android.systemui.statusbar.phone.PhoneStatusBar.makeStatusBarView(PhoneStatusBar.java:870)
01-03 21:23:50.488   914   914 W Resources: 	at com.android.systemui.statusbar.phone.PhoneStatusBar.addStatusBarWindow(PhoneStatusBar.java:3712)
01-03 21:23:50.488   914   914 W Resources: 	at com.android.systemui.statusbar.phone.PhoneStatusBar.createAndAddWindows(PhoneStatusBar.java:3708)
01-03 21:23:50.488   914   914 W Resources: 	at com.android.systemui.statusbar.BaseStatusBar.start(BaseStatusBar.java:769)
01-03 21:23:50.488   914   914 W Resources: 	at com.android.systemui.statusbar.phone.PhoneStatusBar.start(PhoneStatusBar.java:793)
01-03 21:23:50.488   914   914 W Resources: 	at com.android.systemui.statusbar.SystemBars.createStatusBarFromConfig(SystemBars.java:106)
01-03 21:23:50.488   914   914 W Resources: 	at com.android.systemui.statusbar.SystemBars.onNoService(SystemBars.java:58)
01-03 21:23:50.488   914   914 W Resources: 	at com.android.systemui.statusbar.ServiceMonitor.startService(ServiceMonitor.java:230)
01-03 21:23:50.488   914   914 W Resources: 	at com.android.systemui.statusbar.ServiceMonitor.-wrap5(ServiceMonitor.java)
01-03 21:23:50.488   914   914 W Resources: 	at com.android.systemui.statusbar.ServiceMonitor$1.handleMessage(ServiceMonitor.java:73)
01-03 21:23:50.488   914   914 W Resources: 	at android.os.Handler.dispatchMessage(Handler.java:102)
01-03 21:23:50.488   914   914 W Resources: 	at android.os.Looper.loop(Looper.java:154)
01-03 21:23:50.488   914   914 W Resources: 	at android.app.ActivityThread.main(ActivityThread.java:6126)
01-03 21:23:50.488   914   914 W Resources: 	at java.lang.reflect.Method.invoke(Native Method)
01-03 21:23:50.488   914   914 W Resources: 	at com.android.internal.os.ZygoteInit$MethodAndArgsCaller.run(ZygoteInit.java:886)
01-03 21:23:50.488   914   914 W Resources: 	at com.android.internal.os.ZygoteInit.main(ZygoteInit.java:776)
01-03 21:23:50.526   314   391 I MediaPlayerService: MediaPlayerService::getOMX
01-03 21:23:50.528   577  1119 I chatty  : uid=1000 system_server expire 1 line
01-03 21:23:50.530   310  1052 I OMXMaster: makeComponentInstance(OMX.google.vorbis.decoder) in mediacodec process
01-03 21:23:50.537   314   959 I MediaPlayerService: MediaPlayerService::getOMX
01-03 21:23:50.540   914  1120 I OMXClient: MuxOMX ctor
01-03 21:23:50.542   310  1053 I OMXMaster: makeComponentInstance(OMX.google.vorbis.decoder) in mediacodec process
01-03 21:23:50.642   314   959 I MediaPlayerService: MediaPlayerService::getOMX
01-03 21:23:50.645   577  1125 I chatty  : uid=1000 system_server expire 1 line
01-03 21:23:50.652   310  1052 I OMXMaster: makeComponentInstance(OMX.google.vorbis.decoder) in mediacodec process
01-03 21:23:50.713   314   959 I MediaPlayerService: MediaPlayerService::getOMX
01-03 21:23:50.714   914  1128 I OMXClient: MuxOMX ctor
01-03 21:23:50.716   310   379 I OMXMaster: makeComponentInstance(OMX.google.vorbis.decoder) in mediacodec process
01-03 21:23:50.776   314   959 I MediaPlayerService: MediaPlayerService::getOMX
01-03 21:23:50.778   577  1131 I chatty  : uid=1000 system_server expire 1 line
01-03 21:23:50.780   310   379 I OMXMaster: makeComponentInstance(OMX.google.vorbis.decoder) in mediacodec process
01-03 21:23:50.860   314   959 I MediaPlayerService: MediaPlayerService::getOMX
01-03 21:23:50.862   577  1134 I chatty  : uid=1000 system_server expire 1 line
01-03 21:23:50.866   310   310 I OMXMaster: makeComponentInstance(OMX.google.vorbis.decoder) in mediacodec process
01-03 21:23:50.872   293   324 D agps    : [agps][n][WIFI] wifi_enabled
01-03 21:23:50.875   315   821 D SoftapController: Softap fwReload - Ok
01-03 21:23:50.882   577   830 E NetdConnector: NDC Command {5 softap fwreload wlan0 STA} took too long (1774ms)
01-03 21:23:51.007   314  1019 I MediaPlayerService: MediaPlayerService::getOMX
01-03 21:23:51.009   577  1140 I chatty  : uid=1000 system_server expire 1 line
01-03 21:23:51.012   310   995 I OMXMaster: makeComponentInstance(OMX.google.vorbis.decoder) in mediacodec process
01-03 21:23:51.030   577   612 D BluetoothManagerService: Message: 100
01-03 21:23:51.030   577   612 E BluetoothManagerService: MESSAGE_TIMEOUT_BIND
01-03 21:23:51.068   914   914 W System  : ClassLoader referenced unknown path: 
01-03 21:23:51.070   914   914 D ApplicationLoaders: ignored Vulkan layer search path /system/app/Camera2/lib/arm:/system/app/Camera2/Camera2.apk!/lib/armeabi-v7a:/system/lib:/vendor/lib for namespace 0xee3ad090
01-03 21:23:51.094   286   388 W hwcomposer: [JOB] (0) Timed out waiting for vsync...
01-03 21:23:51.204   577   612 D BluetoothManagerService: Message: 401
01-03 21:23:51.205   303   843 D AudioALSAHardware: +setParameters(): A2dpSuspended=false
01-03 21:23:51.205   303   843 W AudioALSAHardware: setParameters(), still have param.size() = 1, remain param = "A2dpSuspended=false"
01-03 21:23:51.205   303   843 D AudioALSAHardware: -setParameters(): A2dpSuspended=false 
01-03 21:23:51.212   914   914 D ClockController: onTuningChanged key=cmsystem:status_bar_clock value=null
01-03 21:23:51.219   914   914 D ClockController: onTuningChanged key=cmsystem:status_bar_am_pm value=null
01-03 21:23:51.222   914   914 D ClockController: onTuningChanged key=clock_seconds value=null
01-03 21:23:51.275   577   612 D BluetoothManagerService: Message: 20
01-03 21:23:51.276   577   612 D BluetoothManagerService: Added callback: android.bluetooth.IBluetoothManagerCallback$Stub$Proxy@1c8494c:true
01-03 21:23:51.282   577   612 D BluetoothManagerService: Message: 30
01-03 21:23:51.287   577   612 D BluetoothManagerService: Message: 30
01-03 21:23:51.295   914   914 D LocalBluetoothProfileManager: Adding local MAP profile
01-03 21:23:51.300   914   914 D BluetoothMap: Create BluetoothMap proxy object
01-03 21:23:51.301   577   612 D BluetoothManagerService: Message: 30
01-03 21:23:51.306   577   612 D BluetoothManagerService: Message: 30
01-03 21:23:51.309   914   914 D LocalBluetoothProfileManager: LocalBluetoothProfileManager construction complete
01-03 21:23:51.339   914   914 I CameraManagerGlobal: Connecting to camera service
01-03 21:23:51.339   914   914 E CameraManagerGlobal: Camera service is unavailable
01-03 21:23:51.373   577   577 E NetdConnector: NDC Command {6 strict enable} took too long (1642ms)
01-03 21:23:51.376   315   821 D CommandListener: Setting iface cfg
01-03 21:23:51.376   315   821 D CommandListener: Trying to bring down wlan0
01-03 21:23:51.379   315   821 D CommandListener: Clearing all IP addresses on wlan0
01-03 21:23:51.395   577   976 I ActivityManager: Start proc 1150:org.cyanogenmod.weather.provider/u0a32 for content provider org.cyanogenmod.weather.provider/.WeatherContentProvider
01-03 21:23:51.431   286   388 W hwcomposer: [JOB] (0) Timed out waiting for vsync...
01-03 21:23:51.454  1150  1150 W System  : ClassLoader referenced unknown path: /system/priv-app/WeatherProvider/lib/arm
01-03 21:23:51.509   914   914 I CameraManagerGlobal: Connecting to camera service
01-03 21:23:51.510   914   914 E CameraManagerGlobal: Camera service is unavailable
01-03 21:23:51.555  1154  1154 I chatty  : uid=1010(wifi) /system/bin/wpa_supplicant expire 511 lines
01-03 21:23:51.590   914  1170 E ActivityThread: Failed to find provider info for com.android.contacts
01-03 21:23:51.615   914  1075 D OpenGLRenderer: profile bars disabled
01-03 21:23:51.615   914  1075 D OpenGLRenderer: ambientRatio = 1.50
01-03 21:23:51.640   914   914 D PhoneStatusBar: disable: < EXPAND* icons alerts system_info BACK* HOME* RECENT* clock SEARCH* quick_settings >
01-03 21:23:51.952   577   577 D NetworkPolicy: setRestrictBackgroundUL(): false
01-03 21:23:51.993   914   914 D PhoneStatusBar: heads up is enabled
01-03 21:23:52.007   315   821 D CommandListener: Setting iface cfg
01-03 21:23:52.008   315   821 D CommandListener: Trying to bring up p2p0
01-03 21:23:52.009   577   828 I chatty  : uid=1000(system) WifiP2pService expire 3 lines
01-03 21:23:52.012   577   605 E BatteryStatsService: no controller energy info supplied
01-03 21:23:52.027   577   605 E BatteryStatsService: no controller energy info supplied
01-03 21:23:52.047   914   914 I Choreographer: Skipped 96 frames!  The application may be doing too much work on its main thread.
01-03 21:23:52.069   914   914 D ViewRootImpl[StatusBar]: changeCanvasOpacity: opaque=true
01-03 21:23:52.100   914   914 W Resources: Drawable com.android.systemui:drawable/ic_battery_circle has unresolved theme attributes! Consider using Resources.getDrawable(int, Theme) or Context.getDrawable(int).
01-03 21:23:52.100   914   914 W Resources: java.lang.RuntimeException
01-03 21:23:52.100   914   914 W Resources: 	at android.content.res.Resources.getDrawable(Resources.java:746)
01-03 21:23:52.100   914   914 W Resources: 	at com.android.systemui.BatteryMeterDrawable.loadBatteryDrawables(BatteryMeterDrawable.java:427)
01-03 21:23:52.100   914   914 W Resources: 	at com.android.systemui.BatteryMeterDrawable.<init>(BatteryMeterDrawable.java:174)
01-03 21:23:52.100   914   914 W Resources: 	at com.android.systemui.BatteryMeterView.updateBatteryStyle(BatteryMeterView.java:141)
01-03 21:23:52.100   914   914 W Resources: 	at com.android.systemui.BatteryMeterView.onTuningChanged(BatteryMeterView.java:88)
01-03 21:23:52.100   914   914 W Resources: 	at com.android.systemui.tuner.TunerService.addTunable(TunerService.java:217)
01-03 21:23:52.100   914   914 W Resources: 	at com.android.systemui.tuner.TunerService.addTunable(TunerService.java:193)
01-03 21:23:52.100   914   914 W Resources: 	at com.android.systemui.BatteryMeterView.onAttachedToWindow(BatteryMeterView.java:97)
01-03 21:23:52.100   914   914 W Resources: 	at android.view.View.dispatchAttachedToWindow(View.java:15513)
01-03 21:23:52.100   914   914 W Resources: 	at android.view.ViewGroup.dispatchAttachedToWindow(ViewGroup.java:2923)
01-03 21:23:52.100   914   914 W Resources: 	at android.view.ViewGroup.dispatchAttachedToWindow(ViewGroup.java:2923)
01-03 21:23:52.100   914   914 W Resources: 	at android.view.ViewGroup.dispatchAttachedToWindow(ViewGroup.java:2923)
01-03 21:23:52.100   914   914 W Resources: 	at android.view.ViewGroup.dispatchAttachedToWindow(ViewGroup.java:2923)
01-03 21:23:52.100   914   914 W Resources: 	at android.view.ViewGroup.dispatchAttachedToWindow(ViewGroup.java:2923)
01-03 21:23:52.100   914   914 W Resources: 	at android.view.ViewRootImpl.performTraversals(ViewRootImpl.java:1526)
01-03 21:23:52.100   914   914 W Resources: 	at android.view.ViewRootImpl.doTraversal(ViewRootImpl.java:1254)
01-03 21:23:52.100   914   914 W Resources: 	at android.view.ViewRootImpl$TraversalRunnable.run(ViewRootImpl.java:6343)
01-03 21:23:52.100   914   914 W Resources: 	at android.view.Choreographer$CallbackRecord.run(Choreographer.java:874)
01-03 21:23:52.100   914   914 W Resources: 	at android.view.Choreographer.doCallbacks(Choreographer.java:686)
01-03 21:23:52.100   914   914 W Resources: 	at android.view.Choreographer.doFrame(Choreographer.java:621)
01-03 21:23:52.100   914   914 W Resources: 	at android.view.Choreographer$FrameDisplayEventReceiver.run(Choreographer.java:860)
01-03 21:23:52.100   914   914 W Resources: 	at android.os.Handler.handleCallback(Handler.java:751)
01-03 21:23:52.100   914   914 W Resources: 	at android.os.Handler.dispatchMessage(Handler.java:95)
01-03 21:23:52.100   914   914 W Resources: 	at android.os.Looper.loop(Looper.java:154)
01-03 21:23:52.100   914   914 W Resources: 	at android.app.ActivityThread.main(ActivityThread.java:6126)
01-03 21:23:52.100   914   914 W Resources: 	at java.lang.reflect.Method.invoke(Native Method)
01-03 21:23:52.100   914   914 W Resources: 	at com.android.internal.os.ZygoteInit$MethodAndArgsCaller.run(ZygoteInit.java:886)
01-03 21:23:52.100   914   914 W Resources: 	at com.android.internal.os.ZygoteInit.main(ZygoteInit.java:776)
01-03 21:23:52.102   286   388 W hwcomposer: [JOB] (0) Timed out waiting for vsync...
01-03 21:23:52.379   914  1075 I OpenGLRenderer: Initialized EGL, version 1.4
01-03 21:23:52.379   914  1075 D OpenGLRenderer: Swap behavior 1
01-03 21:23:52.389   286   388 W hwcomposer: [JOB] (0) Timed out waiting for vsync...
01-03 21:23:52.397   914  1075 D mali_winsys: new_window_surface returns 0x3000
01-03 21:23:52.423   577   829 D WifiService: New client listening to asynchronous messages
01-03 21:23:52.517   286   388 W hwcomposer: [JOB] (0) Timed out waiting for vsync...
01-03 21:23:52.655  1193  1193 I cameraserver: ServiceManager: 0xf6399460
01-03 21:23:52.655  1193  1193 I CameraService: CameraService started (pid=1193)
01-03 21:23:52.655  1193  1193 I CameraService: CameraService process starting
01-03 21:23:52.802   577   827 I chatty  : uid=1000(system) NetworkPolicy expire 1 line
01-03 21:23:52.830   577   577 I SystemServiceManager: Starting phase 600
01-03 21:23:52.872   577   577 D GestureLauncherService: Gesture launcher mEmergencyNumber = 112 hits = 3
01-03 21:23:52.874   577   825 I chatty  : uid=1000(system) NetworkStats expire 1 line
01-03 21:23:52.874   577   577 D SensorNotificationService: Cannot obtain dynamic meta sensor, not supported.
01-03 21:23:52.880   577   577 D BrokerableCMSystemService: Third party apps ready
01-03 21:23:52.880   577   577 I BrokerableCMSystemService: Connecting to implementation
01-03 21:23:52.880   577   577 E BrokerableCMSystemService: Target component lacks cyanogenmod.permission.ACCESS_THEME_MANAGER service permission, failing ComponentInfo{org.cyanogenmod.themeservice/org.cyanogenmod.themeservice.ThemeManagerService}
01-03 21:23:52.880   577   577 D BrokerableCMSystemService: Third party apps ready
01-03 21:23:52.880   577   577 I BrokerableCMSystemService: Connecting to implementation
01-03 21:23:52.880   577   577 E BrokerableCMSystemService: Target component lacks cyanogenmod.permission.ACCESS_THEME_MANAGER service permission, failing ComponentInfo{org.cyanogenmod.themeservice/org.cyanogenmod.themeservice.IconCacheManagerService}
01-03 21:23:52.885   577   577 D BrokerableCMSystemService: Third party apps ready
01-03 21:23:52.885   577   577 I BrokerableCMSystemService: Connecting to implementation
01-03 21:23:52.885   577   577 E BrokerableCMSystemService: No implementation service found
01-03 21:23:52.885   577   577 D BrokerableCMSystemService: Third party apps ready
01-03 21:23:52.885   577   577 I BrokerableCMSystemService: Connecting to implementation
01-03 21:23:52.892   577   577 W ContextImpl: Calling a method in the system process without a qualified user: android.app.ContextImpl.bindService:1421 org.cyanogenmod.platform.internal.BrokerableCMSystemService.tryConnecting:199 org.cyanogenmod.platform.internal.BrokerableCMSystemService.onBootPhase:127 org.cyanogenmod.platform.internal.CMAudioServiceBroker.onBootPhase:58 com.android.server.SystemServiceManager.startBootPhase:142 
01-03 21:23:52.890   302   302 I main    : type=1400 audit(0.0:25): avc: denied { getattr } for path="/sys/kernel/debug/tracing/trace_marker" dev="debugfs" ino=1049 scontext=u:r:zygote:s0 tcontext=u:object_r:debugfs:s0 tclass=file permissive=1
01-03 21:23:52.900  1199  1199 I main    : type=1400 audit(0.0:26): avc: denied { write } for name="trace_marker" dev="debugfs" ino=1049 scontext=u:r:zygote:s0 tcontext=u:object_r:debugfs:s0 tclass=file permissive=1
01-03 21:23:52.900  1199  1199 I main    : type=1400 audit(0.0:27): avc: denied { open } for path="/sys/kernel/debug/tracing/trace_marker" dev="debugfs" ino=1049 scontext=u:r:zygote:s0 tcontext=u:object_r:debugfs:s0 tclass=file permissive=1
01-03 21:23:52.907   577   577 I ActivityManager: Start proc 1199:org.cyanogenmod.cmaudio.service/u0a0 for service org.cyanogenmod.cmaudio.service/.CMAudioService
01-03 21:23:52.930  1193  1193 I cameraserver: type=1400 audit(0.0:28): avc: denied { write } for name="trace_marker" dev="debugfs" ino=1049 scontext=u:r:cameraserver:s0 tcontext=u:object_r:debugfs:s0 tclass=file permissive=1
01-03 21:23:52.940  1193  1193 I cameraserver: type=1400 audit(0.0:29): avc: denied { open } for path="/sys/kernel/debug/tracing/trace_marker" dev="debugfs" ino=1049 scontext=u:r:cameraserver:s0 tcontext=u:object_r:debugfs:s0 tclass=file permissive=1
01-03 21:23:52.942  1193  1193 D ImgSensorDrv: [impSearchSensor]SENSOR search start 
01-03 21:23:52.943  1193  1193 D ImgSensorDrv: [impSearchSensor]impSearchSensor search to sub
01-03 21:23:52.943  1193  1193 D ImgSensorDrv: [impSearchSensor]set sensor driver id =10000
01-03 21:23:52.957   577   577 W LocationManagerService: no network location provider found
01-03 21:23:52.959   577   600 I chatty  : uid=1000(system) android.bg expire 6 lines
01-03 21:23:52.961   299   299 D MNLD    : process: epoll_wait() received 1 events
01-03 21:23:52.961   299   299 D MNLD    : socket_handler: args from hal: 132
01-03 21:23:52.961   299   299 D MNLD    : socket_handler: MNL_AGPS_TYPE_SET_SERVER
01-03 21:23:52.961   299   299 D agps    : [MNL2AGPS] mnl2agps_set_server, hostname = supl.google.com, port = 7276
01-03 21:23:52.962   293   324 D agps    : [agps][n][AGPS] [MNL] read  set_server  type=1 hostname=[supl.google.com] port=7276
01-03 21:23:52.962   299   299 D MNLD    : process: socket_handler: ret = 0
01-03 21:23:52.969   577   577 E LocationManagerService: no geocoder provider found
01-03 21:23:52.971   577   577 D LocationManagerService: FLP HAL not supported
01-03 21:23:52.975   577   577 D LocationManagerService: Unable to bind FLP Geofence proxy.
01-03 21:23:52.977   577   577 D LocationManagerService: Hardware Activity-Recognition not supported.
01-03 21:23:52.979   577   577 D LocationManagerService: Unable to bind ActivityRecognitionProxy.
01-03 21:23:52.994  1193  1193 D ImgSensorDrv: [getCurrentSensorType][getCurrentSensorType] 
01-03 21:23:52.994  1193  1193 D ImgSensorDrv: [getInfo][getInfo],m_fdSensor = 0x8 
01-03 21:23:52.994  1193  1193 D ImgSensorDrv: [getSocketPosition][getSocketPosition]:[1][1] 
01-03 21:23:52.995  1193  1193 D ImgSensorDrv: [impSearchSensor]found <0x5005/gc5005mipiraw/SENSOR_DRVNAME_GC5005MIPI_RAW>
01-03 21:23:52.995  1193  1193 D ImgSensorDrv: [impSearchSensor]MAIN sensor found:[0]/[0x10000]/[0]/[1] 
01-03 21:23:52.995  1193  1193 D ImgSensorDrv: [impSearchSensor]set sensor driver id =10001
01-03 21:23:52.998   577   695 I chatty  : uid=1000(system) InputReader expire 2 lines
01-03 21:23:53.006   577   577 I MmsServiceBroker: Delay connecting to MmsService until an API is called
01-03 21:23:53.007   577   577 W CameraService_proxy: Could not notify mediaserver, camera service not available.
01-03 21:23:53.009   577   577 W VoiceInteractionManagerService: no available voice interaction services found for user 0
01-03 21:23:53.009   577   577 W VoiceInteractionManagerService: no available voice recognition services found for user 0
01-03 21:23:53.028   577   577 I ActivityManager: Start proc 1215:com.android.phone/1001 for added application com.android.phone
01-03 21:23:53.029   577   577 I ActivityManager: START u0 {act=android.intent.action.MAIN cat=[android.intent.category.HOME] flg=0x10000100 cmp=com.android.settings/.FallbackHome} from uid 0 on display 0
01-03 21:23:53.040  1193  1193 D ImgSensorDrv: [impSearchSensor][impSearchSensor] Err-ctrlCode (I/O error) 
01-03 21:23:53.040  1193  1193 D ImgSensorDrv: [getCurrentSensorType][getCurrentSensorType] 
01-03 21:23:53.040  1193  1193 D ImgSensorDrv: [getInfo][getInfo],m_fdSensor = 0x8 
01-03 21:23:53.041  1193  1193 D ImgSensorDrv: [getSocketPosition][getSocketPosition]:[1][1] 
01-03 21:23:53.041  1193  1193 D ImgSensorDrv: [impSearchSensor]sensor ID mismatch
01-03 21:23:53.041  1193  1193 D ImgSensorDrv: [impSearchSensor]m_pstSensorInitFunc[i].getCameraDefault is NULL: 2 
01-03 21:23:53.041  1193  1193 D ImgSensorDrv: [impSearchSensor]impSearchSensor search to sub
01-03 21:23:53.041  1193  1193 D ImgSensorDrv: [impSearchSensor]set sensor driver id =20000
01-03 21:23:53.086  1193  1193 D ImgSensorDrv: [impSearchSensor][impSearchSensor] Err-ctrlCode (I/O error) 
01-03 21:23:53.086  1193  1193 D ImgSensorDrv: [getCurrentSensorType][getCurrentSensorType] 
01-03 21:23:53.086  1193  1193 D ImgSensorDrv: [getInfo][getInfo],m_fdSensor = 0x8 
01-03 21:23:53.086  1193  1193 D ImgSensorDrv: [getSocketPosition][getSocketPosition]:[2][-1] 
01-03 21:23:53.086  1193  1193 D ImgSensorDrv: [impSearchSensor]sensor ID mismatch
01-03 21:23:53.086  1193  1193 D ImgSensorDrv: [impSearchSensor]set sensor driver id =20001
01-03 21:23:53.131  1193  1193 D ImgSensorDrv: [getCurrentSensorType][getCurrentSensorType] 
01-03 21:23:53.131  1193  1193 D ImgSensorDrv: [getInfo][getInfo],m_fdSensor = 0x8 
01-03 21:23:53.131  1193  1193 D ImgSensorDrv: [getSocketPosition][getSocketPosition]:[2][-1] 
01-03 21:23:53.131  1193  1193 D ImgSensorDrv: [impSearchSensor]found <0x30a/gc030amipiraw/SENSOR_DRVNAME_GC030AMIPI_RAW>
01-03 21:23:53.131  1193  1193 D ImgSensorDrv: [impSearchSensor]SUB sensor found:[1]/[0x20001]/[0]/[-1] 
01-03 21:23:53.131  1193  1193 D ImgSensorDrv: [impSearchSensor]m_pstSensorInitFunc[i].getCameraDefault is NULL: 2 
01-03 21:23:53.132  1193  1193 D ImgSensorDrv: [impSearchSensor]SENSOR search end: 0x3 /[0x5005][0]/[0xffffff][255]/[0x30a][1]
01-03 21:23:53.132  1193  1193 D ImgSensorDrv: [init][init] mUsers = 0
01-03 21:23:53.132  1193  1193 D ImgSensorDrv: [getResolution][getResolution] ACDK_SENSOR_RESOLUTION_INFO_STRUCT
01-03 21:23:53.132  1193  1193 F libc    : stack corruption detected
01-03 21:23:53.132  1193  1193 F libc    : Fatal signal 6 (SIGABRT), code -6 in tid 1193 (cameraserver)
01-03 21:23:53.133   254   254 W         : debuggerd: handling request: pid=1193 uid=1047 gid=1005 tid=1193
01-03 21:23:53.142   577   577 I ActivityManager: Loaded persisted task ids for user 0
01-03 21:23:53.171   577   577 I ActivityManager: Start proc 1230:com.android.settings/1000 for activity com.android.settings/.FallbackHome
01-03 21:23:53.175   577   577 I SystemServer: Enabled StrictMode for system server main thread.
01-03 21:23:53.190   577   577 D ConditionProviders.SCP: onConnected
01-03 21:23:53.191   577   577 D ZenLog  : set_zen_mode: off,readXml
01-03 21:23:53.207   577   577 D ConditionProviders: Subscribing to condition://android/schedule?days=6.7&start=23.30&end=10.0&exitAtAlarm=false with ComponentInfo{android/com.android.server.notification.ScheduleConditionProvider}
01-03 21:23:53.207   577   577 D ZenLog  : subscribe: condition://android/schedule?days=6.7&start=23.30&end=10.0&exitAtAlarm=false,ok
01-03 21:23:53.208   577   577 D ConditionProviders: Subscribing to condition://android/schedule?days=1.2.3.4.5&start=22.0&end=7.0&exitAtAlarm=false with ComponentInfo{android/com.android.server.notification.ScheduleConditionProvider}
01-03 21:23:53.208   577   577 D ZenLog  : subscribe: condition://android/schedule?days=1.2.3.4.5&start=22.0&end=7.0&exitAtAlarm=false,ok
01-03 21:23:53.208   577   577 D ConditionProviders: Subscribing to condition://android/event?userId=-10000&calendar=&reply=1 with ComponentInfo{android/com.android.server.notification.EventConditionProvider}
01-03 21:23:53.208   577   577 D ZenLog  : subscribe: condition://android/event?userId=-10000&calendar=&reply=1,ok
01-03 21:23:53.213  1229  1229 F DEBUG   : *** *** *** *** *** *** *** *** *** *** *** *** *** *** *** ***
01-03 21:23:53.213  1229  1229 F DEBUG   : CM Version: '14.1-20170103-UNOFFICIAL-maxi_lte'
01-03 21:23:53.213  1229  1229 F DEBUG   : Build fingerprint: 'Tele2/cm_maxi_lte/maxi_lte:7.1.1/NMF26Q/8407619d3f:userdebug/test-keys'
01-03 21:23:53.213  1229  1229 F DEBUG   : Revision: '0'
01-03 21:23:53.213  1229  1229 F DEBUG   : ABI: 'arm'
01-03 21:23:53.214  1229  1229 F DEBUG   : pid: 1193, tid: 1193, name: cameraserver  >>> /system/bin/cameraserver <<<
01-03 21:23:53.214  1229  1229 F DEBUG   : signal 6 (SIGABRT), code -6 (SI_TKILL), fault addr --------
01-03 21:23:53.220  1229  1229 F DEBUG   : Abort message: 'stack corruption detected'
01-03 21:23:53.220  1229  1229 F DEBUG   :     r0 00000000  r1 000004a9  r2 00000006  r3 00000008
01-03 21:23:53.220  1229  1229 F DEBUG   :     r4 f70ca58c  r5 00000006  r6 f70ca534  r7 0000010c
01-03 21:23:53.220  1229  1229 F DEBUG   :     r8 f616ed58  r9 f61694c0  sl f616ed54  fp f664f008
01-03 21:23:53.220  1229  1229 F DEBUG   :     ip 00000005  sp ffac90a0  lr f6609ca7  pc f660c504  cpsr 200f0010
01-03 21:23:53.221   914   914 V StatusBar: userId 0 is in the house
01-03 21:23:53.245  1215  1215 W System  : ClassLoader referenced unknown path: /system/priv-app/TeleService/lib/arm
01-03 21:23:53.246  1229  1229 F DEBUG   : 
01-03 21:23:53.246  1229  1229 F DEBUG   : backtrace:
01-03 21:23:53.246  1229  1229 F DEBUG   :     #00 pc 0004a504  /system/lib/libc.so (tgkill+12)
01-03 21:23:53.246  1229  1229 F DEBUG   :     #01 pc 00047ca3  /system/lib/libc.so (pthread_kill+34)
01-03 21:23:53.246  1229  1229 F DEBUG   :     #02 pc 0001d585  /system/lib/libc.so (raise+10)
01-03 21:23:53.247  1229  1229 F DEBUG   :     #03 pc 000190d1  /system/lib/libc.so (__libc_android_abort+34)
01-03 21:23:53.247  1229  1229 F DEBUG   :     #04 pc 00017138  /system/lib/libc.so (abort+4)
01-03 21:23:53.247  1229  1229 F DEBUG   :     #05 pc 0001b57f  /system/lib/libc.so (__libc_fatal+22)
01-03 21:23:53.247  1229  1229 F DEBUG   :     #06 pc 000489bb  /system/lib/libc.so (__stack_chk_fail+6)
01-03 21:23:53.247  1229  1229 F DEBUG   :     #07 pc 0001ab3b  /system/lib/libc.so (ioctl+66)
01-03 21:23:53.247  1229  1229 F DEBUG   :     #08 pc 00011981  /system/lib/libcam.halsensor.so (_ZN12ImgSensorDrv13getResolutionEPP34ACDK_SENSOR_RESOLUTION_INFO_STRUCT+60)
01-03 21:23:53.247  1229  1229 F DEBUG   :     #09 pc 0001335b  /system/lib/libcam.halsensor.so (_ZN12ImgSensorDrv4initEi+370)
01-03 21:23:53.247  1229  1229 F DEBUG   :     #10 pc 0000fec5  /system/lib/libcam.halsensor.so (_ZN5NSCam11NSHalSensor13HalSensorList18querySensorDrvInfoEv+28)
01-03 21:23:53.247  1229  1229 F DEBUG   :     #11 pc 0000fd2f  /system/lib/libcam.halsensor.so (_ZN5NSCam11NSHalSensor13HalSensorList22enumerateSensor_LockedEv+178)
01-03 21:23:53.247  1229  1229 F DEBUG   :     #12 pc 0000f95d  /system/lib/libcam.halsensor.so (_ZN5NSCam11NSHalSensor13HalSensorList13searchSensorsEv+14)
01-03 21:23:53.247  1229  1229 F DEBUG   :     #13 pc 000042b9  /system/lib/hw/camera.mt6737m.so (_ZN5NSCam19CamDeviceManagerImp16enumDeviceLockedEv+52)
01-03 21:23:53.248  1229  1229 F DEBUG   :     #14 pc 00004a23  /system/lib/hw/camera.mt6737m.so (_ZN5NSCam20CamDeviceManagerBase18getNumberOfDevicesEv+38)
01-03 21:23:53.248  1229  1229 F DEBUG   :     #15 pc 00060513  /system/lib/libcameraservice.so (_ZN7android12CameraModule18getNumberOfCamerasEv+58)
01-03 21:23:53.248  1229  1229 F DEBUG   :     #16 pc 0006041f  /system/lib/libcameraservice.so (_ZN7android12CameraModule4initEv+182)
01-03 21:23:53.248  1229  1229 F DEBUG   :     #17 pc 0004fd4d  /system/lib/libcameraservice.so (_ZN7android13CameraService10onFirstRefEv+100)
01-03 21:23:53.248  1229  1229 F DEBUG   :     #18 pc 00000be3  /system/bin/cameraserver
01-03 21:23:53.248  1229  1229 F DEBUG   :     #19 pc 00000b25  /system/bin/cameraserver
01-03 21:23:53.248  1229  1229 F DEBUG   :     #20 pc 00016cad  /system/lib/libc.so (__libc_init+48)
01-03 21:23:53.248  1229  1229 F DEBUG   :     #21 pc 00000a18  /system/bin/cameraserver
01-03 21:23:53.275   286   312 D PermissionCache: checking android.permission.READ_FRAME_BUFFER for uid=1000 => granted (1586 us)
01-03 21:23:53.342   914  1148 E ActivityThread: Failed to find provider info for com.android.contacts
01-03 21:23:53.356   577   577 W ContextImpl: Calling a method in the system process without a qualified user: android.app.ContextImpl.startService:1357 com.android.server.content.SyncManager$13.run:658 android.os.Handler.handleCallback:751 android.os.Handler.dispatchMessage:95 android.os.Looper.loop:154 
01-03 21:23:53.364   577   832 I chatty  : uid=1000(system) WifiScanningSer expire 1 line
01-03 21:23:53.366   577   833 I chatty  : uid=1000(system) WifiRttService expire 1 line
01-03 21:23:53.366   577   577 D ZenLog  : set_zen_mode: off,cleanUpZenRules
01-03 21:23:53.367  1215  1215 W System  : ClassLoader referenced unknown path: /system/priv-app/TelephonyProvider/lib/arm
01-03 21:23:53.368  1215  1215 D ApplicationLoaders: ignored Vulkan layer search path /system/priv-app/TelephonyProvider/lib/arm:/system/lib:/vendor/lib for namespace 0xf7094090
01-03 21:23:53.380  1230  1230 W System  : ClassLoader referenced unknown path: /system/priv-app/Settings/lib/arm
01-03 21:23:53.424   577   924 W NativeCrashListener: Couldn't find ProcessRecord for pid 1193
01-03 21:23:53.431   254   254 W         : debuggerd: resuming target 1193
01-03 21:23:53.534  1215  1215 D TelephonyProvider: dbh.onOpen: ok, queried table=siminfo
01-03 21:23:53.536  1215  1215 D TelephonyProvider: dbh.onOpen: ok, queried table=carriers
01-03 21:23:53.604   577   612 D BluetoothManagerService: Message: 30
01-03 21:23:53.614  1230  1266 I OpenGLRenderer: Initialized EGL, version 1.4
01-03 21:23:53.614  1230  1266 D OpenGLRenderer: Swap behavior 1
01-03 21:23:53.626   577   577 I Telecom : SystemStateProvider: Registering car mode receiver: android.content.IntentFilter@97c19e9: TS.init@AAA
01-03 21:23:53.637  1230  1266 D mali_winsys: new_window_surface returns 0x3000
01-03 21:23:53.645  1215  1215 W System  : ClassLoader referenced unknown path: /system/framework/qti-telephony-common.jar
01-03 21:23:53.648  1215  1215 W System.err: java.lang.ClassNotFoundException: com.qualcomm.qti.internal.telephony.QtiTelephonyComponentFactory
01-03 21:23:53.648  1215  1215 W System.err: 	at java.lang.Class.classForName(Native Method)
01-03 21:23:53.648  1215  1215 W System.err: 	at java.lang.Class.forName(Class.java:400)
01-03 21:23:53.649  1215  1215 W System.err: 	at com.android.internal.telephony.TelephonyComponentFactory.getInstance(TelephonyComponentFactory.java:71)
01-03 21:23:53.649  1215  1215 W System.err: 	at com.android.internal.telephony.PhoneFactory.makeDefaultPhone(PhoneFactory.java:133)
01-03 21:23:53.649  1215  1215 W System.err: 	at com.android.internal.telephony.PhoneFactory.makeDefaultPhones(PhoneFactory.java:91)
01-03 21:23:53.649  1215  1215 W System.err: 	at com.android.phone.PhoneGlobals.onCreate(PhoneGlobals.java:282)
01-03 21:23:53.649  1215  1215 W System.err: 	at com.android.phone.PhoneApp.onCreate(PhoneApp.java:41)
01-03 21:23:53.649  1215  1215 W System.err: 	at android.app.Instrumentation.callApplicationOnCreate(Instrumentation.java:1025)
01-03 21:23:53.649  1215  1215 W System.err: 	at android.app.ActivityThread.handleBindApplication(ActivityThread.java:5410)
01-03 21:23:53.649  1215  1215 W System.err: 	at android.app.ActivityThread.-wrap2(ActivityThread.java)
01-03 21:23:53.649  1215  1215 W System.err: 	at android.app.ActivityThread$H.handleMessage(ActivityThread.java:1545)
01-03 21:23:53.649  1215  1215 W System.err: 	at android.os.Handler.dispatchMessage(Handler.java:102)
01-03 21:23:53.649  1215  1215 W System.err: 	at android.os.Looper.loop(Looper.java:154)
01-03 21:23:53.649  1215  1215 W System.err: 	at android.app.ActivityThread.main(ActivityThread.java:6126)
01-03 21:23:53.649  1215  1215 W System.err: 	at java.lang.reflect.Method.invoke(Native Method)
01-03 21:23:53.649  1215  1215 W System.err: 	at com.android.internal.os.ZygoteInit$MethodAndArgsCaller.run(ZygoteInit.java:886)
01-03 21:23:53.649  1215  1215 W System.err: 	at com.android.internal.os.ZygoteInit.main(ZygoteInit.java:776)
01-03 21:23:53.650  1215  1215 W System.err: Caused by: java.lang.ClassNotFoundException: Didn't find class "com.qualcomm.qti.internal.telephony.QtiTelephonyComponentFactory" on path: DexPathList[[],nativeLibraryDirectories=[/system/lib, /vendor/lib]]
01-03 21:23:53.651   577  1278 I Telecom : Telecom: Non-call EVENT: AUDIO_ROUTE, Entering state QuiescentEarpieceRoute
01-03 21:23:53.658  1215  1215 W System.err: 	at dalvik.system.BaseDexClassLoader.findClass(BaseDexClassLoader.java:56)
01-03 21:23:53.658  1215  1215 W System.err: 	at java.lang.ClassLoader.loadClass(ClassLoader.java:380)
01-03 21:23:53.659  1215  1215 W System.err: 	at java.lang.ClassLoader.loadClass(ClassLoader.java:312)
01-03 21:23:53.659  1215  1215 W System.err: 	... 17 more
01-03 21:23:53.670   577  1279 I Telecom : CallAudioModeStateMachine: Message received: null.: TS.init->CAMSM.pM_1@AAA_0
01-03 21:23:53.689   577   577 I Telecom : ViceNotificationImpl: ViceNotificationImpl: TS.init@AAA
01-03 21:23:53.703   577   612 D BluetoothManagerService: Message: 30
01-03 21:23:53.704   577   612 D BluetoothManagerService: Message: 400
01-03 21:23:53.705   577   602 I chatty  : uid=1000(system) ActivityManager expire 8 lines
01-03 21:23:53.705   577   603 I chatty  : uid=1000(system) android.ui expire 1 line
01-03 21:23:53.707   577   577 I Telecom : BluetoothPhoneService: Ignoring IBluetoothDsdaService class not found exception : TS.init@AAA
01-03 21:23:53.707   577   613 I chatty  : uid=1000(system) android.display expire 1 line
01-03 21:23:53.709   577   602 D Accel   : setDelay: (handle=0, ns=66667000)
01-03 21:23:53.709   577   602 E Sensors : new setDelay handle(0),ns(66667000)m, error(0), index(2)
01-03 21:23:53.709   577   602 V KeyguardServiceDelegate: onStartedWakingUp()
01-03 21:23:53.709   577   602 V KeyguardServiceDelegate: onScreenTurnedOn(showListener = com.android.server.policy.PhoneWindowManager$2@4fc52e1)
01-03 21:23:53.710   577   602 V KeyguardServiceDelegate: onScreenTurnedOn()
01-03 21:23:53.711   577  1281 E ActivityThread: Failed to find provider info for call_log
01-03 21:23:53.713   577   613 I WindowManager: Screen frozen for +452ms due to AppWindowToken{474a83f token=Token{794e199 ActivityRecord{add1ae0 u0 com.android.settings/.FallbackHome t1}}}
01-03 21:23:53.716   577   577 I Telecom : Class: TelecomSystem.INSTANCE being set
01-03 21:23:53.717   577   577 W ContextImpl: Calling a method in the system process without a qualified user: android.app.ContextImpl.startService:1357 android.content.ContextWrapper.startService:613 com.android.server.telecom.components.TelecomService.initializeTelecomSystem:186 com.android.server.telecom.components.TelecomService.onBind:63 android.app.ActivityThread.handleBindService:3218 
01-03 21:23:53.744   577   577 D BluetoothManagerService: BluetoothServiceConnection: com.android.bluetooth.btservice.AdapterService
01-03 21:23:53.745   577   577 D BluetoothManagerService: Bluetooth Adapter name changed to Maxi LTE
01-03 21:23:53.745   577   577 D BluetoothManagerService: Stored Bluetooth name: Maxi LTE
01-03 21:23:53.747   577   612 D BluetoothManagerService: Message: 40
01-03 21:23:53.747   577   612 D BluetoothManagerService: MESSAGE_BLUETOOTH_SERVICE_CONNECTED: 1
01-03 21:23:53.747  1215  1215 W System.err: java.io.FileNotFoundException: /system/etc/ecc_list.xml (No such file or directory)
01-03 21:23:53.748  1215  1215 W System.err: 	at java.io.FileInputStream.open(Native Method)
01-03 21:23:53.748  1215  1215 W System.err: 	at java.io.FileInputStream.<init>(FileInputStream.java:146)
01-03 21:23:53.750   577   577 D RttService: SCAN_AVAILABLE : 3
01-03 21:23:53.750   577   833 D RttService: DefaultState got{ when=-1ms what=160512 target=com.android.internal.util.StateMachine$SmHandler }
01-03 21:23:53.751  1215  1215 W System.err: 	at java.io.FileInputStream.<init>(FileInputStream.java:99)
