adb server is out of date.  killing...
* daemon started successfully *
--------- beginning of main
01-03 21:23:14.321   252   252 W auditd  : type=2000 audit(0.0:1): initialized
01-03 21:23:15.620   252   252 I auditd  : type=1403 audit(0.0:2): policy loaded auid=4294967295 ses=4294967295
01-03 21:23:21.070   255   255 I         : debuggerd: starting
01-03 21:23:21.381   254   254 I         : debuggerd: starting
--------- beginning of system
01-03 21:23:21.382   256   256 I vold    : Vold 3.0 (the awakening) firing up
01-03 21:23:21.386   256   256 V vold    : Detected support for: exfat ext4 ntfs vfat
01-03 21:23:21.393   256   256 W Vold    : Tearing down stale mount /storage/usbotg
01-03 21:23:21.393   256   256 W Vold    : Tearing down stale mount /mnt/media_rw
01-03 21:23:21.715   256   267 V vold    : /system/bin/sgdisk
01-03 21:23:21.715   256   267 V vold    :     --android-dump
01-03 21:23:21.715   256   267 V vold    :     /dev/block/vold/disk:179_128
01-03 21:23:21.720   256   269 D vold    : e4crypt_init_user0
01-03 21:23:21.720   256   269 D vold    : e4crypt_prepare_user_storage for volume null, user 0, serial 0, flags 1
01-03 21:23:21.721   256   269 D vold    : Preparing: /data/system/users/0
01-03 21:23:21.722   256   269 D vold    : Preparing: /data/misc/profiles/cur/0
01-03 21:23:21.723   256   269 D vold    : Preparing: /data/misc/profiles/cur/0/foreign-dex
01-03 21:23:21.724   256   269 D vold    : Preparing: /data/system_de/0
01-03 21:23:21.725   256   269 D vold    : Preparing: /data/misc_de/0
01-03 21:23:21.725   256   269 D vold    : Preparing: /data/user_de/0
01-03 21:23:21.727   256   269 D vold    : e4crypt_unlock_user_key 0 serial=0 token_present=0
01-03 21:23:21.730     1     1 I vdc     : 200 265 Command succeeded
01-03 21:23:21.867   271   271 I /system/bin/tzdatacheck: tzdata file /data/misc/zoneinfo/current/tzdata does not exist. No action required.
01-03 21:23:21.980   256   267 V vold    : DISK gpt CBC83FD9-4235-4453-8D69-6B98D2518C8B
01-03 21:23:21.980   256   267 V vold    : 
01-03 21:23:21.980   256   267 V vold    : PART 1 EBD0A0A2-B9E5-4433-87C0-68B6B72699C7 6364D990-56C9-45B7-991C-554740580B3D Microsoft basic data
01-03 21:23:21.980   256   267 V vold    : 
01-03 21:23:22.195   274   274 I sysinit : Running /system/etc/init.d/00banner
01-03 21:23:22.372   276   276 I cm      : ____ _   _ ____ _  _ ____ ____ ____ _  _ _  _ ____ ___
01-03 21:23:22.544   284   284 I lowmemorykiller: Using in-kernel low memory killer interface
01-03 21:23:22.580   279   279 I wmt_loader: is_chipId_vaild: 11 :0x335!
01-03 21:23:22.580   279   279 I wmt_loader: key:(persist.mtk.wcn.combo.chipid)-value:(0x0335),chipId:0x0335,iRet(6)
01-03 21:23:22.580   279   279 I wmt_loader: remove wmtWifi returns:-1, errno:2
01-03 21:23:22.588   287   287 I cm      : |     \_/  |__| |\ | |  | | __ |___ |\ | |\/| |  | |  \
01-03 21:23:22.618   280   280 I 6620_launcher: get property(service.wcn.driver.ready) failed i_ret:0
01-03 21:23:22.690   286   286 E DispSync: Couldn't set SCHED_FIFO for DispSyncThread
01-03 21:23:22.691   286   286 I SurfaceFlinger: SurfaceFlinger is starting
01-03 21:23:22.691   286   286 I SurfaceFlinger: SurfaceFlinger's main thread ready to run. Initializing graphics H/W...
01-03 21:23:22.794   279   279 I wmt_loader: do kernel module init succeed: 0
01-03 21:23:22.794   279   279 I wmt_loader: chown wmt_tm fail:No such file or directory
01-03 21:23:22.795   279   279 I wmt_loader: get property(service.wcn.driver.ready) failed iRet:0 or property is 
01-03 21:23:22.795   294   294 I chatty  : uid=1010(wifi) /system/bin/wifi2agps expire 3 lines
01-03 21:23:22.859   279   279 I wmt_loader: set property(service.wcn.driver.ready) to yes succeed
01-03 21:23:22.868   290   290 D Netdiag : setgid SHELL successfully!
01-03 21:23:22.869   290   290 D Netdiag : setuid SHELL successfully!
01-03 21:23:22.869   290   290 E Netdiag : network_dignose_daemon doing
01-03 21:23:22.869   290   290 E Netdiag : commandlistening sockname=netdiag
01-03 21:23:22.869   290   290 E Netdiag : commandlistening::startlistening() ret:0,sock_listen_id:5
01-03 21:23:22.873   290   320 E Netdiag : commandlistening threadStart doing
01-03 21:23:22.873   290   320 E Netdiag : commandlistening runListener doing
01-03 21:23:22.873   290   320 D Netdiag : Set net log running flag to 0 at the very beginning
01-03 21:23:22.908   290   320 D Netdiag : Add listener on socket server whose id=5
01-03 21:23:22.908   290   320 E Netdiag : commandlistening unlock exit
01-03 21:23:22.918   280   280 I 6620_launcher: get property(service.wcn.driver.ready) is yes
01-03 21:23:22.918   280   280 E 6620_launcher: open device node succeed.(Node:/dev/stpwmt, fd:4) 
01-03 21:23:22.918   280   280 I 6620_launcher: key:(persist.mtk.wcn.combo.chipid)-value:(0x0335),chipId:0x0335
01-03 21:23:22.918   280   280 I 6620_launcher: chip id is 0x335
01-03 21:23:22.918   280   280 I 6620_launcher: chiId:0x335, setting to property(persist.mtk.wcn.combo.chipid)
01-03 21:23:22.958   300   300 D MsensorDaemon: Msensor deamon statr!!!!!!!!!!!!
01-03 21:23:22.958   300   300 D MsensorDaemon: Msensor deamon statr : /sys/bus/platform/drivers/msensor/daemon don't exist
01-03 21:23:22.974   296   296 I cm      : |___   |   |  | | \| |__| |__] |___ | \| |  | |__| |__/
01-03 21:23:23.056   280   280 I 6620_launcher: set property(persist.mtk.wcn.combo.chipid) to 0x0335 succeed.
01-03 21:23:23.056   280   280 I 6620_launcher: chipIdProp:key(persist.mtk.wcn.combo.chipid)value(0x0335)
01-03 21:23:23.056   280   280 I 6620_launcher: chiId:0x0335
01-03 21:23:23.056   280   280 I 6620_launcher: for denali chipid convert
01-03 21:23:23.056   280   280 I 6620_launcher: run SOC chip flow
01-03 21:23:23.056   280   280 I 6620_launcher: key:(ro.build.type)-value:(userdebug)
01-03 21:23:23.056   280   280 I 6620_launcher: get coredump_mode property(service.wcn.coredump.mode) failed
01-03 21:23:23.056   280   280 I 6620_launcher: Connectivity coredump is disabled!
01-03 21:23:23.057   280   280 I 6620_launcher: create pwr on thread ok
01-03 21:23:23.057   280   323 I 6620_launcher: enter power on connsys flow
01-03 21:23:23.105   293   293 E agps    : [agps] ERR: [MAIN] mtk_agpsd is running ver=4.111.0
01-03 21:23:23.106   293   293 E agps    : [agps] ERR: [MAIN] mtk_agpsd is for Android
01-03 21:23:23.108   301   301 I thermal_manager: thermal_manager Service started!, argc 1
01-03 21:23:23.108   301   301 I thermal_manager: thermal_manager Service started!, argv[0] /system/bin/thermal_manager
01-03 21:23:23.120   293   293 D agps    : [agps] WARNING: [MAIN] mkdir failure for [/data/agps_supl/log] reason=[File exists]
01-03 21:23:23.136   280   280 I 6620_launcher: for denali chipid convert
01-03 21:23:23.136   280   280 I 6620_launcher: patch name pre-fix:ROMv2_lm_patch
01-03 21:23:23.136   280   280 I 6620_launcher: fwVersion:0x8a00
01-03 21:23:23.136   280   280 I 6620_launcher: /system/etc/firmware//ROMv2_lm_patch_1_0_hdr.bin
01-03 21:23:23.153   301   301 I thermal_manager: thermal_manager dlopen
01-03 21:23:23.153   301   301 I thermal_manager: loadmtc  etc .tp thermal.conf 
01-03 21:23:23.153   301   301 I libMtcLoader: mtcloader started!
01-03 21:23:23.154   301   301 E libMtcLoader: mtcloader fails to open .tp.settings and exits!
01-03 21:23:23.154   301   301 I thermal_manager: [backward-compatiable] default thermal policy
01-03 21:23:23.158   280   280 I 6620_launcher: fw Ver in patch: 0x8a00
01-03 21:23:23.158   280   280 I 6620_launcher: read patch info:0x22,0x00,0x06,0x00
01-03 21:23:23.158   280   280 I 6620_launcher: gpatchnum = [2]
01-03 21:23:23.158   280   280 I 6620_launcher: gdwonseq = [2]
01-03 21:23:23.158   280   280 I 6620_launcher: /system/etc/firmware//ROMv2_lm_patch_1_1_hdr.bin
01-03 21:23:23.178   293   293 D MtkAgpsNative: SuplRawLog.bEnable:0
01-03 21:23:23.178   293   293 D MtkAgpsNative: SuplRawLog.szPath:/sdcard
01-03 21:23:23.178   293   293 D MtkAgpsNative: SuplRawLog.szFile:agps_raw.log
01-03 21:23:23.178   293   293 D MtkAgpsNative: SuplSslLog.bEnable:0
01-03 21:23:23.178   293   293 D MtkAgpsNative: SuplSslLog.szPath:/sdcard
01-03 21:23:23.178   293   293 D MtkAgpsNative: SuplSslLog.szFile:agps_ssl.log
01-03 21:23:23.178   293   293 D agps    : [agps] WARNING: [MAIN] cdma_mgr_dlopen_firmware failed
01-03 21:23:23.183   280   280 I 6620_launcher: fw Ver in patch: 0x8a00
01-03 21:23:23.183   280   280 I 6620_launcher: read patch info:0x21,0x00,0x0e,0xf0
01-03 21:23:23.184   280   280 I 6620_launcher: gdwonseq = [1]
01-03 21:23:23.184   280   280 I 6620_launcher: cmd(srh_patch) resp(ok)
01-03 21:23:23.332   307   307 I keystore: Found keymaster0 module Keymaster OpenSSL HAL, version 2
01-03 21:23:23.332   307   307 I SoftKeymaster: system/keymaster/soft_keymaster_device.cpp, Line 131: Creating device
01-03 21:23:23.332   307   307 D SoftKeymaster: system/keymaster/soft_keymaster_device.cpp, Line 132: Device address: 0x7f84650000
01-03 21:23:23.332   307   307 I keystore: Keymaster0 module is software-only.  Using SoftKeymasterDevice instead.
01-03 21:23:23.332   307   307 I SoftKeymaster: system/keymaster/soft_keymaster_device.cpp, Line 131: Creating device
01-03 21:23:23.332   307   307 D SoftKeymaster: system/keymaster/soft_keymaster_device.cpp, Line 132: Device address: 0x7f84650400
01-03 21:23:23.364   286   286 D libEGL  : loaded /system/lib64/egl/libGLES_mali.so
01-03 21:23:23.418   318   318 I perfprofd: starting Android Wide Profiling daemon
01-03 21:23:23.478   286   286 E SurfaceFlinger: Couldn't set SCHED_FIFO for SFEventThread
01-03 21:23:23.480   316   316 I gatekeeperd: Starting gatekeeperd...
01-03 21:23:23.501   316   316 W gatekeeperd: falling back to software GateKeeper
01-03 21:23:23.513   315   315 I Netd    : Netd 1.0 starting
01-03 21:23:23.515   318   318 E perfprofd: unable to open configuration file /data/data/com.google.android.gms/files/perfprofd.conf
01-03 21:23:23.516   318   318 I perfprofd: random seed set to 2423802007
01-03 21:23:23.533   292   292 D PQ      : PQ service start...
01-03 21:23:23.535   292   292 D PQ      : [PQ_SERIVCE] PQService constructor
01-03 21:23:23.540   292   292 D PQ      : [PQ_SERIVCE] PQService : onFirstRef
01-03 21:23:23.545   293   324 I MtkAgpsNative: Enter mtk_agps_up_init
01-03 21:23:23.545   293   324 D MtkAgpsNative: FS_CreateDir: /data/agps_supl
01-03 21:23:23.545   293   324 W MtkAgpsNative:   -> errno(EEXIST) => dir already exists
01-03 21:23:23.545   293   324 D MtkAgpsNative: mtk_agps_debug_init()
01-03 21:23:23.545   293   324 D MtkAgpsNative: Enter supl_os_timer_init
01-03 21:23:23.546   293   324 D MtkAgpsNative: rrlp_mod_init(): Init rrlp_ptr_g
01-03 21:23:23.547   293   324 I MtkAgpsNative: [????] kal_create_mutex: name(tls_global) 
01-03 21:23:23.547   293   324 D MtkAgpsNative: [????] -> idx(0) tbl_mtx_name()  name(tls_global) 
01-03 21:23:23.547   293   324 D MtkAgpsNative: [????]   -> empty slot found (0)
01-03 21:23:23.547   293   324 D MtkAgpsNative: [????]   -> kal_create_mutex: idx(0) name(tls_global) 
01-03 21:23:23.551   292   343 D PQ      : [PQ_SERIVCE] PQService is ready to run.
01-03 21:23:23.552   292   343 D PQ      : Gamma index: 7/15
01-03 21:23:23.553   292   343 D PQ      : [PQ_SERIVCE] DISP PQ init start...
01-03 21:23:23.553   292   343 D PQ      : [PQ_SERIVCE] DISP_IOCTL_SET_PQPARAM 0...
01-03 21:23:23.553   292   343 D PQ      : [PQ_SERIVCE] DISP_IOCTL_SET_PQ_GAL_PARAM 0...
01-03 21:23:23.561   293   359 D agps    : [agps][n][task] lpp  is running
01-03 21:23:23.564   293   358 D agps    : [agps][n][task] is801  is running
01-03 21:23:23.565   293   359 D agps    : [agps][n][task] lpp  before poll...
01-03 21:23:23.567   293   358 D agps    : [agps][n][task] is801  before poll...
01-03 21:23:23.569   293   357 D agps    : [agps][n][task] rrlp  is running
01-03 21:23:23.569   293   357 D agps    : [agps][n][task] rrlp  before poll...
01-03 21:23:23.571   293   324 D agps    : [agps] WARNING: [CP] get_ccci_uart  is not a tty
01-03 21:23:23.571   293   324 D agps    : [agps] WARNING: [CP] get_ccci_uart  [/dev/ttyC2] success
01-03 21:23:23.571   293   324 D agps    : [agps][n][CP] ccci_uart_1  open success
01-03 21:23:23.571   293   324 D agps    : [agps][n][CP] [MD_1] write  sim_info_req
01-03 21:23:23.571   293   324 E agps    : [agps] ERR: [Utility] safe_write reason=[No such device]19
01-03 21:23:23.571   293   324 E agps    : [agps] ERR: [CP] get_ccci_uart  open failed node=[/dev/ccci2_tty2] reason=[No such file or directory]
01-03 21:23:23.571   293   324 E agps    : [agps] ERR: [CP] ccci_uart_2  open failed
01-03 21:23:23.573   293   324 D agps    : [agps][n][AGPS] xml file load from [/etc/agps_profiles_conf2.xml]
01-03 21:23:23.607   293   324 D agps    : [agps] WARNING: [Default]  =================== dump_agps_mgr_agps_config ===================
01-03 21:23:23.607   293   324 D agps    : [agps][n][Default] cur_supl_profile  name=[GOOGLE] addr=[supl.google.com] port=[7275] tls=[1] mcc=[] mcc_mnc=[] is_auto_config=[0] supl_version=[1.0.0] tls_version=[0] sha_version=[0] app_id=[] provider_id=[] default_apn=[] option_apn=[] optional_apn_2=[] addr_type=[]
01-03 21:23:23.607   293   324 D agps    : [agps][n][Default] cdma_profile  name=[CDMA1] mcp_enable=[1] mcp_addr=[10.199.22.165] mcp_port=[6066] pde_addr_valid=[0] pde_ip_type=[0] pde_addr=[11.11.11.11] pde_port=[1111] pde_url_valid=[0] pde_url_addr=[www.mediatek.com]
01-03 21:23:23.607   293   324 D agps    : [agps][n][Default] agps_setting  agps_enable=[1] agps_protocol=[0] gpevt=[0] e911_gps_icon_enable=[0] e911_open_gps=[0]
01-03 21:23:23.607   293   324 D agps    : [agps][n][Default] gnss_setting  sib8_16_enable=[1] gps_satellite_enable=[1] glonass_satellite_enable=[1] beidou_satellite_enable=[1] galileo_satellite_enable=[1] a_glonass_satellite_enable=[1]
01-03 21:23:23.608   293   324 D agps    : [agps][n][Default] cp_setting  molr_pos_method=[0] external_addr=[0][0123456789*#+] mlc_number=[0][0123456789*#+] cp_auto_reset=[0] epc_molr_lpp_payload_enable=[0] lpp_payload=[50]
01-03 21:23:23.608   293   324 D agps    : [agps][n][Utility] agps_dump_buf=lpp_payload  0xd2,0x00,0x00,0x10,0x23,0x7b,0x20,0x26,0x40,0x4f,0xb8,0x00,0x72,0x02,0xbf,0xff,0xff,0xff,0xf8,0x00,0x00,0x00,0x00,0x20,0xc0,0x00,0x01,0x00,0x94,0x0f,0xb9,0x00,
01-03 21:23:23.608   293   324 D agps    : [agps][n][Utility] agps_dump_buf=lpp_payload  0x12,0x02,0xb7,0xff,0xff,0xf8,0x00,0x00,0x00,0x00,0x00,0x61,0x80,0x00,0x02,0x01,0x8a,0x00,
01-03 21:23:23.608   293   324 D agps    : [agps][n][Default] up_setting  ca_enable=[0] ni_request=[1] roaming=[1] cdma_preferred=[0] pref_method=[1] supl_version=[2.0.0] tls_version=[1] sha_version=[0] supl_log=[0] msa=[1] msb=[1] ecid=[1] otdoa=[0] autonomous=[1] aflt=[0] hacc=[22] vacc=[0] loc_age=[0] delay=[0] udp_port_enable=[0] dedicated_apn_enable=[0] preferred_2g3g_cell_age=[300] lpp_enable=[1] cert_from_sdcard=[1] auto_profile_enable=[1] ut2=[11] ut3=[10] sync_to_slp=[0] imsi_enable=[1] no_sensitive_log=[0]
01-03 21:23:23.608   293   324 D agps    : [agps] WARNING: [AGPS] /nvcfg does not exist
01-03 21:23:23.608   293   324 D agps    : [agps][n][AGPS] [MNL] write  agps_reboot
01-03 21:23:23.608   293   324 E agps    : [agps] ERR: [MNL] sendto dest=[/data/agps_supl/agps_to_mnl] len=8 reason=[Connection refused]
01-03 21:23:23.608   293   324 E agps    : [agps] ERR: [MNL] external_snd_cmd safe_sendto failed
01-03 21:23:23.608   293   324 D agps    : [agps][n][AGPS] [MNL] write  agps_settings_sync  sib8_16=[1], gps=[1] glonass=[1] beidou=[1] galileo=[1] aglonass=[1]
01-03 21:23:23.609   293   324 E agps    : [agps] ERR: [MNL] sendto dest=[/data/agps_supl/agps_to_mnl] len=32 reason=[Connection refused]
01-03 21:23:23.609   293   324 E agps    : [agps] ERR: [MNL] external_snd_cmd safe_sendto failed
01-03 21:23:23.609   293   324 D agps    : [agps][n][C2K_MSG] c2k_msg_set_handler(0, 0xf7110989)
01-03 21:23:23.609   293   324 D agps    : [agps][n][C2K_MSG] c2k_msg_set_handler(1, 0xf711092d)
01-03 21:23:23.609   293   324 D agps    : [agps][n][C2K_MSG] c2k_msg_set_handler(2, 0xf711058d)
01-03 21:23:23.609   293   324 D agps    : [agps][n][C2K_MSG] c2k_msg_set_handler(3, 0xf711080d)
01-03 21:23:23.609   293   324 D agps    : [agps][n][C2K_MSG] c2k_msg_set_handler(4, 0xf711055d)
01-03 21:23:23.609   293   324 D agps    : [agps][n][C2K_MSG] c2k_msg_set_handler(6, 0xf7110aed)
01-03 21:23:23.609   293   324 D agps    : [agps][n][C2K_MSG] c2k_msg_set_handler(7, 0xf7110519)
01-03 21:23:23.642   306   306 I         : installd firing up
01-03 21:23:23.645   299   299 E MNLD    : main: MNLD started
01-03 21:23:23.645   299   299 D MNLD    : main: Normal mode
01-03 21:23:23.683   299   299 D MNLD    : setup_socket_mtklogger: socket_fd = 7
01-03 21:23:23.683   299   299 D MNLD    : main: mtklogger2mnld_fd created success
01-03 21:23:23.685   299   299 D MNLD    : mnl_write_attr: write '0' to /sys/class/gpsdrv/gps/pwrctl okay
01-03 21:23:23.685   299   299 D MNLD    : mnl_write_attr: write '0' to /sys/class/gpsdrv/gps/suspend okay
01-03 21:23:23.685   299   299 D MNLD    : mnl_write_attr: write '0' to /sys/class/gpsdrv/gps/state okay
01-03 21:23:23.685   299   299 D MNLD    : mnl_write_attr: write '1' to /sys/class/gpsdrv/gps/pwrsave okay
01-03 21:23:23.685   299   299 D mnl_linux: read_prop: read_prop: open /data/misc/gps/mnl.prop fail!
01-03 21:23:23.685   299   299 D mnl_linux: read_prop: read_prop: open /sbin/mnl.prop fail!
01-03 21:23:23.685   299   299 E mnl_linux: mnl_utl_load_property: Config is not set yet, ignore
01-03 21:23:23.685   299   299 D mnl_linux: mnl_utl_load_property: ========================================
01-03 21:23:23.685   299   299 D mnl_linux: mnl_utl_load_property: [setting] load default value
01-03 21:23:23.685   299   299 D mnl_linux: mnl_utl_load_property: dev_dsp/dev_gps :  
01-03 21:23:23.685   299   299 D mnl_linux: mnl_utl_load_property: init_speed/link_speed: 0 0
01-03 21:23:23.685   299   299 D mnl_linux: mnl_utl_load_property: pmtk_conn/socket_port/dev_dbg : 0 0 
01-03 21:23:23.685   299   299 D mnl_linux: mnl_utl_load_property: debug_nmea/debug_mnl: 0 0x0000
01-03 21:23:23.685   299   299 D mnl_linux: mnl_utl_load_property: nmea2file/dbg2file: 0/0
01-03 21:23:23.685   299   299 D mnl_linux: mnl_utl_load_property: time-out: 15 5 3 10 0 0
01-03 21:23:23.685   299   299 D mnl_linux: mnl_utl_load_property: EPO_Enabled: 0
01-03 21:23:23.685   299   299 D mnl_linux: mnl_utl_load_property: BEE_Enabled: 0
01-03 21:23:23.685   299   299 D mnl_linux: mnl_utl_load_property: SUPL_Enabled: 0
01-03 21:23:23.685   299   299 D mnl_linux: mnl_utl_load_property: SUPLSI_Enabled: 0
01-03 21:23:23.685   299   299 D mnl_linux: mnl_utl_load_property: EPO_priority: 0
01-03 21:23:23.685   299   299 D mnl_linux: mnl_utl_load_property: BEE_priority: 0
01-03 21:23:23.685   299   299 D mnl_linux: mnl_utl_load_property: SUPL_priority: 0
01-03 21:23:23.686   299   299 D mnl_linux: mnl_utl_load_property: AVAILIABLE_AGE: 0
01-03 21:23:23.686   299   299 D mnl_linux: mnl_utl_load_property: RTC_DRIFT: 0
01-03 21:23:23.686   299   299 D mnl_linux: mnl_utl_load_property: TIME_INTERVAL: 0
01-03 21:23:23.686   299   299 D mnl_linux: mnl_utl_load_property: ========================================
01-03 21:23:23.686   299   299 D MNLD    : main: listening..
01-03 21:23:23.686   299   299 D MNLD    : chip_detector: combo_chip_id is 0x0335
01-03 21:23:23.686   299   299 D mnl_linux: mtk_gps_sys_init: Start to read nvram
01-03 21:23:23.686   299   299 D mnl_linux: mtk_gps_sys_init: nvram_init_val not Ready,sleep 500ms
01-03 21:23:23.691   310   310 I mediacodec: @@@ mediacodecservice starting
01-03 21:23:23.692   310   310 W         : No seccomp filter defined for this architecture.
01-03 21:23:23.694   289   289 I MobileLogD/main: =====MOBILELOG START=======
01-03 21:23:23.712   304   304 I cameraserver: ServiceManager: 0xf6619460
01-03 21:23:23.712   304   304 I CameraService: CameraService started (pid=304)
01-03 21:23:23.712   304   304 I CameraService: CameraService process starting
01-03 21:23:23.716   304   304 W BatteryNotifier: batterystats service unavailable!
01-03 21:23:23.716   304   304 W BatteryNotifier: batterystats service unavailable!
01-03 21:23:23.804   292   343 D PQ      : ccorr table index=0
01-03 21:23:23.804   292   343 D PQ      : [PQ_SERIVCE] DISP_IOCTL_SET_PQ_CAM_PARAM 0...
01-03 21:23:23.804   292   343 D PQ      : [PQ_SERIVCE] DISP_IOCTL_SET_TDSHPINDEX 0...
01-03 21:23:23.872   313   313 V MediaUtils: physMem: 964718592
01-03 21:23:23.873   313   313 V MediaUtils: requested limit: 192943700
01-03 21:23:23.873   313   313 V MediaUtils: actual limit: 192943700
01-03 21:23:23.873   313   313 V MediaUtils: original limits: 4294967295/4294967295
01-03 21:23:23.873   313   313 V MediaUtils: new limits: 192943700/4294967295
01-03 21:23:23.873   313   313 W         : No seccomp filter defined for this architecture.
01-03 21:23:23.874   303   303 I chatty  : uid=1041(audioserver) /system/bin/audioserver expire 683 lines
01-03 21:23:23.932   315   315 D TetherController: Setting IP forward enable = 0
01-03 21:23:23.933   311   311 I mediaserver: ServiceManager: 0xf65994c0
01-03 21:23:23.939   315   315 E         : Failed to open libdatactrl, some features may not be present.
01-03 21:23:23.940   315   315 E         : Failed to open libcsm_data, some features may not be present.
01-03 21:23:23.948   286   286 W hwcomposer: [EVENT] Start to listen uevent, addr.nl_pid(286)
01-03 21:23:23.968   314   314 I mediaserver: ServiceManager: 0xf61994c0
01-03 21:23:23.982   314   314 W BatteryNotifier: batterystats service unavailable!
01-03 21:23:23.986   286   286 W GuiExt  : Cannot find GuiExtService
01-03 21:23:23.986   286   286 W GuiExt  : Cannot find GuiExtService
01-03 21:23:23.986   286   286 W GuiExt  : Cannot find GuiExtService
01-03 21:23:23.986   286   286 E GuiExt  : [GuiExtC] [android::status_t android::GuiExtClientConsumer::configDisplay(uint32_t, bool, uint32_t, uint32_t, uint32_t)] assertStateLocked fail
01-03 21:23:23.986   286   286 W hwcomposer: [EVENT] HW VSync State(1)
01-03 21:23:23.986   286   286 I hwcomposer: [DPY] Display Information:
01-03 21:23:23.986   286   286 I hwcomposer: [DPY] # fo current devices : 1
01-03 21:23:23.986   286   286 I hwcomposer: [DPY] ------------------------------------
01-03 21:23:23.986   286   286 I hwcomposer: [DPY] Device id   : 0
01-03 21:23:23.986   286   286 I hwcomposer: [DPY] Width       : 720
01-03 21:23:23.986   286   286 I hwcomposer: [DPY] Height      : 1280
01-03 21:23:23.986   286   286 I hwcomposer: [DPY] xdpi        : 320.000000
01-03 21:23:23.986   286   286 I hwcomposer: [DPY] ydpi        : 320.000000
01-03 21:23:23.987   286   286 I hwcomposer: [DPY] vsync       : 1
01-03 21:23:23.987   286   286 I hwcomposer: [DPY] refresh     : 16025640
01-03 21:23:23.987   286   286 I hwcomposer: [DPY] connected   : 1
01-03 21:23:23.987   286   286 I hwcomposer: [DPY] hwrotation  : 0
01-03 21:23:23.987   286   286 I hwcomposer: [DPY] subtype     : 0
01-03 21:23:23.987   286   286 I hwcomposer: [DPY] aspect      : 0.562, 1.778
01-03 21:23:23.987   286   286 I hwcomposer: [DPY] protrait    : [   0,   0, 720,1280]
01-03 21:23:23.987   286   286 I hwcomposer: [DPY] landscape   : [   0,   0, 720,1280]
01-03 21:23:23.987   286   286 I SurfaceFlinger: Using composer version 1.4
01-03 21:23:23.987   286   286 I hwcomposer: [HWC] getConfigs Display(0)
01-03 21:23:23.987   286   286 I hwcomposer: [HWC] getAttributes Display(0)
01-03 21:23:23.987   286   286 I hwcomposer: [HWC] getConfigs Display(1)
01-03 21:23:23.987   286   286 I hwcomposer: [HWC] getAttributes Display(1)
01-03 21:23:23.987   286   286 W hwcomposer: [HWC] Failed to get display attributes (dpy=1 is not connected)
01-03 21:23:23.987   286   286 I hwcomposer: [HWC] getAttributes Display(1)
01-03 21:23:23.987   286   286 W hwcomposer: [HWC] Failed to get display attributes (dpy=1 is not connected)
01-03 21:23:23.987   286   286 W SurfaceFlinger: no suitable EGLConfig found, trying a simpler query
01-03 21:23:23.987   286   286 I SurfaceFlinger: EGL information:
01-03 21:23:23.987   286   286 I SurfaceFlinger: vendor    : Android
01-03 21:23:23.987   286   286 I SurfaceFlinger: version   : 1.4 Android META-EGL
01-03 21:23:23.987   286   286 I SurfaceFlinger: extensions: EGL_KHR_get_all_proc_addresses EGL_ANDROID_presentation_time EGL_KHR_swap_buffers_with_damage EGL_ANDROID_create_native_client_buffer EGL_ANDROID_front_buffer_auto_refresh EGL_KHR_image EGL_KHR_image_base EGL_KHR_gl_texture_2D_image EGL_KHR_gl_texture_cubemap_image EGL_KHR_gl_renderbuffer_image EGL_KHR_fence_sync EGL_KHR_create_context EGL_KHR_config_attribs EGL_KHR_surfaceless_context EGL_EXT_create_context_robustness EGL_ANDROID_image_native_buffer EGL_KHR_wait_sync EGL_ANDROID_recordable EGL_KHR_partial_update 
01-03 21:23:23.987   286   286 I SurfaceFlinger: Client API: OpenGL_ES
01-03 21:23:23.987   286   286 I SurfaceFlinger: EGLSurface: 8-8-8-8, config=0x7fa9a23220
01-03 21:23:24.000   380   380 I cm      : Welcome to Android 7.1.1 / CyanogenMod-14.1-20170103-UNOFFICIAL-maxi_lte
01-03 21:23:24.040   286   286 I surfaceflinger: type=1400 audit(0.0:3): avc: denied { write } for name="trace_marker" dev="debugfs" ino=1049 scontext=u:r:surfaceflinger:s0 tcontext=u:object_r:debugfs:s0 tclass=file permissive=1
01-03 21:23:24.040   286   286 I surfaceflinger: type=1400 audit(0.0:4): avc: denied { open } for path="/sys/kernel/debug/tracing/trace_marker" dev="debugfs" ino=1049 scontext=u:r:surfaceflinger:s0 tcontext=u:object_r:debugfs:s0 tclass=file permissive=1
01-03 21:23:24.049   286   286 I SurfaceFlinger: OpenGL ES informations:
01-03 21:23:24.049   286   286 I SurfaceFlinger: vendor    : ARM
01-03 21:23:24.049   286   286 I SurfaceFlinger: renderer  : Mali-T720
01-03 21:23:24.049   286   286 I SurfaceFlinger: version   : OpenGL ES 3.1 v1.r7p0-02rel0.4ea33e6671ff828e33c99c982634cd65
01-03 21:23:24.049   286   286 I SurfaceFlinger: extensions: GL_EXT_debug_marker GL_ARM_rgba8 GL_ARM_mali_shader_binary GL_OES_depth24 GL_OES_depth_texture GL_OES_depth_texture_cube_map GL_OES_packed_depth_stencil GL_OES_rgb8_rgba8 GL_EXT_read_format_bgra GL_OES_compressed_paletted_texture GL_OES_compressed_ETC1_RGB8_texture GL_OES_standard_derivatives GL_OES_EGL_image GL_OES_EGL_image_external GL_OES_EGL_sync GL_OES_texture_npot GL_OES_vertex_half_float GL_OES_required_internalformat GL_OES_vertex_array_object GL_OES_mapbuffer GL_EXT_texture_format_BGRA8888 GL_EXT_texture_rg GL_EXT_texture_type_2_10_10_10_REV GL_OES_fbo_render_mipmap GL_OES_element_index_uint GL_EXT_shadow_samplers GL_OES_texture_compression_astc GL_KHR_texture_compression_astc_ldr GL_KHR_texture_compression_astc_hdr GL_KHR_debug GL_EXT_occlusion_query_boolean GL_EXT_disjoint_timer_query GL_EXT_blend_minmax GL_EXT_discard_framebuffer GL_OES_get_program_binary GL_OES_texture_3D GL_EXT_texture_storage GL_EXT_multisampled_render_to_texture GL_OES_surfaceless_context GL_OES_texture_stencil8 G
01-03 21:23:24.049   286   286 I SurfaceFlinger: GL_MAX_TEXTURE_SIZE = 8192
01-03 21:23:24.049   286   286 I SurfaceFlinger: GL_MAX_VIEWPORT_DIMS = 8192
01-03 21:23:24.051   286   286 D mali_winsys: new_window_surface returns 0x3000
01-03 21:23:24.055   292   343 D PQ      : ccorr table index=0
01-03 21:23:24.055   292   343 D PQ      : [PQ_SERIVCE] DISP PQ init end...
01-03 21:23:24.055   292   343 D PQ      : [PQ_SERIVCE] threadLoop config User_Def PQ... end
01-03 21:23:24.143   289   289 I MobileLogD/bootmode: boot mode is 0
01-03 21:23:24.152   289   289 E MobileLogD/bootmode: no start logging
01-03 21:23:24.153   394   394 I sysinit : Running /system/etc/init.d/90userinit
01-03 21:23:24.186   299   299 D mnl_linux: mtk_gps_sys_init: nvram_init_val not Ready,sleep 500ms
01-03 21:23:24.360   408   408 I nvram_daemon: type=1400 audit(0.0:5): avc: denied { read } for name="boot_mode" dev="sysfs" ino=118 scontext=u:r:nvram_daemon:s0 tcontext=u:object_r:sysfs:s0 tclass=file permissive=1
01-03 21:23:24.360   408   408 I nvram_daemon: type=1400 audit(0.0:6): avc: denied { open } for path="/sys/devices/virtual/BOOT/BOOT/boot/boot_mode" dev="sysfs" ino=118 scontext=u:r:nvram_daemon:s0 tcontext=u:object_r:sysfs:s0 tclass=file permissive=1
01-03 21:23:24.370   304   304 I cameraserver: type=1400 audit(0.0:7): avc: denied { write } for name="trace_marker" dev="debugfs" ino=1049 scontext=u:r:cameraserver:s0 tcontext=u:object_r:debugfs:s0 tclass=file permissive=1
01-03 21:23:24.370   304   304 I cameraserver: type=1400 audit(0.0:8): avc: denied { open } for path="/sys/kernel/debug/tracing/trace_marker" dev="debugfs" ino=1049 scontext=u:r:cameraserver:s0 tcontext=u:object_r:debugfs:s0 tclass=file permissive=1
01-03 21:23:24.365   291   412 E HWMLIB  : gyroscope_open: Couldn't find or open file sensor (Not a typewriter)
01-03 21:23:24.378   304   304 D ImgSensorDrv: [impSearchSensor]SENSOR search start 
01-03 21:23:24.378   304   304 D ImgSensorDrv: [impSearchSensor]impSearchSensor search to sub
01-03 21:23:24.378   304   304 D ImgSensorDrv: [impSearchSensor]set sensor driver id =10000
01-03 21:23:24.382   291   411 D HWMLIB  : [RN]    0.0000    0.0000    0.0000 =>     0     0     0
01-03 21:23:24.382   291   413 D HWMLIB  : nvram read: 0, 0, 0 
01-03 21:23:24.401   291   413 E HWMLIB  : alsps_set_cali: set_cali err: -1
01-03 21:23:24.401   291   411 D HWMLIB  : [WD]    0.0000    0.0000    0.0000 =>     0     0     0
01-03 21:23:24.401   291   411 E HWMLIB  : gsensor_set_cali: set_cali err: -1
--------- beginning of crash
01-03 21:23:24.404   291   410 F libc    : Invalid address 0xf61140c0 passed to free: value not allocated
01-03 21:23:24.405   291   410 F libc    : Fatal signal 6 (SIGABRT), code -6 in tid 410 (nvram_daemon)
01-03 21:23:24.405   254   254 W         : debuggerd: handling request: pid=291 uid=0 gid=1000 tid=410
01-03 21:23:24.418   415   415 E         : debuggerd: Unable to connect to activity manager (connect failed: Connection refused)
01-03 21:23:24.428   304   304 D ImgSensorDrv: [getCurrentSensorType][getCurrentSensorType] 
01-03 21:23:24.428   304   304 D ImgSensorDrv: [getInfo][getInfo],m_fdSensor = 0x8 
01-03 21:23:24.428   304   304 D ImgSensorDrv: [getSocketPosition][getSocketPosition]:[1][1] 
01-03 21:23:24.428   304   304 D ImgSensorDrv: [impSearchSensor]found <0x5005/gc5005mipiraw/SENSOR_DRVNAME_GC5005MIPI_RAW>
01-03 21:23:24.428   304   304 D ImgSensorDrv: [impSearchSensor]MAIN sensor found:[0]/[0x10000]/[0]/[1] 
01-03 21:23:24.428   304   304 D ImgSensorDrv: [impSearchSensor]set sensor driver id =10001
01-03 21:23:24.430   286   286 D SurfaceFlinger: SF. shader cache generated - 26 shaders in 377.813751 ms
01-03 21:23:24.435   286   286 E SurfaceFlinger: Couldn't set SCHED_FIFO
01-03 21:23:24.435   286   286 D SurfaceFlinger: Set power mode=2, type=0 flinger=0x7fa9a68000
01-03 21:23:24.435   286   286 I hwcomposer: [HWC] SetPowerMode(2) Display(0)
01-03 21:23:24.469   415   415 F DEBUG   : *** *** *** *** *** *** *** *** *** *** *** *** *** *** *** ***
01-03 21:23:24.469   415   415 F DEBUG   : CM Version: '14.1-20170103-UNOFFICIAL-maxi_lte'
01-03 21:23:24.469   415   415 F DEBUG   : Build fingerprint: 'Tele2/cm_maxi_lte/maxi_lte:7.1.1/NMF26Q/8407619d3f:userdebug/test-keys'
01-03 21:23:24.469   415   415 F DEBUG   : Revision: '0'
01-03 21:23:24.469   415   415 F DEBUG   : ABI: 'arm'
01-03 21:23:24.469   415   415 F DEBUG   : pid: 291, tid: 410, name: nvram_daemon  >>> /system/bin/nvram_daemon <<<
01-03 21:23:24.469   415   415 F DEBUG   : signal 6 (SIGABRT), code -6 (SI_TKILL), fault addr --------
01-03 21:23:24.472   415   415 F DEBUG   : Abort message: 'Invalid address 0xf61140c0 passed to free: value not allocated'
01-03 21:23:24.472   415   415 F DEBUG   :     r0 00000000  r1 0000019a  r2 00000006  r3 00000008
01-03 21:23:24.472   415   415 F DEBUG   :     r4 f6681978  r5 00000006  r6 f6681920  r7 0000010c
01-03 21:23:24.472   415   415 F DEBUG   :     r8 f68973c8  r9 f6eb7008  sl f6b63130  fp f61140c0
01-03 21:23:24.472   415   415 F DEBUG   :     ip 00000002  sp f66815a0  lr f6e71ca7  pc f6e74504  cpsr 200f0010
01-03 21:23:24.477   304   304 D ImgSensorDrv: [impSearchSensor][impSearchSensor] Err-ctrlCode (I/O error) 
01-03 21:23:24.477   304   304 D ImgSensorDrv: [getCurrentSensorType][getCurrentSensorType] 
01-03 21:23:24.477   304   304 D ImgSensorDrv: [getInfo][getInfo],m_fdSensor = 0x8 
01-03 21:23:24.477   304   304 D ImgSensorDrv: [getSocketPosition][getSocketPosition]:[1][1] 
01-03 21:23:24.477   304   304 D ImgSensorDrv: [impSearchSensor]sensor ID mismatch
01-03 21:23:24.477   304   304 D ImgSensorDrv: [impSearchSensor]m_pstSensorInitFunc[i].getCameraDefault is NULL: 2 
01-03 21:23:24.477   304   304 D ImgSensorDrv: [impSearchSensor]impSearchSensor search to sub
01-03 21:23:24.477   304   304 D ImgSensorDrv: [impSearchSensor]set sensor driver id =20000
01-03 21:23:24.482   286   286 W SurfaceFlinger: Couldn't set SCHED_FIFO on display on
01-03 21:23:24.483   415   415 F DEBUG   : 
01-03 21:23:24.483   415   415 F DEBUG   : backtrace:
01-03 21:23:24.484   415   415 F DEBUG   :     #00 pc 0004a504  /system/lib/libc.so (tgkill+12)
01-03 21:23:24.484   415   415 F DEBUG   :     #01 pc 00047ca3  /system/lib/libc.so (pthread_kill+34)
01-03 21:23:24.484   415   415 F DEBUG   :     #02 pc 0001d585  /system/lib/libc.so (raise+10)
01-03 21:23:24.484   415   415 F DEBUG   :     #03 pc 000190d1  /system/lib/libc.so (__libc_android_abort+34)
01-03 21:23:24.484   415   415 F DEBUG   :     #04 pc 00017138  /system/lib/libc.so (abort+4)
01-03 21:23:24.484   415   415 F DEBUG   :     #05 pc 0001b57f  /system/lib/libc.so (__libc_fatal+22)
01-03 21:23:24.485   415   415 F DEBUG   :     #06 pc 0006721f  /system/lib/libc.so (ifree+962)
01-03 21:23:24.485   415   415 F DEBUG   :     #07 pc 000672e7  /system/lib/libc.so (je_free+74)
01-03 21:23:24.485   415   415 F DEBUG   :     #08 pc 0000c58d  /system/lib/libfs_mgr.so (fs_mgr_free_fstab+36)
01-03 21:23:24.485   415   415 F DEBUG   :     #09 pc 0000309d  /system/lib/libnvram.so (NVM_Init+464)
01-03 21:23:24.485   415   415 F DEBUG   :     #10 pc 000091e5  /system/lib/libnvram.so (NVM_GetFileDesc+132)
01-03 21:23:24.485   415   415 F DEBUG   :     #11 pc 0000199f  /system/bin/nvram_daemon
01-03 21:23:24.486   415   415 F DEBUG   :     #12 pc 00047773  /system/lib/libc.so (_ZL15__pthread_startPv+22)
01-03 21:23:24.486   415   415 F DEBUG   :     #13 pc 00019b1d  /system/lib/libc.so (__start_thread+6)
01-03 21:23:24.547   304   304 D ImgSensorDrv: [impSearchSensor][impSearchSensor] Err-ctrlCode (I/O error) 
01-03 21:23:24.547   304   304 D ImgSensorDrv: [getCurrentSensorType][getCurrentSensorType] 
01-03 21:23:24.547   304   304 D ImgSensorDrv: [getInfo][getInfo],m_fdSensor = 0x8 
01-03 21:23:24.547   304   304 D ImgSensorDrv: [getSocketPosition][getSocketPosition]:[2][-1] 
01-03 21:23:24.547   304   304 D ImgSensorDrv: [impSearchSensor]sensor ID mismatch
01-03 21:23:24.547   304   304 D ImgSensorDrv: [impSearchSensor]set sensor driver id =20001
01-03 21:23:24.596   304   304 D ImgSensorDrv: [getCurrentSensorType][getCurrentSensorType] 
01-03 21:23:24.596   304   304 D ImgSensorDrv: [getInfo][getInfo],m_fdSensor = 0x8 
01-03 21:23:24.596   304   304 D ImgSensorDrv: [getSocketPosition][getSocketPosition]:[2][-1] 
01-03 21:23:24.596   304   304 D ImgSensorDrv: [impSearchSensor]found <0x30a/gc030amipiraw/SENSOR_DRVNAME_GC030AMIPI_RAW>
01-03 21:23:24.596   304   304 D ImgSensorDrv: [impSearchSensor]SUB sensor found:[1]/[0x20001]/[0]/[-1] 
01-03 21:23:24.596   304   304 D ImgSensorDrv: [impSearchSensor]m_pstSensorInitFunc[i].getCameraDefault is NULL: 2 
01-03 21:23:24.596   304   304 D ImgSensorDrv: [impSearchSensor]SENSOR search end: 0x3 /[0x5005][0]/[0xffffff][255]/[0x30a][1]
01-03 21:23:24.596   304   304 D ImgSensorDrv: [init][init] mUsers = 0
01-03 21:23:24.597   304   304 D ImgSensorDrv: [getResolution][getResolution] ACDK_SENSOR_RESOLUTION_INFO_STRUCT
01-03 21:23:24.597   304   304 F libc    : stack corruption detected
01-03 21:23:24.597   304   304 F libc    : Fatal signal 6 (SIGABRT), code -6 in tid 304 (cameraserver)
01-03 21:23:24.633   254   254 W         : debuggerd: resuming target 291
01-03 21:23:24.633   254   254 W         : debuggerd: handling request: pid=304 uid=1047 gid=1005 tid=304
01-03 21:23:24.647   424   424 E         : debuggerd: Unable to connect to activity manager (connect failed: Connection refused)
01-03 21:23:24.686   299   299 D mnl_linux: mtk_gps_sys_init: nvram_init_val Ready
01-03 21:23:24.686   299   299 D mnl_linux: mtk_gps_sys_init: Get nvram restore ready retry cc=3
01-03 21:23:24.696   299   299 D mnl_linux: mtk_gps_sys_init: GPS NVRam (52 * 1) : 
01-03 21:23:24.696   299   299 D mnl_linux: mtk_gps_sys_init: dsp_dev(/dev/stpgps) : /dev/stpgps
01-03 21:23:24.696   299   299 D mnl_linux: mtk_gps_sys_init: gps_tcxo_hz : 26000000
01-03 21:23:24.696   299   299 D mnl_linux: mtk_gps_sys_init: gps_tcxo_ppb : 0
01-03 21:23:24.696   299   299 D mnl_linux: mtk_gps_sys_init: gps_tcxo_type : 255
01-03 21:23:24.696   299   299 D mnl_linux: mtk_gps_sys_init: gps_lna_mode : 0
01-03 21:23:24.696   299   299 E MNLD    : read_NVRAM: not 3332 UART port
01-03 21:23:24.696   299   299 D MNLD    : chip_detector: exit chip_detector
01-03 21:23:24.696   299   299 D MNLD    : main: main2
01-03 21:23:24.696   299   299 D MNLD    : main: main3
01-03 21:23:24.697   299   299 D MNLD    : epoll_init: Print:epoll_add success
01-03 21:23:24.697   299   299 D MNLD    : main: new connection
01-03 21:23:24.697   424   424 F DEBUG   : *** *** *** *** *** *** *** *** *** *** *** *** *** *** *** ***
01-03 21:23:24.697   424   424 F DEBUG   : CM Version: '14.1-20170103-UNOFFICIAL-maxi_lte'
01-03 21:23:24.697   424   424 F DEBUG   : Build fingerprint: 'Tele2/cm_maxi_lte/maxi_lte:7.1.1/NMF26Q/8407619d3f:userdebug/test-keys'
01-03 21:23:24.697   424   424 F DEBUG   : Revision: '0'
01-03 21:23:24.698   424   424 F DEBUG   : ABI: 'arm'
01-03 21:23:24.698   424   424 F DEBUG   : pid: 304, tid: 304, name: cameraserver  >>> /system/bin/cameraserver <<<
01-03 21:23:24.698   424   424 F DEBUG   : signal 6 (SIGABRT), code -6 (SI_TKILL), fault addr --------
01-03 21:23:24.703   424   424 F DEBUG   : Abort message: 'stack corruption detected'
01-03 21:23:24.703   424   424 F DEBUG   :     r0 00000000  r1 00000130  r2 00000006  r3 00000008
01-03 21:23:24.703   424   424 F DEBUG   :     r4 f739658c  r5 00000006  r6 f7396534  r7 0000010c
01-03 21:23:24.703   424   424 F DEBUG   :     r8 f54e2d58  r9 f54dd4c0  sl f54e2d54  fp f6c93008
01-03 21:23:24.703   424   424 F DEBUG   :     ip 00000005  sp ff943cc0  lr f6c4dca7  pc f6c50504  cpsr 200f0010
01-03 21:23:24.711   424   424 F DEBUG   : 
01-03 21:23:24.711   424   424 F DEBUG   : backtrace:
01-03 21:23:24.711   424   424 F DEBUG   :     #00 pc 0004a504  /system/lib/libc.so (tgkill+12)
01-03 21:23:24.712   424   424 F DEBUG   :     #01 pc 00047ca3  /system/lib/libc.so (pthread_kill+34)
01-03 21:23:24.712   424   424 F DEBUG   :     #02 pc 0001d585  /system/lib/libc.so (raise+10)
01-03 21:23:24.712   424   424 F DEBUG   :     #03 pc 000190d1  /system/lib/libc.so (__libc_android_abort+34)
01-03 21:23:24.712   424   424 F DEBUG   :     #04 pc 00017138  /system/lib/libc.so (abort+4)
01-03 21:23:24.712   424   424 F DEBUG   :     #05 pc 0001b57f  /system/lib/libc.so (__libc_fatal+22)
01-03 21:23:24.712   424   424 F DEBUG   :     #06 pc 000489bb  /system/lib/libc.so (__stack_chk_fail+6)
01-03 21:23:24.712   424   424 F DEBUG   :     #07 pc 0001ab3b  /system/lib/libc.so (ioctl+66)
01-03 21:23:24.712   424   424 F DEBUG   :     #08 pc 00011981  /system/lib/libcam.halsensor.so (_ZN12ImgSensorDrv13getResolutionEPP34ACDK_SENSOR_RESOLUTION_INFO_STRUCT+60)
01-03 21:23:24.712   424   424 F DEBUG   :     #09 pc 0001335b  /system/lib/libcam.halsensor.so (_ZN12ImgSensorDrv4initEi+370)
01-03 21:23:24.712   424   424 F DEBUG   :     #10 pc 0000fec5  /system/lib/libcam.halsensor.so (_ZN5NSCam11NSHalSensor13HalSensorList18querySensorDrvInfoEv+28)
01-03 21:23:24.712   424   424 F DEBUG   :     #11 pc 0000fd2f  /system/lib/libcam.halsensor.so (_ZN5NSCam11NSHalSensor13HalSensorList22enumerateSensor_LockedEv+178)
01-03 21:23:24.712   424   424 F DEBUG   :     #12 pc 0000f95d  /system/lib/libcam.halsensor.so (_ZN5NSCam11NSHalSensor13HalSensorList13searchSensorsEv+14)
01-03 21:23:24.712   424   424 F DEBUG   :     #13 pc 000042b9  /system/lib/hw/camera.mt6737m.so (_ZN5NSCam19CamDeviceManagerImp16enumDeviceLockedEv+52)
01-03 21:23:24.712   424   424 F DEBUG   :     #14 pc 00004a23  /system/lib/hw/camera.mt6737m.so (_ZN5NSCam20CamDeviceManagerBase18getNumberOfDevicesEv+38)
01-03 21:23:24.712   424   424 F DEBUG   :     #15 pc 00060513  /system/lib/libcameraservice.so (_ZN7android12CameraModule18getNumberOfCamerasEv+58)
01-03 21:23:24.712   424   424 F DEBUG   :     #16 pc 0006041f  /system/lib/libcameraservice.so (_ZN7android12CameraModule4initEv+182)
01-03 21:23:24.713   424   424 F DEBUG   :     #17 pc 0004fd4d  /system/lib/libcameraservice.so (_ZN7android13CameraService10onFirstRefEv+100)
01-03 21:23:24.713   424   424 F DEBUG   :     #18 pc 00000be3  /system/bin/cameraserver
01-03 21:23:24.713   424   424 F DEBUG   :     #19 pc 00000b25  /system/bin/cameraserver
01-03 21:23:24.713   424   424 F DEBUG   :     #20 pc 00016cad  /system/lib/libc.so (__libc_init+48)
01-03 21:23:24.713   424   424 F DEBUG   :     #21 pc 00000a18  /system/bin/cameraserver
01-03 21:23:24.715   303   303 D AudioALSAVolumeController: SetSideTone type Mode = 1 devices = 0
01-03 21:23:24.715   303   303 D AudioALSAVolumeController: SetSideTone type Mode = 2 devices = 0
01-03 21:23:24.715   303   303 D AudioALSAVolumeController: -UniqueVolumeInstance
01-03 21:23:24.715   303   303 D SpeechDriverFactory: Create SpeechDriverLAD for MODEM_1
01-03 21:23:24.715   303   303 D SpeechDriverLAD: GetInstance(), modem_index=0
01-03 21:23:24.715   303   303 D SpeechDriverLAD: SpeechDriverLAD(), modem_index = 0
01-03 21:23:24.715   303   303 D SpeechDriverLAD: SpeechDriverLAD(), SpeechMessengerCCCI modem_index = 0
01-03 21:23:24.715   303   303 D SpeechMessengerECCCI: SpeechMessengerECCCI()
01-03 21:23:24.716   303   303 D SpeechMessengerECCCI: SpeechMessengerECCCI(), mModemIndex(0), property read(0x0)
01-03 21:23:24.716   303   303 D SpeechMessengerECCCI: ResetSpeechParamAckCount(), NB(0)/DMNR(0)/WB(0)/MAGICON(0)/HAC(0)/DynamicSPH(0)
01-03 21:23:24.716   303   303 D SpeechMessengerECCCI: Initial()
01-03 21:23:24.716   303   303 D SpeechMessengerECCCI: Initial(), dev_node=/dev/ccci_aud
01-03 21:23:24.716   303   303 D SpeechMessengerECCCI: Initial(), share_buf_address: 0xf614a900, share_buf_length: 32000
01-03 21:23:24.716   303   303 W SpeechMessengerECCCI: Wait CCCI open #1 times, modem current status = 0, errno: 2
01-03 21:23:24.716   303   426 D SpeechMessengerECCCI: CCCIReadThread setpriority ok, priority: -16
01-03 21:23:24.716   303   426 D SpeechMessengerECCCI: CCCIReadThread(), pid: 303, tid: 426
01-03 21:23:24.784   254   254 W         : debuggerd: resuming target 304
01-03 21:23:24.817   303   303 W SpeechMessengerECCCI: Wait CCCI open #2 times, modem current status = 0, errno: 2
01-03 21:23:24.917   303   303 W SpeechMessengerECCCI: Wait CCCI open #3 times, modem current status = 0, errno: 2
01-03 21:23:25.017   303   303 W SpeechMessengerECCCI: Wait CCCI open #4 times, modem current status = 0, errno: 2
01-03 21:23:25.117   303   303 W SpeechMessengerECCCI: Wait CCCI open #5 times, modem current status = 1, errno: 2
01-03 21:23:25.218   303   303 W SpeechMessengerECCCI: Wait CCCI open #6 times, modem current status = 1, errno: 2
01-03 21:23:25.318   303   303 W SpeechMessengerECCCI: Wait CCCI open #7 times, modem current status = 1, errno: 2
01-03 21:23:25.418   303   303 W SpeechMessengerECCCI: Wait CCCI open #8 times, modem current status = 1, errno: 2
01-03 21:23:25.511   302   302 D AndroidRuntime: >>>>>> START com.android.internal.os.ZygoteInit uid 0 <<<<<<
01-03 21:23:25.518   303   303 D SpeechMessengerECCCI: WaitUntilModemReady(): Modem ready
01-03 21:23:25.518   303   303 D SpeechDriverLAD: QueryModemRFInfo()
01-03 21:23:25.519   303   303 D SpeechMessengerECCCI: SendMessageInQueue(), mModemIndex = 0, need ack message: 0x2f760000, reserved param: 0x0
01-03 21:23:25.519   303   303 D SpeechDriverLAD: CleanGainValueAndMuteStatus()
01-03 21:23:25.519   303   303 D SpeechEnhancementController: mSpeechEnhancementMask: main_func = 0xffbf, sub_func = 0xffffff9e
01-03 21:23:25.519   303   303 W SpeechDriverFactory: Create SpeechDriverDummy for MODEM_2
01-03 21:23:25.519   303   303 E SpeechDriverDummy: SpeechDriverDummy(), modem_index = 1
01-03 21:23:25.519   303   303 W SpeechDriverFactory: Create SpeechDriverDummy for MODEM_EXTERNAL
01-03 21:23:25.519   303   303 E SpeechDriverDummy: SpeechDriverDummy(), modem_index = 2
01-03 21:23:25.519   303   303 D SpeechDriverFactory: -SpeechDriverFactory(), mActiveModemIndex = 0
01-03 21:23:25.519   303   303 D AudioALSASpeechPhoneCallController: mMixer = 0xf68d31c0
01-03 21:23:25.519   303   303 D AudioALSAFMController: AudioALSAFMController()
01-03 21:23:25.519   303   303 D AudioALSAVoiceWakeUpController: AudioALSAVoiceWakeUpController()
01-03 21:23:25.519   303   303 D         : PHONE_MIC_MODE defined!, mPhoneMicMode = 1
01-03 21:23:25.519   303   303 D         : HEADSET_MIC_MODE defined!, mHeadsetMicMode = 1
01-03 21:23:25.519   303   303 D AudioHeadSetMessager: +UniqueDigitalInstance
01-03 21:23:25.519   303   303 D AudioHeadSetMessager: -UniqueDigitalInstance
01-03 21:23:25.519   303   303 D AudioHeadSetMessager: /sys/class/switch/h2w/state => 0
01-03 21:23:25.520   303   303 D AudioALSACaptureDataProviderBase: AudioALSACaptureDataProviderBase(), 0xf68d3380
01-03 21:23:25.520   303   303 D AudioALSACaptureDataProviderVOW: AudioALSACaptureDataProviderVOW()
01-03 21:23:25.520   303   303 D AudioALSACaptureDataProviderVOW: AudioALSACaptureDataProviderVOW()-
01-03 21:23:25.520   303   303 D AudioALSACaptureDataProviderVOW: getInstance(), mAudioALSACaptureDataProviderVOW=0xf68d3380
01-03 21:23:25.524   303   303 D AudioYusuParam: GetVoiceRecogCustParamFromNV rec_size = 1546 rec_num = 1
01-03 21:23:25.525   303   303 D AudioALSAVoiceWakeUpController: updateParamToKernel(), mVOW_CFG4 load = 0x6e
01-03 21:23:25.525   303   303 D AudioALSAVoiceWakeUpController: updateParamToKernel(), mVOW_CFG4 set = 0x6e, mVOW_CFG2=0x2222, mVOW_CFG3=0x8767
01-03 21:23:25.525   303   303 D AudioALSAStreamManager: AudioALSAStreamManager()
01-03 21:23:25.526   303   303 D AudioYusuParam: GetBesLoudnessControlOptionParamFromNV rec_size = 4 rec_num = 1
01-03 21:23:25.527   303   303 D AudioALSAStreamManager: AudioALSAStreamManager mBesLoudnessStatus [1] (From NvRam) 
01-03 21:23:25.527   303   303 D AudioALSAParamTuner: create AudioALSAParamTuner instance --
01-03 21:23:25.527   303   303 D AudioALSAParamTuner: AudioALSAParamTuner in +
01-03 21:23:25.527   303   303 D AudioALSAVolumeController: AudioALSAVolumeController initCheck
01-03 21:23:25.527   303   303 D AudioYusuParam: GetVolumeVer1ParamFromNV 
01-03 21:23:25.529   303   303 D AudioYusuParam: GetVolumeVer1ParamFromNV rec_size = 581 rec_num = 1
01-03 21:23:25.529   303   303 D AudioALSAParamTuner: AudioALSAParamTuner: default mic gain-mormal:152;handsfree:180, receiver gain:144, headset Gain:88
01-03 21:23:25.529   303   303 D AudioALSAParamTuner: create AudioALSAParamTuner instance ++
01-03 21:23:25.529   303   303 D SpeechANCController: getInstance()
01-03 21:23:25.529   303   303 D SpeechANCController: SpeechANCController()
01-03 21:23:25.529   303   303 D AudioALSADeviceParser: +UniqueVolumeInstance
01-03 21:23:25.529   303   303 D AudioALSADeviceParser: AudioALSADeviceParser()
01-03 21:23:25.529   303   303 D AudioALSADeviceParser: GetAllPcmAttribute()
01-03 21:23:25.529   303   303 D AudioALSADeviceParser: Pcm open success
01-03 21:23:25.529   303   303 D AudioALSADeviceParser: AddPcmString InputBuffer = 00-00: MultiMedia1_PLayback mt-soc-codec-tx-dai-0 :  : playback 1
01-03 21:23:25.529   303   303 D AudioALSADeviceParser: SetPcmCapability capture support
01-03 21:23:25.529   303   303 D AudioALSADeviceParser: SetPcmCapability playback support
01-03 21:23:25.529   303   303 D AudioALSADeviceParser: SetPcmCapability capture support
01-03 21:23:25.530   303   303 D AudioALSADeviceParser: AddPcmString InputBuffer = 00-01: MultiMedia1_Capture mt-soc-codec-rx-dai-1 :  : capture 1
01-03 21:23:25.530   303   303 D AudioALSADeviceParser: SetPcmCapability playback support
01-03 21:23:25.530   303   303 D AudioALSADeviceParser: SetPcmCapability playback support
01-03 21:23:25.530   303   303 D AudioALSADeviceParser: SetPcmCapability capture support
01-03 21:23:25.530   303   303 D AudioALSADeviceParser: AddPcmString InputBuffer = 00-02: Voice_MD1_PLayback mt-soc-codec-voicemd1-dai-2 :  : playback 1 : capture 1
01-03 21:23:25.530   303   303 D AudioALSADeviceParser: SetPcmCapability capture support
01-03 21:23:25.530   303   303 D AudioALSADeviceParser: SetPcmCapability playback support
01-03 21:23:25.530   303   303 D AudioALSADeviceParser: SetPcmCapability capture support
01-03 21:23:25.530   303   303 D AudioALSADeviceParser: SetPcmCapability playback support
01-03 21:23:25.530   303   303 D AudioALSADeviceParser: SetPcmCapability playback support
01-03 21:23:25.530   303   303 D AudioALSADeviceParser: SetPcmCapability capture support
01-03 21:23:25.530   303   303 D AudioALSADeviceParser: AddPcmString InputBuffer = 00-03: HMDI_PLayback mt-soc-hdmi-dummy-dai-codec-3 :  : playback 1 : capture 1
01-03 21:23:25.530   303   303 D AudioALSADeviceParser: SetPcmCapability capture support
01-03 21:23:25.530   303   303 D AudioALSADeviceParser: SetPcmCapability playback support
01-03 21:23:25.530   303   303 D AudioALSADeviceParser: SetPcmCapability capture support
