01-03 21:55:37.694   254   254 W         : debuggerd: handling request: pid=4765 uid=1047 gid=1005 tid=4765
01-03 21:55:37.755  4766  4766 F DEBUG   : *** *** *** *** *** *** *** *** *** *** *** *** *** *** *** ***
01-03 21:55:37.755  4766  4766 F DEBUG   : CM Version: '14.1-20170103-UNOFFICIAL-maxi_lte'
01-03 21:55:37.756  4766  4766 F DEBUG   : Build fingerprint: 'Tele2/cm_maxi_lte/maxi_lte:7.1.1/NMF26Q/8407619d3f:userdebug/test-keys'
01-03 21:55:37.756  4766  4766 F DEBUG   : Revision: '0'
01-03 21:55:37.756  4766  4766 F DEBUG   : ABI: 'arm'
01-03 21:55:37.756  4766  4766 F DEBUG   : pid: 4765, tid: 4765, name: cameraserver  >>> /system/bin/cameraserver <<<
01-03 21:55:37.756  4766  4766 F DEBUG   : signal 6 (SIGABRT), code -6 (SI_TKILL), fault addr --------
01-03 21:55:37.761  4766  4766 F DEBUG   : Abort message: 'stack corruption detected'
01-03 21:55:37.761  4766  4766 F DEBUG   :     r0 00000000  r1 0000129d  r2 00000006  r3 00000008
01-03 21:55:37.761  4766  4766 F DEBUG   :     r4 f727658c  r5 00000006  r6 f7276534  r7 0000010c
01-03 21:55:37.761  4766  4766 F DEBUG   :     r8 f509cd58  r9 f50974c0  sl f509cd54  fp f6ba1008
01-03 21:55:37.761  4766  4766 F DEBUG   :     ip 00000005  sp ffa12610  lr f6b5bca7  pc f6b5e504  cpsr 200f0010
01-03 21:55:37.769  4766  4766 F DEBUG   : 
01-03 21:55:37.769  4766  4766 F DEBUG   : backtrace:
01-03 21:55:37.769  4766  4766 F DEBUG   :     #00 pc 0004a504  /system/lib/libc.so (tgkill+12)
01-03 21:55:37.770  4766  4766 F DEBUG   :     #01 pc 00047ca3  /system/lib/libc.so (pthread_kill+34)
01-03 21:55:37.770  4766  4766 F DEBUG   :     #02 pc 0001d585  /system/lib/libc.so (raise+10)
01-03 21:55:37.770  4766  4766 F DEBUG   :     #03 pc 000190d1  /system/lib/libc.so (__libc_android_abort+34)
01-03 21:55:37.770  4766  4766 F DEBUG   :     #04 pc 00017138  /system/lib/libc.so (abort+4)
01-03 21:55:37.770  4766  4766 F DEBUG   :     #05 pc 0001b57f  /system/lib/libc.so (__libc_fatal+22)
01-03 21:55:37.770  4766  4766 F DEBUG   :     #06 pc 000489bb  /system/lib/libc.so (__stack_chk_fail+6)
01-03 21:55:37.770  4766  4766 F DEBUG   :     #07 pc 0001ab3b  /system/lib/libc.so (ioctl+66)
01-03 21:55:37.770  4766  4766 F DEBUG   :     #08 pc 00011981  /system/lib/libcam.halsensor.so (_ZN12ImgSensorDrv13getResolutionEPP34ACDK_SENSOR_RESOLUTION_INFO_STRUCT+60)
01-03 21:55:37.770  4766  4766 F DEBUG   :     #09 pc 0001335b  /system/lib/libcam.halsensor.so (_ZN12ImgSensorDrv4initEi+370)
01-03 21:55:37.770  4766  4766 F DEBUG   :     #10 pc 0000fec5  /system/lib/libcam.halsensor.so (_ZN5NSCam11NSHalSensor13HalSensorList18querySensorDrvInfoEv+28)
01-03 21:55:37.770  4766  4766 F DEBUG   :     #11 pc 0000fd2f  /system/lib/libcam.halsensor.so (_ZN5NSCam11NSHalSensor13HalSensorList22enumerateSensor_LockedEv+178)
01-03 21:55:37.770  4766  4766 F DEBUG   :     #12 pc 0000f95d  /system/lib/libcam.halsensor.so (_ZN5NSCam11NSHalSensor13HalSensorList13searchSensorsEv+14)
01-03 21:55:37.770  4766  4766 F DEBUG   :     #13 pc 000042b9  /system/lib/hw/camera.mt6737m.so (_ZN5NSCam19CamDeviceManagerImp16enumDeviceLockedEv+52)
01-03 21:55:37.770  4766  4766 F DEBUG   :     #14 pc 00004a23  /system/lib/hw/camera.mt6737m.so (_ZN5NSCam20CamDeviceManagerBase18getNumberOfDevicesEv+38)
01-03 21:55:37.770  4766  4766 F DEBUG   :     #15 pc 00060513  /system/lib/libcameraservice.so (_ZN7android12CameraModule18getNumberOfCamerasEv+58)
01-03 21:55:37.771  4766  4766 F DEBUG   :     #16 pc 0006041f  /system/lib/libcameraservice.so (_ZN7android12CameraModule4initEv+182)
01-03 21:55:37.771  4766  4766 F DEBUG   :     #17 pc 0004fd4d  /system/lib/libcameraservice.so (_ZN7android13CameraService10onFirstRefEv+100)
01-03 21:55:37.771  4766  4766 F DEBUG   :     #18 pc 00000be3  /system/bin/cameraserver
01-03 21:55:37.771  4766  4766 F DEBUG   :     #19 pc 00000b25  /system/bin/cameraserver
01-03 21:55:37.771  4766  4766 F DEBUG   :     #20 pc 00016cad  /system/lib/libc.so (__libc_init+48)
01-03 21:55:37.771  4766  4766 F DEBUG   :     #21 pc 00000a18  /system/bin/cameraserver
01-03 21:55:37.869   577   924 W NativeCrashListener: Couldn't find ProcessRecord for pid 4765
01-03 21:55:37.872   254   254 W         : debuggerd: resuming target 4765
01-03 21:55:37.873   577   610 I BootReceiver: Copying /data/tombstones/tombstone_03 to DropBox (SYSTEM_TOMBSTONE)
01-03 21:55:38.333  2129  2129 I ServiceManager: Waiting for service media.camera...
01-03 21:55:39.334  2129  2129 W CameraBase: CameraService not published, waiting...
01-03 21:55:39.834  2129  2129 I ServiceManager: Waiting for service media.camera...
01-03 21:55:40.834  2129  2129 I ServiceManager: Waiting for service media.camera...
01-03 21:55:41.835  2129  2129 I ServiceManager: Waiting for service media.camera...
01-03 21:55:42.093  4772  4772 I chatty  : uid=1047(cameraserver) /system/bin/cameraserver expire 35 lines
01-03 21:55:42.533  4772  4772 F libc    : stack corruption detected
01-03 21:55:42.533  4772  4772 F libc    : Fatal signal 6 (SIGABRT), code -6 in tid 4772 (cameraserver)
01-03 21:55:42.534   254   254 W         : debuggerd: handling request: pid=4772 uid=1047 gid=1005 tid=4772
01-03 21:55:42.545  4773  4773 F DEBUG   : *** *** *** *** *** *** *** *** *** *** *** *** *** *** *** ***
01-03 21:55:42.546  4773  4773 F DEBUG   : CM Version: '14.1-20170103-UNOFFICIAL-maxi_lte'
01-03 21:55:42.546  4773  4773 F DEBUG   : Build fingerprint: 'Tele2/cm_maxi_lte/maxi_lte:7.1.1/NMF26Q/8407619d3f:userdebug/test-keys'
01-03 21:55:42.546  4773  4773 F DEBUG   : Revision: '0'
01-03 21:55:42.546  4773  4773 F DEBUG   : ABI: 'arm'
01-03 21:55:42.546  4773  4773 F DEBUG   : pid: 4772, tid: 4772, name: cameraserver  >>> /system/bin/cameraserver <<<
01-03 21:55:42.546  4773  4773 F DEBUG   : signal 6 (SIGABRT), code -6 (SI_TKILL), fault addr --------
01-03 21:55:42.551  4773  4773 F DEBUG   : Abort message: 'stack corruption detected'
01-03 21:55:42.551  4773  4773 F DEBUG   :     r0 00000000  r1 000012a4  r2 00000006  r3 00000008
01-03 21:55:42.551  4773  4773 F DEBUG   :     r4 f734a58c  r5 00000006  r6 f734a534  r7 0000010c
01-03 21:55:42.551  4773  4773 F DEBUG   :     r8 f59fad58  r9 f59f54c0  sl f59fad54  fp f7031008
01-03 21:55:42.551  4773  4773 F DEBUG   :     ip 00000005  sp ff8dd060  lr f6febca7  pc f6fee504  cpsr 200f0010
01-03 21:55:42.559  4773  4773 F DEBUG   : 
01-03 21:55:42.559  4773  4773 F DEBUG   : backtrace:
01-03 21:55:42.559  4773  4773 F DEBUG   :     #00 pc 0004a504  /system/lib/libc.so (tgkill+12)
01-03 21:55:42.559  4773  4773 F DEBUG   :     #01 pc 00047ca3  /system/lib/libc.so (pthread_kill+34)
01-03 21:55:42.559  4773  4773 F DEBUG   :     #02 pc 0001d585  /system/lib/libc.so (raise+10)
01-03 21:55:42.559  4773  4773 F DEBUG   :     #03 pc 000190d1  /system/lib/libc.so (__libc_android_abort+34)
01-03 21:55:42.560  4773  4773 F DEBUG   :     #04 pc 00017138  /system/lib/libc.so (abort+4)
01-03 21:55:42.560  4773  4773 F DEBUG   :     #05 pc 0001b57f  /system/lib/libc.so (__libc_fatal+22)
01-03 21:55:42.560  4773  4773 F DEBUG   :     #06 pc 000489bb  /system/lib/libc.so (__stack_chk_fail+6)
01-03 21:55:42.560  4773  4773 F DEBUG   :     #07 pc 0001ab3b  /system/lib/libc.so (ioctl+66)
01-03 21:55:42.560  4773  4773 F DEBUG   :     #08 pc 00011981  /system/lib/libcam.halsensor.so (_ZN12ImgSensorDrv13getResolutionEPP34ACDK_SENSOR_RESOLUTION_INFO_STRUCT+60)
01-03 21:55:42.560  4773  4773 F DEBUG   :     #09 pc 0001335b  /system/lib/libcam.halsensor.so (_ZN12ImgSensorDrv4initEi+370)
01-03 21:55:42.560  4773  4773 F DEBUG   :     #10 pc 0000fec5  /system/lib/libcam.halsensor.so (_ZN5NSCam11NSHalSensor13HalSensorList18querySensorDrvInfoEv+28)
01-03 21:55:42.560  4773  4773 F DEBUG   :     #11 pc 0000fd2f  /system/lib/libcam.halsensor.so (_ZN5NSCam11NSHalSensor13HalSensorList22enumerateSensor_LockedEv+178)
01-03 21:55:42.560  4773  4773 F DEBUG   :     #12 pc 0000f95d  /system/lib/libcam.halsensor.so (_ZN5NSCam11NSHalSensor13HalSensorList13searchSensorsEv+14)
01-03 21:55:42.560  4773  4773 F DEBUG   :     #13 pc 000042b9  /system/lib/hw/camera.mt6737m.so (_ZN5NSCam19CamDeviceManagerImp16enumDeviceLockedEv+52)
01-03 21:55:42.560  4773  4773 F DEBUG   :     #14 pc 00004a23  /system/lib/hw/camera.mt6737m.so (_ZN5NSCam20CamDeviceManagerBase18getNumberOfDevicesEv+38)
01-03 21:55:42.560  4773  4773 F DEBUG   :     #15 pc 00060513  /system/lib/libcameraservice.so (_ZN7android12CameraModule18getNumberOfCamerasEv+58)
01-03 21:55:42.560  4773  4773 F DEBUG   :     #16 pc 0006041f  /system/lib/libcameraservice.so (_ZN7android12CameraModule4initEv+182)
01-03 21:55:42.560  4773  4773 F DEBUG   :     #17 pc 0004fd4d  /system/lib/libcameraservice.so (_ZN7android13CameraService10onFirstRefEv+100)
01-03 21:55:42.560  4773  4773 F DEBUG   :     #18 pc 00000be3  /system/bin/cameraserver
01-03 21:55:42.561  4773  4773 F DEBUG   :     #19 pc 00000b25  /system/bin/cameraserver
01-03 21:55:42.561  4773  4773 F DEBUG   :     #20 pc 00016cad  /system/lib/libc.so (__libc_init+48)
01-03 21:55:42.561  4773  4773 F DEBUG   :     #21 pc 00000a18  /system/bin/cameraserver
01-03 21:55:42.659   577   924 W NativeCrashListener: Couldn't find ProcessRecord for pid 4772
01-03 21:55:42.662   254   254 W         : debuggerd: resuming target 4772
01-03 21:55:42.663   577   610 I BootReceiver: Copying /data/tombstones/tombstone_05 to DropBox (SYSTEM_TOMBSTONE)
01-03 21:55:42.835  2129  2129 I ServiceManager: Waiting for service media.camera...
01-03 21:55:43.835  2129  2129 I ServiceManager: Waiting for service media.camera...
01-03 21:55:44.836  2129  2129 W CameraBase: CameraService not published, waiting...
01-03 21:55:45.336  2129  2129 I ServiceManager: Waiting for service media.camera...
01-03 21:55:46.336  2129  2129 I ServiceManager: Waiting for service media.camera...
01-03 21:55:46.880  4779  4779 I chatty  : uid=1047(cameraserver) /system/bin/cameraserver expire 35 lines
01-03 21:55:47.319  4779  4779 F libc    : stack corruption detected
01-03 21:55:47.319  4779  4779 F libc    : Fatal signal 6 (SIGABRT), code -6 in tid 4779 (cameraserver)
01-03 21:55:47.319   254   254 W         : debuggerd: handling request: pid=4779 uid=1047 gid=1005 tid=4779
01-03 21:55:47.331  4780  4780 F DEBUG   : *** *** *** *** *** *** *** *** *** *** *** *** *** *** *** ***
01-03 21:55:47.331  4780  4780 F DEBUG   : CM Version: '14.1-20170103-UNOFFICIAL-maxi_lte'
01-03 21:55:47.331  4780  4780 F DEBUG   : Build fingerprint: 'Tele2/cm_maxi_lte/maxi_lte:7.1.1/NMF26Q/8407619d3f:userdebug/test-keys'
01-03 21:55:47.331  4780  4780 F DEBUG   : Revision: '0'
01-03 21:55:47.331  4780  4780 F DEBUG   : ABI: 'arm'
01-03 21:55:47.332  4780  4780 F DEBUG   : pid: 4779, tid: 4779, name: cameraserver  >>> /system/bin/cameraserver <<<
01-03 21:55:47.332  4780  4780 F DEBUG   : signal 6 (SIGABRT), code -6 (SI_TKILL), fault addr --------
01-03 21:55:47.337  4780  4780 F DEBUG   : Abort message: 'stack corruption detected'
01-03 21:55:47.337  4780  4780 F DEBUG   :     r0 00000000  r1 000012ab  r2 00000006  r3 00000008
01-03 21:55:47.337  2129  2129 I ServiceManager: Waiting for service media.camera...
01-03 21:55:47.337  4780  4780 F DEBUG   :     r4 f709c58c  r5 00000006  r6 f709c534  r7 0000010c
01-03 21:55:47.337  4780  4780 F DEBUG   :     r8 f4dcdd58  r9 f4dc84c0  sl f4dcdd54  fp f6826008
01-03 21:55:47.337  4780  4780 F DEBUG   :     ip 00000005  sp ffb41480  lr f67e0ca7  pc f67e3504  cpsr 200f0010
01-03 21:55:47.345  4780  4780 F DEBUG   : 
01-03 21:55:47.345  4780  4780 F DEBUG   : backtrace:
01-03 21:55:47.345  4780  4780 F DEBUG   :     #00 pc 0004a504  /system/lib/libc.so (tgkill+12)
01-03 21:55:47.345  4780  4780 F DEBUG   :     #01 pc 00047ca3  /system/lib/libc.so (pthread_kill+34)
01-03 21:55:47.345  4780  4780 F DEBUG   :     #02 pc 0001d585  /system/lib/libc.so (raise+10)
01-03 21:55:47.345  4780  4780 F DEBUG   :     #03 pc 000190d1  /system/lib/libc.so (__libc_android_abort+34)
01-03 21:55:47.345  4780  4780 F DEBUG   :     #04 pc 00017138  /system/lib/libc.so (abort+4)
01-03 21:55:47.345  4780  4780 F DEBUG   :     #05 pc 0001b57f  /system/lib/libc.so (__libc_fatal+22)
01-03 21:55:47.345  4780  4780 F DEBUG   :     #06 pc 000489bb  /system/lib/libc.so (__stack_chk_fail+6)
01-03 21:55:47.345  4780  4780 F DEBUG   :     #07 pc 0001ab3b  /system/lib/libc.so (ioctl+66)
01-03 21:55:47.345  4780  4780 F DEBUG   :     #08 pc 00011981  /system/lib/libcam.halsensor.so (_ZN12ImgSensorDrv13getResolutionEPP34ACDK_SENSOR_RESOLUTION_INFO_STRUCT+60)
01-03 21:55:47.346  4780  4780 F DEBUG   :     #09 pc 0001335b  /system/lib/libcam.halsensor.so (_ZN12ImgSensorDrv4initEi+370)
01-03 21:55:47.346  4780  4780 F DEBUG   :     #10 pc 0000fec5  /system/lib/libcam.halsensor.so (_ZN5NSCam11NSHalSensor13HalSensorList18querySensorDrvInfoEv+28)
01-03 21:55:47.346  4780  4780 F DEBUG   :     #11 pc 0000fd2f  /system/lib/libcam.halsensor.so (_ZN5NSCam11NSHalSensor13HalSensorList22enumerateSensor_LockedEv+178)
01-03 21:55:47.346  4780  4780 F DEBUG   :     #12 pc 0000f95d  /system/lib/libcam.halsensor.so (_ZN5NSCam11NSHalSensor13HalSensorList13searchSensorsEv+14)
01-03 21:55:47.346  4780  4780 F DEBUG   :     #13 pc 000042b9  /system/lib/hw/camera.mt6737m.so (_ZN5NSCam19CamDeviceManagerImp16enumDeviceLockedEv+52)
01-03 21:55:47.346  4780  4780 F DEBUG   :     #14 pc 00004a23  /system/lib/hw/camera.mt6737m.so (_ZN5NSCam20CamDeviceManagerBase18getNumberOfDevicesEv+38)
01-03 21:55:47.346  4780  4780 F DEBUG   :     #15 pc 00060513  /system/lib/libcameraservice.so (_ZN7android12CameraModule18getNumberOfCamerasEv+58)
01-03 21:55:47.346  4780  4780 F DEBUG   :     #16 pc 0006041f  /system/lib/libcameraservice.so (_ZN7android12CameraModule4initEv+182)
01-03 21:55:47.346  4780  4780 F DEBUG   :     #17 pc 0004fd4d  /system/lib/libcameraservice.so (_ZN7android13CameraService10onFirstRefEv+100)
01-03 21:55:47.346  4780  4780 F DEBUG   :     #18 pc 00000be3  /system/bin/cameraserver
01-03 21:55:47.346  4780  4780 F DEBUG   :     #19 pc 00000b25  /system/bin/cameraserver
01-03 21:55:47.346  4780  4780 F DEBUG   :     #20 pc 00016cad  /system/lib/libc.so (__libc_init+48)
01-03 21:55:47.346  4780  4780 F DEBUG   :     #21 pc 00000a18  /system/bin/cameraserver
01-03 21:55:47.444   577   924 W NativeCrashListener: Couldn't find ProcessRecord for pid 4779
01-03 21:55:47.449   577   610 I BootReceiver: Copying /data/tombstones/tombstone_04 to DropBox (SYSTEM_TOMBSTONE)
01-03 21:55:47.454   254   254 W         : debuggerd: resuming target 4779
01-03 21:55:47.454   254   254 E         : debuggerd: failed to send signal 18 to target: No such process
01-03 21:55:48.337  2129  2129 I ServiceManager: Waiting for service media.camera...
01-03 21:55:49.338  2129  2129 I ServiceManager: Waiting for service media.camera...
01-03 21:55:50.338  2129  2129 W CameraBase: CameraService not published, waiting...
01-03 21:55:50.838  2129  2129 I ServiceManager: Waiting for service media.camera...
01-03 21:55:51.839  2129  2129 I ServiceManager: Waiting for service media.camera...
01-03 21:55:52.664  4786  4786 I chatty  : uid=1047(cameraserver) /system/bin/cameraserver expire 35 lines
01-03 21:55:52.839  2129  2129 I ServiceManager: Waiting for service media.camera...
01-03 21:55:53.108  4786  4786 F libc    : stack corruption detected
01-03 21:55:53.108  4786  4786 F libc    : Fatal signal 6 (SIGABRT), code -6 in tid 4786 (cameraserver)
01-03 21:55:53.108   254   254 W         : debuggerd: handling request: pid=4786 uid=1047 gid=1005 tid=4786
01-03 21:55:53.120  4787  4787 F DEBUG   : *** *** *** *** *** *** *** *** *** *** *** *** *** *** *** ***
01-03 21:55:53.120  4787  4787 F DEBUG   : CM Version: '14.1-20170103-UNOFFICIAL-maxi_lte'
01-03 21:55:53.120  4787  4787 F DEBUG   : Build fingerprint: 'Tele2/cm_maxi_lte/maxi_lte:7.1.1/NMF26Q/8407619d3f:userdebug/test-keys'
01-03 21:55:53.120  4787  4787 F DEBUG   : Revision: '0'
01-03 21:55:53.120  4787  4787 F DEBUG   : ABI: 'arm'
01-03 21:55:53.121  4787  4787 F DEBUG   : pid: 4786, tid: 4786, name: cameraserver  >>> /system/bin/cameraserver <<<
01-03 21:55:53.121  4787  4787 F DEBUG   : signal 6 (SIGABRT), code -6 (SI_TKILL), fault addr --------
01-03 21:55:53.126  4787  4787 F DEBUG   : Abort message: 'stack corruption detected'
01-03 21:55:53.126  4787  4787 F DEBUG   :     r0 00000000  r1 000012b2  r2 00000006  r3 00000008
01-03 21:55:53.126  4787  4787 F DEBUG   :     r4 f768e58c  r5 00000006  r6 f768e534  r7 0000010c
01-03 21:55:53.126  4787  4787 F DEBUG   :     r8 f53f4d58  r9 f53ef4c0  sl f53f4d54  fp f6f83008
01-03 21:55:53.126  4787  4787 F DEBUG   :     ip 00000005  sp ffe6f310  lr f6f3dca7  pc f6f40504  cpsr 200f0010
01-03 21:55:53.134  4787  4787 F DEBUG   : 
01-03 21:55:53.134  4787  4787 F DEBUG   : backtrace:
01-03 21:55:53.134  4787  4787 F DEBUG   :     #00 pc 0004a504  /system/lib/libc.so (tgkill+12)
01-03 21:55:53.134  4787  4787 F DEBUG   :     #01 pc 00047ca3  /system/lib/libc.so (pthread_kill+34)
01-03 21:55:53.134  4787  4787 F DEBUG   :     #02 pc 0001d585  /system/lib/libc.so (raise+10)
01-03 21:55:53.134  4787  4787 F DEBUG   :     #03 pc 000190d1  /system/lib/libc.so (__libc_android_abort+34)
01-03 21:55:53.134  4787  4787 F DEBUG   :     #04 pc 00017138  /system/lib/libc.so (abort+4)
01-03 21:55:53.134  4787  4787 F DEBUG   :     #05 pc 0001b57f  /system/lib/libc.so (__libc_fatal+22)
01-03 21:55:53.134  4787  4787 F DEBUG   :     #06 pc 000489bb  /system/lib/libc.so (__stack_chk_fail+6)
01-03 21:55:53.134  4787  4787 F DEBUG   :     #07 pc 0001ab3b  /system/lib/libc.so (ioctl+66)
01-03 21:55:53.135  4787  4787 F DEBUG   :     #08 pc 00011981  /system/lib/libcam.halsensor.so (_ZN12ImgSensorDrv13getResolutionEPP34ACDK_SENSOR_RESOLUTION_INFO_STRUCT+60)
01-03 21:55:53.135  4787  4787 F DEBUG   :     #09 pc 0001335b  /system/lib/libcam.halsensor.so (_ZN12ImgSensorDrv4initEi+370)
01-03 21:55:53.135  4787  4787 F DEBUG   :     #10 pc 0000fec5  /system/lib/libcam.halsensor.so (_ZN5NSCam11NSHalSensor13HalSensorList18querySensorDrvInfoEv+28)
01-03 21:55:53.135  4787  4787 F DEBUG   :     #11 pc 0000fd2f  /system/lib/libcam.halsensor.so (_ZN5NSCam11NSHalSensor13HalSensorList22enumerateSensor_LockedEv+178)
01-03 21:55:53.135  4787  4787 F DEBUG   :     #12 pc 0000f95d  /system/lib/libcam.halsensor.so (_ZN5NSCam11NSHalSensor13HalSensorList13searchSensorsEv+14)
01-03 21:55:53.135  4787  4787 F DEBUG   :     #13 pc 000042b9  /system/lib/hw/camera.mt6737m.so (_ZN5NSCam19CamDeviceManagerImp16enumDeviceLockedEv+52)
01-03 21:55:53.135  4787  4787 F DEBUG   :     #14 pc 00004a23  /system/lib/hw/camera.mt6737m.so (_ZN5NSCam20CamDeviceManagerBase18getNumberOfDevicesEv+38)
01-03 21:55:53.135  4787  4787 F DEBUG   :     #15 pc 00060513  /system/lib/libcameraservice.so (_ZN7android12CameraModule18getNumberOfCamerasEv+58)
01-03 21:55:53.135  4787  4787 F DEBUG   :     #16 pc 0006041f  /system/lib/libcameraservice.so (_ZN7android12CameraModule4initEv+182)
01-03 21:55:53.135  4787  4787 F DEBUG   :     #17 pc 0004fd4d  /system/lib/libcameraservice.so (_ZN7android13CameraService10onFirstRefEv+100)
01-03 21:55:53.135  4787  4787 F DEBUG   :     #18 pc 00000be3  /system/bin/cameraserver
01-03 21:55:53.135  4787  4787 F DEBUG   :     #19 pc 00000b25  /system/bin/cameraserver
01-03 21:55:53.135  4787  4787 F DEBUG   :     #20 pc 00016cad  /system/lib/libc.so (__libc_init+48)
01-03 21:55:53.135  4787  4787 F DEBUG   :     #21 pc 00000a18  /system/bin/cameraserver
01-03 21:55:53.234   577   924 W NativeCrashListener: Couldn't find ProcessRecord for pid 4786
01-03 21:55:53.237   254   254 W         : debuggerd: resuming target 4786
01-03 21:55:53.238   577   610 I BootReceiver: Copying /data/tombstones/tombstone_06 to DropBox (SYSTEM_TOMBSTONE)
01-03 21:55:53.839  2129  2129 I ServiceManager: Waiting for service media.camera...
01-03 21:55:54.840  2129  2129 I ServiceManager: Waiting for service media.camera...
01-03 21:55:55.840  2129  2129 W CameraBase: CameraService not published, waiting...
01-03 21:55:56.340  2129  2129 I ServiceManager: Waiting for service media.camera...
01-03 21:55:57.341  2129  2129 I ServiceManager: Waiting for service media.camera...
01-03 21:55:57.455  4793  4793 I chatty  : uid=1047(cameraserver) /system/bin/cameraserver expire 35 lines
01-03 21:55:57.893  4793  4793 F libc    : stack corruption detected
01-03 21:55:57.893  4793  4793 F libc    : Fatal signal 6 (SIGABRT), code -6 in tid 4793 (cameraserver)
01-03 21:55:57.894   254   254 W         : debuggerd: handling request: pid=4793 uid=1047 gid=1005 tid=4793
01-03 21:55:57.905  4794  4794 F DEBUG   : *** *** *** *** *** *** *** *** *** *** *** *** *** *** *** ***
01-03 21:55:57.906  4794  4794 F DEBUG   : CM Version: '14.1-20170103-UNOFFICIAL-maxi_lte'
01-03 21:55:57.906  4794  4794 F DEBUG   : Build fingerprint: 'Tele2/cm_maxi_lte/maxi_lte:7.1.1/NMF26Q/8407619d3f:userdebug/test-keys'
01-03 21:55:57.906  4794  4794 F DEBUG   : Revision: '0'
01-03 21:55:57.906  4794  4794 F DEBUG   : ABI: 'arm'
01-03 21:55:57.906  4794  4794 F DEBUG   : pid: 4793, tid: 4793, name: cameraserver  >>> /system/bin/cameraserver <<<
01-03 21:55:57.906  4794  4794 F DEBUG   : signal 6 (SIGABRT), code -6 (SI_TKILL), fault addr --------
01-03 21:55:57.911  4794  4794 F DEBUG   : Abort message: 'stack corruption detected'
01-03 21:55:57.911  4794  4794 F DEBUG   :     r0 00000000  r1 000012b9  r2 00000006  r3 00000008
01-03 21:55:57.911  4794  4794 F DEBUG   :     r4 f75f458c  r5 00000006  r6 f75f4534  r7 0000010c
01-03 21:55:57.911  4794  4794 F DEBUG   :     r8 f5a6cd58  r9 f5a674c0  sl f5a6cd54  fp f7018008
01-03 21:55:57.911  4794  4794 F DEBUG   :     ip 00000005  sp ff913030  lr f6fd2ca7  pc f6fd5504  cpsr 200f0010
01-03 21:55:57.919  4794  4794 F DEBUG   : 
01-03 21:55:57.919  4794  4794 F DEBUG   : backtrace:
01-03 21:55:57.919  4794  4794 F DEBUG   :     #00 pc 0004a504  /system/lib/libc.so (tgkill+12)
01-03 21:55:57.920  4794  4794 F DEBUG   :     #01 pc 00047ca3  /system/lib/libc.so (pthread_kill+34)
01-03 21:55:57.920  4794  4794 F DEBUG   :     #02 pc 0001d585  /system/lib/libc.so (raise+10)
01-03 21:55:57.920  4794  4794 F DEBUG   :     #03 pc 000190d1  /system/lib/libc.so (__libc_android_abort+34)
01-03 21:55:57.920  4794  4794 F DEBUG   :     #04 pc 00017138  /system/lib/libc.so (abort+4)
01-03 21:55:57.920  4794  4794 F DEBUG   :     #05 pc 0001b57f  /system/lib/libc.so (__libc_fatal+22)
01-03 21:55:57.920  4794  4794 F DEBUG   :     #06 pc 000489bb  /system/lib/libc.so (__stack_chk_fail+6)
01-03 21:55:57.920  4794  4794 F DEBUG   :     #07 pc 0001ab3b  /system/lib/libc.so (ioctl+66)
01-03 21:55:57.920  4794  4794 F DEBUG   :     #08 pc 00011981  /system/lib/libcam.halsensor.so (_ZN12ImgSensorDrv13getResolutionEPP34ACDK_SENSOR_RESOLUTION_INFO_STRUCT+60)
01-03 21:55:57.920  4794  4794 F DEBUG   :     #09 pc 0001335b  /system/lib/libcam.halsensor.so (_ZN12ImgSensorDrv4initEi+370)
01-03 21:55:57.920  4794  4794 F DEBUG   :     #10 pc 0000fec5  /system/lib/libcam.halsensor.so (_ZN5NSCam11NSHalSensor13HalSensorList18querySensorDrvInfoEv+28)
01-03 21:55:57.920  4794  4794 F DEBUG   :     #11 pc 0000fd2f  /system/lib/libcam.halsensor.so (_ZN5NSCam11NSHalSensor13HalSensorList22enumerateSensor_LockedEv+178)
01-03 21:55:57.920  4794  4794 F DEBUG   :     #12 pc 0000f95d  /system/lib/libcam.halsensor.so (_ZN5NSCam11NSHalSensor13HalSensorList13searchSensorsEv+14)
01-03 21:55:57.920  4794  4794 F DEBUG   :     #13 pc 000042b9  /system/lib/hw/camera.mt6737m.so (_ZN5NSCam19CamDeviceManagerImp16enumDeviceLockedEv+52)
01-03 21:55:57.920  4794  4794 F DEBUG   :     #14 pc 00004a23  /system/lib/hw/camera.mt6737m.so (_ZN5NSCam20CamDeviceManagerBase18getNumberOfDevicesEv+38)
01-03 21:55:57.920  4794  4794 F DEBUG   :     #15 pc 00060513  /system/lib/libcameraservice.so (_ZN7android12CameraModule18getNumberOfCamerasEv+58)
01-03 21:55:57.921  4794  4794 F DEBUG   :     #16 pc 0006041f  /system/lib/libcameraservice.so (_ZN7android12CameraModule4initEv+182)
01-03 21:55:57.921  4794  4794 F DEBUG   :     #17 pc 0004fd4d  /system/lib/libcameraservice.so (_ZN7android13CameraService10onFirstRefEv+100)
01-03 21:55:57.921  4794  4794 F DEBUG   :     #18 pc 00000be3  /system/bin/cameraserver
01-03 21:55:57.921  4794  4794 F DEBUG   :     #19 pc 00000b25  /system/bin/cameraserver
01-03 21:55:57.921  4794  4794 F DEBUG   :     #20 pc 00016cad  /system/lib/libc.so (__libc_init+48)
01-03 21:55:57.921  4794  4794 F DEBUG   :     #21 pc 00000a18  /system/bin/cameraserver
01-03 21:55:58.019   577   924 W NativeCrashListener: Couldn't find ProcessRecord for pid 4793
01-03 21:55:58.022   254   254 W         : debuggerd: resuming target 4793
01-03 21:55:58.023   577   610 I BootReceiver: Copying /data/tombstones/tombstone_07 to DropBox (SYSTEM_TOMBSTONE)
01-03 21:55:58.031   577  1251 D lights  : set_led_state colorRGB=31FFFF00, onMS=0, offMS=0
01-03 21:55:58.037   577   830 D WifiNative-HAL: Failing getSupportedFeatureset because HAL isn't started
01-03 21:55:58.040   577   605 E BatteryStatsService: no controller energy info supplied
01-03 21:55:58.043   577   605 E BatteryStatsService: no controller energy info supplied
01-03 21:55:58.048   577   605 E BatteryStatsService: power: Missing API
01-03 21:55:58.055   577   605 E BatteryStatsService: modem info is invalid: ModemActivityInfo{ mTimestamp=0 mSleepTimeMs=0 mIdleTimeMs=0 mTxTimeMs[]=[0, 0, 0, 0, 0] mRxTimeMs=0 mEnergyUsed=0}
01-03 21:55:58.341  2129  2129 I ServiceManager: Waiting for service media.camera...
01-03 21:55:59.342  2129  2129 I ServiceManager: Waiting for service media.camera...
01-03 21:56:00.342  2129  2129 I ServiceManager: Waiting for service media.camera...
01-03 21:56:01.342  2129  2129 W CameraBase: CameraService not published, waiting...
01-03 21:56:01.843  2129  2129 I ServiceManager: Waiting for service media.camera...
01-03 21:56:02.242  4800  4800 I chatty  : uid=1047(cameraserver) /system/bin/cameraserver expire 35 lines
01-03 21:56:02.683  4800  4800 F libc    : stack corruption detected
01-03 21:56:02.683  4800  4800 F libc    : Fatal signal 6 (SIGABRT), code -6 in tid 4800 (cameraserver)
01-03 21:56:02.684   254   254 W         : debuggerd: handling request: pid=4800 uid=1047 gid=1005 tid=4800
01-03 21:56:02.745  4801  4801 F DEBUG   : *** *** *** *** *** *** *** *** *** *** *** *** *** *** *** ***
01-03 21:56:02.745  4801  4801 F DEBUG   : CM Version: '14.1-20170103-UNOFFICIAL-maxi_lte'
01-03 21:56:02.745  4801  4801 F DEBUG   : Build fingerprint: 'Tele2/cm_maxi_lte/maxi_lte:7.1.1/NMF26Q/8407619d3f:userdebug/test-keys'
01-03 21:56:02.746  4801  4801 F DEBUG   : Revision: '0'
01-03 21:56:02.746  4801  4801 F DEBUG   : ABI: 'arm'
01-03 21:56:02.746  4801  4801 F DEBUG   : pid: 4800, tid: 4800, name: cameraserver  >>> /system/bin/cameraserver <<<
01-03 21:56:02.746  4801  4801 F DEBUG   : signal 6 (SIGABRT), code -6 (SI_TKILL), fault addr --------
01-03 21:56:02.751  4801  4801 F DEBUG   : Abort message: 'stack corruption detected'
01-03 21:56:02.751  4801  4801 F DEBUG   :     r0 00000000  r1 000012c0  r2 00000006  r3 00000008
01-03 21:56:02.751  4801  4801 F DEBUG   :     r4 f734458c  r5 00000006  r6 f7344534  r7 0000010c
01-03 21:56:02.751  4801  4801 F DEBUG   :     r8 f53c7d58  r9 f53c24c0  sl f53c7d54  fp f6b49008
01-03 21:56:02.751  4801  4801 F DEBUG   :     ip 00000005  sp ffc96630  lr f6b03ca7  pc f6b06504  cpsr 200f0010
01-03 21:56:02.759  4801  4801 F DEBUG   : 
01-03 21:56:02.759  4801  4801 F DEBUG   : backtrace:
01-03 21:56:02.759  4801  4801 F DEBUG   :     #00 pc 0004a504  /system/lib/libc.so (tgkill+12)
01-03 21:56:02.759  4801  4801 F DEBUG   :     #01 pc 00047ca3  /system/lib/libc.so (pthread_kill+34)
01-03 21:56:02.759  4801  4801 F DEBUG   :     #02 pc 0001d585  /system/lib/libc.so (raise+10)
01-03 21:56:02.759  4801  4801 F DEBUG   :     #03 pc 000190d1  /system/lib/libc.so (__libc_android_abort+34)
01-03 21:56:02.759  4801  4801 F DEBUG   :     #04 pc 00017138  /system/lib/libc.so (abort+4)
01-03 21:56:02.760  4801  4801 F DEBUG   :     #05 pc 0001b57f  /system/lib/libc.so (__libc_fatal+22)
01-03 21:56:02.760  4801  4801 F DEBUG   :     #06 pc 000489bb  /system/lib/libc.so (__stack_chk_fail+6)
01-03 21:56:02.760  4801  4801 F DEBUG   :     #07 pc 0001ab3b  /system/lib/libc.so (ioctl+66)
01-03 21:56:02.760  4801  4801 F DEBUG   :     #08 pc 00011981  /system/lib/libcam.halsensor.so (_ZN12ImgSensorDrv13getResolutionEPP34ACDK_SENSOR_RESOLUTION_INFO_STRUCT+60)
01-03 21:56:02.760  4801  4801 F DEBUG   :     #09 pc 0001335b  /system/lib/libcam.halsensor.so (_ZN12ImgSensorDrv4initEi+370)
01-03 21:56:02.760  4801  4801 F DEBUG   :     #10 pc 0000fec5  /system/lib/libcam.halsensor.so (_ZN5NSCam11NSHalSensor13HalSensorList18querySensorDrvInfoEv+28)
01-03 21:56:02.760  4801  4801 F DEBUG   :     #11 pc 0000fd2f  /system/lib/libcam.halsensor.so (_ZN5NSCam11NSHalSensor13HalSensorList22enumerateSensor_LockedEv+178)
01-03 21:56:02.760  4801  4801 F DEBUG   :     #12 pc 0000f95d  /system/lib/libcam.halsensor.so (_ZN5NSCam11NSHalSensor13HalSensorList13searchSensorsEv+14)
01-03 21:56:02.760  4801  4801 F DEBUG   :     #13 pc 000042b9  /system/lib/hw/camera.mt6737m.so (_ZN5NSCam19CamDeviceManagerImp16enumDeviceLockedEv+52)
01-03 21:56:02.760  4801  4801 F DEBUG   :     #14 pc 00004a23  /system/lib/hw/camera.mt6737m.so (_ZN5NSCam20CamDeviceManagerBase18getNumberOfDevicesEv+38)
01-03 21:56:02.760  4801  4801 F DEBUG   :     #15 pc 00060513  /system/lib/libcameraservice.so (_ZN7android12CameraModule18getNumberOfCamerasEv+58)
01-03 21:56:02.760  4801  4801 F DEBUG   :     #16 pc 0006041f  /system/lib/libcameraservice.so (_ZN7android12CameraModule4initEv+182)
01-03 21:56:02.760  4801  4801 F DEBUG   :     #17 pc 0004fd4d  /system/lib/libcameraservice.so (_ZN7android13CameraService10onFirstRefEv+100)
01-03 21:56:02.760  4801  4801 F DEBUG   :     #18 pc 00000be3  /system/bin/cameraserver
01-03 21:56:02.760  4801  4801 F DEBUG   :     #19 pc 00000b25  /system/bin/cameraserver
01-03 21:56:02.760  4801  4801 F DEBUG   :     #20 pc 00016cad  /system/lib/libc.so (__libc_init+48)
01-03 21:56:02.761  4801  4801 F DEBUG   :     #21 pc 00000a18  /system/bin/cameraserver
01-03 21:56:02.843  2129  2129 I ServiceManager: Waiting for service media.camera...
01-03 21:56:02.858   577   924 W NativeCrashListener: Couldn't find ProcessRecord for pid 4800
01-03 21:56:02.861   254   254 W         : debuggerd: resuming target 4800
01-03 21:56:02.863   577   610 I BootReceiver: Copying /data/tombstones/tombstone_00 to DropBox (SYSTEM_TOMBSTONE)
01-03 21:56:03.844  2129  2129 I ServiceManager: Waiting for service media.camera...
01-03 21:56:04.048   577   695 E InputManager-JNI: An exception was thrown by callback 'interceptKeyBeforeQueueing'.
01-03 21:56:04.049   577   695 E InputManager-JNI: java.lang.NullPointerException: Attempt to invoke interface method 'android.view.WindowManager$LayoutParams android.view.WindowManagerPolicy$WindowState.getAttrs()' on a null object reference
01-03 21:56:04.049   577   695 E InputManager-JNI: 	at com.android.server.policy.PhoneWindowManager.interceptKeyBeforeQueueing(PhoneWindowManager.java:6563)
01-03 21:56:04.049   577   695 E InputManager-JNI: 	at com.android.server.wm.InputMonitor.interceptKeyBeforeQueueing(InputMonitor.java:399)
01-03 21:56:04.049   577   695 E InputManager-JNI: 	at com.android.server.input.InputManagerService.interceptKeyBeforeQueueing(InputManagerService.java:1979)
01-03 21:56:04.268   577   695 E InputManager-JNI: An exception was thrown by callback 'interceptKeyBeforeQueueing'.
01-03 21:56:04.269   577   695 E InputManager-JNI: java.lang.NullPointerException: Attempt to invoke interface method 'android.view.WindowManager$LayoutParams android.view.WindowManagerPolicy$WindowState.getAttrs()' on a null object reference
01-03 21:56:04.269   577   695 E InputManager-JNI: 	at com.android.server.policy.PhoneWindowManager.interceptKeyBeforeQueueing(PhoneWindowManager.java:6563)
01-03 21:56:04.269   577   695 E InputManager-JNI: 	at com.android.server.wm.InputMonitor.interceptKeyBeforeQueueing(InputMonitor.java:399)
01-03 21:56:04.269   577   695 E InputManager-JNI: 	at com.android.server.input.InputManagerService.interceptKeyBeforeQueueing(InputManagerService.java:1979)
01-03 21:56:04.844  2129  2129 I ServiceManager: Waiting for service media.camera...
01-03 21:56:05.608   577   695 E InputManager-JNI: An exception was thrown by callback 'interceptKeyBeforeQueueing'.
01-03 21:56:05.609   577   695 E InputManager-JNI: java.lang.NullPointerException: Attempt to invoke interface method 'android.view.WindowManager$LayoutParams android.view.WindowManagerPolicy$WindowState.getAttrs()' on a null object reference
01-03 21:56:05.609   577   695 E InputManager-JNI: 	at com.android.server.policy.PhoneWindowManager.interceptKeyBeforeQueueing(PhoneWindowManager.java:6563)
01-03 21:56:05.609   577   695 E InputManager-JNI: 	at com.android.server.wm.InputMonitor.interceptKeyBeforeQueueing(InputMonitor.java:399)
01-03 21:56:05.609   577   695 E InputManager-JNI: 	at com.android.server.input.InputManagerService.interceptKeyBeforeQueueing(InputManagerService.java:1979)
01-03 21:56:05.844  2129  2129 I ServiceManager: Waiting for service media.camera...
01-03 21:56:05.848   577   695 E InputManager-JNI: An exception was thrown by callback 'interceptKeyBeforeQueueing'.
01-03 21:56:05.849   577   695 E InputManager-JNI: java.lang.NullPointerException: Attempt to invoke interface method 'android.view.WindowManager$LayoutParams android.view.WindowManagerPolicy$WindowState.getAttrs()' on a null object reference
01-03 21:56:05.849   577   695 E InputManager-JNI: 	at com.android.server.policy.PhoneWindowManager.interceptKeyBeforeQueueing(PhoneWindowManager.java:6563)
01-03 21:56:05.849   577   695 E InputManager-JNI: 	at com.android.server.wm.InputMonitor.interceptKeyBeforeQueueing(InputMonitor.java:399)
01-03 21:56:05.849   577   695 E InputManager-JNI: 	at com.android.server.input.InputManagerService.interceptKeyBeforeQueueing(InputManagerService.java:1979)
01-03 21:56:06.248   577   695 E InputManager-JNI: An exception was thrown by callback 'interceptKeyBeforeQueueing'.
01-03 21:56:06.249   577   695 E InputManager-JNI: java.lang.NullPointerException: Attempt to invoke interface method 'android.view.WindowManager$LayoutParams android.view.WindowManagerPolicy$WindowState.getAttrs()' on a null object reference
01-03 21:56:06.249   577   695 E InputManager-JNI: 	at com.android.server.policy.PhoneWindowManager.interceptKeyBeforeQueueing(PhoneWindowManager.java:6563)
01-03 21:56:06.249   577   695 E InputManager-JNI: 	at com.android.server.wm.InputMonitor.interceptKeyBeforeQueueing(InputMonitor.java:399)
01-03 21:56:06.249   577   695 E InputManager-JNI: 	at com.android.server.input.InputManagerService.interceptKeyBeforeQueueing(InputManagerService.java:1979)
01-03 21:56:06.844  2129  2129 W CameraBase: CameraService not published, waiting...
01-03 21:56:07.086  4807  4807 I chatty  : uid=1047(cameraserver) /system/bin/cameraserver expire 35 lines
01-03 21:56:07.345  2129  2129 I ServiceManager: Waiting for service media.camera...
01-03 21:56:07.523  4807  4807 F libc    : stack corruption detected
01-03 21:56:07.524  4807  4807 F libc    : Fatal signal 6 (SIGABRT), code -6 in tid 4807 (cameraserver)
01-03 21:56:07.524   254   254 W         : debuggerd: handling request: pid=4807 uid=1047 gid=1005 tid=4807
01-03 21:56:07.536  4808  4808 F DEBUG   : *** *** *** *** *** *** *** *** *** *** *** *** *** *** *** ***
01-03 21:56:07.536  4808  4808 F DEBUG   : CM Version: '14.1-20170103-UNOFFICIAL-maxi_lte'
01-03 21:56:07.536  4808  4808 F DEBUG   : Build fingerprint: 'Tele2/cm_maxi_lte/maxi_lte:7.1.1/NMF26Q/8407619d3f:userdebug/test-keys'
01-03 21:56:07.536  4808  4808 F DEBUG   : Revision: '0'
01-03 21:56:07.536  4808  4808 F DEBUG   : ABI: 'arm'
01-03 21:56:07.536  4808  4808 F DEBUG   : pid: 4807, tid: 4807, name: cameraserver  >>> /system/bin/cameraserver <<<
01-03 21:56:07.537  4808  4808 F DEBUG   : signal 6 (SIGABRT), code -6 (SI_TKILL), fault addr --------
01-03 21:56:07.541  4808  4808 F DEBUG   : Abort message: 'stack corruption detected'
01-03 21:56:07.542  4808  4808 F DEBUG   :     r0 00000000  r1 000012c7  r2 00000006  r3 00000008
01-03 21:56:07.542  4808  4808 F DEBUG   :     r4 f720058c  r5 00000006  r6 f7200534  r7 0000010c
01-03 21:56:07.542  4808  4808 F DEBUG   :     r8 f4f1ad58  r9 f4f154c0  sl f4f1ad54  fp f67ee008
01-03 21:56:07.542  4808  4808 F DEBUG   :     ip 00000005  sp ffdc12d0  lr f67a8ca7  pc f67ab504  cpsr 200f0010
01-03 21:56:07.550  4808  4808 F DEBUG   : 
01-03 21:56:07.550  4808  4808 F DEBUG   : backtrace:
01-03 21:56:07.550  4808  4808 F DEBUG   :     #00 pc 0004a504  /system/lib/libc.so (tgkill+12)
01-03 21:56:07.550  4808  4808 F DEBUG   :     #01 pc 00047ca3  /system/lib/libc.so (pthread_kill+34)
01-03 21:56:07.550  4808  4808 F DEBUG   :     #02 pc 0001d585  /system/lib/libc.so (raise+10)
01-03 21:56:07.550  4808  4808 F DEBUG   :     #03 pc 000190d1  /system/lib/libc.so (__libc_android_abort+34)
01-03 21:56:07.550  4808  4808 F DEBUG   :     #04 pc 00017138  /system/lib/libc.so (abort+4)
01-03 21:56:07.550  4808  4808 F DEBUG   :     #05 pc 0001b57f  /system/lib/libc.so (__libc_fatal+22)
01-03 21:56:07.550  4808  4808 F DEBUG   :     #06 pc 000489bb  /system/lib/libc.so (__stack_chk_fail+6)
01-03 21:56:07.550  4808  4808 F DEBUG   :     #07 pc 0001ab3b  /system/lib/libc.so (ioctl+66)
01-03 21:56:07.550  4808  4808 F DEBUG   :     #08 pc 00011981  /system/lib/libcam.halsensor.so (_ZN12ImgSensorDrv13getResolutionEPP34ACDK_SENSOR_RESOLUTION_INFO_STRUCT+60)
01-03 21:56:07.550  4808  4808 F DEBUG   :     #09 pc 0001335b  /system/lib/libcam.halsensor.so (_ZN12ImgSensorDrv4initEi+370)
01-03 21:56:07.551  4808  4808 F DEBUG   :     #10 pc 0000fec5  /system/lib/libcam.halsensor.so (_ZN5NSCam11NSHalSensor13HalSensorList18querySensorDrvInfoEv+28)
01-03 21:56:07.551  4808  4808 F DEBUG   :     #11 pc 0000fd2f  /system/lib/libcam.halsensor.so (_ZN5NSCam11NSHalSensor13HalSensorList22enumerateSensor_LockedEv+178)
01-03 21:56:07.551  4808  4808 F DEBUG   :     #12 pc 0000f95d  /system/lib/libcam.halsensor.so (_ZN5NSCam11NSHalSensor13HalSensorList13searchSensorsEv+14)
01-03 21:56:07.551  4808  4808 F DEBUG   :     #13 pc 000042b9  /system/lib/hw/camera.mt6737m.so (_ZN5NSCam19CamDeviceManagerImp16enumDeviceLockedEv+52)
01-03 21:56:07.551  4808  4808 F DEBUG   :     #14 pc 00004a23  /system/lib/hw/camera.mt6737m.so (_ZN5NSCam20CamDeviceManagerBase18getNumberOfDevicesEv+38)
01-03 21:56:07.551  4808  4808 F DEBUG   :     #15 pc 00060513  /system/lib/libcameraservice.so (_ZN7android12CameraModule18getNumberOfCamerasEv+58)
01-03 21:56:07.551  4808  4808 F DEBUG   :     #16 pc 0006041f  /system/lib/libcameraservice.so (_ZN7android12CameraModule4initEv+182)
01-03 21:56:07.551  4808  4808 F DEBUG   :     #17 pc 0004fd4d  /system/lib/libcameraservice.so (_ZN7android13CameraService10onFirstRefEv+100)
01-03 21:56:07.551  4808  4808 F DEBUG   :     #18 pc 00000be3  /system/bin/cameraserver
01-03 21:56:07.551  4808  4808 F DEBUG   :     #19 pc 00000b25  /system/bin/cameraserver
01-03 21:56:07.551  4808  4808 F DEBUG   :     #20 pc 00016cad  /system/lib/libc.so (__libc_init+48)
01-03 21:56:07.551  4808  4808 F DEBUG   :     #21 pc 00000a18  /system/bin/cameraserver
01-03 21:56:07.649   577   924 W NativeCrashListener: Couldn't find ProcessRecord for pid 4807
01-03 21:56:07.652   254   254 W         : debuggerd: resuming target 4807
01-03 21:56:07.654   577   610 I BootReceiver: Copying /data/tombstones/tombstone_08 to DropBox (SYSTEM_TOMBSTONE)
01-03 21:56:08.345  2129  2129 I ServiceManager: Waiting for service media.camera...
01-03 21:56:09.346  2129  2129 I ServiceManager: Waiting for service media.camera...
01-03 21:56:09.648   577   695 E InputManager-JNI: An exception was thrown by callback 'interceptKeyBeforeQueueing'.
01-03 21:56:09.649   577   695 E InputManager-JNI: java.lang.NullPointerException: Attempt to invoke interface method 'android.view.WindowManager$LayoutParams android.view.WindowManagerPolicy$WindowState.getAttrs()' on a null object reference
01-03 21:56:09.649   577   695 E InputManager-JNI: 	at com.android.server.policy.PhoneWindowManager.interceptKeyBeforeQueueing(PhoneWindowManager.java:6563)
01-03 21:56:09.649   577   695 E InputManager-JNI: 	at com.android.server.wm.InputMonitor.interceptKeyBeforeQueueing(InputMonitor.java:399)
01-03 21:56:09.649   577   695 E InputManager-JNI: 	at com.android.server.input.InputManagerService.interceptKeyBeforeQueueing(InputManagerService.java:1979)
01-03 21:56:10.346  2129  2129 I ServiceManager: Waiting for service media.camera...
01-03 21:56:11.346  2129  2129 I ServiceManager: Waiting for service media.camera...
01-03 21:56:11.869  4814  4814 I chatty  : uid=1047(cameraserver) /system/bin/cameraserver expire 35 lines
01-03 21:56:12.313  4814  4814 F libc    : stack corruption detected
01-03 21:56:12.314  4814  4814 F libc    : Fatal signal 6 (SIGABRT), code -6 in tid 4814 (cameraserver)
01-03 21:56:12.314   254   254 W         : debuggerd: handling request: pid=4814 uid=1047 gid=1005 tid=4814
01-03 21:56:12.347  2129  2129 W CameraBase: CameraService not published, waiting...
01-03 21:56:12.376  4815  4815 F DEBUG   : *** *** *** *** *** *** *** *** *** *** *** *** *** *** *** ***
01-03 21:56:12.376  4815  4815 F DEBUG   : CM Version: '14.1-20170103-UNOFFICIAL-maxi_lte'
01-03 21:56:12.376  4815  4815 F DEBUG   : Build fingerprint: 'Tele2/cm_maxi_lte/maxi_lte:7.1.1/NMF26Q/8407619d3f:userdebug/test-keys'
01-03 21:56:12.376  4815  4815 F DEBUG   : Revision: '0'
01-03 21:56:12.376  4815  4815 F DEBUG   : ABI: 'arm'
01-03 21:56:12.376  4815  4815 F DEBUG   : pid: 4814, tid: 4814, name: cameraserver  >>> /system/bin/cameraserver <<<
01-03 21:56:12.376  4815  4815 F DEBUG   : signal 6 (SIGABRT), code -6 (SI_TKILL), fault addr --------
01-03 21:56:12.381  4815  4815 F DEBUG   : Abort message: 'stack corruption detected'
01-03 21:56:12.381  4815  4815 F DEBUG   :     r0 00000000  r1 000012ce  r2 00000006  r3 00000008
01-03 21:56:12.381  4815  4815 F DEBUG   :     r4 f71b258c  r5 00000006  r6 f71b2534  r7 0000010c
01-03 21:56:12.381  4815  4815 F DEBUG   :     r8 f44f0d58  r9 f44eb4c0  sl f44f0d54  fp f6913008
01-03 21:56:12.381  4815  4815 F DEBUG   :     ip 00000005  sp ffa35340  lr f68cdca7  pc f68d0504  cpsr 200f0010
01-03 21:56:12.389  4815  4815 F DEBUG   : 
01-03 21:56:12.389  4815  4815 F DEBUG   : backtrace:
01-03 21:56:12.390  4815  4815 F DEBUG   :     #00 pc 0004a504  /system/lib/libc.so (tgkill+12)
01-03 21:56:12.390  4815  4815 F DEBUG   :     #01 pc 00047ca3  /system/lib/libc.so (pthread_kill+34)
01-03 21:56:12.390  4815  4815 F DEBUG   :     #02 pc 0001d585  /system/lib/libc.so (raise+10)
01-03 21:56:12.390  4815  4815 F DEBUG   :     #03 pc 000190d1  /system/lib/libc.so (__libc_android_abort+34)
01-03 21:56:12.390  4815  4815 F DEBUG   :     #04 pc 00017138  /system/lib/libc.so (abort+4)
01-03 21:56:12.390  4815  4815 F DEBUG   :     #05 pc 0001b57f  /system/lib/libc.so (__libc_fatal+22)
01-03 21:56:12.390  4815  4815 F DEBUG   :     #06 pc 000489bb  /system/lib/libc.so (__stack_chk_fail+6)
01-03 21:56:12.390  4815  4815 F DEBUG   :     #07 pc 0001ab3b  /system/lib/libc.so (ioctl+66)
01-03 21:56:12.390  4815  4815 F DEBUG   :     #08 pc 00011981  /system/lib/libcam.halsensor.so (_ZN12ImgSensorDrv13getResolutionEPP34ACDK_SENSOR_RESOLUTION_INFO_STRUCT+60)
01-03 21:56:12.390  4815  4815 F DEBUG   :     #09 pc 0001335b  /system/lib/libcam.halsensor.so (_ZN12ImgSensorDrv4initEi+370)
01-03 21:56:12.390  4815  4815 F DEBUG   :     #10 pc 0000fec5  /system/lib/libcam.halsensor.so (_ZN5NSCam11NSHalSensor13HalSensorList18querySensorDrvInfoEv+28)
01-03 21:56:12.390  4815  4815 F DEBUG   :     #11 pc 0000fd2f  /system/lib/libcam.halsensor.so (_ZN5NSCam11NSHalSensor13HalSensorList22enumerateSensor_LockedEv+178)
01-03 21:56:12.390  4815  4815 F DEBUG   :     #12 pc 0000f95d  /system/lib/libcam.halsensor.so (_ZN5NSCam11NSHalSensor13HalSensorList13searchSensorsEv+14)
01-03 21:56:12.390  4815  4815 F DEBUG   :     #13 pc 000042b9  /system/lib/hw/camera.mt6737m.so (_ZN5NSCam19CamDeviceManagerImp16enumDeviceLockedEv+52)
01-03 21:56:12.390  4815  4815 F DEBUG   :     #14 pc 00004a23  /system/lib/hw/camera.mt6737m.so (_ZN5NSCam20CamDeviceManagerBase18getNumberOfDevicesEv+38)
01-03 21:56:12.391  4815  4815 F DEBUG   :     #15 pc 00060513  /system/lib/libcameraservice.so (_ZN7android12CameraModule18getNumberOfCamerasEv+58)
01-03 21:56:12.391  4815  4815 F DEBUG   :     #16 pc 0006041f  /system/lib/libcameraservice.so (_ZN7android12CameraModule4initEv+182)
01-03 21:56:12.391  4815  4815 F DEBUG   :     #17 pc 0004fd4d  /system/lib/libcameraservice.so (_ZN7android13CameraService10onFirstRefEv+100)
01-03 21:56:12.391  4815  4815 F DEBUG   :     #18 pc 00000be3  /system/bin/cameraserver
01-03 21:56:12.391  4815  4815 F DEBUG   :     #19 pc 00000b25  /system/bin/cameraserver
01-03 21:56:12.391  4815  4815 F DEBUG   :     #20 pc 00016cad  /system/lib/libc.so (__libc_init+48)
01-03 21:56:12.391  4815  4815 F DEBUG   :     #21 pc 00000a18  /system/bin/cameraserver
01-03 21:56:12.489   577   924 W NativeCrashListener: Couldn't find ProcessRecord for pid 4814
01-03 21:56:12.493   577   610 I BootReceiver: Copying /data/tombstones/tombstone_09 to DropBox (SYSTEM_TOMBSTONE)
01-03 21:56:12.497   254   254 W         : debuggerd: resuming target 4814
01-03 21:56:12.497   254   254 E         : debuggerd: failed to send signal 18 to target: No such process
01-03 21:56:12.847  2129  2129 I ServiceManager: Waiting for service media.camera...
01-03 21:56:13.847  2129  2129 I ServiceManager: Waiting for service media.camera...
01-03 21:56:14.848  2129  2129 I ServiceManager: Waiting for service media.camera...
01-03 21:56:15.848  2129  2129 I ServiceManager: Waiting for service media.camera...
01-03 21:56:16.849  2129  2129 I ServiceManager: Waiting for service media.camera...
01-03 21:56:17.707  4821  4821 I chatty  : uid=1047(cameraserver) /system/bin/cameraserver expire 35 lines
01-03 21:56:17.849  2129  2129 W CameraBase: CameraService not published, waiting...
01-03 21:56:18.149  4821  4821 F libc    : stack corruption detected
01-03 21:56:18.149  4821  4821 F libc    : Fatal signal 6 (SIGABRT), code -6 in tid 4821 (cameraserver)
01-03 21:56:18.149   254   254 W         : debuggerd: handling request: pid=4821 uid=1047 gid=1005 tid=4821
01-03 21:56:18.211  4822  4822 F DEBUG   : *** *** *** *** *** *** *** *** *** *** *** *** *** *** *** ***
01-03 21:56:18.211  4822  4822 F DEBUG   : CM Version: '14.1-20170103-UNOFFICIAL-maxi_lte'
01-03 21:56:18.211  4822  4822 F DEBUG   : Build fingerprint: 'Tele2/cm_maxi_lte/maxi_lte:7.1.1/NMF26Q/8407619d3f:userdebug/test-keys'
01-03 21:56:18.212  4822  4822 F DEBUG   : Revision: '0'
01-03 21:56:18.212  4822  4822 F DEBUG   : ABI: 'arm'
01-03 21:56:18.212  4822  4822 F DEBUG   : pid: 4821, tid: 4821, name: cameraserver  >>> /system/bin/cameraserver <<<
01-03 21:56:18.212  4822  4822 F DEBUG   : signal 6 (SIGABRT), code -6 (SI_TKILL), fault addr --------
01-03 21:56:18.217  4822  4822 F DEBUG   : Abort message: 'stack corruption detected'
01-03 21:56:18.217  4822  4822 F DEBUG   :     r0 00000000  r1 000012d5  r2 00000006  r3 00000008
01-03 21:56:18.217  4822  4822 F DEBUG   :     r4 f72f658c  r5 00000006  r6 f72f6534  r7 0000010c
01-03 21:56:18.217  4822  4822 F DEBUG   :     r8 f60fdd58  r9 f60f84c0  sl f60fdd54  fp f6b7a008
01-03 21:56:18.217  4822  4822 F DEBUG   :     ip 00000005  sp ff996660  lr f6b34ca7  pc f6b37504  cpsr 200f0010
01-03 21:56:18.225  4822  4822 F DEBUG   : 
01-03 21:56:18.225  4822  4822 F DEBUG   : backtrace:
01-03 21:56:18.225  4822  4822 F DEBUG   :     #00 pc 0004a504  /system/lib/libc.so (tgkill+12)
01-03 21:56:18.225  4822  4822 F DEBUG   :     #01 pc 00047ca3  /system/lib/libc.so (pthread_kill+34)
01-03 21:56:18.225  4822  4822 F DEBUG   :     #02 pc 0001d585  /system/lib/libc.so (raise+10)
01-03 21:56:18.225  4822  4822 F DEBUG   :     #03 pc 000190d1  /system/lib/libc.so (__libc_android_abort+34)
01-03 21:56:18.225  4822  4822 F DEBUG   :     #04 pc 00017138  /system/lib/libc.so (abort+4)
01-03 21:56:18.225  4822  4822 F DEBUG   :     #05 pc 0001b57f  /system/lib/libc.so (__libc_fatal+22)
01-03 21:56:18.225  4822  4822 F DEBUG   :     #06 pc 000489bb  /system/lib/libc.so (__stack_chk_fail+6)
01-03 21:56:18.225  4822  4822 F DEBUG   :     #07 pc 0001ab3b  /system/lib/libc.so (ioctl+66)
01-03 21:56:18.226  4822  4822 F DEBUG   :     #08 pc 00011981  /system/lib/libcam.halsensor.so (_ZN12ImgSensorDrv13getResolutionEPP34ACDK_SENSOR_RESOLUTION_INFO_STRUCT+60)
01-03 21:56:18.226  4822  4822 F DEBUG   :     #09 pc 0001335b  /system/lib/libcam.halsensor.so (_ZN12ImgSensorDrv4initEi+370)
01-03 21:56:18.226  4822  4822 F DEBUG   :     #10 pc 0000fec5  /system/lib/libcam.halsensor.so (_ZN5NSCam11NSHalSensor13HalSensorList18querySensorDrvInfoEv+28)
01-03 21:56:18.226  4822  4822 F DEBUG   :     #11 pc 0000fd2f  /system/lib/libcam.halsensor.so (_ZN5NSCam11NSHalSensor13HalSensorList22enumerateSensor_LockedEv+178)
01-03 21:56:18.226  4822  4822 F DEBUG   :     #12 pc 0000f95d  /system/lib/libcam.halsensor.so (_ZN5NSCam11NSHalSensor13HalSensorList13searchSensorsEv+14)
01-03 21:56:18.226  4822  4822 F DEBUG   :     #13 pc 000042b9  /system/lib/hw/camera.mt6737m.so (_ZN5NSCam19CamDeviceManagerImp16enumDeviceLockedEv+52)
01-03 21:56:18.226  4822  4822 F DEBUG   :     #14 pc 00004a23  /system/lib/hw/camera.mt6737m.so (_ZN5NSCam20CamDeviceManagerBase18getNumberOfDevicesEv+38)
01-03 21:56:18.226  4822  4822 F DEBUG   :     #15 pc 00060513  /system/lib/libcameraservice.so (_ZN7android12CameraModule18getNumberOfCamerasEv+58)
01-03 21:56:18.226  4822  4822 F DEBUG   :     #16 pc 0006041f  /system/lib/libcameraservice.so (_ZN7android12CameraModule4initEv+182)
