01-03 21:29:18.509   577   924 W NativeCrashListener: Couldn't find ProcessRecord for pid 2549
01-03 21:29:18.513   577   610 I BootReceiver: Copying /data/tombstones/tombstone_00 to DropBox (SYSTEM_TOMBSTONE)
01-03 21:29:24.288   577   924 W NativeCrashListener: Couldn't find ProcessRecord for pid 2556
01-03 21:29:24.293   577   610 I BootReceiver: Copying /data/tombstones/tombstone_08 to DropBox (SYSTEM_TOMBSTONE)
01-03 21:29:28.039   577   605 E BatteryStatsService: no controller energy info supplied
01-03 21:29:28.040   577   605 E BatteryStatsService: no controller energy info supplied
01-03 21:29:28.079   577   605 E BatteryStatsService: modem info is invalid: ModemActivityInfo{ mTimestamp=0 mSleepTimeMs=0 mIdleTimeMs=0 mTxTimeMs[]=[0, 0, 0, 0, 0] mRxTimeMs=0 mEnergyUsed=0}
01-03 21:29:29.114   577   924 W NativeCrashListener: Couldn't find ProcessRecord for pid 2563
01-03 21:29:29.119   577   610 I BootReceiver: Copying /data/tombstones/tombstone_09 to DropBox (SYSTEM_TOMBSTONE)
01-03 21:29:33.936   577   924 W NativeCrashListener: Couldn't find ProcessRecord for pid 2570
01-03 21:29:33.941   577   610 I BootReceiver: Copying /data/tombstones/tombstone_02 to DropBox (SYSTEM_TOMBSTONE)
01-03 21:29:38.774   577   924 W NativeCrashListener: Couldn't find ProcessRecord for pid 2577
01-03 21:29:38.778   577   610 I BootReceiver: Copying /data/tombstones/tombstone_01 to DropBox (SYSTEM_TOMBSTONE)
01-03 21:29:43.597   577   924 W NativeCrashListener: Couldn't find ProcessRecord for pid 2586
01-03 21:29:43.601   577   610 I BootReceiver: Copying /data/tombstones/tombstone_03 to DropBox (SYSTEM_TOMBSTONE)
01-03 21:29:49.419   577   924 W NativeCrashListener: Couldn't find ProcessRecord for pid 2593
01-03 21:29:49.424   577   610 I BootReceiver: Copying /data/tombstones/tombstone_05 to DropBox (SYSTEM_TOMBSTONE)
01-03 21:29:54.242   577   924 W NativeCrashListener: Couldn't find ProcessRecord for pid 2600
01-03 21:29:54.247   577   610 I BootReceiver: Copying /data/tombstones/tombstone_04 to DropBox (SYSTEM_TOMBSTONE)
01-03 21:29:59.017   577   924 W NativeCrashListener: Couldn't find ProcessRecord for pid 2607
01-03 21:29:59.021   577   610 I BootReceiver: Copying /data/tombstones/tombstone_06 to DropBox (SYSTEM_TOMBSTONE)
01-03 21:30:03.836   577   924 W NativeCrashListener: Couldn't find ProcessRecord for pid 2614
01-03 21:30:03.841   577   610 I BootReceiver: Copying /data/tombstones/tombstone_07 to DropBox (SYSTEM_TOMBSTONE)
01-03 21:30:08.618   577   924 W NativeCrashListener: Couldn't find ProcessRecord for pid 2621
01-03 21:30:08.622   577   610 I BootReceiver: Copying /data/tombstones/tombstone_00 to DropBox (SYSTEM_TOMBSTONE)
01-03 21:30:13.391   577   924 W NativeCrashListener: Couldn't find ProcessRecord for pid 2628
01-03 21:30:13.396   577   610 I BootReceiver: Copying /data/tombstones/tombstone_08 to DropBox (SYSTEM_TOMBSTONE)
01-03 21:30:19.217   577   924 W NativeCrashListener: Couldn't find ProcessRecord for pid 2635
01-03 21:30:19.222   577   610 I BootReceiver: Copying /data/tombstones/tombstone_09 to DropBox (SYSTEM_TOMBSTONE)
01-03 21:30:23.993   577   924 W NativeCrashListener: Couldn't find ProcessRecord for pid 2642
01-03 21:30:23.998   577   610 I BootReceiver: Copying /data/tombstones/tombstone_02 to DropBox (SYSTEM_TOMBSTONE)
01-03 21:30:28.779   577   924 W NativeCrashListener: Couldn't find ProcessRecord for pid 2649
01-03 21:30:28.783   577   610 I BootReceiver: Copying /data/tombstones/tombstone_01 to DropBox (SYSTEM_TOMBSTONE)
01-03 21:30:33.553   577   924 W NativeCrashListener: Couldn't find ProcessRecord for pid 2656
01-03 21:30:33.558   577   610 I BootReceiver: Copying /data/tombstones/tombstone_03 to DropBox (SYSTEM_TOMBSTONE)
01-03 21:30:39.327   577   924 W NativeCrashListener: Couldn't find ProcessRecord for pid 2663
01-03 21:30:39.332   577   610 I BootReceiver: Copying /data/tombstones/tombstone_05 to DropBox (SYSTEM_TOMBSTONE)
01-03 21:30:44.105   577   924 W NativeCrashListener: Couldn't find ProcessRecord for pid 2670
01-03 21:30:44.109   577   610 I BootReceiver: Copying /data/tombstones/tombstone_04 to DropBox (SYSTEM_TOMBSTONE)
01-03 21:30:48.879   577   924 W NativeCrashListener: Couldn't find ProcessRecord for pid 2677
01-03 21:30:48.884   577   610 I BootReceiver: Copying /data/tombstones/tombstone_06 to DropBox (SYSTEM_TOMBSTONE)
01-03 21:30:53.710   577   924 W NativeCrashListener: Couldn't find ProcessRecord for pid 2684
01-03 21:30:53.715   577   610 I BootReceiver: Copying /data/tombstones/tombstone_07 to DropBox (SYSTEM_TOMBSTONE)
01-03 21:30:58.489   577   924 W NativeCrashListener: Couldn't find ProcessRecord for pid 2691
01-03 21:30:58.493   577   610 I BootReceiver: Copying /data/tombstones/tombstone_00 to DropBox (SYSTEM_TOMBSTONE)
01-03 21:31:04.316   577   924 W NativeCrashListener: Couldn't find ProcessRecord for pid 2698
01-03 21:31:04.321   577   610 I BootReceiver: Copying /data/tombstones/tombstone_08 to DropBox (SYSTEM_TOMBSTONE)
01-03 21:31:09.150   577   924 W NativeCrashListener: Couldn't find ProcessRecord for pid 2705
01-03 21:31:09.154   577   610 I BootReceiver: Copying /data/tombstones/tombstone_09 to DropBox (SYSTEM_TOMBSTONE)
01-03 21:31:13.925   577   924 W NativeCrashListener: Couldn't find ProcessRecord for pid 2712
01-03 21:31:13.930   577   610 I BootReceiver: Copying /data/tombstones/tombstone_02 to DropBox (SYSTEM_TOMBSTONE)
01-03 21:31:18.711   577   924 W NativeCrashListener: Couldn't find ProcessRecord for pid 2719
01-03 21:31:18.716   577   610 I BootReceiver: Copying /data/tombstones/tombstone_01 to DropBox (SYSTEM_TOMBSTONE)
01-03 21:31:23.549   577   924 W NativeCrashListener: Couldn't find ProcessRecord for pid 2726
01-03 21:31:23.554   577   610 I BootReceiver: Copying /data/tombstones/tombstone_03 to DropBox (SYSTEM_TOMBSTONE)
01-03 21:31:29.323   577   924 W NativeCrashListener: Couldn't find ProcessRecord for pid 2733
01-03 21:31:29.328   577   610 I BootReceiver: Copying /data/tombstones/tombstone_05 to DropBox (SYSTEM_TOMBSTONE)
01-03 21:31:34.149   577   924 W NativeCrashListener: Couldn't find ProcessRecord for pid 2740
01-03 21:31:34.154   577   610 I BootReceiver: Copying /data/tombstones/tombstone_04 to DropBox (SYSTEM_TOMBSTONE)
01-03 21:31:38.973   577   924 W NativeCrashListener: Couldn't find ProcessRecord for pid 2747
01-03 21:31:38.978   577   610 I BootReceiver: Copying /data/tombstones/tombstone_06 to DropBox (SYSTEM_TOMBSTONE)
01-03 21:31:43.799   577   924 W NativeCrashListener: Couldn't find ProcessRecord for pid 2754
01-03 21:31:43.804   577   610 I BootReceiver: Copying /data/tombstones/tombstone_07 to DropBox (SYSTEM_TOMBSTONE)
01-03 21:31:48.630   577   924 W NativeCrashListener: Couldn't find ProcessRecord for pid 2761
01-03 21:31:48.635   577   610 I BootReceiver: Copying /data/tombstones/tombstone_00 to DropBox (SYSTEM_TOMBSTONE)
01-03 21:31:53.463   577   924 W NativeCrashListener: Couldn't find ProcessRecord for pid 2768
01-03 21:31:53.468   577   610 I BootReceiver: Copying /data/tombstones/tombstone_08 to DropBox (SYSTEM_TOMBSTONE)
01-03 21:31:59.289   577   924 W NativeCrashListener: Couldn't find ProcessRecord for pid 2775
01-03 21:31:59.294   577   610 I BootReceiver: Copying /data/tombstones/tombstone_09 to DropBox (SYSTEM_TOMBSTONE)
01-03 21:32:04.113   577   924 W NativeCrashListener: Couldn't find ProcessRecord for pid 2782
01-03 21:32:04.117   577   610 I BootReceiver: Copying /data/tombstones/tombstone_02 to DropBox (SYSTEM_TOMBSTONE)
01-03 21:32:08.890   577   924 W NativeCrashListener: Couldn't find ProcessRecord for pid 2789
01-03 21:32:08.894   577   610 I BootReceiver: Copying /data/tombstones/tombstone_01 to DropBox (SYSTEM_TOMBSTONE)
01-03 21:32:13.664   577   924 W NativeCrashListener: Couldn't find ProcessRecord for pid 2796
01-03 21:32:13.668   577   610 I BootReceiver: Copying /data/tombstones/tombstone_03 to DropBox (SYSTEM_TOMBSTONE)
01-03 21:32:18.492   577   924 W NativeCrashListener: Couldn't find ProcessRecord for pid 2803
01-03 21:32:18.497   577   610 I BootReceiver: Copying /data/tombstones/tombstone_05 to DropBox (SYSTEM_TOMBSTONE)
01-03 21:32:24.320   577   924 W NativeCrashListener: Couldn't find ProcessRecord for pid 2810
01-03 21:32:24.325   577   610 I BootReceiver: Copying /data/tombstones/tombstone_04 to DropBox (SYSTEM_TOMBSTONE)
01-03 21:32:29.148   577   924 W NativeCrashListener: Couldn't find ProcessRecord for pid 2817
01-03 21:32:29.153   577   610 I BootReceiver: Copying /data/tombstones/tombstone_06 to DropBox (SYSTEM_TOMBSTONE)
01-03 21:32:33.978   577   924 W NativeCrashListener: Couldn't find ProcessRecord for pid 2824
01-03 21:32:33.982   577   610 I BootReceiver: Copying /data/tombstones/tombstone_07 to DropBox (SYSTEM_TOMBSTONE)
01-03 21:32:38.815   577   924 W NativeCrashListener: Couldn't find ProcessRecord for pid 2831
01-03 21:32:38.819   577   610 I BootReceiver: Copying /data/tombstones/tombstone_00 to DropBox (SYSTEM_TOMBSTONE)
01-03 21:32:43.642   577   924 W NativeCrashListener: Couldn't find ProcessRecord for pid 2838
01-03 21:32:43.646   577   610 I BootReceiver: Copying /data/tombstones/tombstone_08 to DropBox (SYSTEM_TOMBSTONE)
01-03 21:32:48.038   577   605 E BatteryStatsService: no controller energy info supplied
01-03 21:32:48.038   577   605 E BatteryStatsService: no controller energy info supplied
01-03 21:32:48.058   577   605 E BatteryStatsService: modem info is invalid: ModemActivityInfo{ mTimestamp=0 mSleepTimeMs=0 mIdleTimeMs=0 mTxTimeMs[]=[0, 0, 0, 0, 0] mRxTimeMs=0 mEnergyUsed=0}
01-03 21:32:48.475   577   924 W NativeCrashListener: Couldn't find ProcessRecord for pid 2845
01-03 21:32:48.480   577   610 I BootReceiver: Copying /data/tombstones/tombstone_09 to DropBox (SYSTEM_TOMBSTONE)
01-03 21:32:54.258   577   924 W NativeCrashListener: Couldn't find ProcessRecord for pid 2852
01-03 21:32:54.263   577   610 I BootReceiver: Copying /data/tombstones/tombstone_02 to DropBox (SYSTEM_TOMBSTONE)
01-03 21:32:59.036   577   924 W NativeCrashListener: Couldn't find ProcessRecord for pid 2859
01-03 21:32:59.040   577   610 I BootReceiver: Copying /data/tombstones/tombstone_01 to DropBox (SYSTEM_TOMBSTONE)
01-03 21:33:03.862   577   924 W NativeCrashListener: Couldn't find ProcessRecord for pid 2866
01-03 21:33:03.866   577   610 I BootReceiver: Copying /data/tombstones/tombstone_03 to DropBox (SYSTEM_TOMBSTONE)
01-03 21:33:08.644   577   924 W NativeCrashListener: Couldn't find ProcessRecord for pid 2873
01-03 21:33:08.649   577   610 I BootReceiver: Copying /data/tombstones/tombstone_05 to DropBox (SYSTEM_TOMBSTONE)
01-03 21:33:13.431   577   924 W NativeCrashListener: Couldn't find ProcessRecord for pid 2880
01-03 21:33:13.435   577   610 I BootReceiver: Copying /data/tombstones/tombstone_04 to DropBox (SYSTEM_TOMBSTONE)
01-03 21:33:19.257   577   924 W NativeCrashListener: Couldn't find ProcessRecord for pid 2887
01-03 21:33:19.262   577   610 I BootReceiver: Copying /data/tombstones/tombstone_06 to DropBox (SYSTEM_TOMBSTONE)
01-03 21:33:24.119   577   924 W NativeCrashListener: Couldn't find ProcessRecord for pid 2894
01-03 21:33:24.123   577   610 I BootReceiver: Copying /data/tombstones/tombstone_07 to DropBox (SYSTEM_TOMBSTONE)
01-03 21:33:28.946   577   924 W NativeCrashListener: Couldn't find ProcessRecord for pid 2901
01-03 21:33:28.952   577   610 I BootReceiver: Copying /data/tombstones/tombstone_00 to DropBox (SYSTEM_TOMBSTONE)
01-03 21:33:33.771   577   924 W NativeCrashListener: Couldn't find ProcessRecord for pid 2908
01-03 21:33:33.775   577   610 I BootReceiver: Copying /data/tombstones/tombstone_08 to DropBox (SYSTEM_TOMBSTONE)
01-03 21:33:38.617   577   924 W NativeCrashListener: Couldn't find ProcessRecord for pid 2915
01-03 21:33:38.621   577   610 I BootReceiver: Copying /data/tombstones/tombstone_09 to DropBox (SYSTEM_TOMBSTONE)
01-03 21:33:43.397   577   924 W NativeCrashListener: Couldn't find ProcessRecord for pid 2922
01-03 21:33:43.401   577   610 I BootReceiver: Copying /data/tombstones/tombstone_02 to DropBox (SYSTEM_TOMBSTONE)
01-03 21:33:49.230   577   924 W NativeCrashListener: Couldn't find ProcessRecord for pid 2929
01-03 21:33:49.234   577   610 I BootReceiver: Copying /data/tombstones/tombstone_01 to DropBox (SYSTEM_TOMBSTONE)
01-03 21:33:54.058   577   924 W NativeCrashListener: Couldn't find ProcessRecord for pid 2936
01-03 21:33:54.062   577   610 I BootReceiver: Copying /data/tombstones/tombstone_03 to DropBox (SYSTEM_TOMBSTONE)
01-03 21:33:58.883   577   924 W NativeCrashListener: Couldn't find ProcessRecord for pid 2943
01-03 21:33:58.887   577   610 I BootReceiver: Copying /data/tombstones/tombstone_05 to DropBox (SYSTEM_TOMBSTONE)
01-03 21:34:03.681   577   924 W NativeCrashListener: Couldn't find ProcessRecord for pid 2950
01-03 21:34:03.685   577   610 I BootReceiver: Copying /data/tombstones/tombstone_04 to DropBox (SYSTEM_TOMBSTONE)
01-03 21:34:08.480   577   924 W NativeCrashListener: Couldn't find ProcessRecord for pid 2957
01-03 21:34:08.485   577   610 I BootReceiver: Copying /data/tombstones/tombstone_06 to DropBox (SYSTEM_TOMBSTONE)
01-03 21:34:14.308   577   924 W NativeCrashListener: Couldn't find ProcessRecord for pid 2964
01-03 21:34:14.312   577   610 I BootReceiver: Copying /data/tombstones/tombstone_07 to DropBox (SYSTEM_TOMBSTONE)
01-03 21:34:19.103   577   924 W NativeCrashListener: Couldn't find ProcessRecord for pid 2971
01-03 21:34:19.109   577   610 I BootReceiver: Copying /data/tombstones/tombstone_00 to DropBox (SYSTEM_TOMBSTONE)
01-03 21:34:23.930   577   924 W NativeCrashListener: Couldn't find ProcessRecord for pid 2978
01-03 21:34:23.935   577   610 I BootReceiver: Copying /data/tombstones/tombstone_08 to DropBox (SYSTEM_TOMBSTONE)
01-03 21:34:28.716   577   924 W NativeCrashListener: Couldn't find ProcessRecord for pid 2985
01-03 21:34:28.721   577   610 I BootReceiver: Copying /data/tombstones/tombstone_09 to DropBox (SYSTEM_TOMBSTONE)
01-03 21:34:33.555   577   924 W NativeCrashListener: Couldn't find ProcessRecord for pid 2992
01-03 21:34:33.561   577   610 I BootReceiver: Copying /data/tombstones/tombstone_02 to DropBox (SYSTEM_TOMBSTONE)
01-03 21:34:39.383   577   924 W NativeCrashListener: Couldn't find ProcessRecord for pid 2999
01-03 21:34:39.388   577   610 I BootReceiver: Copying /data/tombstones/tombstone_01 to DropBox (SYSTEM_TOMBSTONE)
01-03 21:34:44.213   577   924 W NativeCrashListener: Couldn't find ProcessRecord for pid 3006
01-03 21:34:44.218   577   610 I BootReceiver: Copying /data/tombstones/tombstone_03 to DropBox (SYSTEM_TOMBSTONE)
01-03 21:34:49.040   577   924 W NativeCrashListener: Couldn't find ProcessRecord for pid 3013
01-03 21:34:49.044   577   610 I BootReceiver: Copying /data/tombstones/tombstone_05 to DropBox (SYSTEM_TOMBSTONE)
01-03 21:34:53.830   577   924 W NativeCrashListener: Couldn't find ProcessRecord for pid 3020
01-03 21:34:53.835   577   610 I BootReceiver: Copying /data/tombstones/tombstone_04 to DropBox (SYSTEM_TOMBSTONE)
01-03 21:34:58.616   577   924 W NativeCrashListener: Couldn't find ProcessRecord for pid 3027
01-03 21:34:58.621   577   610 I BootReceiver: Copying /data/tombstones/tombstone_06 to DropBox (SYSTEM_TOMBSTONE)
01-03 21:35:03.454   577   924 W NativeCrashListener: Couldn't find ProcessRecord for pid 3034
01-03 21:35:03.459   577   610 I BootReceiver: Copying /data/tombstones/tombstone_07 to DropBox (SYSTEM_TOMBSTONE)
01-03 21:35:09.232   577   924 W NativeCrashListener: Couldn't find ProcessRecord for pid 3041
01-03 21:35:09.236   577   610 I BootReceiver: Copying /data/tombstones/tombstone_00 to DropBox (SYSTEM_TOMBSTONE)
01-03 21:35:14.010   577   924 W NativeCrashListener: Couldn't find ProcessRecord for pid 3048
01-03 21:35:14.015   577   610 I BootReceiver: Copying /data/tombstones/tombstone_08 to DropBox (SYSTEM_TOMBSTONE)
01-03 21:35:18.794   577   924 W NativeCrashListener: Couldn't find ProcessRecord for pid 3055
01-03 21:35:18.799   577   610 I BootReceiver: Copying /data/tombstones/tombstone_09 to DropBox (SYSTEM_TOMBSTONE)
01-03 21:35:23.621   577   924 W NativeCrashListener: Couldn't find ProcessRecord for pid 3062
01-03 21:35:23.625   577   610 I BootReceiver: Copying /data/tombstones/tombstone_02 to DropBox (SYSTEM_TOMBSTONE)
01-03 21:35:28.403   577   924 W NativeCrashListener: Couldn't find ProcessRecord for pid 3069
01-03 21:35:28.407   577   610 I BootReceiver: Copying /data/tombstones/tombstone_01 to DropBox (SYSTEM_TOMBSTONE)
01-03 21:35:34.185   577   924 W NativeCrashListener: Couldn't find ProcessRecord for pid 3076
01-03 21:35:34.189   577   610 I BootReceiver: Copying /data/tombstones/tombstone_03 to DropBox (SYSTEM_TOMBSTONE)
01-03 21:35:39.012   577   924 W NativeCrashListener: Couldn't find ProcessRecord for pid 3083
01-03 21:35:39.016   577   610 I BootReceiver: Copying /data/tombstones/tombstone_05 to DropBox (SYSTEM_TOMBSTONE)
01-03 21:35:43.848   577   924 W NativeCrashListener: Couldn't find ProcessRecord for pid 3092
01-03 21:35:43.852   577   610 I BootReceiver: Copying /data/tombstones/tombstone_04 to DropBox (SYSTEM_TOMBSTONE)
01-03 21:35:48.634   577   924 W NativeCrashListener: Couldn't find ProcessRecord for pid 3099
01-03 21:35:48.639   577   610 I BootReceiver: Copying /data/tombstones/tombstone_06 to DropBox (SYSTEM_TOMBSTONE)
01-03 21:35:53.462   577   924 W NativeCrashListener: Couldn't find ProcessRecord for pid 3106
01-03 21:35:53.467   577   610 I BootReceiver: Copying /data/tombstones/tombstone_07 to DropBox (SYSTEM_TOMBSTONE)
01-03 21:35:59.254   577   924 W NativeCrashListener: Couldn't find ProcessRecord for pid 3113
01-03 21:35:59.259   577   610 I BootReceiver: Copying /data/tombstones/tombstone_00 to DropBox (SYSTEM_TOMBSTONE)
01-03 21:36:04.082   577   924 W NativeCrashListener: Couldn't find ProcessRecord for pid 3121
01-03 21:36:04.086   577   610 I BootReceiver: Copying /data/tombstones/tombstone_08 to DropBox (SYSTEM_TOMBSTONE)
01-03 21:36:08.909   577   924 W NativeCrashListener: Couldn't find ProcessRecord for pid 3128
01-03 21:36:08.914   577   610 I BootReceiver: Copying /data/tombstones/tombstone_09 to DropBox (SYSTEM_TOMBSTONE)
01-03 21:36:13.736   577   924 W NativeCrashListener: Couldn't find ProcessRecord for pid 3135
01-03 21:36:13.741   577   610 I BootReceiver: Copying /data/tombstones/tombstone_02 to DropBox (SYSTEM_TOMBSTONE)
01-03 21:36:18.034   577   605 E BatteryStatsService: no controller energy info supplied
01-03 21:36:18.034   577   605 E BatteryStatsService: no controller energy info supplied
01-03 21:36:18.052   577   605 E BatteryStatsService: modem info is invalid: ModemActivityInfo{ mTimestamp=0 mSleepTimeMs=0 mIdleTimeMs=0 mTxTimeMs[]=[0, 0, 0, 0, 0] mRxTimeMs=0 mEnergyUsed=0}
01-03 21:36:18.536   577   924 W NativeCrashListener: Couldn't find ProcessRecord for pid 3142
01-03 21:36:18.541   577   610 I BootReceiver: Copying /data/tombstones/tombstone_01 to DropBox (SYSTEM_TOMBSTONE)
01-03 21:36:24.316   577   924 W NativeCrashListener: Couldn't find ProcessRecord for pid 3149
01-03 21:36:24.322   577   610 I BootReceiver: Copying /data/tombstones/tombstone_03 to DropBox (SYSTEM_TOMBSTONE)
01-03 21:36:29.144   577   924 W NativeCrashListener: Couldn't find ProcessRecord for pid 3156
01-03 21:36:29.148   577   610 I BootReceiver: Copying /data/tombstones/tombstone_05 to DropBox (SYSTEM_TOMBSTONE)
01-03 21:36:33.920   577   924 W NativeCrashListener: Couldn't find ProcessRecord for pid 3163
01-03 21:36:33.924   577   610 I BootReceiver: Copying /data/tombstones/tombstone_04 to DropBox (SYSTEM_TOMBSTONE)
01-03 21:36:38.769   577   924 W NativeCrashListener: Couldn't find ProcessRecord for pid 3170
01-03 21:36:38.773   577   610 I BootReceiver: Copying /data/tombstones/tombstone_06 to DropBox (SYSTEM_TOMBSTONE)
01-03 21:36:43.547   577   924 W NativeCrashListener: Couldn't find ProcessRecord for pid 3177
01-03 21:36:43.552   577   610 I BootReceiver: Copying /data/tombstones/tombstone_07 to DropBox (SYSTEM_TOMBSTONE)
01-03 21:36:49.410   577   924 W NativeCrashListener: Couldn't find ProcessRecord for pid 3184
01-03 21:36:49.415   577   610 I BootReceiver: Copying /data/tombstones/tombstone_00 to DropBox (SYSTEM_TOMBSTONE)
01-03 21:36:54.239   577   924 W NativeCrashListener: Couldn't find ProcessRecord for pid 3191
01-03 21:36:54.243   577   610 I BootReceiver: Copying /data/tombstones/tombstone_08 to DropBox (SYSTEM_TOMBSTONE)
01-03 21:36:59.068   577   924 W NativeCrashListener: Couldn't find ProcessRecord for pid 3198
01-03 21:36:59.072   577   610 I BootReceiver: Copying /data/tombstones/tombstone_09 to DropBox (SYSTEM_TOMBSTONE)
01-03 21:37:03.895   577   924 W NativeCrashListener: Couldn't find ProcessRecord for pid 3205
01-03 21:37:03.900   577   610 I BootReceiver: Copying /data/tombstones/tombstone_02 to DropBox (SYSTEM_TOMBSTONE)
01-03 21:37:08.730   577   924 W NativeCrashListener: Couldn't find ProcessRecord for pid 3212
01-03 21:37:08.735   577   610 I BootReceiver: Copying /data/tombstones/tombstone_01 to DropBox (SYSTEM_TOMBSTONE)
01-03 21:37:13.559   577   924 W NativeCrashListener: Couldn't find ProcessRecord for pid 3219
01-03 21:37:13.563   577   610 I BootReceiver: Copying /data/tombstones/tombstone_03 to DropBox (SYSTEM_TOMBSTONE)
01-03 21:37:19.387   577   924 W NativeCrashListener: Couldn't find ProcessRecord for pid 3226
01-03 21:37:19.393   577   610 I BootReceiver: Copying /data/tombstones/tombstone_05 to DropBox (SYSTEM_TOMBSTONE)
01-03 21:37:24.214   577   924 W NativeCrashListener: Couldn't find ProcessRecord for pid 3233
01-03 21:37:24.219   577   610 I BootReceiver: Copying /data/tombstones/tombstone_04 to DropBox (SYSTEM_TOMBSTONE)
01-03 21:37:28.995   577   924 W NativeCrashListener: Couldn't find ProcessRecord for pid 3240
01-03 21:37:28.999   577   610 I BootReceiver: Copying /data/tombstones/tombstone_06 to DropBox (SYSTEM_TOMBSTONE)
01-03 21:37:33.829   577   924 W NativeCrashListener: Couldn't find ProcessRecord for pid 3247
01-03 21:37:33.833   577   610 I BootReceiver: Copying /data/tombstones/tombstone_07 to DropBox (SYSTEM_TOMBSTONE)
01-03 21:37:38.664   577   924 W NativeCrashListener: Couldn't find ProcessRecord for pid 3254
01-03 21:37:38.668   577   610 I BootReceiver: Copying /data/tombstones/tombstone_00 to DropBox (SYSTEM_TOMBSTONE)
01-03 21:37:43.495   577   924 W NativeCrashListener: Couldn't find ProcessRecord for pid 3261
01-03 21:37:43.501   577   610 I BootReceiver: Copying /data/tombstones/tombstone_08 to DropBox (SYSTEM_TOMBSTONE)
01-03 21:37:49.325   577   924 W NativeCrashListener: Couldn't find ProcessRecord for pid 3268
01-03 21:37:49.329   577   610 I BootReceiver: Copying /data/tombstones/tombstone_09 to DropBox (SYSTEM_TOMBSTONE)
01-03 21:37:54.104   577   924 W NativeCrashListener: Couldn't find ProcessRecord for pid 3275
01-03 21:37:54.109   577   610 I BootReceiver: Copying /data/tombstones/tombstone_02 to DropBox (SYSTEM_TOMBSTONE)
01-03 21:37:58.935   577   924 W NativeCrashListener: Couldn't find ProcessRecord for pid 3282
01-03 21:37:58.940   577   610 I BootReceiver: Copying /data/tombstones/tombstone_01 to DropBox (SYSTEM_TOMBSTONE)
01-03 21:38:03.765   577   924 W NativeCrashListener: Couldn't find ProcessRecord for pid 3289
01-03 21:38:03.770   577   610 I BootReceiver: Copying /data/tombstones/tombstone_03 to DropBox (SYSTEM_TOMBSTONE)
01-03 21:38:08.603   577   924 W NativeCrashListener: Couldn't find ProcessRecord for pid 3296
01-03 21:38:08.607   577   610 I BootReceiver: Copying /data/tombstones/tombstone_05 to DropBox (SYSTEM_TOMBSTONE)
01-03 21:38:14.436   577   924 W NativeCrashListener: Couldn't find ProcessRecord for pid 3303
01-03 21:38:14.441   577   610 I BootReceiver: Copying /data/tombstones/tombstone_04 to DropBox (SYSTEM_TOMBSTONE)
01-03 21:38:20.271   577   924 W NativeCrashListener: Couldn't find ProcessRecord for pid 3310
01-03 21:38:20.275   577   610 I BootReceiver: Copying /data/tombstones/tombstone_06 to DropBox (SYSTEM_TOMBSTONE)
01-03 21:38:25.099   577   924 W NativeCrashListener: Couldn't find ProcessRecord for pid 3317
01-03 21:38:25.103   577   610 I BootReceiver: Copying /data/tombstones/tombstone_07 to DropBox (SYSTEM_TOMBSTONE)
01-03 21:38:29.930   577   924 W NativeCrashListener: Couldn't find ProcessRecord for pid 3324
01-03 21:38:29.935   577   610 I BootReceiver: Copying /data/tombstones/tombstone_00 to DropBox (SYSTEM_TOMBSTONE)
01-03 21:38:34.711   577   924 W NativeCrashListener: Couldn't find ProcessRecord for pid 3331
01-03 21:38:34.716   577   610 I BootReceiver: Copying /data/tombstones/tombstone_08 to DropBox (SYSTEM_TOMBSTONE)
01-03 21:38:39.541   577   924 W NativeCrashListener: Couldn't find ProcessRecord for pid 3338
01-03 21:38:39.545   577   610 I BootReceiver: Copying /data/tombstones/tombstone_09 to DropBox (SYSTEM_TOMBSTONE)
01-03 21:38:45.323   577   924 W NativeCrashListener: Couldn't find ProcessRecord for pid 3345
01-03 21:38:45.328   577   610 I BootReceiver: Copying /data/tombstones/tombstone_02 to DropBox (SYSTEM_TOMBSTONE)
01-03 21:38:50.153   577   924 W NativeCrashListener: Couldn't find ProcessRecord for pid 3352
01-03 21:38:50.158   577   610 I BootReceiver: Copying /data/tombstones/tombstone_01 to DropBox (SYSTEM_TOMBSTONE)
01-03 21:38:54.982   577   924 W NativeCrashListener: Couldn't find ProcessRecord for pid 3359
01-03 21:38:54.986   577   610 I BootReceiver: Copying /data/tombstones/tombstone_03 to DropBox (SYSTEM_TOMBSTONE)
01-03 21:38:59.760   577   924 W NativeCrashListener: Couldn't find ProcessRecord for pid 3366
01-03 21:38:59.764   577   610 I BootReceiver: Copying /data/tombstones/tombstone_05 to DropBox (SYSTEM_TOMBSTONE)
01-03 21:39:04.538   577   924 W NativeCrashListener: Couldn't find ProcessRecord for pid 3373
01-03 21:39:04.544   577   610 I BootReceiver: Copying /data/tombstones/tombstone_04 to DropBox (SYSTEM_TOMBSTONE)
--------- beginning of main
01-03 21:39:09.761  3380  3380 I chatty  : uid=1047(cameraserver) /system/bin/cameraserver expire 35 lines
01-03 21:39:10.198   254   254 W         : debuggerd: handling request: pid=3380 uid=1047 gid=1005 tid=3380
01-03 21:39:10.369   577   924 W NativeCrashListener: Couldn't find ProcessRecord for pid 3380
01-03 21:39:10.374   577   610 I BootReceiver: Copying /data/tombstones/tombstone_06 to DropBox (SYSTEM_TOMBSTONE)
01-03 21:39:10.375   254   254 W         : debuggerd: resuming target 3380
01-03 21:39:10.434  2129  2129 I ServiceManager: Waiting for service media.camera...
01-03 21:39:11.435  2129  2129 I ServiceManager: Waiting for service media.camera...
01-03 21:39:12.435  2129  2129 I ServiceManager: Waiting for service media.camera...
01-03 21:39:13.435  2129  2129 I ServiceManager: Waiting for service media.camera...
01-03 21:39:14.436  2129  2129 W CameraBase: CameraService not published, waiting...
01-03 21:39:14.588  3387  3387 I chatty  : uid=1047(cameraserver) /system/bin/cameraserver expire 35 lines
01-03 21:39:14.936  2129  2129 I ServiceManager: Waiting for service media.camera...
01-03 21:39:15.031   254   254 W         : debuggerd: handling request: pid=3387 uid=1047 gid=1005 tid=3387
01-03 21:39:15.150   577   924 W NativeCrashListener: Couldn't find ProcessRecord for pid 3387
01-03 21:39:15.154   577   610 I BootReceiver: Copying /data/tombstones/tombstone_07 to DropBox (SYSTEM_TOMBSTONE)
01-03 21:39:15.155   254   254 W         : debuggerd: resuming target 3387
01-03 21:39:15.937  2129  2129 I ServiceManager: Waiting for service media.camera...
01-03 21:39:16.937  2129  2129 I ServiceManager: Waiting for service media.camera...
01-03 21:39:17.937  2129  2129 I ServiceManager: Waiting for service media.camera...
01-03 21:39:18.938  2129  2129 I ServiceManager: Waiting for service media.camera...
01-03 21:39:19.370  3394  3394 I chatty  : uid=1047(cameraserver) /system/bin/cameraserver expire 35 lines
01-03 21:39:19.809   254   254 W         : debuggerd: handling request: pid=3394 uid=1047 gid=1005 tid=3394
01-03 21:39:19.938  2129  2129 W CameraBase: CameraService not published, waiting...
01-03 21:39:19.980   577   924 W NativeCrashListener: Couldn't find ProcessRecord for pid 3394
01-03 21:39:19.983   254   254 W         : debuggerd: resuming target 3394
01-03 21:39:19.984   577   610 I BootReceiver: Copying /data/tombstones/tombstone_00 to DropBox (SYSTEM_TOMBSTONE)
01-03 21:39:20.438  2129  2129 I ServiceManager: Waiting for service media.camera...
01-03 21:39:21.439  2129  2129 I ServiceManager: Waiting for service media.camera...
01-03 21:39:22.439  2129  2129 I ServiceManager: Waiting for service media.camera...
01-03 21:39:23.439  2129  2129 I ServiceManager: Waiting for service media.camera...
01-03 21:39:24.199  3401  3401 I chatty  : uid=1047(cameraserver) /system/bin/cameraserver expire 35 lines
01-03 21:39:24.440  2129  2129 I ServiceManager: Waiting for service media.camera...
01-03 21:39:24.639   254   254 W         : debuggerd: handling request: pid=3401 uid=1047 gid=1005 tid=3401
01-03 21:39:24.758   577   924 W NativeCrashListener: Couldn't find ProcessRecord for pid 3401
01-03 21:39:24.761   254   254 W         : debuggerd: resuming target 3401
01-03 21:39:24.762   577   610 I BootReceiver: Copying /data/tombstones/tombstone_08 to DropBox (SYSTEM_TOMBSTONE)
01-03 21:39:25.440  2129  2129 W CameraBase: CameraService not published, waiting...
01-03 21:39:25.940  2129  2129 I ServiceManager: Waiting for service media.camera...
01-03 21:39:26.941  2129  2129 I ServiceManager: Waiting for service media.camera...
01-03 21:39:27.941  2129  2129 I ServiceManager: Waiting for service media.camera...
01-03 21:39:28.942  2129  2129 I ServiceManager: Waiting for service media.camera...
01-03 21:39:28.980  3408  3408 I chatty  : uid=1047(cameraserver) /system/bin/cameraserver expire 35 lines
01-03 21:39:29.419   254   254 W         : debuggerd: handling request: pid=3408 uid=1047 gid=1005 tid=3408
01-03 21:39:29.538   577   924 W NativeCrashListener: Couldn't find ProcessRecord for pid 3408
01-03 21:39:29.543   577   610 I BootReceiver: Copying /data/tombstones/tombstone_09 to DropBox (SYSTEM_TOMBSTONE)
01-03 21:39:29.547   254   254 W         : debuggerd: resuming target 3408
01-03 21:39:29.547   254   254 E         : debuggerd: failed to send signal 18 to target: No such process
01-03 21:39:29.942  2129  2129 I ServiceManager: Waiting for service media.camera...
01-03 21:39:30.942  2129  2129 W CameraBase: CameraService not published, waiting...
01-03 21:39:31.443  2129  2129 I ServiceManager: Waiting for service media.camera...
01-03 21:39:32.443  2129  2129 I ServiceManager: Waiting for service media.camera...
01-03 21:39:33.443  2129  2129 I ServiceManager: Waiting for service media.camera...
01-03 21:39:34.444  2129  2129 I ServiceManager: Waiting for service media.camera...
01-03 21:39:34.756  3415  3415 I chatty  : uid=1047(cameraserver) /system/bin/cameraserver expire 35 lines
01-03 21:39:35.194   254   254 W         : debuggerd: handling request: pid=3415 uid=1047 gid=1005 tid=3415
01-03 21:39:35.363   577   924 W NativeCrashListener: Couldn't find ProcessRecord for pid 3415
01-03 21:39:35.368   577   610 I BootReceiver: Copying /data/tombstones/tombstone_02 to DropBox (SYSTEM_TOMBSTONE)
01-03 21:39:35.373   254   254 W         : debuggerd: resuming target 3415
01-03 21:39:35.373   254   254 E         : debuggerd: failed to send signal 18 to target: No such process
01-03 21:39:35.444  2129  2129 I ServiceManager: Waiting for service media.camera...
01-03 21:39:36.444  2129  2129 W CameraBase: CameraService not published, waiting...
01-03 21:39:36.945  2129  2129 I ServiceManager: Waiting for service media.camera...
01-03 21:39:37.945  2129  2129 I ServiceManager: Waiting for service media.camera...
01-03 21:39:38.033   577  1558 D lights  : set_led_state colorRGB=2CFFFF00, onMS=0, offMS=0
01-03 21:39:38.034   577   830 D WifiNative-HAL: Failing getSupportedFeatureset because HAL isn't started
01-03 21:39:38.047   577   605 E BatteryStatsService: no controller energy info supplied
01-03 21:39:38.047   577   605 E BatteryStatsService: no controller energy info supplied
01-03 21:39:38.053   577   605 E BatteryStatsService: power: Missing API
01-03 21:39:38.068   577   605 E BatteryStatsService: modem info is invalid: ModemActivityInfo{ mTimestamp=0 mSleepTimeMs=0 mIdleTimeMs=0 mTxTimeMs[]=[0, 0, 0, 0, 0] mRxTimeMs=0 mEnergyUsed=0}
01-03 21:39:38.946  2129  2129 I ServiceManager: Waiting for service media.camera...
01-03 21:39:39.581  3422  3422 I chatty  : uid=1047(cameraserver) /system/bin/cameraserver expire 35 lines
01-03 21:39:39.946  2129  2129 I ServiceManager: Waiting for service media.camera...
01-03 21:39:40.023   254   254 W         : debuggerd: handling request: pid=3422 uid=1047 gid=1005 tid=3422
01-03 21:39:40.193   577   924 W NativeCrashListener: Couldn't find ProcessRecord for pid 3422
01-03 21:39:40.196   254   254 W         : debuggerd: resuming target 3422
01-03 21:39:40.198   577   610 I BootReceiver: Copying /data/tombstones/tombstone_01 to DropBox (SYSTEM_TOMBSTONE)
01-03 21:39:40.946  2129  2129 I ServiceManager: Waiting for service media.camera...
01-03 21:39:41.947  2129  2129 W CameraBase: CameraService not published, waiting...
01-03 21:39:42.447  2129  2129 I ServiceManager: Waiting for service media.camera...
01-03 21:39:43.447  2129  2129 I ServiceManager: Waiting for service media.camera...
01-03 21:39:44.415  3429  3429 I chatty  : uid=1047(cameraserver) /system/bin/cameraserver expire 35 lines
01-03 21:39:44.448  2129  2129 I ServiceManager: Waiting for service media.camera...
01-03 21:39:44.857   254   254 W         : debuggerd: handling request: pid=3429 uid=1047 gid=1005 tid=3429
01-03 21:39:45.026   577   924 W NativeCrashListener: Couldn't find ProcessRecord for pid 3429
01-03 21:39:45.029   254   254 W         : debuggerd: resuming target 3429
01-03 21:39:45.030   577   610 I BootReceiver: Copying /data/tombstones/tombstone_03 to DropBox (SYSTEM_TOMBSTONE)
01-03 21:39:45.448  2129  2129 I ServiceManager: Waiting for service media.camera...
01-03 21:39:46.449  2129  2129 I ServiceManager: Waiting for service media.camera...
01-03 21:39:47.449  2129  2129 W CameraBase: CameraService not published, waiting...
01-03 21:39:47.949  2129  2129 I ServiceManager: Waiting for service media.camera...
01-03 21:39:48.949  2129  2129 I ServiceManager: Waiting for service media.camera...
01-03 21:39:49.246  3437  3437 I chatty  : uid=1047(cameraserver) /system/bin/cameraserver expire 35 lines
01-03 21:39:49.689   254   254 W         : debuggerd: handling request: pid=3437 uid=1047 gid=1005 tid=3437
01-03 21:39:49.809   577   924 W NativeCrashListener: Couldn't find ProcessRecord for pid 3437
01-03 21:39:49.811   254   254 W         : debuggerd: resuming target 3437
01-03 21:39:49.813   577   610 I BootReceiver: Copying /data/tombstones/tombstone_05 to DropBox (SYSTEM_TOMBSTONE)
01-03 21:39:49.950  2129  2129 I ServiceManager: Waiting for service media.camera...
01-03 21:39:50.950  2129  2129 I ServiceManager: Waiting for service media.camera...
01-03 21:39:51.951  2129  2129 I ServiceManager: Waiting for service media.camera...
01-03 21:39:52.951  2129  2129 W CameraBase: CameraService not published, waiting...
01-03 21:39:53.451  2129  2129 I ServiceManager: Waiting for service media.camera...
01-03 21:39:54.035  3444  3444 I chatty  : uid=1047(cameraserver) /system/bin/cameraserver expire 35 lines
01-03 21:39:54.452  2129  2129 I ServiceManager: Waiting for service media.camera...
01-03 21:39:54.474   254   254 W         : debuggerd: handling request: pid=3444 uid=1047 gid=1005 tid=3444
01-03 21:39:54.643   577   924 W NativeCrashListener: Couldn't find ProcessRecord for pid 3444
01-03 21:39:54.646   254   254 W         : debuggerd: resuming target 3444
01-03 21:39:54.648   577   610 I BootReceiver: Copying /data/tombstones/tombstone_04 to DropBox (SYSTEM_TOMBSTONE)
01-03 21:39:55.452  2129  2129 I ServiceManager: Waiting for service media.camera...
01-03 21:39:56.452  2129  2129 I ServiceManager: Waiting for service media.camera...
01-03 21:39:57.453  2129  2129 I ServiceManager: Waiting for service media.camera...
01-03 21:39:58.453  2129  2129 W CameraBase: CameraService not published, waiting...
01-03 21:39:58.862  3451  3451 I chatty  : uid=1047(cameraserver) /system/bin/cameraserver expire 35 lines
01-03 21:39:58.953  2129  2129 I ServiceManager: Waiting for service media.camera...
01-03 21:39:59.305   254   254 W         : debuggerd: handling request: pid=3451 uid=1047 gid=1005 tid=3451
01-03 21:39:59.475   577   924 W NativeCrashListener: Couldn't find ProcessRecord for pid 3451
01-03 21:39:59.480   577   610 I BootReceiver: Copying /data/tombstones/tombstone_06 to DropBox (SYSTEM_TOMBSTONE)
01-03 21:39:59.485   254   254 W         : debuggerd: resuming target 3451
01-03 21:39:59.485   254   254 E         : debuggerd: failed to send signal 18 to target: No such process
01-03 21:39:59.954  2129  2129 I ServiceManager: Waiting for service media.camera...
01-03 21:40:00.954  2129  2129 I ServiceManager: Waiting for service media.camera...
01-03 21:40:01.955  2129  2129 I ServiceManager: Waiting for service media.camera...
01-03 21:40:02.955  2129  2129 I ServiceManager: Waiting for service media.camera...
01-03 21:40:03.955  2129  2129 W CameraBase: CameraService not published, waiting...
01-03 21:40:04.456  2129  2129 I ServiceManager: Waiting for service media.camera...
01-03 21:40:04.696  3458  3458 I chatty  : uid=1047(cameraserver) /system/bin/cameraserver expire 35 lines
01-03 21:40:05.134   254   254 W         : debuggerd: handling request: pid=3458 uid=1047 gid=1005 tid=3458
01-03 21:40:05.304   577   924 W NativeCrashListener: Couldn't find ProcessRecord for pid 3458
01-03 21:40:05.307   254   254 W         : debuggerd: resuming target 3458
01-03 21:40:05.308   577   610 I BootReceiver: Copying /data/tombstones/tombstone_07 to DropBox (SYSTEM_TOMBSTONE)
01-03 21:40:05.456  2129  2129 I ServiceManager: Waiting for service media.camera...
01-03 21:40:06.456  2129  2129 I ServiceManager: Waiting for service media.camera...
01-03 21:40:07.457  2129  2129 I ServiceManager: Waiting for service media.camera...
01-03 21:40:08.457  2129  2129 I ServiceManager: Waiting for service media.camera...
01-03 21:40:09.457  2129  2129 W CameraBase: CameraService not published, waiting...
01-03 21:40:09.530  3465  3465 I chatty  : uid=1047(cameraserver) /system/bin/cameraserver expire 35 lines
01-03 21:40:09.958  2129  2129 I ServiceManager: Waiting for service media.camera...
01-03 21:40:09.968   254   254 W         : debuggerd: handling request: pid=3465 uid=1047 gid=1005 tid=3465
01-03 21:40:10.089   577   924 W NativeCrashListener: Couldn't find ProcessRecord for pid 3465
01-03 21:40:10.092   254   254 W         : debuggerd: resuming target 3465
01-03 21:40:10.094   577   610 I BootReceiver: Copying /data/tombstones/tombstone_00 to DropBox (SYSTEM_TOMBSTONE)
01-03 21:40:10.958  2129  2129 I ServiceManager: Waiting for service media.camera...
01-03 21:40:11.959  2129  2129 I ServiceManager: Waiting for service media.camera...
01-03 21:40:12.959  2129  2129 I ServiceManager: Waiting for service media.camera...
01-03 21:40:13.959  2129  2129 I ServiceManager: Waiting for service media.camera...
01-03 21:40:14.309  3472  3472 I chatty  : uid=1047(cameraserver) /system/bin/cameraserver expire 35 lines
01-03 21:40:14.751   254   254 W         : debuggerd: handling request: pid=3472 uid=1047 gid=1005 tid=3472
01-03 21:40:14.872   577   924 W NativeCrashListener: Couldn't find ProcessRecord for pid 3472
01-03 21:40:14.875   254   254 W         : debuggerd: resuming target 3472
01-03 21:40:14.877   577   610 I BootReceiver: Copying /data/tombstones/tombstone_08 to DropBox (SYSTEM_TOMBSTONE)
01-03 21:40:14.960  2129  2129 W CameraBase: CameraService not published, waiting...
01-03 21:40:15.460  2129  2129 I ServiceManager: Waiting for service media.camera...
01-03 21:40:16.460  2129  2129 I ServiceManager: Waiting for service media.camera...
01-03 21:40:17.461  2129  2129 I ServiceManager: Waiting for service media.camera...
01-03 21:40:18.461  2129  2129 I ServiceManager: Waiting for service media.camera...
01-03 21:40:19.092  3479  3479 I chatty  : uid=1047(cameraserver) /system/bin/cameraserver expire 35 lines
01-03 21:40:19.461  2129  2129 I ServiceManager: Waiting for service media.camera...
01-03 21:40:19.533   254   254 W         : debuggerd: handling request: pid=3479 uid=1047 gid=1005 tid=3479
01-03 21:40:19.706   577   924 W NativeCrashListener: Couldn't find ProcessRecord for pid 3479
01-03 21:40:19.710   577   610 I BootReceiver: Copying /data/tombstones/tombstone_09 to DropBox (SYSTEM_TOMBSTONE)
01-03 21:40:19.716   254   254 W         : debuggerd: resuming target 3479
01-03 21:40:19.716   254   254 E         : debuggerd: failed to send signal 18 to target: No such process
01-03 21:40:20.462  2129  2129 W CameraBase: CameraService not published, waiting...
01-03 21:40:20.962  2129  2129 I ServiceManager: Waiting for service media.camera...
01-03 21:40:21.962  2129  2129 I ServiceManager: Waiting for service media.camera...
01-03 21:40:22.963  2129  2129 I ServiceManager: Waiting for service media.camera...
01-03 21:40:23.921  3486  3486 I chatty  : uid=1047(cameraserver) /system/bin/cameraserver expire 35 lines
01-03 21:40:23.963  2129  2129 I ServiceManager: Waiting for service media.camera...
01-03 21:40:24.359   254   254 W         : debuggerd: handling request: pid=3486 uid=1047 gid=1005 tid=3486
01-03 21:40:24.529   577   924 W NativeCrashListener: Couldn't find ProcessRecord for pid 3486
01-03 21:40:24.532   254   254 W         : debuggerd: resuming target 3486
01-03 21:40:24.533   577   610 I BootReceiver: Copying /data/tombstones/tombstone_02 to DropBox (SYSTEM_TOMBSTONE)
01-03 21:40:24.964  2129  2129 I ServiceManager: Waiting for service media.camera...
01-03 21:40:25.964  2129  2129 W CameraBase: CameraService not published, waiting...
01-03 21:40:26.464  2129  2129 I ServiceManager: Waiting for service media.camera...
01-03 21:40:27.465  2129  2129 I ServiceManager: Waiting for service media.camera...
01-03 21:40:28.465  2129  2129 I ServiceManager: Waiting for service media.camera...
01-03 21:40:29.465  2129  2129 I ServiceManager: Waiting for service media.camera...
01-03 21:40:29.752  3493  3493 I chatty  : uid=1047(cameraserver) /system/bin/cameraserver expire 35 lines
01-03 21:40:30.192   254   254 W         : debuggerd: handling request: pid=3493 uid=1047 gid=1005 tid=3493
01-03 21:40:30.362   577   924 W NativeCrashListener: Couldn't find ProcessRecord for pid 3493
01-03 21:40:30.367   577   610 I BootReceiver: Copying /data/tombstones/tombstone_01 to DropBox (SYSTEM_TOMBSTONE)
01-03 21:40:30.372   254   254 W         : debuggerd: resuming target 3493
01-03 21:40:30.372   254   254 E         : debuggerd: failed to send signal 18 to target: No such process
01-03 21:40:30.466  2129  2129 I ServiceManager: Waiting for service media.camera...
01-03 21:40:31.466  2129  2129 W CameraBase: CameraService not published, waiting...
01-03 21:40:31.966  2129  2129 I ServiceManager: Waiting for service media.camera...
01-03 21:40:32.967  2129  2129 I ServiceManager: Waiting for service media.camera...
01-03 21:40:33.967  2129  2129 I ServiceManager: Waiting for service media.camera...
01-03 21:40:34.580  3500  3500 I chatty  : uid=1047(cameraserver) /system/bin/cameraserver expire 35 lines
01-03 21:40:34.968  2129  2129 I ServiceManager: Waiting for service media.camera...
01-03 21:40:35.024   254   254 W         : debuggerd: handling request: pid=3500 uid=1047 gid=1005 tid=3500
01-03 21:40:35.194   577   924 W NativeCrashListener: Couldn't find ProcessRecord for pid 3500
01-03 21:40:35.197   254   254 W         : debuggerd: resuming target 3500
01-03 21:40:35.199   577   610 I BootReceiver: Copying /data/tombstones/tombstone_03 to DropBox (SYSTEM_TOMBSTONE)
01-03 21:40:35.968  2129  2129 I ServiceManager: Waiting for service media.camera...
01-03 21:40:36.968  2129  2129 W CameraBase: CameraService not published, waiting...
01-03 21:40:37.469  2129  2129 I ServiceManager: Waiting for service media.camera...
01-03 21:40:38.469  2129  2129 I ServiceManager: Waiting for service media.camera...
01-03 21:40:39.423  3507  3507 I chatty  : uid=1047(cameraserver) /system/bin/cameraserver expire 35 lines
01-03 21:40:39.469  2129  2129 I ServiceManager: Waiting for service media.camera...
01-03 21:40:39.860   254   254 W         : debuggerd: handling request: pid=3507 uid=1047 gid=1005 tid=3507
01-03 21:40:40.031   577   924 W NativeCrashListener: Couldn't find ProcessRecord for pid 3507
01-03 21:40:40.034   254   254 W         : debuggerd: resuming target 3507
01-03 21:40:40.035   577   610 I BootReceiver: Copying /data/tombstones/tombstone_05 to DropBox (SYSTEM_TOMBSTONE)
01-03 21:40:40.470  2129  2129 I ServiceManager: Waiting for service media.camera...
01-03 21:40:41.470  2129  2129 I ServiceManager: Waiting for service media.camera...
01-03 21:40:42.470  2129  2129 W CameraBase: CameraService not published, waiting...
01-03 21:40:42.971  2129  2129 I ServiceManager: Waiting for service media.camera...
01-03 21:40:43.971  2129  2129 I ServiceManager: Waiting for service media.camera...
01-03 21:40:44.251  3514  3514 I chatty  : uid=1047(cameraserver) /system/bin/cameraserver expire 35 lines
01-03 21:40:44.697   254   254 W         : debuggerd: handling request: pid=3514 uid=1047 gid=1005 tid=3514
01-03 21:40:44.818   577   924 W NativeCrashListener: Couldn't find ProcessRecord for pid 3514
01-03 21:40:44.822   577   610 I BootReceiver: Copying /data/tombstones/tombstone_04 to DropBox (SYSTEM_TOMBSTONE)
01-03 21:40:44.827   254   254 W         : debuggerd: resuming target 3514
01-03 21:40:44.827   254   254 E         : debuggerd: failed to send signal 18 to target: No such process
01-03 21:40:44.972  2129  2129 I ServiceManager: Waiting for service media.camera...
01-03 21:40:45.972  2129  2129 I ServiceManager: Waiting for service media.camera...
01-03 21:40:46.298  1675  3090 E StatsUploadJobService: Could not upload stats checkin to commnity server
01-03 21:40:46.298  1675  3090 E StatsUploadJobService: java.net.ConnectException: Connection timed out
01-03 21:40:46.298  1675  3090 E StatsUploadJobService: 	at java.net.PlainSocketImpl.socketConnect(Native Method)
01-03 21:40:46.298  1675  3090 E StatsUploadJobService: 	at java.net.AbstractPlainSocketImpl.doConnect(AbstractPlainSocketImpl.java:334)
01-03 21:40:46.298  1675  3090 E StatsUploadJobService: 	at java.net.AbstractPlainSocketImpl.connectToAddress(AbstractPlainSocketImpl.java:196)
01-03 21:40:46.298  1675  3090 E StatsUploadJobService: 	at java.net.AbstractPlainSocketImpl.connect(AbstractPlainSocketImpl.java:178)
01-03 21:40:46.298  1675  3090 E StatsUploadJobService: 	at java.net.SocksSocketImpl.connect(SocksSocketImpl.java:356)
01-03 21:40:46.298  1675  3090 E StatsUploadJobService: 	at java.net.Socket.connect(Socket.java:605)
01-03 21:40:46.298  1675  3090 E StatsUploadJobService: 	at com.android.okhttp.internal.Platform.connectSocket(Platform.java:113)
01-03 21:40:46.298  1675  3090 E StatsUploadJobService: 	at com.android.okhttp.Connection.connectSocket(Connection.java:196)
01-03 21:40:46.298  1675  3090 E StatsUploadJobService: 	at com.android.okhttp.Connection.connect(Connection.java:172)
01-03 21:40:46.298  1675  3090 E StatsUploadJobService: 	at com.android.okhttp.Connection.connectAndSetOwner(Connection.java:367)
01-03 21:40:46.298  1675  3090 E StatsUploadJobService: 	at com.android.okhttp.OkHttpClient$1.connectAndSetOwner(OkHttpClient.java:130)
01-03 21:40:46.298  1675  3090 E StatsUploadJobService: 	at com.android.okhttp.internal.http.HttpEngine.connect(HttpEngine.java:330)
01-03 21:40:46.298  1675  3090 E StatsUploadJobService: 	at com.android.okhttp.internal.http.HttpEngine.sendRequest(HttpEngine.java:247)
01-03 21:40:46.298  1675  3090 E StatsUploadJobService: 	at com.android.okhttp.internal.huc.HttpURLConnectionImpl.execute(HttpURLConnectionImpl.java:457)
01-03 21:40:46.298  1675  3090 E StatsUploadJobService: 	at com.android.okhttp.internal.huc.HttpURLConnectionImpl.connect(HttpURLConnectionImpl.java:126)
01-03 21:40:46.298  1675  3090 E StatsUploadJobService: 	at com.android.okhttp.internal.huc.DelegatingHttpsURLConnection.connect(DelegatingHttpsURLConnection.java:89)
01-03 21:40:46.298  1675  3090 E StatsUploadJobService: 	at com.android.okhttp.internal.huc.HttpsURLConnectionImpl.connect(HttpsURLConnectionImpl.java)
01-03 21:40:46.298  1675  3090 E StatsUploadJobService: 	at org.cyanogenmod.cmparts.cmstats.StatsUploadJobService.uploadToCM(StatsUploadJobService.java:179)
01-03 21:40:46.298  1675  3090 E StatsUploadJobService: 	at org.cyanogenmod.cmparts.cmstats.StatsUploadJobService.-wrap0(StatsUploadJobService.java)
01-03 21:40:46.298  1675  3090 E StatsUploadJobService: 	at org.cyanogenmod.cmparts.cmstats.StatsUploadJobService$StatsUploadTask.doInBackground(StatsUploadJobService.java:138)
01-03 21:40:46.298  1675  3090 E StatsUploadJobService: 	at org.cyanogenmod.cmparts.cmstats.StatsUploadJobService$StatsUploadTask.doInBackground(StatsUploadJobService.java:100)
01-03 21:40:46.298  1675  3090 E StatsUploadJobService: 	at android.os.AsyncTask$2.call(AsyncTask.java:305)
01-03 21:40:46.298  1675  3090 E StatsUploadJobService: 	at java.util.concurrent.FutureTask.run(FutureTask.java:237)
01-03 21:40:46.298  1675  3090 E StatsUploadJobService: 	at android.os.AsyncTask$SerialExecutor$1.run(AsyncTask.java:243)
01-03 21:40:46.298  1675  3090 E StatsUploadJobService: 	at java.util.concurrent.ThreadPoolExecutor.runWorker(ThreadPoolExecutor.java:1133)
01-03 21:40:46.298  1675  3090 E StatsUploadJobService: 	at java.util.concurrent.ThreadPoolExecutor$Worker.run(ThreadPoolExecutor.java:607)
