01-04 04:09:22.223   294   426 D AudioALSAHardware: id 0x3
01-04 04:09:22.223   294   426 D AudioALSAHardware: role 0x1 AUDIO_PORT_ROLE_SOURCE
01-04 04:09:22.223   294   426 D AudioALSAHardware: type 0x2 AUDIO_PORT_TYPE_MIX
01-04 04:09:22.223   294   426 D AudioALSAHardware: config_mask 0xf
01-04 04:09:22.223   294   426 D AudioALSAHardware: sample_rate 0xbb80
01-04 04:09:22.223   294   426 D AudioALSAHardware: channel_mask 0x3
01-04 04:09:22.223   294   426 D AudioALSAHardware: gain.index 0x0
01-04 04:09:22.223   294   426 D AudioALSAHardware: gain.mode 0x1
01-04 04:09:22.223   294   426 D AudioALSAHardware: gain.channel_mask 0x3
01-04 04:09:22.223   294   426 D AudioALSAHardware: gain.ramp_duration_ms 0xffffffff
01-04 04:09:22.223   294   426 D AudioALSAHardware: mix.hw_module a
01-04 04:09:22.223   294   426 D AudioALSAHardware: mix.handle d
01-04 04:09:22.223   294   426 D AudioALSAHardware: mix.usecase.stream ffffffff
01-04 04:09:22.223   294   426 D AudioALSAHardware: mix.usecase.source ffffffff
01-04 04:09:22.223   294   426 D AudioALSAHardware: == sinks [0]/[1] ==
01-04 04:09:22.220   426   426 I AudioOut_D: type=1400 audit(0.0:12): avc: denied { write } for name="trace_marker" dev="debugfs" ino=1049 scontext=u:r:audioserver:s0 tcontext=u:object_r:debugfs:s0 tclass=file permissive=1
01-04 04:09:22.220   426   426 I AudioOut_D: type=1400 audit(0.0:13): avc: denied { open } for path="/sys/kernel/debug/tracing/trace_marker" dev="debugfs" ino=1049 scontext=u:r:audioserver:s0 tcontext=u:object_r:debugfs:s0 tclass=file permissive=1
01-04 04:09:22.223   294   426 D AudioALSAHardware: id 0x2
01-04 04:09:22.223   294   426 D AudioALSAHardware: role 0x2 AUDIO_PORT_ROLE_SINK
01-04 04:09:22.223   294   426 D AudioALSAHardware: type 0x1 AUDIO_PORT_TYPE_DEVICE
01-04 04:09:22.223   294   426 D AudioALSAHardware: config_mask 0x0
01-04 04:09:22.223   294   426 D AudioALSAHardware: sample_rate 0x0
01-04 04:09:22.223   294   426 D AudioALSAHardware: channel_mask 0x0
01-04 04:09:22.223   294   426 D AudioALSAHardware: gain.index 0xffffffff
01-04 04:09:22.223   294   426 D AudioALSAHardware: gain.mode 0x44414548
01-04 04:09:22.223   294   426 D AudioALSAHardware: gain.channel_mask 0x544553
01-04 04:09:22.223   294   426 D AudioALSAHardware: gain.ramp_duration_ms 0x445f4f49
01-04 04:09:22.223   294   426 D AudioALSAHardware: device.hw_module a
01-04 04:09:22.223   294   426 D AudioALSAHardware: device.type 2
01-04 04:09:22.223   294   426 D AudioALSAHardware: device.address 
01-04 04:09:22.223   294   426 D AudioALSAHardware: +routing createAudioPatch Mixer->2
01-04 04:09:22.223   294   426 D AudioALSAStreamManager: +setParameters(), IOport = 13, keyValuePairs = routing=2
01-04 04:09:22.223   294   426 D AudioALSAStreamManager: Send to mStreamOutVector[0]
01-04 04:09:22.223   294   426 D AudioALSAStreamManager: +routingOutputDevice(), output_devices: 0x0 => 0x2
01-04 04:09:22.223   294   426 D AudioALSAVoiceWakeUpController: +updateDeviceInfoForVoiceWakeUp(), mIsUseHeadsetMic = 0
01-04 04:09:22.224   294   426 D AudioHeadSetMessager: /sys/class/switch/h2w/state => 0
01-04 04:09:22.224   294   426 D AudioALSAVoiceWakeUpController: -updateDeviceInfoForVoiceWakeUp(), mIsUseHeadsetMic = 0
01-04 04:09:22.224   294   426 D AudioALSAStreamManager: +CheckHeadsetChange(), current_output_devices = 0 output_device = 2 
01-04 04:09:22.224   294   426 D AudioALSAStreamManager: mHeadsetChange = 1
01-04 04:09:22.224   294   426 D AudioALSAStreamManager: routingOutputDevice(), mStreamInVector.size() = 0
01-04 04:09:22.224   294   426 D AudioALSAVolumeController: AudioALSAVolumeController getMasterVolume
01-04 04:09:22.224   294   426 D AudioALSAVolumeController: AudioALSAVolumeController setMasterVolume v = 1.000000 mode = 0 devices = 0x2
01-04 04:09:22.224   294   426 D AudioALSAVolumeController: ApplyExtAmpHeadPhoneGain  Gain = 256 mode= 0 device = 3
01-04 04:09:22.224   294   426 D AudioALSAVolumeController: DegradedBGain   = 0
01-04 04:09:22.224   294   426 D AudioALSAVolumeController: SetLinoutRGain 
01-04 04:09:22.224   294   426 D AudioALSAVolumeController: SetRealLinoutRGain = 0
01-04 04:09:22.224   294   426 D AudioALSAVolumeController: SetLinoutRGain 
01-04 04:09:22.224   294   426 D AudioALSAVolumeController: SetRealLinoutRGain = 0
01-04 04:09:22.224   294   426 D AudioALSAVolumeController: SetHeadPhoneLGain = 0
01-04 04:09:22.224   294   426 D AudioALSAVolumeController: SetRealHeadPhoneLGain = 0
01-04 04:09:22.224   294   426 D AudioALSAVolumeController: SetHeadPhoneRGain = 0
01-04 04:09:22.224   294   426 D AudioALSAVolumeController: SetRealHeadPhoneRGain = 0
01-04 04:09:22.224   294   426 D AudioALSAStreamManager: -routingOutputDevice(), output_devices = 0x2
01-04 04:09:22.224   294   426 D AudioALSAStreamManager: -setParameters()
01-04 04:09:22.224   294   426 D AudioALSAHardware: handlecheck createAudioPatch sucess new *handle 0x1
01-04 04:09:22.224   294   426 D AudioALSAHardware: -createAudioPatch num_sources [1] , num_sinks [1]
01-04 04:09:22.225   294   426 W BatteryNotifier: batterystats service unavailable!
01-04 04:09:22.225   294   340 D AudioALSAHardware: setVoiceVolume(), volume = 1.000000, mUseTuningVolume = 0
01-04 04:09:22.225   294   340 D AudioALSAStreamManager: setVoiceVolume(), volume = 1.000000
01-04 04:09:22.225   294   340 D AudioALSAVolumeController: +setVoiceVolume(), v=1.000000, mode=0x0, device=0x2
01-04 04:09:22.225   294   340 D AudioALSAVolumeController: GetDRCVersion DrcSpeechModeBits = 4 device= 0x2 mSpeechDrcType = 0x0 Sph_Drc_Version = 0x0
01-04 04:09:22.225   294   340 D AudioALSAVolumeController: DRC_VERSION_1
01-04 04:09:22.226   294   294 I AudioFlinger: openOutput(), module 10 Device 2, SamplingRate 48000, Format 0x000003, Channels 3, flags 4
01-04 04:09:22.226   294   294 D AudioALSAStreamManager: +openOutputStream()
01-04 04:09:22.226   294   294 D AudioALSAStreamManager: openOutputStream(), devices = 0x2, format = 0x3, channels = 0x3, sampleRate = 48000, status = 0x15
01-04 04:09:22.226   294   294 D AudioALSASampleRateController: +setPrimaryStreamOutSampleRate(), mPrimaryStreamOutSampleRate: 48000 => 48000
01-04 04:09:22.226   294   294 W AudioALSASampleRateController: -setPrimaryStreamOutSampleRate(), sample_rate == mPrimaryStreamOutSampleRate, return
01-04 04:09:22.230   294   426 W BatteryNotifier: batterystats service unavailable!
01-04 04:09:22.230   294   426 W AudioFlinger: no wake lock to update, system not ready yet
01-04 04:09:22.236   294   294 D AudioYusuParam: GetAudEnhControlOptionParamFromNV rec_size = 4 rec_num = 1
01-04 04:09:22.236   294   294 D AudioYusuParam: GetAudEnh [0x2] result [4]
01-04 04:09:22.236   293   293 D AndroidRuntime: >>>>>> START com.android.internal.os.ZygoteInit uid 0 <<<<<<
01-04 04:09:22.236   294   294 D AudioVIBSPKControl: getInstance()
01-04 04:09:22.236   294   294 D AudioFtm: GetVibSpkCalibrationStatus()
01-04 04:09:22.239   294   294 D AudioVIBSPKControl: setParameters:bb80 9c f 5
01-04 04:09:22.239   294   294 D MtkAudioBitConverter: MtkAudioBitConverter Constructor, SR 48000, CH 2, format 0
01-04 04:09:22.240   294   294 D MtkAudioBitConverter: +Open()
01-04 04:09:22.240   294   294 D MtkAudioBitConverter: -Open()
01-04 04:09:22.243   294   294 D AudioALSAStreamManager: -openOutputStream(), out = 0xf5f5a180, status = 0x0, mStreamOutVector.size() = 2
01-04 04:09:22.243   294   294 I AudioFlinger: HAL output buffer size 256 frames, normal sink buffer size 768 frames
01-04 04:09:22.244   294   428 I AudioFlinger: AudioFlinger's thread 0xf5a83640 ready to run
01-04 04:09:22.245   294   428 W BatteryNotifier: batterystats service unavailable!
01-04 04:09:22.245   294   428 D AudioALSAHardware: +createAudioPatch num_sources [1] , num_sinks [1]
01-04 04:09:22.245   294   428 D AudioALSAHardware: handlecheck createAudioPatch handle [0x0] current size 1
01-04 04:09:22.245   294   428 D AudioALSAHardware: == source [0]/[1] ==
01-04 04:09:22.245   294   428 D AudioALSAHardware: id 0x4
01-04 04:09:22.245   294   428 D AudioALSAHardware: role 0x1 AUDIO_PORT_ROLE_SOURCE
01-04 04:09:22.245   294   428 D AudioALSAHardware: type 0x2 AUDIO_PORT_TYPE_MIX
01-04 04:09:22.245   294   428 D AudioALSAHardware: config_mask 0x7
01-04 04:09:22.245   294   428 D AudioALSAHardware: sample_rate 0xbb80
01-04 04:09:22.245   294   428 D AudioALSAHardware: channel_mask 0x3
01-04 04:09:22.245   294   428 D AudioALSAHardware: gain.index 0xffffffff
01-04 04:09:22.245   294   428 D AudioALSAHardware: gain.mode 0x1
01-04 04:09:22.245   294   428 D AudioALSAHardware: gain.channel_mask 0x0
01-04 04:09:22.245   294   428 D AudioALSAHardware: gain.ramp_duration_ms 0xffffffff
01-04 04:09:22.245   294   428 D AudioALSAHardware: mix.hw_module a
01-04 04:09:22.245   294   428 D AudioALSAHardware: mix.handle 15
01-04 04:09:22.245   294   428 D AudioALSAHardware: mix.usecase.stream ffffffff
01-04 04:09:22.245   294   428 D AudioALSAHardware: mix.usecase.source ffffffff
01-04 04:09:22.245   294   428 D AudioALSAHardware: == sinks [0]/[1] ==
01-04 04:09:22.245   294   428 D AudioALSAHardware: id 0x2
01-04 04:09:22.245   294   428 D AudioALSAHardware: role 0x2 AUDIO_PORT_ROLE_SINK
01-04 04:09:22.246   294   428 D AudioALSAHardware: type 0x1 AUDIO_PORT_TYPE_DEVICE
01-04 04:09:22.246   294   428 D AudioALSAHardware: config_mask 0x0
01-04 04:09:22.246   294   428 D AudioALSAHardware: sample_rate 0x0
01-04 04:09:22.246   294   428 D AudioALSAHardware: channel_mask 0x0
01-04 04:09:22.246   294   428 D AudioALSAHardware: gain.index 0xffffffff
01-04 04:09:22.246   294   428 D AudioALSAHardware: gain.mode 0x44414548
01-04 04:09:22.246   294   428 D AudioALSAHardware: gain.channel_mask 0x544553
01-04 04:09:22.246   294   428 D AudioALSAHardware: gain.ramp_duration_ms 0x445f4f49
01-04 04:09:22.246   294   428 D AudioALSAHardware: device.hw_module a
01-04 04:09:22.246   294   428 D AudioALSAHardware: device.type 2
01-04 04:09:22.246   294   428 D AudioALSAHardware: device.address 
01-04 04:09:22.246   294   428 D AudioALSAHardware: +routing createAudioPatch Mixer->2
01-04 04:09:22.246   294   428 D AudioALSAStreamManager: +setParameters(), IOport = 21, keyValuePairs = routing=2
01-04 04:09:22.246   294   428 D AudioALSAStreamManager: Send to mStreamOutVector[1]
01-04 04:09:22.246   294   428 D AudioALSAStreamManager: +routingOutputDevice(), output_devices: 0x0 => 0x2
01-04 04:09:22.246   294   428 D AudioALSAVoiceWakeUpController: +updateDeviceInfoForVoiceWakeUp(), mIsUseHeadsetMic = 0
01-04 04:09:22.246   294   428 D AudioHeadSetMessager: /sys/class/switch/h2w/state => 0
01-04 04:09:22.246   294   428 D AudioALSAVoiceWakeUpController: -updateDeviceInfoForVoiceWakeUp(), mIsUseHeadsetMic = 0
01-04 04:09:22.246   294   428 D AudioALSAStreamManager: +CheckHeadsetChange(), current_output_devices = 0 output_device = 2 
01-04 04:09:22.246   294   428 D AudioALSAStreamManager: mHeadsetChange = 1
01-04 04:09:22.246   294   428 D AudioALSAStreamManager: routingOutputDevice(), mStreamInVector.size() = 0
01-04 04:09:22.246   294   428 D AudioALSAVolumeController: AudioALSAVolumeController getMasterVolume
01-04 04:09:22.247   294   428 D AudioALSAVolumeController: AudioALSAVolumeController setMasterVolume v = 1.000000 mode = 0 devices = 0x2
01-04 04:09:22.247   294   428 D AudioALSAVolumeController: ApplyExtAmpHeadPhoneGain  Gain = 256 mode= 0 device = 3
01-04 04:09:22.247   294   428 D AudioALSAVolumeController: DegradedBGain   = 0
01-04 04:09:22.247   294   428 D AudioALSAVolumeController: SetLinoutRGain 
01-04 04:09:22.247   294   428 D AudioALSAVolumeController: SetRealLinoutRGain = 0
01-04 04:09:22.247   294   428 D AudioALSAVolumeController: SetLinoutRGain 
01-04 04:09:22.247   294   428 D AudioALSAVolumeController: SetRealLinoutRGain = 0
01-04 04:09:22.247   294   428 D AudioALSAVolumeController: SetHeadPhoneLGain = 0
01-04 04:09:22.247   294   428 D AudioALSAVolumeController: SetRealHeadPhoneLGain = 0
01-04 04:09:22.247   294   428 D AudioALSAVolumeController: SetHeadPhoneRGain = 0
01-04 04:09:22.247   294   428 D AudioALSAVolumeController: SetRealHeadPhoneRGain = 0
01-04 04:09:22.247   294   428 D AudioALSAStreamManager: -routingOutputDevice(), output_devices = 0x2
01-04 04:09:22.247   294   428 D AudioALSAStreamManager: -setParameters()
01-04 04:09:22.247   294   428 D AudioALSAHardware: handlecheck createAudioPatch sucess new *handle 0x2
01-04 04:09:22.247   294   428 D AudioALSAHardware: -createAudioPatch num_sources [1] , num_sinks [1]
01-04 04:09:22.248   294   428 W BatteryNotifier: batterystats service unavailable!
01-04 04:09:22.248   294   428 W BatteryNotifier: batterystats service unavailable!
01-04 04:09:22.248   294   428 W AudioFlinger: no wake lock to update, system not ready yet
01-04 04:09:22.249   294   294 D AudioALSAStreamManager: +openInputStream()
01-04 04:09:22.249   294   294 D AudioALSAStreamManager: openInputStream(), devices = 0x80000004, format = 0x1, channels = 0xc, sampleRate = 48000, status = 14, acoustics = 0x0
01-04 04:09:22.249   294   294 D AudioALSAStreamIn: AudioALSAStreamIn()
01-04 04:09:22.249   294   294 D AudioALSAStreamIn: set(), devices = 0x80000004, format = 0x1, channels = 0xc, sampleRate = 48000, acoustics = 0x0, flags = 0
01-04 04:09:22.249   294   294 D AudioALSAStreamIn: +CheckBesRecordInfo()
01-04 04:09:22.249   294   294 D AudioSpeechEnhanceInfo: GetBesRecScene() -1
01-04 04:09:22.249   294   294 D AudioSpeechEnhanceInfo: IsBesRecTuningEnable()+
01-04 04:09:22.249   294   294 D AudioSpeechEnhanceInfo: IsBesRecTuningEnable()- 0
01-04 04:09:22.249   294   294 D AudioYusuParam: QueryFeatureSupportInfo(),feature support 2090055 
01-04 04:09:22.249   294   294 D AudioSpeechEnhanceInfo: GetBesRecVMFileName()+
01-04 04:09:22.249   294   294 D AudioSpeechEnhanceInfo: GetBesRecVMFileName(), mVMFileName=, VMFileName=
01-04 04:09:22.250   294   294 D AudioYusuParam: QueryFeatureSupportInfo(),feature support 2090055 
01-04 04:09:22.250   294   294 D AudioSpeechEnhanceInfo: GetForceMagiASRState(), feature_support=2090055, 0, mForceMagiASR=0
01-04 04:09:22.250   294   294 D AudioSpeechEnhanceInfo: GetForceAECRecState(), mForceAECRec=0
01-04 04:09:22.250   294   294 D AudioALSAStreamIn: -CheckBesRecordInfo()
01-04 04:09:22.250   294   294 D AudioALSAStreamIn: set() done, sampleRate = 48000, num_channels = 2, buffer_size=3840
01-04 04:09:22.250   294   294 D AudioALSAStreamManager: -openInputStream(), in = 0xf5f5a300, status = 0x0, mStreamInVector.size() = 1
01-04 04:09:22.250   294   294 D AudioALSAStreamIn: +setParameters(): input_source=1
01-04 04:09:22.250   294   294 D AudioALSAStreamIn: setParameters() InputSource = 1
01-04 04:09:22.250   294   294 D AudioALSAStreamIn: -setParameters(): input_source=1 
01-04 04:09:22.253   294   429 I AudioFlinger: AudioFlinger's thread 0xf5783dc0 ready to run
01-04 04:09:22.253   294   294 D AudioALSAStreamManager: +closeInputStream(), in = 0xf5f5a300
01-04 04:09:22.253   294   294 D AudioALSAStreamIn: ~AudioALSAStreamIn()
01-04 04:09:22.253   294   294 D AudioALSAStreamManager: -closeInputStream(), mStreamInVector.size() = 0
01-04 04:09:22.257   294   294 I bt_a2dp_hw: adev_open:  adev_open in A2dp_hw module
01-04 04:09:22.257   294   294 I AudioFlinger: loadHwModule() Loaded a2dp audio interface from A2DP Audio HW HAL (audio) handle 18
01-04 04:09:22.262   294   294 I AudioFlinger: loadHwModule() Loaded usb audio interface from USB audio HW HAL (audio) handle 26
01-04 04:09:22.265   294   294 I r_submix: adev_open(name=audio_hw_if)
01-04 04:09:22.266   294   294 I r_submix: adev_init_check()
01-04 04:09:22.266   294   294 I AudioFlinger: loadHwModule() Loaded r_submix audio interface from Wifi Display audio HAL (audio) handle 34
01-04 04:09:22.266   294   294 D r_submix: adev_open_input_stream(addr=0)
01-04 04:09:22.266   294   294 D r_submix: submix_audio_device_create_pipe_l(addr=0, idx=9)
01-04 04:09:22.266   294   294 D r_submix:   now using address 0 for route 9
01-04 04:09:22.267   294   430 I AudioFlinger: AudioFlinger's thread 0xf5703980 ready to run
01-04 04:09:22.267   294   294 D r_submix: adev_close_input_stream()
01-04 04:09:22.267   294   294 D r_submix: submix_audio_device_release_pipe_l(idx=9) addr=0
01-04 04:09:22.267   294   294 D r_submix: submix_audio_device_destroy_pipe_l(): pipe destroyed
01-04 04:09:22.268   294   294 I RadioService: RadioService
01-04 04:09:22.268   294   294 I RadioService: onFirstRef
01-04 04:09:22.271   294   294 I fmradio_hw_hal: fmr_dev_open
01-04 04:09:22.271   294   294 I fmradio_hw_hal: device name = radio_hw_device
01-04 04:09:22.271   294   294 I fmradio_hw_hal: FMRadio allocate fmradio_device success
01-04 04:09:22.274   294   294 I FMLIB_CORE: Go to run cust function
01-04 04:09:22.274   294   294 I FMLIB_CUST: WCN CHIP ID=0x0335
01-04 04:09:22.274   294   294 I FMLIB_CUST: detect 6627 chip
01-04 04:09:22.274   294   294 I FMLIB_CORE: OK
01-04 04:09:22.274   294   294 I FMLIB_CORE: FMR_get_cfgs succefully. chip: 0x6627, lband: 8750, hband: 10800, seek_space: 1, max_scan_num: 80
01-04 04:09:22.274   294   294 I fmradio_hw_hal: FMR_init success
01-04 04:09:22.274   294   294 I fmradio_hw_hal: fmr_dev_get_properties
01-04 04:09:22.274   294   294 I RadioService: loaded default module , handle 1
01-04 04:09:22.275   294   294 I RadioService: convertProperties() Adding band type 1 region 0
01-04 04:09:22.275   294   294 I RadioService: convertProperties() Adding band type 1 region 1
01-04 04:09:22.276   294   294 E SoundTriggerHwService: couldn't load sound trigger module sound_trigger.primary (No such file or directory)
01-04 04:09:22.301   293   293 D AndroidRuntime: CheckJNI is OFF
01-04 04:09:22.300   293   293 I zygote  : type=1400 audit(0.0:14): avc: denied { write } for name="trace_marker" dev="debugfs" ino=1049 scontext=u:r:zygote:s0 tcontext=u:object_r:debugfs:s0 tclass=file permissive=1
01-04 04:09:22.300   293   293 I zygote  : type=1400 audit(0.0:15): avc: denied { open } for path="/sys/kernel/debug/tracing/trace_marker" dev="debugfs" ino=1049 scontext=u:r:zygote:s0 tcontext=u:object_r:debugfs:s0 tclass=file permissive=1
01-04 04:09:22.313   293   293 I art     : option[0]=-Xzygote
01-04 04:09:22.313   293   293 I art     : option[1]=-Xstacktracefile:/data/anr/traces.txt
01-04 04:09:22.313   293   293 I art     : option[2]=exit
01-04 04:09:22.313   293   293 I art     : option[3]=vfprintf
01-04 04:09:22.313   293   293 I art     : option[4]=sensitiveThread
01-04 04:09:22.313   293   293 I art     : option[5]=-verbose:gc
01-04 04:09:22.313   293   293 I art     : option[6]=-Xms8m
01-04 04:09:22.313   293   293 I art     : option[7]=-Xmx256m
01-04 04:09:22.313   293   293 I art     : option[8]=-XX:HeapGrowthLimit=96m
01-04 04:09:22.313   293   293 I art     : option[9]=-XX:HeapMinFree=2m
01-04 04:09:22.314   293   293 I art     : option[10]=-XX:HeapMaxFree=8m
01-04 04:09:22.314   293   293 I art     : option[11]=-XX:HeapTargetUtilization=0.75
01-04 04:09:22.314   293   293 I art     : option[12]=-Xusejit:true
01-04 04:09:22.314   293   293 I art     : option[13]=-Xjitsaveprofilinginfo
01-04 04:09:22.314   293   293 I art     : option[14]=-agentlib:jdwp=transport=dt_android_adb,suspend=n,server=y
01-04 04:09:22.314   293   293 I art     : option[15]=-Xlockprofthreshold:500
01-04 04:09:22.314   293   293 I art     : option[16]=-Ximage-compiler-option
01-04 04:09:22.314   293   293 I art     : option[17]=--runtime-arg
01-04 04:09:22.314   293   293 I art     : option[18]=-Ximage-compiler-option
01-04 04:09:22.314   293   293 I art     : option[19]=-Xms64m
01-04 04:09:22.314   293   293 I art     : option[20]=-Ximage-compiler-option
01-04 04:09:22.314   293   293 I art     : option[21]=--runtime-arg
01-04 04:09:22.314   293   293 I art     : option[22]=-Ximage-compiler-option
01-04 04:09:22.314   293   293 I art     : option[23]=-Xmx64m
01-04 04:09:22.314   293   293 I art     : option[24]=-Ximage-compiler-option
01-04 04:09:22.314   293   293 I art     : option[25]=--image-classes=/system/etc/preloaded-classes
01-04 04:09:22.314   293   293 I art     : option[26]=-Ximage-compiler-option
01-04 04:09:22.314   293   293 I art     : option[27]=--compiled-classes=/system/etc/compiled-classes
01-04 04:09:22.314   293   293 I art     : option[28]=-Xcompiler-option
01-04 04:09:22.314   293   293 I art     : option[29]=--runtime-arg
01-04 04:09:22.314   293   293 I art     : option[30]=-Xcompiler-option
01-04 04:09:22.314   293   293 I art     : option[31]=-Xms64m
01-04 04:09:22.314   293   293 I art     : option[32]=-Xcompiler-option
01-04 04:09:22.314   293   293 I art     : option[33]=--runtime-arg
01-04 04:09:22.314   293   293 I art     : option[34]=-Xcompiler-option
01-04 04:09:22.315   293   293 I art     : option[35]=-Xmx512m
01-04 04:09:22.315   293   293 I art     : option[36]=-Ximage-compiler-option
01-04 04:09:22.315   293   293 I art     : option[37]=--instruction-set-variant=cortex-a53
01-04 04:09:22.315   293   293 I art     : option[38]=-Xcompiler-option
01-04 04:09:22.315   293   293 I art     : option[39]=--instruction-set-variant=cortex-a53
01-04 04:09:22.315   293   293 I art     : option[40]=-Ximage-compiler-option
01-04 04:09:22.315   293   293 I art     : option[41]=--instruction-set-features=default
01-04 04:09:22.315   293   293 I art     : option[42]=-Xcompiler-option
01-04 04:09:22.315   293   293 I art     : option[43]=--instruction-set-features=default
01-04 04:09:22.315   293   293 I art     : option[44]=-Duser.locale=en-US
01-04 04:09:22.315   293   293 I art     : option[45]=--cpu-abilist=armeabi-v7a,armeabi
01-04 04:09:22.315   293   293 I art     : option[46]=-Xfingerprint:Tele2/cm_maxi_lte/maxi_lte:7.1.1/NMF26Q/5701cfb94e:userdebug/test-keys
01-04 04:09:22.354   295   295 I ServiceManager: Waiting for service media.camera.proxy...
01-04 04:09:22.371   293   293 I art     : Pruning dalvik-cache since we are generating an image and will need to recompile
01-04 04:09:22.372   293   293 I art     : Using an offset of 0xcda000 from default art base address of 0x70000000
01-04 04:09:22.372   293   293 I art     : GenerateImage: /system/bin/dex2oat --image=/data/dalvik-cache/arm/system@framework@boot.art --dex-file=/system/framework/telephony-ext.jar --dex-file=/system/framework/core-oj.jar --dex-file=/system/framework/core-libart.jar --dex-file=/system/framework/conscrypt.jar --dex-file=/system/framework/okhttp.jar --dex-file=/system/framework/core-junit.jar --dex-file=/system/framework/bouncycastle.jar --dex-file=/system/framework/ext.jar --dex-file=/system/framework/framework.jar --dex-file=/system/framework/telephony-common.jar --dex-file=/system/framework/voip-common.jar --dex-file=/system/framework/ims-common.jar --dex-file=/system/framework/apache-xml.jar --dex-file=/system/framework/org.apache.http.legacy.boot.jar --oat-file=/data/dalvik-cache/arm/system@framework@boot.oat --instruction-set=arm --instruction-set-features=smp,div,atomic_ldrd_strd --base=0x70cda000 --runtime-arg -Xms64m --runtime-arg -Xmx64m --image-classes=/system/etc/preloaded-classes --compiled-classes=/system/etc/compiled-classes --instructi
01-04 04:09:22.578   433   433 I dex2oat : /system/bin/dex2oat --image=/data/dalvik-cache/arm/system@framework@boot.art --dex-file=/system/framework/telephony-ext.jar --dex-file=/system/framework/core-oj.jar --dex-file=/system/framework/core-libart.jar --dex-file=/system/framework/conscrypt.jar --dex-file=/system/framework/okhttp.jar --dex-file=/system/framework/core-junit.jar --dex-file=/system/framework/bouncycastle.jar --dex-file=/system/framework/ext.jar --dex-file=/system/framework/framework.jar --dex-file=/system/framework/telephony-common.jar --dex-file=/system/framework/voip-common.jar --dex-file=/system/framework/ims-common.jar --dex-file=/system/framework/apache-xml.jar --dex-file=/system/framework/org.apache.http.legacy.boot.jar --oat-file=/data/dalvik-cache/arm/system@framework@boot.oat --instruction-set=arm --instruction-set-features=smp,div,atomic_ldrd_strd --base=0x70cda000 --runtime-arg -Xms64m --runtime-arg -Xmx64m --image-classes=/system/etc/preloaded-classes --compiled-classes=/system/etc/compiled-classes --instruction-set-variant=
01-04 04:09:22.679   433   433 I dex2oat : setting boot class path to /system/framework/telephony-ext.jar:/system/framework/core-oj.jar:/system/framework/core-libart.jar:/system/framework/conscrypt.jar:/system/framework/okhttp.jar:/system/framework/core-junit.jar:/system/framework/bouncycastle.jar:/system/framework/ext.jar:/system/framework/framework.jar:/system/framework/telephony-common.jar:/system/framework/voip-common.jar:/system/framework/ims-common.jar:/system/framework/apache-xml.jar:/system/framework/org.apache.http.legacy.boot.jar
01-04 04:09:22.858   409   442 D libEGL  : loaded /system/lib64/egl/libGLES_mali.so
01-04 04:09:22.910   442   442 I BootAnimation: type=1400 audit(0.0:16): avc: denied { write } for name="trace_marker" dev="debugfs" ino=1049 scontext=u:r:bootanim:s0 tcontext=u:object_r:debugfs:s0 tclass=file permissive=1
01-04 04:09:22.910   442   442 I BootAnimation: type=1400 audit(0.0:17): avc: denied { open } for path="/sys/kernel/debug/tracing/trace_marker" dev="debugfs" ino=1049 scontext=u:r:bootanim:s0 tcontext=u:object_r:debugfs:s0 tclass=file permissive=1
01-04 04:09:22.914   409   442 D mali_winsys: new_window_surface returns 0x3000
01-04 04:09:22.918   409   442 E BootAnimation: Get Carrier Animation file,since it's not support carrier
01-04 04:09:22.918   409   442 E BootAnimation: Get Carrier Animation file,since it's not support carrier
01-04 04:09:22.923   409   442 E BootAnimation: Get Carrier Animation file,since it's not support carrier
01-04 04:09:22.949   288   387 D agps    : [agps] WARNING: [CP] cp2_fd_1_req_sim_num_timeout
01-04 04:09:22.950   288   361 D agps    : [agps][n][CP] [MD_1] write  sim_info_req
01-04 04:09:22.956   409   442 D BootAnimation: Free memory: 812456, max texture size: 8192
01-04 04:09:22.956   409   442 D BootAnimation: Disabled bootanimation texture cache, FPS drops might occur.
01-04 04:09:22.977   288   396 D agps    : [agps] WARNING: [AGPS] agps2_gnss_ack_timeout
01-04 04:09:22.977   288   396 D agps    : [agps][n][AGPS] [MNL] write  agps_settings_sync  sib8_16=[1], gps=[1] glonass=[1] beidou=[1] galileo=[1] aglonass=[1]
01-04 04:09:22.977   290   290 D MNLD    : process: epoll_wait() received 1 events
01-04 04:09:22.977   290   290 D MNLD    : process: mnl2agps_handler: ret = 0
01-04 04:09:22.977   290   290 E agps    : ERR: [MNL2AGPS] agps2mnl unknown type=252
01-04 04:09:22.977   290   290 E MNLD    : main: process data error: 2 (No such file or directory)
01-04 04:09:23.042   281   281 I hwcomposer: [GAME] game: 1 notify gas
01-04 04:09:23.043   281   281 I SceneKnowledgeProvider: SKP: notifyChange(0, 1, -1)
01-04 04:09:23.355   295   295 I ServiceManager: Waiting for service media.camera.proxy...
01-04 04:09:23.737   288   361 D agps    : [agps][n][CP] [MD_1] read  sim_info_rsp  sim_number=2 md_type=0 (0=fdd, 1=tdd) ecid=1 otdoa=0 band_num=0
01-04 04:09:23.737   288   361 E agps    : [agps] ERR: [CP] band_num is not ready  retry=0
01-04 04:09:24.355   295   295 I ServiceManager: Waiting for service media.camera.proxy...
01-04 04:09:24.950   288   387 D agps    : [agps] WARNING: [CP] cp2_fd_1_req_sim_num_timeout
01-04 04:09:24.951   288   361 D agps    : [agps][n][CP] [MD_1] write  sim_info_req
01-04 04:09:24.977   288   396 D agps    : [agps] WARNING: [AGPS] agps2_gnss_ack_timeout
01-04 04:09:24.977   288   396 D agps    : [agps][n][AGPS] [MNL] write  agps_settings_sync  sib8_16=[1], gps=[1] glonass=[1] beidou=[1] galileo=[1] aglonass=[1]
01-04 04:09:24.977   290   290 D MNLD    : process: epoll_wait() received 1 events
01-04 04:09:24.978   290   290 D MNLD    : process: mnl2agps_handler: ret = 0
01-04 04:09:24.978   290   290 E agps    : ERR: [MNL2AGPS] agps2mnl unknown type=252
01-04 04:09:24.978   290   290 E MNLD    : main: process data error: 2 (No such file or directory)
01-04 04:09:25.009   294   415 D SpeechMessengerECCCI: ReadMessage ECCCI, length_read=16, data[0](magic)=0xffffffff, data[1](message)=0xaf700000, ch=0x80000004, reserved=0x0
01-04 04:09:25.009   294   415 W SpeechMessengerECCCI: ..[MD Reset Notify(MSG_M2A_EM_DATA_REQUEST: 0xaf700000)]..
01-04 04:09:25.010   294   478 D SpeechMessengerECCCI: SendSphParaThread setpriority ok, priority: -16
01-04 04:09:25.010   294   478 D SpeechMessengerECCCI: SendSphParaThread(), pid: 294, tid: 478
01-04 04:09:25.010   294   478 D SpeechMessengerECCCI: MDReset_CheckMessageInQueue(), queue count: 1
01-04 04:09:25.010   294   478 E SpeechMessengerECCCI: SendMsgFailErrorHandling(), message: 0x2f760000
01-04 04:09:25.010   294   478 W SpeechMessengerECCCI: SendMsgFailErrorHandling(), message: 0x2f760000, ack don't care
01-04 04:09:25.010   294   478 D SpeechMessengerECCCI: MDReset_CheckMessageInQueue(), check message done
01-04 04:09:25.010   294   415 D SpeechMessengerECCCI: ReadMessage ECCCI, length_read=16, data[0](magic)=0xffffffff, data[1](message)=0xaf760111, ch=0x80010004, reserved=0x0
01-04 04:09:25.010   288   361 D agps    : [agps][n][CP] [MD_1] read  sim_info_rsp  sim_number=2 md_type=0 (0=fdd, 1=tdd) ecid=1 otdoa=0 band_num=4
01-04 04:09:25.010   288   361 D agps    : [agps][n][CP] i=0  support_band=1
01-04 04:09:25.010   288   361 D agps    : [agps][n][CP] i=1  support_band=3
01-04 04:09:25.010   288   361 D agps    : [agps][n][CP] i=2  support_band=7
01-04 04:09:25.010   288   361 D agps    : [agps][n][CP] i=3  support_band=20
01-04 04:09:25.010   288   381 D agps    : [agps][n][task] lpp  rcv src=[MOD_LPP_CP] dest=[MOD_LPP_UP] msg=[MSG_ID_LPP_LBS_CAPABILITY_UPDATE_REQ]
01-04 04:09:25.010   288   381 D agps    : [agps][n][task] lpp  before poll...
01-04 04:09:25.011   288   381 D agps    : [agps][n][task] lpp  rcv src=[MOD_LPP_CP] dest=[MOD_LPP_UP] msg=[MSG_ID_LPP_PEER_EUTRAN_BAND_UPDATE_CNF]
01-04 04:09:25.011   288   381 D agps    : [agps][n][task] lpp  before poll...
01-04 04:09:25.012   294   415 D SpeechMessengerECCCI: GetRFInfo(), mRfInfo(0x111), mRfMode(0)
01-04 04:09:25.012   294   415 D SpeechMessengerECCCI: --MSG_M2A_QUERY_RF_INFO_ACK (0xaf760111)
01-04 04:09:25.012   294   415 W SpeechMessengerECCCI: Message(0xaf760111) might double ack!! The current mWaitAckMessageID is 0x0
01-04 04:09:25.022   294   478 D SpeechMessengerECCCI: MDReset_FlushMessageInQueue(), queue count: 0
01-04 04:09:25.022   294   478 D SpeechMessengerECCCI: SpeechParamLock()
01-04 04:09:25.022   294   478 D SpeechMessengerECCCI: ResetSpeechParamAckCount(), NB(0)/DMNR(0)/WB(0)/MAGICON(0)/HAC(0)/DynamicSPH(0)
01-04 04:09:25.022   294   478 D SpeechMessengerECCCI: WaitUntilModemReady(): Modem ready
01-04 04:09:25.027   294   478 D AudioYusuParam: GetNBSpeechParamFromNVRam audio_nvram_fd.lid = 49
01-04 04:09:25.027   294   478 D AudioYusuParam: GetNBSpeechParamFromNVRam rec_size = 1444 rec_num = 1
01-04 04:09:25.027   294   478 D AudioYusuParam: GetNBSpeechParamFromNVRam uMicbiasVolt = 1900
01-04 04:09:25.027   294   478 D SpeechDriverLAD: SetNBSpeechParameters()
01-04 04:09:25.027   294   478 D SpeechMessengerECCCI: GetMDResetFlag(), mIsModemReset=0
01-04 04:09:25.027   294   478 D SpeechMessengerECCCI: A2MBufLock()
01-04 04:09:25.027   294   478 D SpeechDriverLAD: SetVariousKindsOfSpeechParameters() type = 7, ccci_message_id = 0x2f71
01-04 04:09:25.027   294   478 D SpeechMessengerECCCI: SendMessageInQueue(), mModemIndex = 0, need ack message: 0x5aa, reserved param: 0x2f7105aa
01-04 04:09:25.027   294   478 D SpeechMessengerECCCI: SendMessage ch = 0x5, reserved=0x2f7105aa, msgBuf.payload[0] = 0x7a2a2, payload[1]=0x2b0805a4, payload[2] = 0x6414001a, payload[3]=0x14180819
01-04 04:09:25.027   294   478 D SpeechMessengerECCCI: A2MBufUnLock()
01-04 04:09:25.027   294   478 D SpeechDriverLAD: NVRAM debug: speech_mode_para[0][0]=96 should not be zero
01-04 04:09:25.032   294   478 D AudioYusuParam: GetWBSpeechParamFromNVRam audio_nvram_fd.lid = 58
01-04 04:09:25.032   294   478 D AudioYusuParam: GetWBSpeechParamFromNVRam rec_size = 2416 rec_num = 1
01-04 04:09:25.032   294   478 D SpeechDriverLAD: SetWBSpeechParameters()
01-04 04:09:25.032   294   478 D SpeechMessengerECCCI: GetMDResetFlag(), mIsModemReset=0
01-04 04:09:25.032   294   478 D SpeechMessengerECCCI: A2MBufLock()
01-04 04:09:25.032   294   478 D SpeechDriverLAD: SetVariousKindsOfSpeechParameters() type = 7, ccci_message_id = 0x2f73
01-04 04:09:25.032   294   478 D SpeechMessengerECCCI: SendMessageInQueue(), mModemIndex = 0, need ack message: 0x976, reserved param: 0x2f730976
01-04 04:09:25.032   294   478 D SpeechMessengerECCCI: SendMessageInQueue(), Send message(0x976) to queue, count(2)
01-04 04:09:25.032   294   478 D SpeechDriverLAD: SetSpeechEnhancementMask(), main_func = 0xffbf, dynamic_func = 0xffffff9e
01-04 04:09:25.032   294   478 D SpeechMessengerECCCI: SendMessageInQueue(), Send message(0x2f24ffbf) to queue, count(3)
01-04 04:09:25.032   294   478 D SpeechMessengerECCCI: SpeechParamUnLock()
01-04 04:09:25.036   294   415 D SpeechMessengerECCCI: ReadMessage ECCCI, length_read=16, data[0](magic)=0xffffffff, data[1](message)=0xaf710000, ch=0x80020004, reserved=0x0
01-04 04:09:25.036   294   415 D SpeechMessengerECCCI: AddSpeechParamAckCount(0), NB(1)/DMNR(0)/WB(0)/MAGICON(0)/HAC(0)/DynamicSPH(0)
01-04 04:09:25.036   294   415 D SpeechMessengerECCCI: --SetNBSpeechParameters Ack done(0xaf710000)
01-04 04:09:25.036   294   415 D SpeechMessengerECCCI: ConsumeMessageInQueue(), need ack message: 0x976, count: 2
01-04 04:09:25.036   294   415 D SpeechMessengerECCCI: SendMessage ch = 0x5, reserved=0x2f730976, msgBuf.payload[0] = 0x7a2a2, payload[1]=0x600970, payload[2] = 0x400400fd, payload[3]=0xe107001f
01-04 04:09:25.036   294   415 D SpeechMessengerECCCI: A2MBufUnLock()
01-04 04:09:25.044   294   415 D SpeechMessengerECCCI: ReadMessage ECCCI, length_read=16, data[0](magic)=0xffffffff, data[1](message)=0xaf730000, ch=0x80030004, reserved=0x0
01-04 04:09:25.044   294   415 D SpeechMessengerECCCI: AddSpeechParamAckCount(2), NB(1)/DMNR(0)/WB(1)/MAGICON(0)/HAC(0)/DynamicSPH(0)
01-04 04:09:25.044   294   415 D SpeechMessengerECCCI: --SetWBSpeechParameters Ack done(0xaf730000)
01-04 04:09:25.044   294   415 D SpeechMessengerECCCI: ConsumeMessageInQueue(), no need ack message: 0x2f24ffbf, count: 1
01-04 04:09:25.045   294   415 D SpeechMessengerECCCI: ReadMessage ECCCI, length_read=16, data[0](magic)=0xffffffff, data[1](message)=0xaf24ffbf, ch=0x80040004, reserved=0x0
01-04 04:09:25.046   409   442 D BootAnimation: Free memory: 787520, max texture size: 8192
01-04 04:09:25.046   409   442 D BootAnimation: Disabled bootanimation texture cache, FPS drops might occur.
01-04 04:09:25.237   294   426 W BatteryNotifier: batterystats service unavailable!
01-04 04:09:25.255   294   428 W BatteryNotifier: batterystats service unavailable!
01-04 04:09:25.356   295   295 I ServiceManager: Waiting for service media.camera.proxy...
01-04 04:09:25.521   281   354 W hwcomposer: [JOB] (0) Timed out waiting for vsync...
01-04 04:09:25.596   499   499 I MFI-Conn:  (        main_entity_init,  699) @@@@@@@@@@ main_entity_init() is running @@@@@@@@@@
01-04 04:09:25.596   499   499 D MFI-Conn:  (        main_entity_init,  718) main_entity_init(): Chiptest Enables = "NaN"
01-04 04:09:25.600   499   499 I MFI-Conn:  (        main_entity_init,  933) ########## main_entity_init() has finished @@@@@@@@@@
01-04 04:09:25.600   499   499 I MFI-Conn:  (          mal_mfia_start,   57) mal_mfia_start(): the main entity has been initialized!!
01-04 04:09:25.600   499   499 I MFI-Conn:  (          mal_mfia_start,   71) mal_mfia_start(): XXXX!!
01-04 04:09:25.601   499   499 D MFI-Conn:  (          mfia_task_exec, 1479) mfia_task_exec(): 6
01-04 04:09:25.601   499   499 E MFI-Conn:  (          mfia_task_exec, 1517) ==== thrd_task_exec(): the internal FD 6 for conn. is connected!! ====
01-04 04:09:25.601   499   499 I MFI-Conn:  (          mal_mfia_start,   81) mal_mfia_start(): the MFIA entity has been initialized!!
01-04 04:09:25.601   499   512 I MFI-Conn:  (        wait_nvram_ready,  139) service.nvram_init = Ready, 1
01-04 04:09:25.601   499   512 I MFI-Conn:  (     mfia_task_bootstrap,  643) mfia_task_bootstrap(): the ctrl_chnl with FD -1 has been initialized!!
01-04 04:09:26.977   288   396 D agps    : [agps] WARNING: [AGPS] agps2_gnss_ack_timeout
01-04 04:09:26.977   288   396 D agps    : [agps][n][AGPS] [MNL] write  agps_settings_sync  sib8_16=[1], gps=[1] glonass=[1] beidou=[1] galileo=[1] aglonass=[1]
01-04 04:09:26.978   290   290 D MNLD    : process: epoll_wait() received 1 events
01-04 04:09:26.978   290   290 D MNLD    : process: mnl2agps_handler: ret = 0
01-04 04:09:26.978   290   290 E agps    : ERR: [MNL2AGPS] agps2mnl unknown type=252
01-04 04:09:26.978   290   290 E MNLD    : main: process data error: 2 (No such file or directory)
01-04 04:09:27.590   525   525 I mtkrild : type=1400 audit(0.0:18): avc: denied { read write } for name="mmcblk0p6" dev="tmpfs" ino=253 scontext=u:r:ril-daemon-mtk:s0 tcontext=u:object_r:block_device:s0 tclass=blk_file permissive=1
01-04 04:09:27.590   525   525 I mtkrild : type=1400 audit(0.0:19): avc: denied { open } for path="/dev/block/mmcblk0p6" dev="tmpfs" ino=253 scontext=u:r:ril-daemon-mtk:s0 tcontext=u:object_r:block_device:s0 tclass=blk_file permissive=1
01-04 04:09:28.019   433   560 W dex2oat : Before Android 4.1, method double java.util.concurrent.ThreadLocalRandom.internalNextDouble(double, double) would have incorrectly overridden the package-private method in java.util.Random
01-04 04:09:28.019   433   560 W dex2oat : Before Android 4.1, method int java.util.concurrent.ThreadLocalRandom.internalNextInt(int, int) would have incorrectly overridden the package-private method in java.util.Random
01-04 04:09:28.019   433   560 W dex2oat : Before Android 4.1, method long java.util.concurrent.ThreadLocalRandom.internalNextLong(long, long) would have incorrectly overridden the package-private method in java.util.Random
01-04 04:09:28.238   281   354 W hwcomposer: [JOB] (0) Timed out waiting for vsync...
01-04 04:09:28.640   433   559 W dex2oat : Skipping class com.android.framework.protobuf.nano.CodedInputByteBufferNano from /system/framework/telephony-common.jar previously found in /system/framework/framework.jar:classes2.dex
01-04 04:09:28.642   433   433 W dex2oat : Skipping class com.android.framework.protobuf.nano.CodedOutputByteBufferNano$OutOfSpaceException from /system/framework/telephony-common.jar previously found in /system/framework/framework.jar:classes2.dex
01-04 04:09:28.642   433   433 W dex2oat : Skipping class com.android.framework.protobuf.nano.Extension from /system/framework/telephony-common.jar previously found in /system/framework/framework.jar:classes2.dex
01-04 04:09:28.642   433   433 W dex2oat : Skipping class com.android.framework.protobuf.nano.Extension$PrimitiveExtension from /system/framework/telephony-common.jar previously found in /system/framework/framework.jar:classes2.dex
01-04 04:09:28.642   433   433 W dex2oat : Skipping class com.android.framework.protobuf.nano.FieldArray from /system/framework/telephony-common.jar previously found in /system/framework/framework.jar:classes2.dex
01-04 04:09:28.642   433   433 W dex2oat : Skipping class com.android.framework.protobuf.nano.FieldData from /system/framework/telephony-common.jar previously found in /system/framework/framework.jar:classes2.dex
01-04 04:09:28.642   433   433 W dex2oat : Skipping class com.android.framework.protobuf.nano.InternalNano from /system/framework/telephony-common.jar previously found in /system/framework/framework.jar:classes2.dex
01-04 04:09:28.642   433   433 W dex2oat : Skipping class com.android.framework.protobuf.nano.InvalidProtocolBufferNanoException from /system/framework/telephony-common.jar previously found in /system/framework/framework.jar:classes2.dex
01-04 04:09:28.642   433   559 W dex2oat : Skipping class com.android.framework.protobuf.nano.ExtendableMessageNano from /system/framework/telephony-common.jar previously found in /system/framework/framework.jar:classes2.dex
01-04 04:09:28.642   433   433 W dex2oat : Skipping class com.android.framework.protobuf.nano.MessageNanoPrinter from /system/framework/telephony-common.jar previously found in /system/framework/framework.jar:classes2.dex
01-04 04:09:28.642   433   433 W dex2oat : Skipping class com.android.framework.protobuf.nano.WireFormatNano from /system/framework/telephony-common.jar previously found in /system/framework/framework.jar:classes2.dex
01-04 04:09:28.643   433   433 W dex2oat : Skipping class com.android.framework.protobuf.nano.android.ParcelableExtendableMessageNano from /system/framework/telephony-common.jar previously found in /system/framework/framework.jar:classes2.dex
01-04 04:09:28.643   433   559 W dex2oat : Skipping class com.android.framework.protobuf.nano.UnknownFieldData from /system/framework/telephony-common.jar previously found in /system/framework/framework.jar:classes2.dex
01-04 04:09:28.643   433   433 W dex2oat : Skipping class com.android.framework.protobuf.nano.android.ParcelableMessageNano from /system/framework/telephony-common.jar previously found in /system/framework/framework.jar:classes2.dex
01-04 04:09:28.644   433   558 W dex2oat : Skipping class com.android.framework.protobuf.nano.CodedOutputByteBufferNano from /system/framework/telephony-common.jar previously found in /system/framework/framework.jar:classes2.dex
01-04 04:09:28.645   433   560 W dex2oat : Skipping class com.android.framework.protobuf.nano.MessageNano from /system/framework/telephony-common.jar previously found in /system/framework/framework.jar:classes2.dex
01-04 04:09:28.646   433   559 W dex2oat : Skipping class com.android.framework.protobuf.nano.android.ParcelableMessageNanoCreator from /system/framework/telephony-common.jar previously found in /system/framework/framework.jar:classes2.dex
01-04 04:09:28.978   288   396 D agps    : [agps] WARNING: [AGPS] agps2_gnss_ack_timeout
01-04 04:09:28.978   288   396 D agps    : [agps][n][AGPS] [MNL] write  agps_settings_sync  sib8_16=[1], gps=[1] glonass=[1] beidou=[1] galileo=[1] aglonass=[1]
01-04 04:09:28.978   290   290 D MNLD    : process: epoll_wait() received 1 events
01-04 04:09:28.978   290   290 D MNLD    : process: mnl2agps_handler: ret = 0
01-04 04:09:28.978   290   290 E agps    : ERR: [MNL2AGPS] agps2mnl unknown type=252
01-04 04:09:28.979   290   290 E MNLD    : main: process data error: 2 (No such file or directory)
01-04 04:09:30.978   288   396 D agps    : [agps] WARNING: [AGPS] agps2_gnss_ack_timeout
01-04 04:09:30.978   288   396 D agps    : [agps][n][AGPS] [MNL] write  agps_settings_sync  sib8_16=[1], gps=[1] glonass=[1] beidou=[1] galileo=[1] aglonass=[1]
01-04 04:09:30.978   290   290 D MNLD    : process: epoll_wait() received 1 events
01-04 04:09:30.978   290   290 D MNLD    : process: mnl2agps_handler: ret = 0
01-04 04:09:30.979   290   290 E agps    : ERR: [MNL2AGPS] agps2mnl unknown type=252
01-04 04:09:30.979   290   290 E MNLD    : main: process data error: 2 (No such file or directory)
01-04 04:09:31.354   281   354 W hwcomposer: [JOB] (0) Timed out waiting for vsync...
01-04 04:09:32.057   281   354 W hwcomposer: [JOB] (0) Timed out waiting for vsync...
01-04 04:09:32.921   281   354 W hwcomposer: [JOB] (0) Timed out waiting for vsync...
01-04 04:09:32.978   288   396 D agps    : [agps] WARNING: [AGPS] agps2_gnss_ack_timeout
01-04 04:09:32.978   288   396 D agps    : [agps][n][AGPS] [MNL] write  agps_settings_sync  sib8_16=[1], gps=[1] glonass=[1] beidou=[1] galileo=[1] aglonass=[1]
01-04 04:09:32.979   290   290 D MNLD    : process: epoll_wait() received 1 events
01-04 04:09:32.979   290   290 D MNLD    : process: mnl2agps_handler: ret = 0
01-04 04:09:32.979   290   290 E agps    : ERR: [MNL2AGPS] agps2mnl unknown type=252
01-04 04:09:32.979   290   290 E MNLD    : main: process data error: 2 (No such file or directory)
01-04 04:09:33.458   433   560 W dex2oat : Skipping class com.android.framework.protobuf.nano.CodedInputByteBufferNano from /system/framework/telephony-common.jar previously found in /system/framework/framework.jar:classes2.dex
01-04 04:09:33.458   433   560 W dex2oat : Skipping class com.android.framework.protobuf.nano.CodedOutputByteBufferNano$OutOfSpaceException from /system/framework/telephony-common.jar previously found in /system/framework/framework.jar:classes2.dex
01-04 04:09:33.458   433   560 W dex2oat : Skipping class com.android.framework.protobuf.nano.CodedOutputByteBufferNano from /system/framework/telephony-common.jar previously found in /system/framework/framework.jar:classes2.dex
01-04 04:09:33.458   433   560 W dex2oat : Skipping class com.android.framework.protobuf.nano.MessageNano from /system/framework/telephony-common.jar previously found in /system/framework/framework.jar:classes2.dex
01-04 04:09:33.459   433   560 W dex2oat : Skipping class com.android.framework.protobuf.nano.ExtendableMessageNano from /system/framework/telephony-common.jar previously found in /system/framework/framework.jar:classes2.dex
01-04 04:09:33.459   433   560 W dex2oat : Skipping class com.android.framework.protobuf.nano.Extension from /system/framework/telephony-common.jar previously found in /system/framework/framework.jar:classes2.dex
01-04 04:09:33.459   433   560 W dex2oat : Skipping class com.android.framework.protobuf.nano.Extension$PrimitiveExtension from /system/framework/telephony-common.jar previously found in /system/framework/framework.jar:classes2.dex
01-04 04:09:33.459   433   560 W dex2oat : Skipping class com.android.framework.protobuf.nano.FieldArray from /system/framework/telephony-common.jar previously found in /system/framework/framework.jar:classes2.dex
01-04 04:09:33.459   433   560 W dex2oat : Skipping class com.android.framework.protobuf.nano.FieldData from /system/framework/telephony-common.jar previously found in /system/framework/framework.jar:classes2.dex
01-04 04:09:33.459   433   560 W dex2oat : Skipping class com.android.framework.protobuf.nano.InternalNano from /system/framework/telephony-common.jar previously found in /system/framework/framework.jar:classes2.dex
01-04 04:09:33.459   433   560 W dex2oat : Skipping class com.android.framework.protobuf.nano.InvalidProtocolBufferNanoException from /system/framework/telephony-common.jar previously found in /system/framework/framework.jar:classes2.dex
01-04 04:09:33.459   433   560 W dex2oat : Skipping class com.android.framework.protobuf.nano.MessageNanoPrinter from /system/framework/telephony-common.jar previously found in /system/framework/framework.jar:classes2.dex
01-04 04:09:33.459   433   560 W dex2oat : Skipping class com.android.framework.protobuf.nano.UnknownFieldData from /system/framework/telephony-common.jar previously found in /system/framework/framework.jar:classes2.dex
01-04 04:09:33.459   433   560 W dex2oat : Skipping class com.android.framework.protobuf.nano.WireFormatNano from /system/framework/telephony-common.jar previously found in /system/framework/framework.jar:classes2.dex
01-04 04:09:33.459   433   560 W dex2oat : Skipping class com.android.framework.protobuf.nano.android.ParcelableExtendableMessageNano from /system/framework/telephony-common.jar previously found in /system/framework/framework.jar:classes2.dex
01-04 04:09:33.459   433   560 W dex2oat : Skipping class com.android.framework.protobuf.nano.android.ParcelableMessageNano from /system/framework/telephony-common.jar previously found in /system/framework/framework.jar:classes2.dex
01-04 04:09:33.459   433   560 W dex2oat : Skipping class com.android.framework.protobuf.nano.android.ParcelableMessageNanoCreator from /system/framework/telephony-common.jar previously found in /system/framework/framework.jar:classes2.dex
01-04 04:09:34.978   288   396 D agps    : [agps] WARNING: [AGPS] agps2_gnss_ack_timeout
01-04 04:09:34.979   288   396 D agps    : [agps][n][AGPS] [MNL] write  agps_settings_sync  sib8_16=[1], gps=[1] glonass=[1] beidou=[1] galileo=[1] aglonass=[1]
01-04 04:09:34.980   290   290 D MNLD    : process: epoll_wait() received 1 events
01-04 04:09:34.980   290   290 D MNLD    : process: mnl2agps_handler: ret = 0
01-04 04:09:34.980   290   290 E agps    : ERR: [MNL2AGPS] agps2mnl unknown type=252
01-04 04:09:34.980   290   290 E MNLD    : main: process data error: 2 (No such file or directory)
01-04 04:09:36.580   281   354 W hwcomposer: [JOB] (0) Timed out waiting for vsync...
01-04 04:09:36.883   281   354 W hwcomposer: [JOB] (0) Timed out waiting for vsync...
01-04 04:09:36.986   288   396 D agps    : [agps] WARNING: [AGPS] agps2_gnss_ack_timeout
01-04 04:09:36.986   288   396 D agps    : [agps][n][AGPS] [MNL] write  agps_settings_sync  sib8_16=[1], gps=[1] glonass=[1] beidou=[1] galileo=[1] aglonass=[1]
01-04 04:09:36.986   290   290 D MNLD    : process: epoll_wait() received 1 events
01-04 04:09:36.986   290   290 D MNLD    : process: mnl2agps_handler: ret = 0
01-04 04:09:36.986   290   290 E agps    : ERR: [MNL2AGPS] agps2mnl unknown type=252
01-04 04:09:36.986   290   290 E MNLD    : main: process data error: 2 (No such file or directory)
01-04 04:09:37.251   281   354 W hwcomposer: [JOB] (0) Timed out waiting for vsync...
01-04 04:09:38.986   288   396 D agps    : [agps] WARNING: [AGPS] agps2_gnss_ack_timeout
01-04 04:09:38.986   288   396 D agps    : [agps][n][AGPS] [MNL] write  agps_settings_sync  sib8_16=[1], gps=[1] glonass=[1] beidou=[1] galileo=[1] aglonass=[1]
01-04 04:09:38.986   290   290 D MNLD    : process: epoll_wait() received 1 events
01-04 04:09:38.986   290   290 D MNLD    : process: mnl2agps_handler: ret = 0
01-04 04:09:38.986   290   290 E agps    : ERR: [MNL2AGPS] agps2mnl unknown type=252
01-04 04:09:38.986   290   290 E MNLD    : main: process data error: 2 (No such file or directory)
