01-03 21:24:01.116   577  1250 I Telecom : PhoneAccountRegistrar: [ComponentInfo{com.android.phone/com.android.services.telephony.TelephonyConnectionService}, [e0184adedf913b076626646d3f52c3b49c39ad6d], UserHandle{0}(icon: Icon(typ=BITMAP size=38x48) -> Icon(typ=BITMAP size=38x48))]: TSI.rPA@ACA
01-03 21:24:01.120   577  1250 I Telecom : : Sending phone-account registered intent as user: TSI.rPA@ACA
01-03 21:24:01.393   577   577 I ActivityManager: Start proc 1700:com.android.dialer/u0a11 for broadcast com.android.dialer/.calllog.CallLogReceiver
01-03 21:24:01.443   577  1699 I BootReceiver: Copying /proc/last_kmsg to DropBox (SYSTEM_LAST_KMSG)
01-03 21:24:01.494   577  1699 I BootReceiver: Copying /sys/fs/pstore/console-ramoops to DropBox (SYSTEM_LAST_KMSG)
01-03 21:24:01.617   577  1699 I BootReceiver: Copying audit failures to DropBox
01-03 21:24:01.627   577  1699 I BootReceiver: Copied 1068 worth of audits to DropBox
01-03 21:24:01.663   577  1699 I BootReceiver: Checking for fsck errors
01-03 21:24:01.666   577  1699 I BootReceiver: Copying /data/tombstones/tombstone_00 to DropBox (SYSTEM_TOMBSTONE)
01-03 21:24:01.711   577  1699 I BootReceiver: Copying /data/tombstones/tombstone_01 to DropBox (SYSTEM_TOMBSTONE)
01-03 21:24:01.789   577  1699 I BootReceiver: Copying /data/tombstones/tombstone_02 to DropBox (SYSTEM_TOMBSTONE)
01-03 21:24:01.808   577  1558 I ActivityManager: Start proc 1719:com.android.calendar/u0a43 for broadcast com.android.calendar/.alerts.AlertReceiver
01-03 21:24:01.859   577   976 I ActivityManager: Start proc 1732:com.android.carrierconfig/u0a5 for service com.android.carrierconfig/.DefaultCarrierConfigService
01-03 21:24:01.894   577  1699 I BootReceiver: Copying /data/tombstones/tombstone_03 to DropBox (SYSTEM_TOMBSTONE)
01-03 21:24:01.908   577  1557 I ActivityManager: Start proc 1748:android.process.acore/u0a1 for content provider com.android.providers.contacts/.CallLogProvider
01-03 21:24:01.953   577  1699 I BootReceiver: Copying /data/tombstones/tombstone_05 to DropBox (SYSTEM_TOMBSTONE)
01-03 21:24:02.148   577   577 I Telecom : PhoneAccountRegistrar: SimCallManager queried, returning: null: TSI.gSCMFU@ACI
01-03 21:24:02.151   577  1699 I BootReceiver: Copying /data/tombstones/tombstone_06 to DropBox (SYSTEM_TOMBSTONE)
01-03 21:24:02.172   577   577 I Telecom : PhoneAccountRegistrar: SimCallManager queried, returning: null: TSI.gSCMFU@ACM
01-03 21:24:02.291   577  1699 I BootReceiver: Copying /data/tombstones/tombstone_07 to DropBox (SYSTEM_TOMBSTONE)
01-03 21:24:02.371   577  1699 I BootReceiver: Copying /data/tombstones/tombstone_08 to DropBox (SYSTEM_TOMBSTONE)
01-03 21:24:02.421   577   590 I ActivityManager: Start proc 1774:com.android.camera2/u0a42 for broadcast com.android.camera2/com.android.camera.DisableCameraReceiver
01-03 21:24:02.451   577  1699 I BootReceiver: Copying /data/tombstones/tombstone_09 to DropBox (SYSTEM_TOMBSTONE)
01-03 21:24:02.474   577   830 D ConnectivityService: registerNetworkAgent NetworkAgentInfo{ ni{[type: WIFI[], state: CONNECTING/CONNECTING, reason: (unspecified), extra: "ZIMA-HOME", failover: false, available: true, roaming: false, metered: false]}  network{100}  nethandle{429513165534}  lp{{LinkAddresses: []  Routes: [] DnsAddresses: [] Domains: null MTU: 0}}  nc{[ Transports: WIFI Capabilities: NOT_METERED&INTERNET&NOT_RESTRICTED&TRUSTED&NOT_VPN LinkUpBandwidth>=1048576Kbps LinkDnBandwidth>=1048576Kbps]}  Score{20}  everValidated{false}  lastValidated{false}  created{false} lingering{false} explicitlySelected{false} acceptUnvalidated{false} everCaptivePortalDetected{false} lastCaptivePortalDetected{false} }
01-03 21:24:02.475   577   834 D ConnectivityService: NetworkAgentInfo [WIFI () - 100] EVENT_NETWORK_INFO_CHANGED, going from null to CONNECTING
01-03 21:24:02.587   577  1552 I ActivityManager: Start proc 1796:com.android.providers.calendar/u0a4 for content provider com.android.providers.calendar/.CalendarProvider2
01-03 21:24:02.776   577   834 D ConnectivityService: NetworkAgentInfo [WIFI () - 100] EVENT_NETWORK_INFO_CHANGED, going from CONNECTING to CONNECTED
01-03 21:24:02.782   577   834 D ConnectivityService: Adding iface wlan0 to network 100
01-03 21:24:03.153   577   834 D ConnectivityService: Setting DNS servers for network 100 to [/172.17.112.1]
01-03 21:24:03.213   577   834 D ConnectivityService: Switching to new default network: NetworkAgentInfo{ ni{[type: WIFI[], state: CONNECTED/CONNECTED, reason: (unspecified), extra: "ZIMA-HOME", failover: false, available: true, roaming: false, metered: false]}  network{100}  nethandle{429513165534}  lp{{InterfaceName: wlan0 LinkAddresses: [fe80::68c:8ff:fe55:8cae/64,172.17.112.31/24,]  Routes: [fe80::/64 -> :: wlan0,172.17.112.0/24 -> 0.0.0.0 wlan0,0.0.0.0/0 -> 172.17.112.1 wlan0,] DnsAddresses: [172.17.112.1,] Domains: null MTU: 0 TcpBufferSizes: 524288,1048576,2097152,262144,524288,1048576}}  nc{[ Transports: WIFI Capabilities: NOT_METERED&INTERNET&NOT_RESTRICTED&TRUSTED&NOT_VPN&FOREGROUND LinkUpBandwidth>=1048576Kbps LinkDnBandwidth>=1048576Kbps SignalStrength: -38]}  Score{20}  everValidated{false}  lastValidated{false}  created{true} lingering{false} explicitlySelected{false} acceptUnvalidated{false} everCaptivePortalDetected{false} lastCaptivePortalDetected{false} }
01-03 21:24:03.646   577   924 W NativeCrashListener: Couldn't find ProcessRecord for pid 1784
01-03 21:24:03.659   577   610 I BootReceiver: Copying /data/tombstones/tombstone_04 to DropBox (SYSTEM_TOMBSTONE)
01-03 21:24:03.739   577   834 E NetdConnector: NDC Command {41 idletimer add wlan0 15 1} took too long (524ms)
01-03 21:24:03.762   577   834 D ConnectivityService: Sending CONNECTED broadcast for type 1 NetworkAgentInfo [WIFI () - 100] isDefaultNetwork=true
01-03 21:24:03.769   577   834 D NetworkNotificationManager: clearNotification id=100
01-03 21:24:03.769   577   834 D ConnectivityService: NetworkAgentInfo [WIFI () - 100] validation passed
01-03 21:24:06.439   577  1023 I ActivityManager: Setting hasTopUi=false for pid=914
01-03 21:24:07.352   577  1245 I ActivityManager: START u0 {act=android.intent.action.MAIN cat=[android.intent.category.LAUNCHER] flg=0x10200000 cmp=com.android.camera2/com.android.camera.CameraLauncher bnds=[566,1134][700,1286] (has extras)} from uid 10027 on display 0
01-03 21:24:08.536   577   924 W NativeCrashListener: Couldn't find ProcessRecord for pid 1855
01-03 21:24:08.542   577   610 I BootReceiver: Copying /data/tombstones/tombstone_06 to DropBox (SYSTEM_TOMBSTONE)
01-03 21:24:09.107   577   603 I ActivityManager: Config changes=480 {1.0 ?mcc?mnc [ru_RU] ldltr sw360dp w640dp h336dp 320dpi nrml long land finger -keyb/v/h -nav/h s.7}
01-03 21:24:09.288   577   613 I WindowManager: Screen frozen for +247ms due to Window{6934501 u0 Starting com.android.camera2}
01-03 21:24:13.299   577   924 W NativeCrashListener: Couldn't find ProcessRecord for pid 1862
01-03 21:24:13.303   577   610 I BootReceiver: Copying /data/tombstones/tombstone_07 to DropBox (SYSTEM_TOMBSTONE)
01-03 21:24:15.740   577   602 I ActivityManager: Waited long enough for: ServiceRecord{71ff64d u0 com.cyanogenmod.lockclock/.weather.WeatherSourceListenerService}
01-03 21:24:17.286   577   694 I ActivityManager: START u0 {act=android.intent.action.MAIN cat=[android.intent.category.HOME] flg=0x10200000 cmp=com.cyanogenmod.trebuchet/com.android.launcher3.Launcher (has extras)} from uid 1000 on display 0
01-03 21:24:17.371   577   694 I ActivityManager: Config changes=480 {1.0 ?mcc?mnc [ru_RU] ldltr sw360dp w360dp h616dp 320dpi nrml long port finger -keyb/v/h -nav/h s.8}
01-03 21:24:17.478   577   602 W ActivityManager: Launch timeout has expired, giving up wake lock!
01-03 21:24:17.484   577   602 I ActivityManager: Waited long enough for: ServiceRecord{261a4f1 u0 com.android.calendar/.alerts.InitAlarmsService}
01-03 21:24:17.613   577   613 I WindowManager: Screen frozen for +266ms due to Window{ee0de89 u0 com.android.systemui.ImageWallpaper}
01-03 21:24:17.635   577   694 I ActivityManager: START u0 {act=android.intent.action.MAIN cat=[android.intent.category.HOME] flg=0x10200000 cmp=com.cyanogenmod.trebuchet/com.android.launcher3.Launcher (has extras)} from uid 1000 on display 0
01-03 21:24:17.848  1588  1588 W ViewRootImpl[Launcher]: Dropping event due to no window focus: KeyEvent { action=ACTION_DOWN, keyCode=KEYCODE_BACK, scanCode=158, metaState=0, flags=0x8, repeatCount=0, eventTime=63101, downTime=63101, deviceId=1, source=0x101 }
01-03 21:24:17.851  1588  1588 W ViewRootImpl[Launcher]: Cancelling event due to no window focus: KeyEvent { action=ACTION_UP, keyCode=KEYCODE_BACK, scanCode=158, metaState=0, flags=0x28, repeatCount=0, eventTime=63257, downTime=63101, deviceId=1, source=0x101 }
01-03 21:24:17.851  1588  1588 W ViewRootImpl[Launcher]: Cancelling event due to no window focus: KeyEvent { action=ACTION_UP, keyCode=KEYCODE_BACK, scanCode=158, metaState=0, flags=0x28, repeatCount=0, eventTime=63257, downTime=63101, deviceId=1, source=0x101 }
01-03 21:24:17.851  1588  1588 W ViewRootImpl[Launcher]: Cancelling event due to no window focus: KeyEvent { action=ACTION_UP, keyCode=KEYCODE_BACK, scanCode=158, metaState=0, flags=0x28, repeatCount=0, eventTime=63257, downTime=63101, deviceId=1, source=0x101 }
01-03 21:24:17.857  1588  1588 W ViewRootImpl[Launcher]: Cancelling event due to no window focus: KeyEvent { action=ACTION_UP, keyCode=KEYCODE_BACK, scanCode=158, metaState=0, flags=0x28, repeatCount=0, eventTime=63257, downTime=63101, deviceId=1, source=0x101 }
01-03 21:24:17.858  1588  1588 W ViewRootImpl[Launcher]: Cancelling event due to no window focus: KeyEvent { action=ACTION_UP, keyCode=KEYCODE_BACK, scanCode=158, metaState=0, flags=0x28, repeatCount=0, eventTime=63257, downTime=63101, deviceId=1, source=0x101 }
01-03 21:24:17.858  1588  1588 W ViewRootImpl[Launcher]: Cancelling event due to no window focus: KeyEvent { action=ACTION_UP, keyCode=KEYCODE_BACK, scanCode=158, metaState=0, flags=0x28, repeatCount=0, eventTime=63257, downTime=63101, deviceId=1, source=0x101 }
01-03 21:24:17.858  1588  1588 W ViewRootImpl[Launcher]: Cancelling event due to no window focus: KeyEvent { action=ACTION_UP, keyCode=KEYCODE_BACK, scanCode=158, metaState=0, flags=0x28, repeatCount=0, eventTime=63257, downTime=63101, deviceId=1, source=0x101 }
01-03 21:24:17.858  1588  1588 W ViewRootImpl[Launcher]: Cancelling event due to no window focus: KeyEvent { action=ACTION_UP, keyCode=KEYCODE_BACK, scanCode=158, metaState=0, flags=0x28, repeatCount=0, eventTime=63257, downTime=63101, deviceId=1, source=0x101 }
01-03 21:24:17.859  1588  1588 W ViewRootImpl[Launcher]: Cancelling event due to no window focus: KeyEvent { action=ACTION_UP, keyCode=KEYCODE_BACK, scanCode=158, metaState=0, flags=0x28, repeatCount=0, eventTime=63257, downTime=63101, deviceId=1, source=0x101 }
01-03 21:24:17.860  1588  1588 W ViewRootImpl[Launcher]: Dropping event due to no window focus: KeyEvent { action=ACTION_DOWN, keyCode=KEYCODE_BACK, scanCode=158, metaState=0, flags=0x8, repeatCount=0, eventTime=63486, downTime=63486, deviceId=1, source=0x101 }
01-03 21:24:17.871  1588  1588 W ViewRootImpl[Launcher]: Cancelling event due to no window focus: KeyEvent { action=ACTION_UP, keyCode=KEYCODE_BACK, scanCode=158, metaState=0, flags=0x28, repeatCount=0, eventTime=63642, downTime=63486, deviceId=1, source=0x101 }
01-03 21:24:17.871  1588  1588 W ViewRootImpl[Launcher]: Cancelling event due to no window focus: KeyEvent { action=ACTION_UP, keyCode=KEYCODE_BACK, scanCode=158, metaState=0, flags=0x28, repeatCount=0, eventTime=63642, downTime=63486, deviceId=1, source=0x101 }
01-03 21:24:17.871  1588  1588 W ViewRootImpl[Launcher]: Cancelling event due to no window focus: KeyEvent { action=ACTION_UP, keyCode=KEYCODE_BACK, scanCode=158, metaState=0, flags=0x28, repeatCount=0, eventTime=63642, downTime=63486, deviceId=1, source=0x101 }
01-03 21:24:17.880   577  1551 W InputMethodManagerService: Window already focused, ignoring focus gain of: com.android.internal.view.IInputMethodClient$Stub$Proxy@3e57ef2 attribute=null, token = android.os.BinderProxy@c46d8d9
01-03 21:24:18.456   577   924 W NativeCrashListener: Couldn't find ProcessRecord for pid 1869
01-03 21:24:18.462   577   610 I BootReceiver: Copying /data/tombstones/tombstone_00 to DropBox (SYSTEM_TOMBSTONE)
01-03 21:24:23.242   577   924 W NativeCrashListener: Couldn't find ProcessRecord for pid 1877
01-03 21:24:23.247   577   610 I BootReceiver: Copying /data/tombstones/tombstone_08 to DropBox (SYSTEM_TOMBSTONE)
01-03 21:24:27.450   577   602 W ActivityManager: Activity stop timeout for ActivityRecord{b8e39cd u0 com.android.camera2/com.android.camera.CameraLauncher t28}
01-03 21:24:27.921   577   924 W NativeCrashListener: Couldn't find ProcessRecord for pid 1892
01-03 21:24:27.926   577   610 I BootReceiver: Copying /data/tombstones/tombstone_09 to DropBox (SYSTEM_TOMBSTONE)
01-03 21:24:32.694   577   924 W NativeCrashListener: Couldn't find ProcessRecord for pid 1899
01-03 21:24:32.699   577   610 I BootReceiver: Copying /data/tombstones/tombstone_02 to DropBox (SYSTEM_TOMBSTONE)
01-03 21:24:38.413   577   924 W NativeCrashListener: Couldn't find ProcessRecord for pid 1906
01-03 21:24:38.418   577   610 I BootReceiver: Copying /data/tombstones/tombstone_01 to DropBox (SYSTEM_TOMBSTONE)
01-03 21:24:43.180   577   924 W NativeCrashListener: Couldn't find ProcessRecord for pid 1913
01-03 21:24:43.184   577   610 I BootReceiver: Copying /data/tombstones/tombstone_03 to DropBox (SYSTEM_TOMBSTONE)
01-03 21:24:48.053   577   924 W NativeCrashListener: Couldn't find ProcessRecord for pid 1921
01-03 21:24:48.057   577   610 I BootReceiver: Copying /data/tombstones/tombstone_05 to DropBox (SYSTEM_TOMBSTONE)
01-03 21:24:52.810   577   924 W NativeCrashListener: Couldn't find ProcessRecord for pid 1930
01-03 21:24:52.816   577   610 I BootReceiver: Copying /data/tombstones/tombstone_04 to DropBox (SYSTEM_TOMBSTONE)
01-03 21:24:58.575   577   924 W NativeCrashListener: Couldn't find ProcessRecord for pid 1937
01-03 21:24:58.580   577   610 I BootReceiver: Copying /data/tombstones/tombstone_06 to DropBox (SYSTEM_TOMBSTONE)
01-03 21:25:02.378   577   602 W BroadcastQueue: Timeout of broadcast BroadcastRecord{1c90d9e u0 android.intent.action.BOOT_COMPLETED} - receiver=android.os.BinderProxy@af5207f, started 60000ms ago
01-03 21:25:02.379   577   602 W BroadcastQueue: Receiver during timeout: ResolveInfo{b7fb84c com.android.camera2/com.android.camera.DisableCameraReceiver m=0x108000}
01-03 21:25:02.540   577  1023 I ActivityManager: Start proc 1945:com.android.email/u0a52 for broadcast com.android.email/.service.EmailBroadcastReceiver
01-03 21:25:02.739   577   602 E ActivityManager: ANR in com.android.camera2
01-03 21:25:02.739   577   602 E ActivityManager: PID: 1774
01-03 21:25:02.739   577   602 E ActivityManager: Reason: Broadcast of Intent { act=android.intent.action.BOOT_COMPLETED flg=0x9000010 cmp=com.android.camera2/com.android.camera.DisableCameraReceiver (has extras) }
01-03 21:25:02.739   577   602 E ActivityManager: Load: 0.0 / 0.0 / 0.0
01-03 21:25:02.739   577   602 E ActivityManager: CPU usage from 62546ms to 0ms ago (2017-01-03 21:23:59.845 to 2017-01-03 21:25:02.392):
01-03 21:25:02.739   577   602 E ActivityManager:   11% 577/system_server: 7.8% user + 3.5% kernel / faults: 11360 minor 85 major
01-03 21:25:02.739   577   602 E ActivityManager:   10% 914/com.android.systemui: 8% user + 2.8% kernel / faults: 2451 minor 4 major
01-03 21:25:02.739   577   602 E ActivityManager:   9.2% 286/surfaceflinger: 4.1% user + 5.1% kernel / faults: 331 minor
01-03 21:25:02.739   577   602 E ActivityManager:   4.1% 1588/com.cyanogenmod.trebuchet: 3.2% user + 0.9% kernel / faults: 10511 minor 17 major
01-03 21:25:02.739   577   602 E ActivityManager:   2.7% 1535/android.process.media: 1.9% user + 0.7% kernel / faults: 5856 minor 2 major
01-03 21:25:02.739   577   602 E ActivityManager:   1.4% 252/logd: 0.7% user + 0.6% kernel / faults: 180 minor
01-03 21:25:02.739   577   602 E ActivityManager:   1% 48/kworker/u9:0: 0% user + 1% kernel
01-03 21:25:02.739   577   602 E ActivityManager:   0.7% 378/logcat: 0.4% user + 0.3% kernel
01-03 21:25:02.739   577   602 E ActivityManager:   0.7% 1402/kworker/u9:4: 0% user + 0.7% kernel
01-03 21:25:02.739   577   602 E ActivityManager:   0.7% 151/mmcqd/0: 0% user + 0.7% kernel
01-03 21:25:02.739   577   602 E ActivityManager:   0.5% 60/kworker/0:1: 0% user + 0.5% kernel
01-03 21:25:02.739   577   602 E ActivityManager:   0.3% 400/adbd: 0.1% user + 0.2% kernel / faults: 1311 minor
01-03 21:25:02.739   577   602 E ActivityManager:   0.5% 303/audioserver: 0.3% user + 0.2% kernel / faults: 153 minor 1 major
01-03 21:25:02.739   577   602 E ActivityManager:   0.5% 1215/com.android.phone: 0.4% user + 0% kernel / faults: 678 minor
01-03 21:25:02.739   577   602 E ActivityManager:   0.4% 100/frame_update_wo: 0% user + 0.4% kernel
01-03 21:25:02.739   577   602 E ActivityManager:   0.3% 1046/sdcard: 0% user + 0.3% kernel / faults: 31 minor
01-03 21:25:02.739   577   602 E ActivityManager:   0.3% 302/zygote: 0% user + 0.2% kernel / faults: 1283 minor
01-03 21:25:02.739   577   602 E ActivityManager:   0.2% 90/hps_main: 0% user + 0.2% kernel
01-03 21:25:02.739   577   602 E ActivityManager:   0.2% 285/servicemanager: 0.1% user + 0.1% kernel
01-03 21:25:02.739   577   602 E ActivityManager:   0.2% 99/present_fence_w: 0% user + 0.2% kernel
01-03 21:25:02.739   577   602 E ActivityManager:   0.2% 175/mtk charger_hv_: 0% user + 0.2% kernel
01-03 21:25:02.739   577   602 E ActivityManager:   0.2% 1154/wpa_supplicant: 0.1% user + 0% kernel / faults: 47 minor
01-03 21:25:02.739   577   602 E ActivityManager:   0.1% 172/mtk-tpd: 0% user + 0.1% kernel
01-03 21:25:02.739   577   602 E ActivityManager:   0.1% 7/rcu_preempt: 0% user + 0.1% kernel
01-03 21:25:02.739   577   602 E ActivityManager:   0.1% 103/kworker/u8:2: 0% user + 0.1% kernel
01-03 21:25:02.739   577   602 E ActivityManager:   0.1% 1//init: 0% user + 0% kernel / faults: 258 minor
01-03 21:25:02.739   577   602 E ActivityManager:   0.1% 174/bat_thread_kthr: 0% user + 0.1% kernel
01-03 21:25:02.739   577   602 E ActivityManager:   0.1% 1135/tx_thread: 0% user + 0.1% kernel
01-03 21:25:02.739   577   602 E ActivityManager:   0.1% 1401/kworker/u9:3: 0% user + 0.1% kernel
01-03 21:25:02.739   577   602 E ActivityManager:   0.1% 1497/com.android.printspooler: 0.1% user + 0% kernel / faults: 1151 minor
01-03 21:25:02.739   577   602 E ActivityManager:   0.1% 88/pbm: 0% user + 0.1% kernel
01-03 21:25:02.739   577   602 E ActivityManager:   0% 278/healthd: 0% user + 0% kernel
01-03 21:25:02.739   577   602 E ActivityManager:   0% 315/netd: 0% user + 0% kernel / faults: 405 minor 1 major
01-03 21:25:02.739   577   602 E ActivityManager:   0% 56/cfinteractive: 0% user + 0% kernel
01-03 21:25:02.739   577   602 E ActivityManager:   0% 57/ion_mm_heap: 0% user + 0% kernel
01-03 21:25:02.739   577   602 E ActivityManager:   0% 900/com.android.inputmethod.latin: 0% user + 0% kernel / faults: 149 minor
01-03 21:25:02.739   577   602 E ActivityManager:   0% 935/sdcard: 0% user + 0% kernel / faults: 9 minor
01-03 21:25:02.739   577   602 E ActivityManager:   0% 1230/com.android.settings: 0% user + 0% kernel / faults: 930 minor
01-03 21:25:02.739   577   602 E ActivityManager:   0% 1559/com.android.keychain: 0% user + 0% kernel / faults: 1036 minor
01-03 21:25:02.739   577   602 E ActivityManager:   0% 155/kworker/u8:3: 0% user + 0% kernel
01-03 21:25:02.739   577   602 E ActivityManager:   0% 156/kworker/u8:4: 0% user + 0% kernel
01-03 21:25:02.739   577   602 E ActivityManager:   0% 190/jbd2/mmcblk0p22: 0% user + 0% kernel
01-03 21:25:02.739   577   602 E ActivityManager:   0% 521/mtkrild: 0% user + 0% kernel
01-03 21:25:02.739   577   602 E ActivityManager:   0% 1444/com.android.deskclock: 0% user + 0% kernel / faults: 982 minor
01-03 21:25:02.739   577   602 E ActivityManager:   0% 10/migration/0: 0% user + 0% kernel
01-03 21:25:02.739   577   602 E ActivityManager:   0% 17/kworker/2:0: 0% user + 0% kernel
01-03 21:25:02.739   577   602 E ActivityManager:   0% 167/mmcqd/1: 0% user + 0% kernel
01-03 21:25:02.739   577   602 E ActivityManager:   0% 284/lmkd: 0% user + 0% kernel
01-03 21:25:02.739   577   602 E ActivityManager:   0% 441/gsm0710muxd: 0% user + 0% kernel
01-03 21:25:02.739   577   602 E ActivityManager:   0% 3/ksoftirqd/0: 0% user + 0% kernel
01-03 21:25:02.739   577   602 E ActivityManager:   0% 8/rcu_sched: 0% user + 0% kernel
01-03 21:25:02.739   577   602 E ActivityManager:   0% 11/migration/1: 0% user + 0% kernel
01-03 21:25:02.739   577   602 E ActivityManager:   0% 13/kworker/1:0: 0% user + 0% kernel
01-03 21:25:02.739   577   602 E ActivityManager:   0% 97/display_esd_che: 0% user + 0% kernel
01-03 21:25:02.739   577   602 E ActivityManager:   0% 180/ueventd: 0% user + 0% kernel
01-03 21:25:02.739   577   602 E ActivityManager:   0% 254/debuggerd: 0% user + 0% kernel / faults: 117 minor
01-03 21:25:02.739   577   602 E ActivityManager:   0% 886/com.android.bluetooth: 0% user + 0% kernel / faults: 21 minor
01-03 21:25:02.739   577   602 E ActivityManager:   0% 1347/com.android.cellbroadcastreceiver: 0% user + 0% kernel / faults: 49 minor
01-03 21:25:02.739   577   602 E ActivityManager:   0% 1483/org.cyanogenmod.weatherservice: 0% user + 0% kernel / faults: 71 minor
01-03 21:25:02.739   577   602 E ActivityManager:   0% 1572/com.android.smspush: 0% user + 0% kernel / faults: 173 minor
01-03 21:25:02.739   577   602 E ActivityManager:   0% 12/ksoftirqd/1: 0% user + 0% kernel
01-03 21:25:02.739   577   602 E ActivityManager:   0% 15/migration/2: 0% user + 0% kernel
01-03 21:25:02.739   577   602 E ActivityManager:   0% 20/ksoftirqd/3: 0% user + 0% kernel
01-03 21:25:02.739   577   602 E ActivityManager:   0% 22/kworker/3:0H: 0% user + 0% kernel
01-03 21:25:02.739   577   602 E ActivityManager:   0% 59/kworker/3:1: 0% user + 0% kernel
01-03 21:25:02.739   577   602 E ActivityManager:   0% 102/display_idle_de: 0% user + 0% kernel
01-03 21:25:02.739   577   602 E ActivityManager:   0% 143/btif_rxd: 0% user + 0% kernel
01-03 21:25:02.739   577   602 E ActivityManager:   0% 181/kworker/2:1H: 0% user + 0% kernel
01-03 21:25:02.739   577   602 E ActivityManager:   0% 186/kworker/0:1H: 0% user + 0% kernel
01-03 21:25:02.739   577   602 E ActivityManager:   0% 314/mediaserver: 0% user + 0% kernel / faults: 4 
01-03 21:25:02.741   577   602 I ActivityManager: Killing 1774:com.android.camera2/u0a42 (adj 900): bg anr
01-03 21:25:02.810   577  1245 I ActivityManager: Start proc 1968:com.android.exchange/u0a49 for service com.android.exchange/.service.EasService
01-03 21:25:02.812   577  1557 D ActivityManager: cleanUpApplicationRecord -- 1774
01-03 21:25:02.837  1945  1982 D ActivityThread: Loading provider com.android.email.provider;com.android.email.notifier: com.android.email.provider.EmailProvider
01-03 21:25:02.994   577  1250 I ActivityManager: Start proc 1990:com.android.gallery3d/u0a18 for broadcast com.android.gallery3d/com.android.camera.DisableCameraReceiver
01-03 21:25:03.042   577  1023 W ActivityManager: Unable to start service Intent { cmp=com.android.email/.service.AttachmentService } U=0: not found
01-03 21:25:03.044   577  1552 W ActivityManager: Unable to start service Intent { cmp=com.android.email/.service.AttachmentService } U=0: not found
01-03 21:25:03.370   577   924 W NativeCrashListener: Couldn't find ProcessRecord for pid 1959
01-03 21:25:03.375   577   610 I BootReceiver: Copying /data/tombstones/tombstone_07 to DropBox (SYSTEM_TOMBSTONE)
01-03 21:25:08.129   577   924 W NativeCrashListener: Couldn't find ProcessRecord for pid 2016
01-03 21:25:08.134   577   610 I BootReceiver: Copying /data/tombstones/tombstone_00 to DropBox (SYSTEM_TOMBSTONE)
01-03 21:25:12.894   577   924 W NativeCrashListener: Couldn't find ProcessRecord for pid 2023
01-03 21:25:12.899   577   610 I BootReceiver: Copying /data/tombstones/tombstone_08 to DropBox (SYSTEM_TOMBSTONE)
01-03 21:25:17.640   577   615 I PowerManagerService: Going to sleep due to screen timeout (uid 1000)...
01-03 21:25:17.660   577   924 W NativeCrashListener: Couldn't find ProcessRecord for pid 2030
01-03 21:25:17.665   577   610 I BootReceiver: Copying /data/tombstones/tombstone_09 to DropBox (SYSTEM_TOMBSTONE)
01-03 21:25:18.114   577   602 I ActivityManager: Waited long enough for: ServiceRecord{287cc7c u0 com.android.email/.service.LegacyImapSyncAdapterService}
01-03 21:25:18.291   577   613 I DisplayManagerService: Display device changed state: "Встроенный экран", OFF
01-03 21:25:18.580   577   615 I DreamManagerService: Entering dreamland.
01-03 21:25:18.581   577   615 I PowerManagerService: Dozing...
01-03 21:25:18.586   577   611 I DreamController: Starting dream: name=ComponentInfo{com.android.systemui/com.android.systemui.doze.DozeService}, isTest=false, canDoze=true, userId=0
01-03 21:25:22.667   577   591 I ActivityManager: Setting hasTopUi=true for pid=914
01-03 21:25:23.589   577   924 W NativeCrashListener: Couldn't find ProcessRecord for pid 2040
01-03 21:25:23.594   577   610 I BootReceiver: Copying /data/tombstones/tombstone_02 to DropBox (SYSTEM_TOMBSTONE)
01-03 21:25:28.412   577   924 W NativeCrashListener: Couldn't find ProcessRecord for pid 2047
01-03 21:25:28.416   577   610 I BootReceiver: Copying /data/tombstones/tombstone_01 to DropBox (SYSTEM_TOMBSTONE)
01-03 21:25:33.227   577   924 W NativeCrashListener: Couldn't find ProcessRecord for pid 2054
01-03 21:25:33.231   577   610 I BootReceiver: Copying /data/tombstones/tombstone_03 to DropBox (SYSTEM_TOMBSTONE)
01-03 21:25:34.948   577   695 I PowerManagerService: Waking up from dozing (uid 1000)...
01-03 21:25:34.952   577   615 I DisplayPowerController: Blocking screen on until initial contents have been drawn.
01-03 21:25:34.954   577   613 I DisplayManagerService: Display device changed state: "Встроенный экран", ON
01-03 21:25:35.437   577   615 I DisplayPowerController: Unblocked screen on after 484 ms
01-03 21:25:35.439   577   615 I DreamManagerService: Gently waking up from dream.
01-03 21:25:35.441   577  1558 I DreamManagerService: Leaving dreamland.
01-03 21:25:35.442   577   611 I DreamController: Stopping dream: name=ComponentInfo{com.android.systemui/com.android.systemui.doze.DozeService}, isTest=false, canDoze=true, userId=0
01-03 21:25:36.749   577  1245 W InputMethodManagerService: Window already focused, ignoring focus gain of: com.android.internal.view.IInputMethodClient$Stub$Proxy@2ecd7ae attribute=android.view.inputmethod.EditorInfo@723094f, token = android.os.BinderProxy@c46d8d9
01-03 21:25:37.163   577  1552 I ActivityManager: Setting hasTopUi=false for pid=914
01-03 21:25:38.112   577   924 W NativeCrashListener: Couldn't find ProcessRecord for pid 2063
01-03 21:25:38.123   577   610 I BootReceiver: Copying /data/tombstones/tombstone_05 to DropBox (SYSTEM_TOMBSTONE)
01-03 21:25:39.048   577   694 I ActivityManager: START u0 {act=android.intent.action.MAIN cat=[android.intent.category.HOME] flg=0x10200000 cmp=com.cyanogenmod.trebuchet/com.android.launcher3.Launcher (has extras)} from uid 1000 on display 0
01-03 21:25:39.439   577   694 I ActivityManager: START u0 {act=android.intent.action.MAIN cat=[android.intent.category.HOME] flg=0x10200000 cmp=com.cyanogenmod.trebuchet/com.android.launcher3.Launcher (has extras)} from uid 1000 on display 0
01-03 21:25:39.666   577   694 I ActivityManager: START u0 {act=android.intent.action.MAIN cat=[android.intent.category.HOME] flg=0x10200000 cmp=com.cyanogenmod.trebuchet/com.android.launcher3.Launcher (has extras)} from uid 1000 on display 0
01-03 21:25:40.064   577  1552 I ActivityManager: START u0 {act=android.intent.action.MAIN cat=[android.intent.category.LAUNCHER] flg=0x10200000 pkg=com.android.dialer cmp=com.android.dialer/.DialtactsActivity bnds=[30,1134][164,1286] (has extras)} from uid 10027 on display 0
01-03 21:25:43.192   577   924 W NativeCrashListener: Couldn't find ProcessRecord for pid 2095
01-03 21:25:43.213   577   610 I BootReceiver: Copying /data/tombstones/tombstone_04 to DropBox (SYSTEM_TOMBSTONE)
01-03 21:25:48.310   577   924 W NativeCrashListener: Couldn't find ProcessRecord for pid 2108
01-03 21:25:48.320   577   610 I BootReceiver: Copying /data/tombstones/tombstone_06 to DropBox (SYSTEM_TOMBSTONE)
01-03 21:25:50.352   577  1251 W InputMethodManagerService: Window already focused, ignoring focus gain of: com.android.internal.view.IInputMethodClient$Stub$Proxy@d39241a attribute=null, token = android.os.BinderProxy@4b7b1f8
01-03 21:25:51.534   577   694 I ActivityManager: START u0 {act=android.intent.action.MAIN cat=[android.intent.category.HOME] flg=0x10200000 cmp=com.cyanogenmod.trebuchet/com.android.launcher3.Launcher (has extras)} from uid 1000 on display 0
01-03 21:25:52.186   577   694 I ActivityManager: START u0 {act=android.intent.action.MAIN cat=[android.intent.category.HOME] flg=0x10200000 cmp=com.cyanogenmod.trebuchet/com.android.launcher3.Launcher (has extras)} from uid 1000 on display 0
01-03 21:25:52.368   577   694 I ActivityManager: START u0 {act=android.intent.action.MAIN cat=[android.intent.category.HOME] flg=0x10200000 cmp=com.cyanogenmod.trebuchet/com.android.launcher3.Launcher (has extras)} from uid 1000 on display 0
01-03 21:25:52.534   577   694 I ActivityManager: START u0 {act=android.intent.action.MAIN cat=[android.intent.category.HOME] flg=0x10200000 cmp=com.cyanogenmod.trebuchet/com.android.launcher3.Launcher (has extras)} from uid 1000 on display 0
01-03 21:25:53.217   577   924 W NativeCrashListener: Couldn't find ProcessRecord for pid 2121
01-03 21:25:53.230   577   610 I BootReceiver: Copying /data/tombstones/tombstone_07 to DropBox (SYSTEM_TOMBSTONE)
01-03 21:25:55.976   577   976 I ActivityManager: START u0 {act=android.intent.action.MAIN cat=[android.intent.category.LAUNCHER] flg=0x10200000 cmp=com.android.camera2/com.android.camera.CameraLauncher (has extras)} from uid 10027 on display 0
01-03 21:25:56.057   577   590 I ActivityManager: Start proc 2129:com.android.camera2/u0a42 for activity com.android.camera2/com.android.camera.CameraLauncher
01-03 21:25:56.313   577   590 I ActivityManager: START u0 {cmp=com.android.camera2/com.android.camera.PermissionsActivity} from uid 10042 on display 0
01-03 21:25:56.818   577   602 W ActivityManager: Activity pause timeout for ActivityRecord{b8e39cd u0 com.android.camera2/com.android.camera.CameraLauncher t28 f}
01-03 21:25:58.018   577   924 W NativeCrashListener: Couldn't find ProcessRecord for pid 2157
01-03 21:25:58.023   577   610 I BootReceiver: Copying /data/tombstones/tombstone_00 to DropBox (SYSTEM_TOMBSTONE)
01-03 21:26:02.793   577   924 W NativeCrashListener: Couldn't find ProcessRecord for pid 2164
01-03 21:26:02.798   577   610 I BootReceiver: Copying /data/tombstones/tombstone_08 to DropBox (SYSTEM_TOMBSTONE)
01-03 21:26:02.977   577   602 W BroadcastQueue: Timeout of broadcast BroadcastRecord{1c90d9e u0 android.intent.action.BOOT_COMPLETED} - receiver=android.os.BinderProxy@f74b77a, started 60000ms ago
01-03 21:26:02.977   577   602 W BroadcastQueue: Receiver during timeout: ResolveInfo{6f57b2b com.android.gallery3d/com.android.camera.DisableCameraReceiver m=0x108000}
01-03 21:26:03.021   577  1557 I ActivityManager: Start proc 2171:com.android.managedprovisioning/u0a19 for broadcast com.android.managedprovisioning/.BootReminder
01-03 21:26:03.113   577  1245 I ActivityManager: Start proc 2187:com.android.messaging/u0a66 for broadcast com.android.messaging/.receiver.BootAndPackageReplacedReceiver
01-03 21:26:03.149   577   602 E ActivityManager: ANR in com.android.gallery3d
01-03 21:26:03.149   577   602 E ActivityManager: PID: 1990
01-03 21:26:03.149   577   602 E ActivityManager: Reason: Broadcast of Intent { act=android.intent.action.BOOT_COMPLETED flg=0x9000010 cmp=com.android.gallery3d/com.android.camera.DisableCameraReceiver (has extras) }
01-03 21:26:03.149   577   602 E ActivityManager: Load: 0.0 / 0.0 / 0.0
01-03 21:26:03.149   577   602 E ActivityManager: CPU usage from 44734ms to 0ms ago (2017-01-03 21:25:18.247 to 2017-01-03 21:26:02.980):
01-03 21:26:03.149   577   602 E ActivityManager:   9% 1700/com.android.dialer: 7.1% user + 1.9% kernel / faults: 11380 minor 35 major
01-03 21:26:03.149   577   602 E ActivityManager:   9.6% 286/surfaceflinger: 4.7% user + 4.8% kernel / faults: 590 minor
01-03 21:26:03.149   577   602 E ActivityManager:   7.6% 577/system_server: 5.2% user + 2.4% kernel / faults: 5044 minor
01-03 21:26:03.149   577   602 E ActivityManager:   5.6% 1588/com.cyanogenmod.trebuchet: 4.4% user + 1.2% kernel / faults: 4025 minor
01-03 21:26:03.149   577   602 E ActivityManager:   3.6% 914/com.android.systemui: 2.6% user + 1% kernel / faults: 955 minor
01-03 21:26:03.149   577   602 E ActivityManager:   2.2% 303/audioserver: 1.5% user + 0.7% kernel / faults: 91 minor
01-03 21:26:03.149   577   602 E ActivityManager:   1.7% 48/kworker/u9:0: 0% user + 1.7% kernel
01-03 21:26:03.149   577   602 E ActivityManager:   1.3% 1401/kworker/u9:3: 0% user + 1.3% kernel
01-03 21:26:03.149   577   602 E ActivityManager:   1.2% 252/logd: 0.8% user + 0.4% kernel / faults: 265 minor
01-03 21:26:03.149   577   602 E ActivityManager:   0.6% 378/logcat: 0.4% user + 0.2% kernel / faults: 5 minor
01-03 21:26:03.149   577   602 E ActivityManager:   0.4% 151/mmcqd/0: 0% user + 0.4% kernel
01-03 21:26:03.149   577   602 E ActivityManager:   0.3% 60/kworker/0:1: 0% user + 0.3% kernel
01-03 21:26:03.149   577   602 E ActivityManager:   0.2% 1748/android.process.acore: 0.1% user + 0% kernel / faults: 429 minor
01-03 21:26:03.149   577   602 E ActivityManager:   0.2% 90/hps_main: 0% user + 0.2% kernel
01-03 21:26:03.149   577   602 E ActivityManager:   0.1% 172/mtk-tpd: 0% user + 0.1% kernel
01-03 21:26:03.149   577   602 E ActivityManager:   0.1% 88/pbm: 0% user + 0.1% kernel
01-03 21:26:03.149   577   602 E ActivityManager:   0.2% 285/servicemanager: 0.1% user + 0% kernel / faults: 15 minor
01-03 21:26:03.149   577   602 E ActivityManager:   0.2% 7/rcu_preempt: 0% user + 0.2% kernel
01-03 21:26:03.149   577   602 E ActivityManager:   0.1% 100/frame_update_wo: 0% user + 0.1% kernel
01-03 21:26:03.149   577   602 E ActivityManager:   0.1% 155/kworker/u8:3: 0% user + 0.1% kernel
01-03 21:26:03.149   577   602 E ActivityManager:   0.1% 1215/com.android.phone: 0.1% user + 0% kernel / faults: 15 minor
01-03 21:26:03.149   577   602 E ActivityManager:   0.1% 56/cfinteractive: 0% user + 0.1% kernel
01-03 21:26:03.149   577   602 E ActivityManager:   0.1% 99/present_fence_w: 0% user + 0.1% kernel
01-03 21:26:03.149   577   602 E ActivityManager:   0.1% 175/mtk charger_hv_: 0% user + 0.1% kernel
01-03 21:26:03.149   577   602 E ActivityManager:   0.1% 103/kworker/u8:2: 0% user + 0.1% kernel
01-03 21:26:03.149   577   602 E ActivityManager:   0.1% 1154/wpa_supplicant: 0% user + 0.1% kernel / faults: 15 minor
01-03 21:26:03.149   577   602 E ActivityManager:   0.1% 57/ion_mm_heap: 0% user + 0.1% kernel
01-03 21:26:03.149   577   602 E ActivityManager:   0% 1//init: 0% user + 0% kernel / faults: 238 minor
01-03 21:26:03.149   577   602 E ActivityManager:   0% 72/kswapd0: 0% user + 0% kernel
01-03 21:26:03.149   577   602 E ActivityManager:   0% 174/bat_thread_kthr: 0% user + 0% kernel
01-03 21:26:03.149   577   602 E ActivityManager:   0% 310/media.codec: 0% user + 0% kernel / faults: 137 minor
01-03 21:26:03.149   577   602 E ActivityManager:   0% 1135/tx_thread: 0% user + 0% kernel
01-03 21:26:03.149   577   602 E ActivityManager:   0% 51/kworker/1:1: 0% user + 0% kernel
01-03 21:26:03.149   577   602 E ActivityManager:   0% 302/zygote: 0% user + 0% kernel / faults: 263 minor
01-03 21:26:03.149   577   602 E ActivityManager:   0% 521/mtkrild: 0% user + 0% kernel / faults: 14 minor
01-03 21:26:03.149   577   602 E ActivityManager:   0% 6/kworker/u8:0: 0% user + 0% kernel
01-03 21:26:03.149   577   602 E ActivityManager:   0% 10/migration/0: 0% user + 0% kernel
01-03 21:26:03.149   577   602 E ActivityManager:   0% 254/debuggerd: 0% user + 0% kernel / faults: 98 minor
01-03 21:26:03.149   577   602 E ActivityManager:   0% 441/gsm0710muxd: 0% user + 0% kernel / faults: 3 minor
01-03 21:26:03.149   577   602 E ActivityManager:   0% 900/com.android.inputmethod.latin: 0% user + 0% kernel / faults: 78 minor
01-03 21:26:03.149   577   602 E ActivityManager:   0% 1990/com.android.gallery3d: 0% user + 0% kernel / faults: 3 minor
01-03 21:26:03.149   577   602 E ActivityManager:   0% 3/ksoftirqd/0: 0% user + 0% kernel
01-03 21:26:03.149   577   602 E ActivityManager:   0% 8/rcu_sched: 0% user + 0% kernel
01-03 21:26:03.149   577   602 E ActivityManager:   0% 11/migration/1: 0% user + 0% kernel
01-03 21:26:03.149   577   602 E ActivityManager:   0% 12/ksoftirqd/1: 0% user + 0% kernel
01-03 21:26:03.149   577   602 E ActivityManager:   0% 13/kworker/1:0: 0% user + 0% kernel
01-03 21:26:03.149   577   602 E ActivityManager:   0% 14/kworker/1:0H: 0% user + 0% kernel
01-03 21:26:03.149   577   602 E ActivityManager:   0% 15/migration/2: 0% user + 0% kernel
01-03 21:26:03.149   577   602 E ActivityManager:   0% 16/ksoftirqd/2: 0% user + 0% kernel
01-03 21:26:03.149   577   602 E ActivityManager:   0% 19/migration/3: 0% user + 0% kernel
01-03 21:26:03.149   577   602 E ActivityManager:   0% 97/display_esd_che: 0% user + 0% kernel
01-03 21:26:03.149   577   602 E ActivityManager:   0% 102/display_idle_de: 0% user + 0% kernel
01-03 21:26:03.149   577   602 E ActivityManager:   0% 156/kworker/u8:4: 0% user + 0% kernel
01-03 21:26:03.149   577   602 E ActivityManager:   0% 180/ueventd: 0% user + 0% kernel / faults: 50 minor
01-03 21:26:03.149   577   602 E ActivityManager:   0% 186/kworker/0:1H: 0% user + 0% kernel
01-03 21:26:03.149   577   602 E ActivityManager:   0% 190/jbd2/mmcblk0p22: 0% user + 0% kernel
01-03 21:26:03.149   577   602 E ActivityManager:   0% 256/vold: 0% user + 0% kernel / faults: 41 minor
01-03 21:26:03.149   577   602 E ActivityManager:   0% 278/healthd: 0% user + 0% kernel / faults: 25 minor
01-03 21:26:03.149   577   602 E ActivityManager:   0% 284/lmkd: 0% user + 0% kernel / faults: 6 minor
01-03 21:26:03.149   577   602 E ActivityManager:   0% 298/mtk_wmtd: 0% user + 0% kernel
01-03 21:26:03.149   577   602 E ActivityManager:   0% 313/media.extractor: 0% user + 0% kernel / faults: 66 minor
01-03 21:26:03.149   577   602 E ActivityManager:   0% 315/netd: 0% user + 0% kernel / faults: 11 minor
01-03 21:26:03.149   577   602 E ActivityManager:   0% 1402/kworker/u9:4: 0% user + 0% kernel
01-03 21:26:03.149   577   602 E ActivityManager:   0% 1719/com.android.calendar: 0% user + 0% kernel
01-03 21:26:03.149   577   602 E ActivityManager:   0% 1945/com.android.email: 0% user + 0% kernel / faults: 57 minor
01-03 21:26:03.149   577   602 E ActivityManager:   0% 1968/com.android.exchange: 0% user + 0% kernel / faults: 2 minor
01-03 21:26:03.149   577   602 E ActivityManager:  +0% 2083/kbase_event: 0% user + 0% kernel
01-03 21:26:03.149   577   602 E ActivityManager:  +0% 2129/com.android.camera2: 0% user + 0% kernel
01-03 21:26:03.149   577   602 E ActivityManager: 36% TOTAL: 21% user + 14% kernel + 0.6% iowait + 0% softirq
01-03 21:26:03.149   577   602 E ActivityManager: CPU usage from 169089ms to 169089ms ago (1970-01-01 03:00:00.000 to 1970-01-01 03:00:00.00
01-03 21:26:03.150   577   602 I ActivityManager: Killing 1990:com.android.gallery3d/u0a18 (adj 900): bg anr
01-03 21:26:03.212   577   591 D ActivityManager: cleanUpApplicationRecord -- 1990
01-03 21:26:03.293   577   976 I ActivityManager: Start proc 2208:com.android.onetimeinitializer/u0a20 for broadcast com.android.onetimeinitializer/.OneTimeInitializerReceiver
01-03 21:26:03.656   577  1251 I ActivityManager: Start proc 2237:com.cyanogenmod.updater/u0a6 for broadcast com.cyanogenmod.updater/.receiver.UpdateCheckReceiver
01-03 21:26:04.764   577   577 D ConditionProviders.SCP: onReceive android.intent.action.TIME_SET
01-03 21:26:04.764   577   577 D ConditionProviders.SCP: notifyCondition condition://android/schedule?days=6.7&start=23.30&end=10.0&exitAtAlarm=false STATE_FALSE reason=!meetsSchedule
01-03 21:26:04.765   577   577 D ConditionProviders.SCP: notifyCondition condition://android/schedule?days=1.2.3.4.5&start=22.0&end=7.0&exitAtAlarm=false STATE_FALSE reason=!meetsSchedule
01-03 21:26:04.768   577   577 D ConditionProviders.SCP: Scheduling evaluate for Tue Jan 03 22:00:00 GMT+03:00 2017 (1483470000000), in +33m55s236ms, now=Tue Jan 03 21:26:04 GMT+03:00 2017 (1483467964764)
01-03 21:26:06.721   577   602 W ActivityManager: Launch timeout has expired, giving up wake lock!
01-03 21:26:09.308   577   924 W NativeCrashListener: Couldn't find ProcessRecord for pid 2281
01-03 21:26:09.313   577   610 I BootReceiver: Copying /data/tombstones/tombstone_09 to DropBox (SYSTEM_TOMBSTONE)
01-03 21:26:14.063   577   924 W NativeCrashListener: Couldn't find ProcessRecord for pid 2289
01-03 21:26:14.068   577   610 I BootReceiver: Copying /data/tombstones/tombstone_02 to DropBox (SYSTEM_TOMBSTONE)
01-03 21:26:18.798   577   924 W NativeCrashListener: Couldn't find ProcessRecord for pid 2296
01-03 21:26:18.803   577   610 I BootReceiver: Copying /data/tombstones/tombstone_01 to DropBox (SYSTEM_TOMBSTONE)
01-03 21:26:23.556   577   924 W NativeCrashListener: Couldn't find ProcessRecord for pid 2303
01-03 21:26:23.560   577   610 I BootReceiver: Copying /data/tombstones/tombstone_03 to DropBox (SYSTEM_TOMBSTONE)
01-03 21:26:29.257   577   924 W NativeCrashListener: Couldn't find ProcessRecord for pid 2310
01-03 21:26:29.262   577   610 I BootReceiver: Copying /data/tombstones/tombstone_05 to DropBox (SYSTEM_TOMBSTONE)
01-03 21:26:34.019   577   924 W NativeCrashListener: Couldn't find ProcessRecord for pid 2317
01-03 21:26:34.023   577   610 I BootReceiver: Copying /data/tombstones/tombstone_04 to DropBox (SYSTEM_TOMBSTONE)
01-03 21:26:38.765   577   924 W NativeCrashListener: Couldn't find ProcessRecord for pid 2324
01-03 21:26:38.770   577   610 I BootReceiver: Copying /data/tombstones/tombstone_06 to DropBox (SYSTEM_TOMBSTONE)
01-03 21:26:43.521   577   924 W NativeCrashListener: Couldn't find ProcessRecord for pid 2331
01-03 21:26:43.525   577   610 I BootReceiver: Copying /data/tombstones/tombstone_07 to DropBox (SYSTEM_TOMBSTONE)
01-03 21:26:49.283   577   924 W NativeCrashListener: Couldn't find ProcessRecord for pid 2338
01-03 21:26:49.287   577   610 I BootReceiver: Copying /data/tombstones/tombstone_00 to DropBox (SYSTEM_TOMBSTONE)
01-03 21:26:54.034   577   924 W NativeCrashListener: Couldn't find ProcessRecord for pid 2345
01-03 21:26:54.038   577   610 I BootReceiver: Copying /data/tombstones/tombstone_08 to DropBox (SYSTEM_TOMBSTONE)
01-03 21:26:58.766   577   924 W NativeCrashListener: Couldn't find ProcessRecord for pid 2352
01-03 21:26:58.770   577   610 I BootReceiver: Copying /data/tombstones/tombstone_09 to DropBox (SYSTEM_TOMBSTONE)
01-03 21:27:03.523   577   924 W NativeCrashListener: Couldn't find ProcessRecord for pid 2359
01-03 21:27:03.528   577   610 I BootReceiver: Copying /data/tombstones/tombstone_02 to DropBox (SYSTEM_TOMBSTONE)
01-03 21:27:05.892   577   615 I PowerManagerService: Going to sleep due to screen timeout (uid 1000)...
01-03 21:27:06.565   577   613 I DisplayManagerService: Display device changed state: "Встроенный экран", OFF
01-03 21:27:06.857   577   615 I DreamManagerService: Entering dreamland.
01-03 21:27:06.857   577   615 I PowerManagerService: Dozing...
01-03 21:27:06.862   577   611 I DreamController: Starting dream: name=ComponentInfo{com.android.systemui/com.android.systemui.doze.DozeService}, isTest=false, canDoze=true, userId=0
01-03 21:27:07.003   577   602 W ActivityManager: Activity pause timeout for ActivityRecord{bfb8e70 u0 com.android.camera2/com.android.camera.PermissionsActivity t28}
01-03 21:27:09.347   577   924 W NativeCrashListener: Couldn't find ProcessRecord for pid 2366
01-03 21:27:09.352   577   610 I BootReceiver: Copying /data/tombstones/tombstone_01 to DropBox (SYSTEM_TOMBSTONE)
01-03 21:27:10.925   577  1023 I ActivityManager: Setting hasTopUi=true for pid=914
01-03 21:27:11.503   577   602 W ActivityManager: Sleep timeout!  Sleeping now.
01-03 21:27:14.169   577   924 W NativeCrashListener: Couldn't find ProcessRecord for pid 2373
01-03 21:27:14.174   577   610 I BootReceiver: Copying /data/tombstones/tombstone_03 to DropBox (SYSTEM_TOMBSTONE)
01-03 21:27:16.554   577   602 W ActivityManager: Activity destroy timeout for ActivityRecord{b8e39cd u0 com.android.camera2/com.android.camera.CameraLauncher t28 f}
01-03 21:27:17.004   577   602 W ActivityManager: Activity stop timeout for ActivityRecord{bfb8e70 u0 com.android.camera2/com.android.camera.PermissionsActivity t28}
01-03 21:27:18.992   577   924 W NativeCrashListener: Couldn't find ProcessRecord for pid 2380
01-03 21:27:18.996   577   610 I BootReceiver: Copying /data/tombstones/tombstone_05 to DropBox (SYSTEM_TOMBSTONE)
01-03 21:27:23.814   577   924 W NativeCrashListener: Couldn't find ProcessRecord for pid 2387
01-03 21:27:23.818   577   610 I BootReceiver: Copying /data/tombstones/tombstone_04 to DropBox (SYSTEM_TOMBSTONE)
01-03 21:27:28.642   577   924 W NativeCrashListener: Couldn't find ProcessRecord for pid 2394
01-03 21:27:28.646   577   610 I BootReceiver: Copying /data/tombstones/tombstone_06 to DropBox (SYSTEM_TOMBSTONE)
01-03 21:27:33.458   577   924 W NativeCrashListener: Couldn't find ProcessRecord for pid 2401
01-03 21:27:33.462   577   610 I BootReceiver: Copying /data/tombstones/tombstone_07 to DropBox (SYSTEM_TOMBSTONE)
01-03 21:27:39.274   577   924 W NativeCrashListener: Couldn't find ProcessRecord for pid 2408
01-03 21:27:39.278   577   610 I BootReceiver: Copying /data/tombstones/tombstone_00 to DropBox (SYSTEM_TOMBSTONE)
01-03 21:27:44.099   577   924 W NativeCrashListener: Couldn't find ProcessRecord for pid 2415
01-03 21:27:44.103   577   610 I BootReceiver: Copying /data/tombstones/tombstone_08 to DropBox (SYSTEM_TOMBSTONE)
01-03 21:27:48.925   577   924 W NativeCrashListener: Couldn't find ProcessRecord for pid 2422
01-03 21:27:48.930   577   610 I BootReceiver: Copying /data/tombstones/tombstone_09 to DropBox (SYSTEM_TOMBSTONE)
01-03 21:27:53.746   577   924 W NativeCrashListener: Couldn't find ProcessRecord for pid 2429
01-03 21:27:53.750   577   610 I BootReceiver: Copying /data/tombstones/tombstone_02 to DropBox (SYSTEM_TOMBSTONE)
01-03 21:27:58.563   577   924 W NativeCrashListener: Couldn't find ProcessRecord for pid 2436
01-03 21:27:58.568   577   610 I BootReceiver: Copying /data/tombstones/tombstone_01 to DropBox (SYSTEM_TOMBSTONE)
01-03 21:28:04.334   577   924 W NativeCrashListener: Couldn't find ProcessRecord for pid 2443
01-03 21:28:04.339   577   610 I BootReceiver: Copying /data/tombstones/tombstone_03 to DropBox (SYSTEM_TOMBSTONE)
01-03 21:28:09.111   577   924 W NativeCrashListener: Couldn't find ProcessRecord for pid 2450
01-03 21:28:09.115   577   610 I BootReceiver: Copying /data/tombstones/tombstone_05 to DropBox (SYSTEM_TOMBSTONE)
01-03 21:28:13.888   577   924 W NativeCrashListener: Couldn't find ProcessRecord for pid 2457
01-03 21:28:13.892   577   610 I BootReceiver: Copying /data/tombstones/tombstone_04 to DropBox (SYSTEM_TOMBSTONE)
01-03 21:28:18.717   577   924 W NativeCrashListener: Couldn't find ProcessRecord for pid 2464
01-03 21:28:18.722   577   610 I BootReceiver: Copying /data/tombstones/tombstone_06 to DropBox (SYSTEM_TOMBSTONE)
01-03 21:28:23.542   577   924 W NativeCrashListener: Couldn't find ProcessRecord for pid 2471
01-03 21:28:23.546   577   610 I BootReceiver: Copying /data/tombstones/tombstone_07 to DropBox (SYSTEM_TOMBSTONE)
01-03 21:28:29.327   577   924 W NativeCrashListener: Couldn't find ProcessRecord for pid 2478
01-03 21:28:29.332   577   610 I BootReceiver: Copying /data/tombstones/tombstone_00 to DropBox (SYSTEM_TOMBSTONE)
01-03 21:28:34.099   577   924 W NativeCrashListener: Couldn't find ProcessRecord for pid 2485
01-03 21:28:34.104   577   610 I BootReceiver: Copying /data/tombstones/tombstone_08 to DropBox (SYSTEM_TOMBSTONE)
01-03 21:28:38.880   577   924 W NativeCrashListener: Couldn't find ProcessRecord for pid 2492
01-03 21:28:38.884   577   610 I BootReceiver: Copying /data/tombstones/tombstone_09 to DropBox (SYSTEM_TOMBSTONE)
01-03 21:28:43.705   577   924 W NativeCrashListener: Couldn't find ProcessRecord for pid 2499
01-03 21:28:43.710   577   610 I BootReceiver: Copying /data/tombstones/tombstone_02 to DropBox (SYSTEM_TOMBSTONE)
01-03 21:28:48.525   577   924 W NativeCrashListener: Couldn't find ProcessRecord for pid 2506
01-03 21:28:48.530   577   610 I BootReceiver: Copying /data/tombstones/tombstone_01 to DropBox (SYSTEM_TOMBSTONE)
01-03 21:28:54.348   577   924 W NativeCrashListener: Couldn't find ProcessRecord for pid 2513
01-03 21:28:54.353   577   610 I BootReceiver: Copying /data/tombstones/tombstone_03 to DropBox (SYSTEM_TOMBSTONE)
01-03 21:28:59.170   577   924 W NativeCrashListener: Couldn't find ProcessRecord for pid 2520
01-03 21:28:59.175   577   610 I BootReceiver: Copying /data/tombstones/tombstone_05 to DropBox (SYSTEM_TOMBSTONE)
01-03 21:29:04.028   577   924 W NativeCrashListener: Couldn't find ProcessRecord for pid 2527
01-03 21:29:04.032   577   610 I BootReceiver: Copying /data/tombstones/tombstone_04 to DropBox (SYSTEM_TOMBSTONE)
01-03 21:29:08.859   577   924 W NativeCrashListener: Couldn't find ProcessRecord for pid 2535
01-03 21:29:08.863   577   610 I BootReceiver: Copying /data/tombstones/tombstone_06 to DropBox (SYSTEM_TOMBSTONE)
01-03 21:29:13.683   577   924 W NativeCrashListener: Couldn't find ProcessRecord for pid 2542
01-03 21:29:13.688   577   610 I BootReceiver: Copying /data/tombstones/tombstone_07 to DropBox (SYSTEM_TOMBSTONE)
