01-03 21:23:34.785   577   577 W PackageManager: Unable to disable com.google.android.gms/com.google.android.gms.update.SystemUpdateServiceReceiver
01-03 21:23:34.786   577   577 V PackageManager: Enabling com.google.android.gsf/com.google.android.gsf.update.SystemUpdateService
01-03 21:23:34.786   577   577 W PackageManager: Unable to enable com.google.android.gsf/com.google.android.gsf.update.SystemUpdateService
01-03 21:23:34.786   577   577 V PackageManager: Enabling com.google.android.gms/com.google.android.gms.update.SystemUpdateService
01-03 21:23:34.786   577   577 W PackageManager: Unable to enable com.google.android.gms/com.google.android.gms.update.SystemUpdateService
01-03 21:23:34.910   577   577 D PackageManager: Ephemeral resolver NOT found; no matching intent filters
01-03 21:23:34.910   577   577 I PackageManager: Ephemeral deactivated; missing resolver and installer
01-03 21:23:34.968   577   577 I SystemServer: StartOtaDexOptService
01-03 21:23:34.971   577   577 I SystemServer: StartUserManagerService
01-03 21:23:34.972   577   577 I SystemServiceManager: Starting com.android.server.pm.UserManagerService$LifeCycle
01-03 21:23:34.989   284   284 I lowmemorykiller: ActivityManager connected
01-03 21:23:35.008   577   577 I chatty  : uid=1000 system_server expire 57 lines
01-03 21:23:35.016   577   670 I chatty  : uid=1000(system) SensorEventAckR expire 1 line
01-03 21:23:35.016   577   671 I chatty  : uid=1000(system) SensorService expire 1 line
01-03 21:23:35.017   577   577 I SystemServiceManager: Starting com.android.server.BatteryService
01-03 21:23:35.032   577   577 I SystemServiceManager: Starting com.android.server.usage.UsageStatsService
01-03 21:23:35.033   577   590 I chatty  : uid=1000(system) Binder:577_1 expire 3 lines
01-03 21:23:35.035   577   605 I chatty  : uid=1000(system) batterystats-sy expire 1 line
01-03 21:23:35.080   577   577 I SystemServiceManager: Starting com.android.server.webkit.WebViewUpdateService
01-03 21:23:35.085   577   602 W ProcessCpuTracker: Skipping unknown process pid 669
01-03 21:23:35.091   577   577 I SystemServer: Reading configuration...
01-03 21:23:35.091   577   577 I SystemServer: StartSchedulingPolicyService
01-03 21:23:35.093   577   577 I SystemServiceManager: Starting com.android.server.telecom.TelecomLoaderService
01-03 21:23:35.096   577   577 I SystemServer: StartTelephonyRegistry
01-03 21:23:35.105   577   577 I SystemServer: StartEntropyMixer
01-03 21:23:35.109   577   577 I EntropyMixer: Writing entropy...
01-03 21:23:35.147   577   577 I SystemServer: Camera Service
01-03 21:23:35.147   577   577 I SystemServiceManager: Starting com.android.server.camera.CameraService
01-03 21:23:35.152   577   677 I ServiceThread: Enabled StrictMode logging for CameraService_proxy looper.
01-03 21:23:35.154   577   577 I SystemServer: StartAccountManagerService
01-03 21:23:35.156   577   577 I SystemServiceManager: Starting com.android.server.accounts.AccountManagerService$Lifecycle
01-03 21:23:35.180   577   577 I SystemServer: StartContentService
01-03 21:23:35.183   577   577 I SystemServiceManager: Starting com.android.server.content.ContentService$Lifecycle
01-03 21:23:35.189   577   577 I SystemServer: InstallSystemProviders
01-03 21:23:35.277   577   577 I SystemServer: StartVibratorService
01-03 21:23:35.283   577   577 I SystemServer: StartConsumerIrService
01-03 21:23:35.287   577   577 I SystemServer: StartAlarmManagerService
01-03 21:23:35.287   577   577 I SystemServiceManager: Starting com.android.server.AlarmManagerService
01-03 21:23:35.302   577   577 I SystemServer: InitWatchdog
01-03 21:23:35.304   577   577 I SystemServer: StartInputManagerService
01-03 21:23:35.306   577   577 I InputManager: Initializing input manager, mUseDevInputEventForAudioJack=false
01-03 21:23:35.308   577   577 I SystemServer: StartWindowManagerService
01-03 21:23:35.344   577   613 I WindowManager: No existing display settings /data/system/display_settings.xml; starting empty
01-03 21:23:35.428   577   577 I SystemServer: StartVrManagerService
01-03 21:23:35.429   577   577 I SystemServiceManager: Starting com.android.server.vr.VrManagerService
01-03 21:23:35.449   577   577 I InputManager: Starting input manager
01-03 21:23:35.453   577   695 I chatty  : uid=1000(system) InputReader expire 24 lines
01-03 21:23:35.469   577   577 I SystemServiceManager: Starting com.android.server.BluetoothService
01-03 21:23:35.476   577   577 D BluetoothManagerService: Loading stored name and address
01-03 21:23:35.477   577   577 D BluetoothManagerService: Stored bluetooth Name=Maxi LTE,Address=22:22:FE:49:67:9F
01-03 21:23:35.477   577   577 D BluetoothManagerService: Bluetooth persisted state: 1
01-03 21:23:35.477   577   577 D BluetoothManagerService: Startup: Bluetooth persisted state is ON.
01-03 21:23:35.477   577   577 I SystemServer: ConnectivityMetricsLoggerService
01-03 21:23:35.478   577   577 I SystemServiceManager: Starting com.android.server.connectivity.MetricsLoggerService
01-03 21:23:35.480   577   577 I SystemServer: IpConnectivityMetrics
01-03 21:23:35.481   577   577 I SystemServiceManager: Starting com.android.server.connectivity.IpConnectivityMetrics
01-03 21:23:35.482   577   577 I SystemServer: PinnerService
01-03 21:23:35.482   577   577 I SystemServiceManager: Starting com.android.server.PinnerService
01-03 21:23:35.484   577   577 I SystemServiceManager: Starting com.android.server.InputMethodManagerService$Lifecycle
01-03 21:23:35.588   577   577 I SystemServer: StartAccessibilityManagerService
01-03 21:23:35.604   577   577 I ActivityManager: Config changes=1df8 {1.0 ?mcc?mnc [ru_RU] ldltr sw360dp w360dp h640dp 320dpi nrml long port ?uimode ?night -touch -keyb/h/h -nav/h s.2}
01-03 21:23:35.611   293   374 D agps    : [agps] WARNING: [AGPS] agps2_gnss_ack_timeout
01-03 21:23:35.612   293   374 D agps    : [agps][n][AGPS] [MNL] write  agps_settings_sync  sib8_16=[1], gps=[1] glonass=[1] beidou=[1] galileo=[1] aglonass=[1]
01-03 21:23:35.612   299   299 D MNLD    : process: epoll_wait() received 1 events
01-03 21:23:35.612   299   299 D MNLD    : process: mnl2agps_handler: ret = 0
01-03 21:23:35.612   299   299 E agps    : ERR: [MNL2AGPS] agps2mnl unknown type=252
01-03 21:23:35.612   299   299 E MNLD    : main: process data error: 2 (No such file or directory)
01-03 21:23:35.622   577   613 I ActivityManager: Config changes=400 {1.0 ?mcc?mnc [ru_RU] ldltr sw360dp w360dp h616dp 320dpi nrml long port ?uimode ?night -touch -keyb/h/h -nav/h s.3}
01-03 21:23:35.655   577   577 I SystemServiceManager: Starting com.android.server.MountService$Lifecycle
01-03 21:23:35.667   577   600 I UsageStatsService: User[0] Rollover scheduled @ 2017-01-04 20:43:06(1483551786563)
01-03 21:23:35.674   577   694 I ActivityManager: Config changes=8 {1.0 ?mcc?mnc [ru_RU] ldltr sw360dp w360dp h616dp 320dpi nrml long port ?uimode ?night finger -keyb/h/h -nav/h s.4}
01-03 21:23:35.696   577   577 I SystemServiceManager: Starting com.android.server.UiModeManagerService
01-03 21:23:35.699   577   577 I ActivityManager: Config changes=200 {1.0 ?mcc?mnc [ru_RU] ldltr sw360dp w360dp h616dp 320dpi nrml long port finger -keyb/h/h -nav/h s.5}
01-03 21:23:35.700   577   698 D MountService: Thinking about init, mSystemReady=false, mDaemonConnected=true
01-03 21:23:35.700   577   698 D MountService: Thinking about reset, mSystemReady=false, mDaemonConnected=true
01-03 21:23:35.701   577   698 D MountService: Thinking about init, mSystemReady=false, mDaemonConnected=true
01-03 21:23:35.701   577   698 D MountService: Thinking about reset, mSystemReady=false, mDaemonConnected=true
01-03 21:23:35.703   577   698 D CryptdConnector: SND -> {1 cryptfs getfield SystemLocale}
01-03 21:23:35.713   577   701 D CryptdConnector: RCV <- {200 1 -1}
01-03 21:23:35.716   577   698 W MountService: No primary storage mounted!
01-03 21:23:35.717   577   698 D VoldConnector: SND -> {1 asec list}
01-03 21:23:35.719   577   700 D VoldConnector: RCV <- {200 1 asec operation succeeded}
01-03 21:23:35.722   577   698 I chatty  : uid=1000(system) MountService expire 3 lines
01-03 21:23:35.722   577   698 W PackageManager: Unknown permission com.google.android.googleapps.permission.GOOGLE_AUTH in package com.android.providers.calendar
01-03 21:23:35.722   577   698 W PackageManager: Unknown permission com.google.android.googleapps.permission.GOOGLE_AUTH.cl in package com.android.providers.calendar
01-03 21:23:35.723   577   698 W PackageManager: Not granting permission android.permission.ACCESS_DOWNLOAD_MANAGER to package org.cyanogenmod.gello.browser (protectionLevel=18 flags=0x3809be45)
01-03 21:23:35.723   577   698 W PackageManager: Not granting permission android.permission.SEND_DOWNLOAD_COMPLETED_INTENTS to package org.cyanogenmod.gello.browser (protectionLevel=2 flags=0x3809be45)
01-03 21:23:35.723   577   698 W PackageManager: Not granting permission android.permission.WRITE_MEDIA_STORAGE to package org.cyanogenmod.gello.browser (protectionLevel=18 flags=0x3809be45)
01-03 21:23:35.723   577   698 W PackageManager: Unknown permission org.cyanogenmod.gello.browser.permission.READ_HOMEPAGE in package org.cyanogenmod.gello.browser
01-03 21:23:35.723   577   698 W PackageManager: Unknown permission org.cyanogenmod.gello.browser.permission.WRITE_HOMEPAGE in package org.cyanogenmod.gello.browser
01-03 21:23:35.724   577   698 W PackageManager: Unknown permission cyanogenmod.permission.LEGALESE in package com.cyanogenmod.setupwizard
01-03 21:23:35.724   577   698 W PackageManager: Unknown permission com.cyngn.stats.SEND_ANALYTICS in package com.cyanogenmod.setupwizard
01-03 21:23:35.724   577   698 W PackageManager: Unknown permission com.cyanogen.permission.REQUEST_KILL_SWITCH_OP in package com.cyanogenmod.setupwizard
01-03 21:23:35.725   577   698 W PackageManager: Unknown permission com.google.android.googleapps.permission.GOOGLE_AUTH.mail in package com.android.calendar
01-03 21:23:35.725   577   698 W PackageManager: Unknown permission com.android.launcher.permission.READ_SETTINGS in package com.android.onetimeinitializer
01-03 21:23:35.725   577   698 W PackageManager: Unknown permission com.android.launcher.permission.WRITE_SETTINGS in package com.android.onetimeinitializer
01-03 21:23:35.726   577   698 W PackageManager: Unknown permission com.android.launcher.permission.READ_SETTINGS in package com.cyanogenmod.trebuchet
01-03 21:23:35.726   577   698 W PackageManager: Unknown permission com.android.launcher.permission.WRITE_SETTINGS in package com.cyanogenmod.trebuchet
01-03 21:23:35.726   577   698 W PackageManager: Unknown permission com.google.android.permission.INSTALL_WEARABLE_PACKAGES in package com.android.packageinstaller
01-03 21:23:35.726   577   698 W PackageManager: Not granting permission android.permission.DELETE_PACKAGES to package com.svox.pico (protectionLevel=18 flags=0x3808be45)
01-03 21:23:35.726   577   698 W PackageManager: Unknown permission android.permission.ACCESS_SUPERUSER in package com.cyanogenmod.filemanager
01-03 21:23:35.726   577   698 W PackageManager: Unknown permission com.cyanogenmod.filemanager.permissions.READ_THEME in package com.cyanogenmod.filemanager
01-03 21:23:35.726   577   698 W PackageManager: Unknown permission com.google.android.gallery3d.permission.PICASA_STORE in package com.android.dreams.phototable
01-03 21:23:35.727   577   698 W PackageManager: Unknown permission com.google.android.googleapps.permission.GOOGLE_AUTH in package com.android.settings
01-03 21:23:35.727   577   698 W PackageManager: Unknown permission com.android.launcher.permission.READ_SETTINGS in package com.android.settings
01-03 21:23:35.727   577   698 W PackageManager: Unknown permission com.android.launcher.permission.WRITE_SETTINGS in package com.android.settings
01-03 21:23:35.727   577   698 W PackageManager: Not granting permission android.permission.REAL_GET_TASKS to package com.cyanogenmod.eleven (protectionLevel=18 flags=0x3818be65)
01-03 21:23:35.728   577   698 W PackageManager: Not granting permission android.permission.MANAGE_DOCUMENTS to package com.android.deskclock (protectionLevel=2 flags=0x3c49be45)
01-03 21:23:35.728   577   698 W PackageManager: Unknown permission com.android.deskclock.worldclock.permissions.WRITE_DATABASE in package com.android.deskclock
01-03 21:23:35.728   577   698 W PackageManager: Unknown permission org.codeaurora.permission.POWER_ON_ALERT in package com.android.deskclock
01-03 21:23:35.728   577   698 W PackageManager: Not granting permission android.permission.WRITE_SECURE_SETTINGS to package com.android.deskclock (protectionLevel=50 flags=0x3c49be45)
01-03 21:23:35.729   577   698 W PackageManager: Unknown permission com.google.android.gallery3d.permission.GALLERY_PROVIDER in package com.android.bluetooth
01-03 21:23:35.729   577   698 W PackageManager: Unknown permission com.google.android.googleapps.permission.ACCESS_GOOGLE_PASSWORD in package com.android.development
01-03 21:23:35.729   577   698 W PackageManager: Unknown permission com.google.android.googleapps.permission.GOOGLE_AUTH in package com.android.development
01-03 21:23:35.729   577   698 W PackageManager: Unknown permission com.google.android.googleapps.permission.GOOGLE_AUTH.ALL_SERVICES in package com.android.development
01-03 21:23:35.729   577   698 W PackageManager: Unknown permission com.google.android.googleapps.permission.GOOGLE_AUTH.YouTubeUser in package com.android.development
01-03 21:23:35.855   577   698 W MountService: No primary storage mounted!
01-03 21:23:35.855   577   698 D VoldConnector: SND -> {2 asec list}
01-03 21:23:35.857   577   700 D VoldConnector: RCV <- {200 2 asec operation succeeded}
01-03 21:23:35.858   577   577 I SystemServer: StartLockSettingsService
01-03 21:23:35.859   577   577 I SystemServiceManager: Starting com.android.server.LockSettingsService$Lifecycle
01-03 21:23:35.884   577   577 I SystemServiceManager: Starting com.android.server.DeviceIdleController
01-03 21:23:35.896   577   577 I SystemServiceManager: Starting com.android.server.devicepolicy.DevicePolicyManagerService$Lifecycle
01-03 21:23:35.919   577   577 I SystemServer: StartStatusBarManagerService
01-03 21:23:35.924   577   577 I SystemServer: StartClipboardService
01-03 21:23:35.928   577   577 I SystemServer: StartNetworkManagementService
01-03 21:23:35.933   577   704 E NetdConnector: Communications error: java.io.IOException: Connection refused
01-03 21:23:35.934   577   704 E NetdConnector: Error in NativeDaemonConnector: java.io.IOException: Connection refused
01-03 21:23:37.612   293   374 D agps    : [agps] WARNING: [AGPS] agps2_gnss_ack_timeout
01-03 21:23:37.612   293   374 D agps    : [agps][n][AGPS] [MNL] write  agps_settings_sync  sib8_16=[1], gps=[1] glonass=[1] beidou=[1] galileo=[1] aglonass=[1]
01-03 21:23:37.626   299   299 D MNLD    : process: epoll_wait() received 1 events
01-03 21:23:37.626   299   299 D MNLD    : process: mnl2agps_handler: ret = 0
01-03 21:23:37.627   299   299 E agps    : ERR: [MNL2AGPS] agps2mnl unknown type=252
01-03 21:23:37.627   299   299 E MNLD    : main: process data error: 2 (No such file or directory)
01-03 21:23:37.843   723   723 I cameraserver: ServiceManager: 0xf6619460
01-03 21:23:37.843   723   723 I CameraService: CameraService started (pid=723)
01-03 21:23:37.851   723   723 I CameraService: CameraService process starting
01-03 21:23:38.140   723   723 I cameraserver: type=1400 audit(0.0:20): avc: denied { write } for name="trace_marker" dev="debugfs" ino=1049 scontext=u:r:cameraserver:s0 tcontext=u:object_r:debugfs:s0 tclass=file permissive=1
01-03 21:23:38.140   723   723 I cameraserver: type=1400 audit(0.0:21): avc: denied { open } for path="/sys/kernel/debug/tracing/trace_marker" dev="debugfs" ino=1049 scontext=u:r:cameraserver:s0 tcontext=u:object_r:debugfs:s0 tclass=file permissive=1
01-03 21:23:38.143   723   723 D ImgSensorDrv: [impSearchSensor]SENSOR search start 
01-03 21:23:38.143   723   723 D ImgSensorDrv: [impSearchSensor]impSearchSensor search to sub
01-03 21:23:38.143   723   723 D ImgSensorDrv: [impSearchSensor]set sensor driver id =10000
01-03 21:23:38.195   723   723 D ImgSensorDrv: [getCurrentSensorType][getCurrentSensorType] 
01-03 21:23:38.195   723   723 D ImgSensorDrv: [getInfo][getInfo],m_fdSensor = 0x8 
01-03 21:23:38.195   723   723 D ImgSensorDrv: [getSocketPosition][getSocketPosition]:[1][1] 
01-03 21:23:38.195   723   723 D ImgSensorDrv: [impSearchSensor]found <0x5005/gc5005mipiraw/SENSOR_DRVNAME_GC5005MIPI_RAW>
01-03 21:23:38.195   723   723 D ImgSensorDrv: [impSearchSensor]MAIN sensor found:[0]/[0x10000]/[0]/[1] 
01-03 21:23:38.195   723   723 D ImgSensorDrv: [impSearchSensor]set sensor driver id =10001
01-03 21:23:38.244   723   723 D ImgSensorDrv: [impSearchSensor][impSearchSensor] Err-ctrlCode (I/O error) 
01-03 21:23:38.244   723   723 D ImgSensorDrv: [getCurrentSensorType][getCurrentSensorType] 
01-03 21:23:38.244   723   723 D ImgSensorDrv: [getInfo][getInfo],m_fdSensor = 0x8 
01-03 21:23:38.244   723   723 D ImgSensorDrv: [getSocketPosition][getSocketPosition]:[1][1] 
01-03 21:23:38.244   723   723 D ImgSensorDrv: [impSearchSensor]sensor ID mismatch
01-03 21:23:38.244   723   723 D ImgSensorDrv: [impSearchSensor]m_pstSensorInitFunc[i].getCameraDefault is NULL: 2 
01-03 21:23:38.244   723   723 D ImgSensorDrv: [impSearchSensor]impSearchSensor search to sub
01-03 21:23:38.245   723   723 D ImgSensorDrv: [impSearchSensor]set sensor driver id =20000
01-03 21:23:38.299   723   723 D ImgSensorDrv: [impSearchSensor][impSearchSensor] Err-ctrlCode (I/O error) 
01-03 21:23:38.299   723   723 D ImgSensorDrv: [getCurrentSensorType][getCurrentSensorType] 
01-03 21:23:38.299   723   723 D ImgSensorDrv: [getInfo][getInfo],m_fdSensor = 0x8 
01-03 21:23:38.299   723   723 D ImgSensorDrv: [getSocketPosition][getSocketPosition]:[2][-1] 
01-03 21:23:38.299   723   723 D ImgSensorDrv: [impSearchSensor]sensor ID mismatch
01-03 21:23:38.299   723   723 D ImgSensorDrv: [impSearchSensor]set sensor driver id =20001
01-03 21:23:38.345   723   723 D ImgSensorDrv: [getCurrentSensorType][getCurrentSensorType] 
01-03 21:23:38.345   723   723 D ImgSensorDrv: [getInfo][getInfo],m_fdSensor = 0x8 
01-03 21:23:38.345   723   723 D ImgSensorDrv: [getSocketPosition][getSocketPosition]:[2][-1] 
01-03 21:23:38.345   723   723 D ImgSensorDrv: [impSearchSensor]found <0x30a/gc030amipiraw/SENSOR_DRVNAME_GC030AMIPI_RAW>
01-03 21:23:38.345   723   723 D ImgSensorDrv: [impSearchSensor]SUB sensor found:[1]/[0x20001]/[0]/[-1] 
01-03 21:23:38.345   723   723 D ImgSensorDrv: [impSearchSensor]m_pstSensorInitFunc[i].getCameraDefault is NULL: 2 
01-03 21:23:38.345   723   723 D ImgSensorDrv: [impSearchSensor]SENSOR search end: 0x3 /[0x5005][0]/[0xffffff][255]/[0x30a][1]
01-03 21:23:38.345   723   723 D ImgSensorDrv: [init][init] mUsers = 0
01-03 21:23:38.345   723   723 D ImgSensorDrv: [getResolution][getResolution] ACDK_SENSOR_RESOLUTION_INFO_STRUCT
01-03 21:23:38.346   723   723 F libc    : stack corruption detected
01-03 21:23:38.346   723   723 F libc    : Fatal signal 6 (SIGABRT), code -6 in tid 723 (cameraserver)
01-03 21:23:38.347   254   254 W         : debuggerd: handling request: pid=723 uid=1047 gid=1005 tid=723
01-03 21:23:38.364   734   734 E         : debuggerd: Unable to connect to activity manager (connect failed: Connection refused)
01-03 21:23:38.416   734   734 F DEBUG   : *** *** *** *** *** *** *** *** *** *** *** *** *** *** *** ***
01-03 21:23:38.417   734   734 F DEBUG   : CM Version: '14.1-20170103-UNOFFICIAL-maxi_lte'
01-03 21:23:38.417   734   734 F DEBUG   : Build fingerprint: 'Tele2/cm_maxi_lte/maxi_lte:7.1.1/NMF26Q/8407619d3f:userdebug/test-keys'
01-03 21:23:38.417   734   734 F DEBUG   : Revision: '0'
01-03 21:23:38.417   734   734 F DEBUG   : ABI: 'arm'
01-03 21:23:38.418   734   734 F DEBUG   : pid: 723, tid: 723, name: cameraserver  >>> /system/bin/cameraserver <<<
01-03 21:23:38.418   734   734 F DEBUG   : signal 6 (SIGABRT), code -6 (SI_TKILL), fault addr --------
01-03 21:23:38.426   734   734 F DEBUG   : Abort message: 'stack corruption detected'
01-03 21:23:38.426   734   734 F DEBUG   :     r0 00000000  r1 000002d3  r2 00000006  r3 00000008
01-03 21:23:38.426   734   734 F DEBUG   :     r4 f736858c  r5 00000006  r6 f7368534  r7 0000010c
01-03 21:23:38.426   734   734 F DEBUG   :     r8 f5455d58  r9 f54504c0  sl f5455d54  fp f6ece008
01-03 21:23:38.426   734   734 F DEBUG   :     ip 00000005  sp ffd37150  lr f6e88ca7  pc f6e8b504  cpsr 200f0010
01-03 21:23:38.438   734   734 F DEBUG   : 
01-03 21:23:38.438   734   734 F DEBUG   : backtrace:
01-03 21:23:38.438   734   734 F DEBUG   :     #00 pc 0004a504  /system/lib/libc.so (tgkill+12)
01-03 21:23:38.439   734   734 F DEBUG   :     #01 pc 00047ca3  /system/lib/libc.so (pthread_kill+34)
01-03 21:23:38.439   734   734 F DEBUG   :     #02 pc 0001d585  /system/lib/libc.so (raise+10)
01-03 21:23:38.439   734   734 F DEBUG   :     #03 pc 000190d1  /system/lib/libc.so (__libc_android_abort+34)
01-03 21:23:38.439   734   734 F DEBUG   :     #04 pc 00017138  /system/lib/libc.so (abort+4)
01-03 21:23:38.439   734   734 F DEBUG   :     #05 pc 0001b57f  /system/lib/libc.so (__libc_fatal+22)
01-03 21:23:38.439   734   734 F DEBUG   :     #06 pc 000489bb  /system/lib/libc.so (__stack_chk_fail+6)
01-03 21:23:38.439   734   734 F DEBUG   :     #07 pc 0001ab3b  /system/lib/libc.so (ioctl+66)
01-03 21:23:38.439   734   734 F DEBUG   :     #08 pc 00011981  /system/lib/libcam.halsensor.so (_ZN12ImgSensorDrv13getResolutionEPP34ACDK_SENSOR_RESOLUTION_INFO_STRUCT+60)
01-03 21:23:38.439   734   734 F DEBUG   :     #09 pc 0001335b  /system/lib/libcam.halsensor.so (_ZN12ImgSensorDrv4initEi+370)
01-03 21:23:38.439   734   734 F DEBUG   :     #10 pc 0000fec5  /system/lib/libcam.halsensor.so (_ZN5NSCam11NSHalSensor13HalSensorList18querySensorDrvInfoEv+28)
01-03 21:23:38.439   734   734 F DEBUG   :     #11 pc 0000fd2f  /system/lib/libcam.halsensor.so (_ZN5NSCam11NSHalSensor13HalSensorList22enumerateSensor_LockedEv+178)
01-03 21:23:38.439   734   734 F DEBUG   :     #12 pc 0000f95d  /system/lib/libcam.halsensor.so (_ZN5NSCam11NSHalSensor13HalSensorList13searchSensorsEv+14)
01-03 21:23:38.439   734   734 F DEBUG   :     #13 pc 000042b9  /system/lib/hw/camera.mt6737m.so (_ZN5NSCam19CamDeviceManagerImp16enumDeviceLockedEv+52)
01-03 21:23:38.439   734   734 F DEBUG   :     #14 pc 00004a23  /system/lib/hw/camera.mt6737m.so (_ZN5NSCam20CamDeviceManagerBase18getNumberOfDevicesEv+38)
01-03 21:23:38.439   734   734 F DEBUG   :     #15 pc 00060513  /system/lib/libcameraservice.so (_ZN7android12CameraModule18getNumberOfCamerasEv+58)
01-03 21:23:38.439   734   734 F DEBUG   :     #16 pc 0006041f  /system/lib/libcameraservice.so (_ZN7android12CameraModule4initEv+182)
01-03 21:23:38.440   734   734 F DEBUG   :     #17 pc 0004fd4d  /system/lib/libcameraservice.so (_ZN7android13CameraService10onFirstRefEv+100)
01-03 21:23:38.440   734   734 F DEBUG   :     #18 pc 00000be3  /system/bin/cameraserver
01-03 21:23:38.440   734   734 F DEBUG   :     #19 pc 00000b25  /system/bin/cameraserver
01-03 21:23:38.440   734   734 F DEBUG   :     #20 pc 00016cad  /system/lib/libc.so (__libc_init+48)
01-03 21:23:38.440   734   734 F DEBUG   :     #21 pc 00000a18  /system/bin/cameraserver
01-03 21:23:38.528   254   254 W         : debuggerd: resuming target 723
01-03 21:23:38.528   254   254 E         : debuggerd: failed to send signal 18 to target: No such process
01-03 21:23:39.612   293   374 D agps    : [agps] WARNING: [AGPS] agps2_gnss_ack_timeout
01-03 21:23:39.612   293   374 D agps    : [agps][n][AGPS] [MNL] write  agps_settings_sync  sib8_16=[1], gps=[1] glonass=[1] beidou=[1] galileo=[1] aglonass=[1]
01-03 21:23:39.612   299   299 D MNLD    : process: epoll_wait() received 1 events
01-03 21:23:39.612   299   299 D MNLD    : process: mnl2agps_handler: ret = 0
01-03 21:23:39.612   299   299 E agps    : ERR: [MNL2AGPS] agps2mnl unknown type=252
01-03 21:23:39.612   299   299 E MNLD    : main: process data error: 2 (No such file or directory)
01-03 21:23:39.891   286   388 W hwcomposer: [JOB] (0) Timed out waiting for vsync...
01-03 21:23:40.194   286   388 W hwcomposer: [JOB] (0) Timed out waiting for vsync...
01-03 21:23:40.936   577   704 E NetdConnector: Communications error: java.io.IOException: Connection refused
01-03 21:23:40.937   577   704 E NetdConnector: Error in NativeDaemonConnector: java.io.IOException: Connection refused
01-03 21:23:41.612   293   374 D agps    : [agps] WARNING: [AGPS] agps2_gnss_ack_timeout
01-03 21:23:41.612   293   374 D agps    : [agps][n][AGPS] [MNL] write  agps_settings_sync  sib8_16=[1], gps=[1] glonass=[1] beidou=[1] galileo=[1] aglonass=[1]
01-03 21:23:41.613   299   299 D MNLD    : process: epoll_wait() received 1 events
01-03 21:23:41.613   299   299 D MNLD    : process: mnl2agps_handler: ret = 0
01-03 21:23:41.613   299   299 E agps    : ERR: [MNL2AGPS] agps2mnl unknown type=252
01-03 21:23:41.613   299   299 E MNLD    : main: process data error: 2 (No such file or directory)
01-03 21:23:42.135   315   315 V NatController: runCmd(/system/bin/iptables -w -F natctrl_FORWARD) res=0
01-03 21:23:42.226   315   315 V NatController: runCmd(/system/bin/ip6tables -w -F natctrl_FORWARD) res=0
01-03 21:23:42.321   315   315 V NatController: runCmd(/system/bin/iptables -w -A natctrl_FORWARD -j DROP) res=0
01-03 21:23:42.409   315   315 V NatController: runCmd(/system/bin/iptables -w -t nat -F natctrl_nat_POSTROUTING) res=0
01-03 21:23:42.512   315   315 V NatController: runCmd(/system/bin/ip6tables -w -t raw -F natctrl_raw_PREROUTING) res=0
01-03 21:23:42.598   315   315 V NatController: runCmd(/system/bin/iptables -w -F natctrl_tether_counters) res=1
01-03 21:23:42.689   315   315 V NatController: runCmd(/system/bin/ip6tables -w -F natctrl_tether_counters) res=1
01-03 21:23:42.747   789   789 I cameraserver: ServiceManager: 0xf6919460
01-03 21:23:42.747   789   789 I CameraService: CameraService started (pid=789)
01-03 21:23:42.747   789   789 I CameraService: CameraService process starting
01-03 21:23:42.795   315   315 V NatController: runCmd(/system/bin/iptables -w -X natctrl_tether_counters) res=1
01-03 21:23:42.899   315   315 V NatController: runCmd(/system/bin/ip6tables -w -X natctrl_tether_counters) res=1
01-03 21:23:42.998   315   315 V NatController: runCmd(/system/bin/iptables -w -N natctrl_tether_counters) res=0
01-03 21:23:43.022   789   789 D ImgSensorDrv: [impSearchSensor]SENSOR search start 
01-03 21:23:43.023   789   789 D ImgSensorDrv: [impSearchSensor]impSearchSensor search to sub
01-03 21:23:43.023   789   789 D ImgSensorDrv: [impSearchSensor]set sensor driver id =10000
01-03 21:23:43.069   789   789 D ImgSensorDrv: [getCurrentSensorType][getCurrentSensorType] 
01-03 21:23:43.069   789   789 D ImgSensorDrv: [getInfo][getInfo],m_fdSensor = 0x8 
01-03 21:23:43.069   789   789 D ImgSensorDrv: [getSocketPosition][getSocketPosition]:[1][1] 
01-03 21:23:43.069   789   789 D ImgSensorDrv: [impSearchSensor]found <0x5005/gc5005mipiraw/SENSOR_DRVNAME_GC5005MIPI_RAW>
01-03 21:23:43.069   789   789 D ImgSensorDrv: [impSearchSensor]MAIN sensor found:[0]/[0x10000]/[0]/[1] 
01-03 21:23:43.069   789   789 D ImgSensorDrv: [impSearchSensor]set sensor driver id =10001
01-03 21:23:43.100   315   315 V NatController: runCmd(/system/bin/ip6tables -w -N natctrl_tether_counters) res=0
01-03 21:23:43.118   789   789 D ImgSensorDrv: [impSearchSensor][impSearchSensor] Err-ctrlCode (I/O error) 
01-03 21:23:43.118   789   789 D ImgSensorDrv: [getCurrentSensorType][getCurrentSensorType] 
01-03 21:23:43.118   789   789 D ImgSensorDrv: [getInfo][getInfo],m_fdSensor = 0x8 
01-03 21:23:43.118   789   789 D ImgSensorDrv: [getSocketPosition][getSocketPosition]:[1][1] 
01-03 21:23:43.118   789   789 D ImgSensorDrv: [impSearchSensor]sensor ID mismatch
01-03 21:23:43.118   789   789 D ImgSensorDrv: [impSearchSensor]m_pstSensorInitFunc[i].getCameraDefault is NULL: 2 
01-03 21:23:43.118   789   789 D ImgSensorDrv: [impSearchSensor]impSearchSensor search to sub
01-03 21:23:43.118   789   789 D ImgSensorDrv: [impSearchSensor]set sensor driver id =20000
01-03 21:23:43.164   789   789 D ImgSensorDrv: [impSearchSensor][impSearchSensor] Err-ctrlCode (I/O error) 
01-03 21:23:43.164   789   789 D ImgSensorDrv: [getCurrentSensorType][getCurrentSensorType] 
01-03 21:23:43.164   789   789 D ImgSensorDrv: [getInfo][getInfo],m_fdSensor = 0x8 
01-03 21:23:43.164   789   789 D ImgSensorDrv: [getSocketPosition][getSocketPosition]:[2][-1] 
01-03 21:23:43.164   789   789 D ImgSensorDrv: [impSearchSensor]sensor ID mismatch
01-03 21:23:43.164   789   789 D ImgSensorDrv: [impSearchSensor]set sensor driver id =20001
01-03 21:23:43.197   315   315 V NatController: runCmd(/system/bin/iptables -w -t mangle -A natctrl_mangle_FORWARD -p tcp --tcp-flags SYN SYN -j TCPMSS --clamp-mss-to-pmtu) res=0
01-03 21:23:43.216   789   789 D ImgSensorDrv: [getCurrentSensorType][getCurrentSensorType] 
01-03 21:23:43.216   789   789 D ImgSensorDrv: [getInfo][getInfo],m_fdSensor = 0x8 
01-03 21:23:43.216   789   789 D ImgSensorDrv: [getSocketPosition][getSocketPosition]:[2][-1] 
01-03 21:23:43.216   789   789 D ImgSensorDrv: [impSearchSensor]found <0x30a/gc030amipiraw/SENSOR_DRVNAME_GC030AMIPI_RAW>
01-03 21:23:43.216   789   789 D ImgSensorDrv: [impSearchSensor]SUB sensor found:[1]/[0x20001]/[0]/[-1] 
01-03 21:23:43.216   789   789 D ImgSensorDrv: [impSearchSensor]m_pstSensorInitFunc[i].getCameraDefault is NULL: 2 
01-03 21:23:43.216   789   789 D ImgSensorDrv: [impSearchSensor]SENSOR search end: 0x3 /[0x5005][0]/[0xffffff][255]/[0x30a][1]
01-03 21:23:43.216   789   789 D ImgSensorDrv: [init][init] mUsers = 0
01-03 21:23:43.216   789   789 D ImgSensorDrv: [getResolution][getResolution] ACDK_SENSOR_RESOLUTION_INFO_STRUCT
01-03 21:23:43.217   789   789 F libc    : stack corruption detected
01-03 21:23:43.217   789   789 F libc    : Fatal signal 6 (SIGABRT), code -6 in tid 789 (cameraserver)
01-03 21:23:43.217   254   254 W         : debuggerd: handling request: pid=789 uid=1047 gid=1005 tid=789
01-03 21:23:43.227   797   797 E         : debuggerd: Unable to connect to activity manager (connect failed: Connection refused)
01-03 21:23:43.278   797   797 F DEBUG   : *** *** *** *** *** *** *** *** *** *** *** *** *** *** *** ***
01-03 21:23:43.278   797   797 F DEBUG   : CM Version: '14.1-20170103-UNOFFICIAL-maxi_lte'
01-03 21:23:43.278   797   797 F DEBUG   : Build fingerprint: 'Tele2/cm_maxi_lte/maxi_lte:7.1.1/NMF26Q/8407619d3f:userdebug/test-keys'
01-03 21:23:43.278   797   797 F DEBUG   : Revision: '0'
01-03 21:23:43.278   797   797 F DEBUG   : ABI: 'arm'
01-03 21:23:43.279   797   797 F DEBUG   : pid: 789, tid: 789, name: cameraserver  >>> /system/bin/cameraserver <<<
01-03 21:23:43.279   797   797 F DEBUG   : signal 6 (SIGABRT), code -6 (SI_TKILL), fault addr --------
01-03 21:23:43.283   797   797 F DEBUG   : Abort message: 'stack corruption detected'
01-03 21:23:43.284   797   797 F DEBUG   :     r0 00000000  r1 00000315  r2 00000006  r3 00000008
01-03 21:23:43.284   797   797 F DEBUG   :     r4 f767658c  r5 00000006  r6 f7676534  r7 0000010c
01-03 21:23:43.284   797   797 F DEBUG   :     r8 f4cfdd58  r9 f4cf84c0  sl f4cfdd54  fp f6c9a008
01-03 21:23:43.284   797   797 F DEBUG   :     ip 00000005  sp fff4f630  lr f6c54ca7  pc f6c57504  cpsr 200f0010
01-03 21:23:43.292   797   797 F DEBUG   : 
01-03 21:23:43.292   797   797 F DEBUG   : backtrace:
01-03 21:23:43.293   797   797 F DEBUG   :     #00 pc 0004a504  /system/lib/libc.so (tgkill+12)
01-03 21:23:43.293   797   797 F DEBUG   :     #01 pc 00047ca3  /system/lib/libc.so (pthread_kill+34)
01-03 21:23:43.293   797   797 F DEBUG   :     #02 pc 0001d585  /system/lib/libc.so (raise+10)
01-03 21:23:43.293   797   797 F DEBUG   :     #03 pc 000190d1  /system/lib/libc.so (__libc_android_abort+34)
01-03 21:23:43.293   797   797 F DEBUG   :     #04 pc 00017138  /system/lib/libc.so (abort+4)
01-03 21:23:43.293   797   797 F DEBUG   :     #05 pc 0001b57f  /system/lib/libc.so (__libc_fatal+22)
01-03 21:23:43.293   797   797 F DEBUG   :     #06 pc 000489bb  /system/lib/libc.so (__stack_chk_fail+6)
01-03 21:23:43.293   797   797 F DEBUG   :     #07 pc 0001ab3b  /system/lib/libc.so (ioctl+66)
01-03 21:23:43.293   797   797 F DEBUG   :     #08 pc 00011981  /system/lib/libcam.halsensor.so (_ZN12ImgSensorDrv13getResolutionEPP34ACDK_SENSOR_RESOLUTION_INFO_STRUCT+60)
01-03 21:23:43.293   797   797 F DEBUG   :     #09 pc 0001335b  /system/lib/libcam.halsensor.so (_ZN12ImgSensorDrv4initEi+370)
01-03 21:23:43.293   797   797 F DEBUG   :     #10 pc 0000fec5  /system/lib/libcam.halsensor.so (_ZN5NSCam11NSHalSensor13HalSensorList18querySensorDrvInfoEv+28)
01-03 21:23:43.293   797   797 F DEBUG   :     #11 pc 0000fd2f  /system/lib/libcam.halsensor.so (_ZN5NSCam11NSHalSensor13HalSensorList22enumerateSensor_LockedEv+178)
01-03 21:23:43.293   797   797 F DEBUG   :     #12 pc 0000f95d  /system/lib/libcam.halsensor.so (_ZN5NSCam11NSHalSensor13HalSensorList13searchSensorsEv+14)
01-03 21:23:43.294   797   797 F DEBUG   :     #13 pc 000042b9  /system/lib/hw/camera.mt6737m.so (_ZN5NSCam19CamDeviceManagerImp16enumDeviceLockedEv+52)
01-03 21:23:43.294   797   797 F DEBUG   :     #14 pc 00004a23  /system/lib/hw/camera.mt6737m.so (_ZN5NSCam20CamDeviceManagerBase18getNumberOfDevicesEv+38)
01-03 21:23:43.294   797   797 F DEBUG   :     #15 pc 00060513  /system/lib/libcameraservice.so (_ZN7android12CameraModule18getNumberOfCamerasEv+58)
01-03 21:23:43.294   797   797 F DEBUG   :     #16 pc 0006041f  /system/lib/libcameraservice.so (_ZN7android12CameraModule4initEv+182)
01-03 21:23:43.294   797   797 F DEBUG   :     #17 pc 0004fd4d  /system/lib/libcameraservice.so (_ZN7android13CameraService10onFirstRefEv+100)
01-03 21:23:43.294   797   797 F DEBUG   :     #18 pc 00000be3  /system/bin/cameraserver
01-03 21:23:43.294   797   797 F DEBUG   :     #19 pc 00000b25  /system/bin/cameraserver
01-03 21:23:43.294   797   797 F DEBUG   :     #20 pc 00016cad  /system/lib/libc.so (__libc_init+48)
01-03 21:23:43.294   797   797 F DEBUG   :     #21 pc 00000a18  /system/bin/cameraserver
01-03 21:23:43.381   254   254 W         : debuggerd: resuming target 789
01-03 21:23:43.612   293   374 D agps    : [agps] WARNING: [AGPS] agps2_gnss_ack_timeout
01-03 21:23:43.612   293   374 E agps    : [agps] ERR: [AGPS] agps2_gnss_ack_timeout is already retried for 10 times
01-03 21:23:44.515   315   315 E Netd    : cannot find interface dummy0
01-03 21:23:44.518   315   315 D MDnsDS  : MDnsSdListener::Hander starting up
01-03 21:23:44.518   315   817 D MDnsDS  : MDnsSdListener starting to monitor
01-03 21:23:44.518   315   817 D MDnsDS  : Going to poll with pollCount 1
01-03 21:23:45.938   577   704 I NetworkManagement: onDaemonConnected()
01-03 21:23:45.942   577   577 I SystemServiceManager: Starting com.android.server.TextServicesManagerService$Lifecycle
01-03 21:23:45.984   577   577 I SystemServer: StartNetworkScoreService
01-03 21:23:46.016   577   577 I SystemServer: StartNetworkStatsService
01-03 21:23:46.111   577   577 I SystemServer: StartNetworkPolicyManagerService
01-03 21:23:46.121   577   577 I SystemServer: No Wi-Fi NAN Service (NAN support Not Present)
01-03 21:23:46.126   577   577 I SystemServiceManager: Starting com.android.server.wifi.p2p.WifiP2pService
01-03 21:23:46.253   577   577 I SystemServiceManager: Starting com.android.server.wifi.WifiService
01-03 21:23:46.481   577   831 I chatty  : uid=1000(system) IpManager.wlan0 expire 1 line
01-03 21:23:46.482   315   821 D CommandListener: Clearing all IP addresses on wlan0
01-03 21:23:46.683   577   577 I chatty  : uid=1000 system_server expire 86 lines
01-03 21:23:46.685   577   830 I chatty  : uid=1000(system) WifiStateMachin expire 21 lines
01-03 21:23:46.710   577   577 I SystemServiceManager: Starting com.android.server.wifi.scanner.WifiScanningService
01-03 21:23:46.721   577   577 I SystemServiceManager: Starting com.android.server.wifi.RttService
01-03 21:23:46.725   577   577 I SystemServiceManager: Starting com.android.server.ethernet.EthernetService
01-03 21:23:46.733   577   577 I SystemServer: StartConnectivityService
01-03 21:23:46.744   577   577 D ConnectivityService: ConnectivityService starting up
01-03 21:23:46.752   577   577 D ConnectivityService: wifiOnly=false
01-03 21:23:46.771   577   577 I SystemServer: StartNsdService
01-03 21:23:46.777   577   577 I SystemServer: StartUpdateLockService
01-03 21:23:46.780   577   577 I SystemServiceManager: Starting com.android.server.RecoverySystemService
01-03 21:23:46.784   577   577 I SystemServiceManager: Starting com.android.server.notification.NotificationManagerService
01-03 21:23:46.813   577   577 D ConditionProviders.SCP: new ScheduleConditionProvider()
01-03 21:23:46.819   577   577 D ZenLog  : config: readXml,ZenModeConfig[user=0,allowCalls=true,allowRepeatCallers=false,allowMessages=false,allowCallsFrom=contacts,allowMessagesFrom=contacts,allowReminders=true,allowEvents=true,allowWhenScreenOff=true,allowWhenScreenOn=true,automaticRules={854c42eb2bfe44a1a2637f3b3feaedf4=ZenRule[enabled=false,snoozing=false,name=Weekend,zenMode=ZEN_MODE_ALARMS,conditionId=condition://android/schedule?days=6.7&start=23.30&end=10.0&exitAtAlarm=false,condition=Condition[id=condition://android/schedule?days=6.7&start=23.30&end=10.0&exitAtAlarm=false,summary=...,line1=...,line2=...,icon=0,state=STATE_FALSE,flags=2],component=ComponentInfo{android/com.android.server.notification.ScheduleConditionProvider},id=854c42eb2bfe44a1a2637f3b3feaedf4,creationTime=1483461764887,enabler=null], 4e6d55ca7d414071acd44df0486bf62f=ZenRule[enabled=false,snoozing=false,name=Weeknight,zenMode=ZEN_MODE_ALARMS,conditionId=condition://android/schedule?days=1.2.3.4.5&start=22.0&end=7.0&exitAtAlarm=false,condition=Condition[id=condition://android/schedule?days=1.2.3.4.5&start=22.0&end=7.0&exitAtAlarm=false,summary=...,line1=...,line2=...,icon=0,state=STATE_FALSE,flags=2],component=ComponentInfo{android/com.android.server.notification.ScheduleConditionProvider},id=4e6d55ca7d414071acd44df0486bf62f,creationTime=1483461764886,enabler=null], 8d1c535ecb364ff790a30b05efe9126e=ZenRule[enabled=false,snoozing=false,name=Event,zenMode=ZEN_MODE_ALARMS,conditionId=condition://android/event?userId=-10000&calendar=&reply=1,condition=Condition[id=condition://android/event?userId=-10000&calendar=&reply=1,summary=...,line1=...,line2=...,icon=0,state=STATE_FALSE,flags=2],component=ComponentInfo{android/com.android.server.notification.EventConditionProvider},id=8d1c535ecb364ff790a30b05efe9126e,creationTime=1483461764888,enabler=null]},manualRule=null],Diff[automaticRule[854c42eb2bfe44a1a2637f3b3feaedf4]:insert,automaticRule[4e6d55ca7d414071acd44df0486bf62f]:insert,automaticRule[8d1c535ecb364ff790a30b05efe9126e]:insert,automaticRule[cf1cd4f6f24c4b63bdd376340fa5d171]:delete,automaticRule[51a15a884abd48d393a04180a9808cfc]:delete,automaticRule[55e97e51b84c4d6da514cb096a796290]:delete]
01-03 21:23:46.836   577   577 D ZenLog  : set_zen_mode: off,init
01-03 21:23:46.857   577   577 I SystemServiceManager: Starting com.android.server.storage.DeviceStorageMonitorService
01-03 21:23:46.862   577   577 I SystemServer: StartLocationManagerService
01-03 21:23:46.871   577   577 I SystemServer: StartCountryDetectorService
01-03 21:23:46.875   577   577 I SystemServer: StartSearchManagerService
01-03 21:23:46.875   577   577 I SystemServiceManager: Starting com.android.server.search.SearchManagerService$Lifecycle
01-03 21:23:46.879   577   577 I SystemServiceManager: Starting com.android.server.DropBoxManagerService
01-03 21:23:46.883   577   577 I SystemServer: StartWallpaperManagerService
01-03 21:23:46.883   577   577 I SystemServiceManager: Starting com.android.server.wallpaper.WallpaperManagerService$Lifecycle
01-03 21:23:46.888   577   577 E WallpaperManagerService: Invalid wallpaper data
01-03 21:23:46.888   577   577 E WallpaperManagerService: Unable to apply new wallpaper
01-03 21:23:46.891   577   577 I SystemServer: StartAudioService
01-03 21:23:46.891   577   577 I SystemServiceManager: Starting com.android.server.audio.AudioService$Lifecycle
01-03 21:23:46.908   303   451 D PermissionCache: checking android.permission.MODIFY_AUDIO_SETTINGS for uid=1000 => granted (2809 us)
01-03 21:23:46.942   303   445 W AudioFlinger: no wake lock to update, system not ready yet
01-03 21:23:46.942   303   447 W AudioFlinger: no wake lock to update, system not ready yet
01-03 21:23:46.944   303   843 D AudioALSAStreamManager: setMicMute(), mMicMute: 0 => 0
01-03 21:23:46.944   303   843 D AudioALSAStreamManager: +SetInputMute(), 0
01-03 21:23:46.944   303   843 D AudioALSAStreamManager: -SetInputMute(), 0
01-03 21:23:46.994   577   577 I SystemServiceManager: Starting com.android.server.DockObserver
01-03 21:23:46.995   577   577 W DockObserver: This kernel does not have dock station support
01-03 21:23:46.999   577   577 I SystemServer: StartWiredAccessoryManager
01-03 21:23:47.001   577   577 W WiredAccessoryManager: This kernel does not have usb audio support
01-03 21:23:47.002   577   577 W WiredAccessoryManager: This kernel does not have HDMI audio support
01-03 21:23:47.002   577   577 I SystemServiceManager: Starting com.android.server.usb.UsbService$Lifecycle
01-03 21:23:47.025   577   577 I SystemServer: StartSerialService
01-03 21:23:47.028   577   577 I SystemServiceManager: Starting com.android.server.twilight.TwilightService
01-03 21:23:47.030   577   577 I SystemServiceManager: Starting com.android.server.job.JobSchedulerService
01-03 21:23:47.039   577   577 D JobStore: Start tag: job-info
01-03 21:23:47.052   577   577 I SystemServiceManager: Starting com.android.server.soundtrigger.SoundTriggerService
01-03 21:23:47.055   577   577 I SystemServiceManager: Starting com.android.server.backup.BackupManagerService$Lifecycle
01-03 21:23:47.059   577   577 I SystemServiceManager: Starting com.android.server.appwidget.AppWidgetService
01-03 21:23:47.074   577   577 I SystemServiceManager: Starting com.android.server.voiceinteraction.VoiceInteractionManagerService
01-03 21:23:47.080   577   577 I SystemServer: Gesture Launcher Service
01-03 21:23:47.080   577   577 I SystemServiceManager: Starting com.android.server.GestureLauncherService
01-03 21:23:47.081   577   577 I SystemServiceManager: Starting com.android.server.SensorNotificationService
01-03 21:23:47.082   577   577 I SystemServiceManager: Starting com.android.server.ContextHubSystemService
01-03 21:23:47.084   577   577 I SystemServer: StartDiskStatsService
01-03 21:23:47.085   577   577 I SystemServer: StartSamplingProfilerService
01-03 21:23:47.113   577   577 I SystemServer: StartNetworkTimeUpdateService
01-03 21:23:47.119   577   577 I SystemServer: StartCommonTimeManagementService
01-03 21:23:47.122   577   577 I SystemServer: CertBlacklister
01-03 21:23:47.124   577   577 I SystemServiceManager: Starting com.android.server.emergency.EmergencyAffordanceService
01-03 21:23:47.158   577   577 I SystemServiceManager: Starting com.android.server.dreams.DreamManagerService
01-03 21:23:47.178   577   577 I SystemServer: StartAssetAtlasService
01-03 21:23:47.193   577   577 I SystemServiceManager: Starting com.android.server.print.PrintManagerService
01-03 21:23:47.194   577   848 I chatty  : uid=1000 system_server expire 2 lines
01-03 21:23:47.201   577   577 I SystemServiceManager: Starting com.android.server.restrictions.RestrictionsManagerService
01-03 21:23:47.207   577   577 I SystemServiceManager: Starting com.android.server.media.MediaSessionService
01-03 21:23:47.221   577   577 I SystemServer: StartMediaRouterService
01-03 21:23:47.257   577   577 I SystemServiceManager: Starting com.android.server.trust.TrustManagerService
01-03 21:23:47.264   577   577 I SystemServer: StartBackgroundDexOptService
01-03 21:23:47.268   577   577 I SystemServiceManager: Starting com.android.server.pm.ShortcutService$Lifecycle
01-03 21:23:47.282   577   577 I SystemServiceManager: Starting com.android.server.pm.LauncherAppsService
01-03 21:23:47.286   577   577 I SystemServiceManager: Starting com.android.server.media.projection.MediaProjectionManagerService
01-03 21:23:47.349   847   847 I cameraserver: ServiceManager: 0xf6799460
01-03 21:23:47.349   847   847 I CameraService: CameraService started (pid=847)
01-03 21:23:47.349   847   847 I CameraService: CameraService process starting
01-03 21:23:47.466   577   577 I SystemServiceManager: Starting com.android.server.MmsServiceBroker
01-03 21:23:47.474   577   577 I CMSystemServer: Attempting to start service org.cyanogenmod.platform.internal.CMStatusBarManagerService
01-03 21:23:47.483   577   577 I CMSystemServer: Starting service org.cyanogenmod.platform.internal.CMStatusBarManagerService
01-03 21:23:47.483   577   577 I SystemServiceManager: Starting org.cyanogenmod.platform.internal.CMStatusBarManagerService
01-03 21:23:47.486   577   577 I CMSystemServer: Attempting to start service org.cyanogenmod.platform.internal.ProfileManagerService
01-03 21:23:47.494   577   577 I CMSystemServer: Starting service org.cyanogenmod.platform.internal.ProfileManagerService
01-03 21:23:47.495   577   577 I SystemServiceManager: Starting org.cyanogenmod.platform.internal.ProfileManagerService
01-03 21:23:47.496   285   285 E ServiceManager: add_service('profile',6b) uid=1000 - ALREADY REGISTERED, OVERRIDE
01-03 21:23:47.496   285   285 I ServiceManager: service 'profile' died
01-03 21:23:47.523   577   577 I CMSystemServer: Attempting to start service org.cyanogenmod.platform.internal.PartnerInterfaceService
01-03 21:23:47.527   577   577 I CMSystemServer: Starting service org.cyanogenmod.platform.internal.PartnerInterfaceService
01-03 21:23:47.527   577   577 I SystemServiceManager: Starting org.cyanogenmod.platform.internal.PartnerInterfaceService
01-03 21:23:47.527   285   285 E ServiceManager: add_service('cmpartnerinterface',6c) uid=1000 - ALREADY REGISTERED, OVERRIDE
01-03 21:23:47.527   285   285 I ServiceManager: service 'cmpartnerinterface' died
01-03 21:23:47.528   577   577 I CMSystemServer: Attempting to start service org.cyanogenmod.platform.internal.CMTelephonyManagerService
01-03 21:23:47.531   577   577 I CMSystemServer: Starting service org.cyanogenmod.platform.internal.CMTelephonyManagerService
01-03 21:23:47.531   577   577 I SystemServiceManager: Starting org.cyanogenmod.platform.internal.CMTelephonyManagerService
01-03 21:23:47.532   577   577 I CMSystemServer: Attempting to start service org.cyanogenmod.platform.internal.CMHardwareService
01-03 21:23:47.544   577   577 I CMSystemServer: Starting service org.cyanogenmod.platform.internal.CMHardwareService
01-03 21:23:47.544   577   577 I SystemServiceManager: Starting org.cyanogenmod.platform.internal.CMHardwareService
01-03 21:23:47.546   285   285 E ServiceManager: add_service('cmhardware',6e) uid=1000 - ALREADY REGISTERED, OVERRIDE
01-03 21:23:47.546   285   285 I ServiceManager: service 'cmhardware' died
01-03 21:23:47.546   577   577 I CMSystemServer: Attempting to start service org.cyanogenmod.platform.internal.AppSuggestManagerService
01-03 21:23:47.548   577   577 I CMSystemServer: Starting service org.cyanogenmod.platform.internal.AppSuggestManagerService
01-03 21:23:47.549   577   577 I SystemServiceManager: Starting org.cyanogenmod.platform.internal.AppSuggestManagerService
01-03 21:23:47.550   577   577 E AppSgstMgrService: no app suggest provider found
01-03 21:23:47.552   577   577 I CMSystemServer: Attempting to start service org.cyanogenmod.platform.internal.PerformanceManagerService
01-03 21:23:47.559   577   861 I ServiceThread: Enabled StrictMode logging for PerformanceManager looper.
01-03 21:23:47.562   577   577 I CMSystemServer: Starting service org.cyanogenmod.platform.internal.PerformanceManagerService
01-03 21:23:47.562   577   577 I SystemServiceManager: Starting org.cyanogenmod.platform.internal.PerformanceManagerService
01-03 21:23:47.565   577   862 I ServiceThread: Enabled StrictMode logging for PerformanceManager looper.
01-03 21:23:47.566   577   577 I CMSystemServer: Attempting to start service org.cyanogenmod.platform.internal.ThemeManagerServiceBroker
01-03 21:23:47.580   577   577 E BrokerableCMSystemService: Setting brokered service connection org.cyanogenmod.platform.internal.ThemeManagerServiceBroker$2@ccf8630
01-03 21:23:47.581   577   577 I CMSystemServer: Starting service org.cyanogenmod.platform.internal.ThemeManagerServiceBroker
01-03 21:23:47.581   577   577 I SystemServiceManager: Starting org.cyanogenmod.platform.internal.ThemeManagerServiceBroker
01-03 21:23:47.581   577   577 E BrokerableCMSystemService: Setting brokered service connection org.cyanogenmod.platform.internal.ThemeManagerServiceBroker$2@85ef2a9
01-03 21:23:47.582   577   587 I chatty  : uid=1000(system) HeapTaskDaemon expire 1 line
01-03 21:23:47.582   577   577 I CMSystemServer: Attempting to start service org.cyanogenmod.platform.internal.IconCacheManagerServiceBroker
01-03 21:23:47.585   577   577 E BrokerableCMSystemService: Setting brokered service connection org.cyanogenmod.platform.internal.IconCacheManagerServiceBroker$2@613002e
01-03 21:23:47.585   577   577 I CMSystemServer: Starting service org.cyanogenmod.platform.internal.IconCacheManagerServiceBroker
01-03 21:23:47.585   577   577 I SystemServiceManager: Starting org.cyanogenmod.platform.internal.IconCacheManagerServiceBroker
01-03 21:23:47.585   577   577 E BrokerableCMSystemService: Setting brokered service connection org.cyanogenmod.platform.internal.IconCacheManagerServiceBroker$2@1b947cf
01-03 21:23:47.586   577   577 I CMSystemServer: Attempting to start service org.cyanogenmod.platform.internal.LiveLockScreenServiceBroker
