01-04 00:35:32.894   554   554 W PackageManager: Unable to disable com.google.android.gsf/com.google.android.gsf.update.SystemUpdateServiceReceiver
01-04 00:35:32.894   554   554 V PackageManager: Disabling com.google.android.gms/com.google.android.gms.update.SystemUpdateActivity
01-04 00:35:32.894   554   554 W PackageManager: Unable to disable com.google.android.gms/com.google.android.gms.update.SystemUpdateActivity
01-04 00:35:32.894   554   554 V PackageManager: Disabling com.google.android.gms/com.google.android.gms.update.SystemUpdateService$Receiver
01-04 00:35:32.894   554   554 W PackageManager: Unable to disable com.google.android.gms/com.google.android.gms.update.SystemUpdateService$Receiver
01-04 00:35:32.894   554   554 V PackageManager: Disabling com.google.android.gms/com.google.android.gms.update.SystemUpdateService$ActiveReceiver
01-04 00:35:32.894   554   554 W PackageManager: Unable to disable com.google.android.gms/com.google.android.gms.update.SystemUpdateService$ActiveReceiver
01-04 00:35:32.894   554   554 V PackageManager: Disabling com.google.android.gms/com.google.android.gms.update.SystemUpdateService$SecretCodeReceiver
01-04 00:35:32.894   554   554 W PackageManager: Unable to disable com.google.android.gms/com.google.android.gms.update.SystemUpdateService$SecretCodeReceiver
01-04 00:35:32.894   554   554 V PackageManager: Disabling com.google.android.gms/com.google.android.gms.update.SystemUpdateServiceReceiver
01-04 00:35:32.894   554   554 W PackageManager: Unable to disable com.google.android.gms/com.google.android.gms.update.SystemUpdateServiceReceiver
01-04 00:35:32.894   554   554 V PackageManager: Enabling com.google.android.gsf/com.google.android.gsf.update.SystemUpdateService
01-04 00:35:32.894   554   554 W PackageManager: Unable to enable com.google.android.gsf/com.google.android.gsf.update.SystemUpdateService
01-04 00:35:32.894   554   554 V PackageManager: Enabling com.google.android.gms/com.google.android.gms.update.SystemUpdateService
01-04 00:35:32.894   554   554 W PackageManager: Unable to enable com.google.android.gms/com.google.android.gms.update.SystemUpdateService
01-04 00:35:33.012   554   554 E PackageManager: There should probably be a verifier, but, none were found
01-04 00:35:33.020   554   554 D PackageManager: Ephemeral resolver NOT found; no matching intent filters
01-04 00:35:33.020   554   554 I PackageManager: Ephemeral deactivated; missing resolver and installer
01-04 00:35:33.021   554   554 I art     : Starting a blocking GC Explicit
01-04 00:35:33.077   554   554 I art     : Explicit concurrent mark sweep GC freed 41169(2MB) AllocSpace objects, 8(160KB) LOS objects, 42% free, 5MB/9MB, paused 940us total 54.774ms
01-04 00:35:33.081   554   554 I SystemServer: StartOtaDexOptService
01-04 00:35:33.084   554   554 I SystemServer: StartUserManagerService
01-04 00:35:33.085   554   554 I SystemServiceManager: Starting com.android.server.pm.UserManagerService$LifeCycle
01-04 00:35:33.107   282   282 I lowmemorykiller: ActivityManager connected
01-04 00:35:33.108   554   554 D SensorService: nuSensorService starting...
01-04 00:35:33.116   554   554 D Sensors_Init: open_sensors: name: poll! fwq debug
01-04 00:35:33.116   554   554 D Hwmsen_sensors: Hwmsen mPendingEvents len(6)
01-04 00:35:33.116   554   554 D Hwmsen_sensors: Hwmsen Construct ok
01-04 00:35:33.117   554   554 D Accel   : acc misc path =/sys/class/misc/m_acc_misc/
01-04 00:35:33.117   554   554 D Accel   : read div buf(/sys/class/misc/m_acc_misc/accactive), mdiv 1000
01-04 00:35:33.117   554   554 E Magnetic: couldn't find input device 
01-04 00:35:33.118   554   554 D PROXIMITY: prox misc path =/sys/class/misc/m_alsps_misc/
01-04 00:35:33.118   554   554 D PROXIMITY: read div buf(/sys/class/misc/m_alsps_misc/psactive), mdiv 100
01-04 00:35:33.118   554   554 E LIGHT   : len = 2, buf = 3
01-04 00:35:33.118   554   554 D LIGHT   : light misc path =/sys/class/misc/m_alsps_misc/
01-04 00:35:33.119   554   554 D LIGHT   : read div buf(/sys/class/misc/m_alsps_misc/alsactive),mdiv 100
01-04 00:35:33.119   554   554 E GYRO    : couldn't find input device 
01-04 00:35:33.119   554   554 E PRESSURE: couldn't find input device 
01-04 00:35:33.119   554   554 E TEMPRATURE: couldn't find input device 
01-04 00:35:33.119   554   554 E HUMIDITY: couldn't find input device 
01-04 00:35:33.119   554   554 D STEP_COUNTER: StepCounter misc path =
01-04 00:35:33.119   554   554 E STEP_COUNTER: open step_c misc path /sys/class/misc/m_step_c_misc/step_cactive fail 
01-04 00:35:33.119   554   554 E SensorBase: Couldn't open /dev/m_batch_misc (No such file or directory)
01-04 00:35:33.119   554   554 D BATCH   : batch misc path =
01-04 00:35:33.120   554   554 D PDR     : pdr misc path =
01-04 00:35:33.120   554   554 E PDR     : open pdr misc path /sys/class/misc/m_pdr_misc/pdractive fail 
01-04 00:35:33.120   554   554 E ACT     : couldn't find input device 
01-04 00:35:33.120   554   554 D IN_POCKET: inpk misc path =
01-04 00:35:33.120   554   554 E IN_POCKET: open fdn misc path /sys/class/misc/m_inpk_misc/inpkactive fail 
01-04 00:35:33.120   554   554 D PICK_UP : PickUp misc path =
01-04 00:35:33.120   554   554 E PICK_UP : open pkup misc path /sys/class/misc/m_pkup_misc/pkupactive fail 
01-04 00:35:33.120   554   554 D FACE_DOWN: FaceDown misc path =
01-04 00:35:33.120   554   554 E FACE_DOWN: open fdn misc path /sys/class/misc/m_fdn_misc/fdnactive fail 
01-04 00:35:33.120   554   554 D SHAKE   : Shake misc path =
01-04 00:35:33.120   554   554 E SHAKE   : open shk misc path /sys/class/misc/m_shk_misc/shkactive fail 
01-04 00:35:33.120   554   554 D HRM     : hrm misc path =
01-04 00:35:33.120   554   554 E HRM     : open acc misc path /sys/class/misc/m_hrm_misc/hrmactive fail 
01-04 00:35:33.120   554   554 D TILT    : Tilt misc path =
01-04 00:35:33.120   554   554 E TILT    : open acc misc path /sys/class/misc/m_tilt_misc/tiltactive fail 
01-04 00:35:33.120   554   554 D WAKE_GESTURE: WakeGesture misc path =
01-04 00:35:33.120   554   554 E WAKE_GESTURE: open acc misc path /sys/class/misc/m_wag_misc/wagactive fail 
01-04 00:35:33.120   554   554 D GLANCE_GESTURE: GlanceGesture misc path =
01-04 00:35:33.120   554   554 E GLANCE_GESTURE: open acc misc path /sys/class/misc/m_glg_misc/glgactive fail 
01-04 00:35:33.121   554   554 E La      : open linearacceleration misc path /sys/class/misc/m_la_misc/laactive fail 
01-04 00:35:33.121   554   554 E RV      : open acc misc path /sys/class/misc/m_rv_misc/rvactive fail
01-04 00:35:33.121   554   554 E GRV     : open grv misc path /sys/class/misc/m_grv_misc/grvactive fail 
01-04 00:35:33.121   554   554 E Grav    : open gravity misc path /sys/class/misc/m_grav_misc/gravactive fail 
01-04 00:35:33.121   554   554 E GMRV    : open grv misc path /sys/class/misc/m_gmrv_misc/gmrvactive fail 
01-04 00:35:33.121   554   554 E BRINGTOSEE: couldn't find input device 
01-04 00:35:33.121   554   554 D Sensors_Init:  sSensorList addr =0xee59d090, module addr =0xee59d004
01-04 00:35:33.121   554   554 D Sensors_Init:  ARRAY_SIZE(sSensorList) =3 SENSORS_NUM=3 MAX_NUM_SENSOR=3 
01-04 00:35:33.121   554   554 D Sensors : activate handle =0, enable = 0
01-04 00:35:33.121   554   554 E Sensors : handleToDriver handle(0)
01-04 00:35:33.121   554   554 D Sensors : use new sensor index=2, mSensors[index](f4358c00)
01-04 00:35:33.121   554   554 D Accel   : ACC enable: handle:0, en:0 
01-04 00:35:33.121   554   554 D Accel   : path:/sys/class/misc/m_acc_misc/accactive 
01-04 00:35:33.122   554   554 D Accel   : ACC enable(0) done
01-04 00:35:33.122   554   554 D Sensors : activate handle =7, enable = 0
01-04 00:35:33.122   554   554 E Sensors : handleToDriver handle(7)
01-04 00:35:33.122   554   554 D Sensors : use new sensor index=6, mSensors[index](df1d7000)
01-04 00:35:33.122   554   554 D PROXIMITY: PS enable: handle:7, en:0 
01-04 00:35:33.122   554   554 D PROXIMITY: path:/sys/class/misc/m_alsps_misc/psactive 
01-04 00:35:33.123   554   554 D PROXIMITY: PS enable(0) done
01-04 00:35:33.123   554   554 D Sensors : activate handle =4, enable = 0
01-04 00:35:33.123   554   554 E Sensors : handleToDriver handle(4)
01-04 00:35:33.123   554   554 D Sensors : use new sensor index=5, mSensors[index](df1d8400)
01-04 00:35:33.123   554   554 D LIGHT   : ALS enable: handle:4, en:0 
01-04 00:35:33.123   554   554 D LIGHT   : path:/sys/class/misc/m_alsps_misc/alsactive 
01-04 00:35:33.125   554   554 D LIGHT   : ACC enable(0) done
01-04 00:35:33.127   554   554 D Sensors_Init:  sSensorList addr =0xee59d090, module addr =0xee59d004
01-04 00:35:33.128   554   554 D Sensors_Init:  ARRAY_SIZE(sSensorList) =3 SENSORS_NUM=3 MAX_NUM_SENSOR=3 
01-04 00:35:33.128   554   554 D Sensors_Init:  sSensorList addr =0xee59d090, module addr =0xee59d004
01-04 00:35:33.128   554   554 D Sensors_Init:  ARRAY_SIZE(sSensorList) =3 SENSORS_NUM=3 MAX_NUM_SENSOR=3 
01-04 00:35:33.129   554   643 D SensorService: nuSensorService thread starting...
01-04 00:35:33.130   554   642 D SensorService: new thread SensorEventAckReceiver
01-04 00:35:33.130   554   554 I SystemServiceManager: Starting com.android.server.BatteryService
01-04 00:35:33.148   554   580 E BatteryStatsService: power: Missing API
01-04 00:35:33.149   554   567 D lights  : set_led_state colorRGB=FF000000, onMS=0, offMS=0
01-04 00:35:33.149   554   567 D lights  : set_led_state colorRGB=00000000, onMS=0, offMS=0
01-04 00:35:33.221   554   554 I SystemServiceManager: Starting com.android.server.usage.UsageStatsService
01-04 00:35:33.252   554   554 I SystemServiceManager: Starting com.android.server.webkit.WebViewUpdateService
01-04 00:35:33.260   554   554 I SystemServer: Reading configuration...
01-04 00:35:33.260   554   554 I SystemServer: StartSchedulingPolicyService
01-04 00:35:33.262   554   554 I SystemServiceManager: Starting com.android.server.telecom.TelecomLoaderService
01-04 00:35:33.267   554   554 I SystemServer: StartTelephonyRegistry
01-04 00:35:33.281   554   554 I SystemServer: StartEntropyMixer
01-04 00:35:33.287   554   554 I EntropyMixer: Writing entropy...
01-04 00:35:33.312   554   554 I SystemServer: Camera Service
01-04 00:35:33.312   554   554 I SystemServiceManager: Starting com.android.server.camera.CameraService
01-04 00:35:33.323   554   652 I ServiceThread: Enabled StrictMode logging for CameraService_proxy looper.
01-04 00:35:33.327   554   554 I SystemServer: StartAccountManagerService
01-04 00:35:33.329   554   554 I SystemServiceManager: Starting com.android.server.accounts.AccountManagerService$Lifecycle
01-04 00:35:33.348   554   554 I SystemServer: StartContentService
01-04 00:35:33.351   554   554 I SystemServiceManager: Starting com.android.server.content.ContentService$Lifecycle
01-04 00:35:33.355   554   554 I SystemServer: InstallSystemProviders
01-04 00:35:33.365   554   554 W System  : ClassLoader referenced unknown path: /system/priv-app/CMSettingsProvider/lib/arm
01-04 00:35:33.398   554   554 W System  : ClassLoader referenced unknown path: /system/priv-app/SettingsProvider/lib/arm
01-04 00:35:33.399   554   554 D ApplicationLoaders: ignored Vulkan layer search path /system/priv-app/SettingsProvider/lib/arm:/system/priv-app/SettingsProvider/SettingsProvider.apk!/lib/armeabi-v7a:/system/lib:/vendor/lib for namespace 0xf72090d0
01-04 00:35:33.437   554   554 I SystemServer: StartVibratorService
01-04 00:35:33.447   554   554 I SystemServer: StartConsumerIrService
01-04 00:35:33.449   554   554 E ConsumerIrService: Can't open consumer IR HW Module, error: -2
01-04 00:35:33.450   554   554 I SystemServer: StartAlarmManagerService
01-04 00:35:33.450   554   554 I SystemServiceManager: Starting com.android.server.AlarmManagerService
01-04 00:35:33.456   554   554 D AlarmManagerService: Kernel timezone updated to -180 minutes west of GMT
01-04 00:35:33.462   554   554 I SystemServer: InitWatchdog
01-04 00:35:33.463   554   554 I SystemServer: StartInputManagerService
01-04 00:35:33.465   554   554 I InputManager: Initializing input manager, mUseDevInputEventForAudioJack=false
01-04 00:35:33.467   554   554 I SystemServer: StartWindowManagerService
01-04 00:35:33.503   554   588 I WindowManager: No existing display settings /data/system/display_settings.xml; starting empty
01-04 00:35:33.586   554   554 I SystemServer: StartVrManagerService
01-04 00:35:33.586   554   554 I SystemServiceManager: Starting com.android.server.vr.VrManagerService
01-04 00:35:33.588   554   554 W VrManagerService: init_native: Could not open VR hardware module, error No such file or directory (-2).
01-04 00:35:33.595   554   554 I InputManager: Starting input manager
01-04 00:35:33.598   554   667 D EventHub: No input device configuration file found for device 'mtk-tpd-kpd'.
01-04 00:35:33.608   554   554 I SystemServiceManager: Starting com.android.server.BluetoothService
01-04 00:35:33.618   554   554 D BluetoothManagerService: Loading stored name and address
01-04 00:35:33.618   554   554 D BluetoothManagerService: Stored bluetooth Name=Maxi LTE,Address=22:22:22:52:AF:60
01-04 00:35:33.619   554   554 D BluetoothManagerService: Bluetooth persisted state: 1
01-04 00:35:33.619   554   554 D BluetoothManagerService: Startup: Bluetooth persisted state is ON.
01-04 00:35:33.619   554   554 I SystemServer: ConnectivityMetricsLoggerService
01-04 00:35:33.620   554   554 I SystemServiceManager: Starting com.android.server.connectivity.MetricsLoggerService
01-04 00:35:33.622   554   554 I SystemServer: IpConnectivityMetrics
01-04 00:35:33.623   554   554 I SystemServiceManager: Starting com.android.server.connectivity.IpConnectivityMetrics
01-04 00:35:33.624   554   554 I SystemServer: PinnerService
01-04 00:35:33.625   554   554 I SystemServiceManager: Starting com.android.server.PinnerService
01-04 00:35:33.629   554   554 I SystemServiceManager: Starting com.android.server.InputMethodManagerService$Lifecycle
01-04 00:35:33.635   554   667 W EventHub: Unable to disable kernel key repeat for /dev/input/event6: Function not implemented
01-04 00:35:33.635   554   667 I EventHub: New device: id=1, fd=96, path='/dev/input/event6', name='mtk-tpd-kpd', classes=0x1, configuration='', keyLayout='/system/usr/keylayout/Generic.kl', keyCharacterMap='/system/usr/keychars/Generic.kcm', builtinKeyboard=false, wakeMechanism=EPOLLWAKEUP, usingClockIoctl=true
01-04 00:35:33.635   554   667 D EventHub: No input device configuration file found for device 'mtk-tpd'.
01-04 00:35:33.636   554   667 E filemap : mmap(0,4096) failed: No such device
01-04 00:35:33.642   554   667 W EventHub: Unable to disable kernel key repeat for /dev/input/event5: Function not implemented
01-04 00:35:33.642   554   667 I EventHub: New device: id=2, fd=97, path='/dev/input/event5', name='mtk-tpd', classes=0x15, configuration='', keyLayout='/system/usr/keylayout/Generic.kl', keyCharacterMap='/system/usr/keychars/Generic.kcm', builtinKeyboard=false, wakeMechanism=EPOLLWAKEUP, usingClockIoctl=true
01-04 00:35:33.643   554   667 D EventHub: No input device configuration file found for device 'm_acc_input'.
01-04 00:35:33.691   554   667 D EventHub: No input device configuration file found for device 'm_alsps_input'.
01-04 00:35:33.727   554   554 I SystemServer: StartAccessibilityManagerService
01-04 00:35:33.740   554   554 I ActivityManager: Config changes=1df8 {1.0 ?mcc?mnc [en_US] ldltr sw360dp w360dp h640dp 320dpi nrml long port ?uimode ?night -touch -keyb/h/h -nav/h s.2}
01-04 00:35:33.752   554   667 D EventHub: No input device configuration file found for device 'hwmdata'.
01-04 00:35:33.761   554   588 I ActivityManager: Config changes=400 {1.0 ?mcc?mnc [en_US] ldltr sw360dp w360dp h616dp 320dpi nrml long port ?uimode ?night -touch -keyb/h/h -nav/h s.3}
01-04 00:35:33.792   554   554 I SystemServiceManager: Starting com.android.server.MountService$Lifecycle
01-04 00:35:33.797   554   576 I UsageStatsService: User[0] Rollover scheduled @ 2017-01-04 23:31:36(1483561896996)
01-04 00:35:33.801   554   667 D EventHub: No input device configuration file found for device 'ACCDET'.
01-04 00:35:33.805   554   667 W EventHub: Unable to disable kernel key repeat for /dev/input/event0: Function not implemented
01-04 00:35:33.805   554   667 I EventHub: New device: id=6, fd=99, path='/dev/input/event0', name='ACCDET', classes=0x1, configuration='', keyLayout='/system/usr/keylayout/ACCDET.kl', keyCharacterMap='/system/usr/keychars/Generic.kcm', builtinKeyboard=false, wakeMechanism=EPOLLWAKEUP, usingClockIoctl=true
01-04 00:35:33.806   554   667 D EventHub: No input device configuration file found for device 'mtk-kpd'.
01-04 00:35:33.812   554   667 W EventHub: Unable to disable kernel key repeat for /dev/input/event1: Function not implemented
01-04 00:35:33.812   554   667 I EventHub: New device: id=7, fd=102, path='/dev/input/event1', name='mtk-kpd', classes=0x1, configuration='', keyLayout='/system/usr/keylayout/mtk-kpd.kl', keyCharacterMap='/system/usr/keychars/Generic.kcm', builtinKeyboard=false, wakeMechanism=EPOLLWAKEUP, usingClockIoctl=true
01-04 00:35:33.814   554   554 I SystemServiceManager: Starting com.android.server.UiModeManagerService
01-04 00:35:33.816   554   670 D MountService: Thinking about init, mSystemReady=false, mDaemonConnected=true
01-04 00:35:33.816   554   670 D MountService: Thinking about reset, mSystemReady=false, mDaemonConnected=true
01-04 00:35:33.818   554   670 D MountService: Thinking about init, mSystemReady=false, mDaemonConnected=true
01-04 00:35:33.818   554   670 D MountService: Thinking about reset, mSystemReady=false, mDaemonConnected=true
01-04 00:35:33.819   554   670 D CryptdConnector: SND -> {1 cryptfs getfield SystemLocale}
01-04 00:35:33.819   554   554 I ActivityManager: Config changes=200 {1.0 ?mcc?mnc [en_US] ldltr sw360dp w360dp h616dp 320dpi nrml long port -touch -keyb/h/h -nav/h s.4}
01-04 00:35:33.820   554   667 I InputReader: Device added: id=-1, name='Virtual', sources=0x00000301
01-04 00:35:33.820   554   667 I InputReader: Device added: id=7, name='mtk-kpd', sources=0x00000101
01-04 00:35:33.820   554   667 I InputReader: Device added: id=6, name='ACCDET', sources=0x00000101
01-04 00:35:33.822   554   672 D CryptdConnector: RCV <- {200 1 -1}
01-04 00:35:33.822   554   667 I InputReader:   Touch device 'mtk-tpd' could not query the properties of its associated display.  The device will be inoperable until the display size becomes available.
01-04 00:35:33.822   554   667 I InputReader: Device added: id=2, name='mtk-tpd', sources=0x00001103
01-04 00:35:33.823   554   667 I InputReader: Device added: id=1, name='mtk-tpd-kpd', sources=0x00000101
01-04 00:35:33.826   554   670 W MountService: No primary storage mounted!
01-04 00:35:33.826   554   670 D VoldConnector: SND -> {1 asec list}
01-04 00:35:33.828   554   671 D VoldConnector: RCV <- {200 1 asec operation succeeded}
01-04 00:35:33.828   554   670 I PackageManager: No secure containers found
01-04 00:35:33.829   554   670 W PackageManager: Unknown permission com.google.android.googleapps.permission.GOOGLE_AUTH in package com.android.providers.calendar
01-04 00:35:33.829   554   670 W PackageManager: Unknown permission com.google.android.googleapps.permission.GOOGLE_AUTH.cl in package com.android.providers.calendar
01-04 00:35:33.829   554   670 W PackageManager: Not granting permission android.permission.ACCESS_DOWNLOAD_MANAGER to package org.cyanogenmod.gello.browser (protectionLevel=18 flags=0x3809be45)
01-04 00:35:33.830   554   670 W PackageManager: Not granting permission android.permission.SEND_DOWNLOAD_COMPLETED_INTENTS to package org.cyanogenmod.gello.browser (protectionLevel=2 flags=0x3809be45)
01-04 00:35:33.830   554   670 W PackageManager: Not granting permission android.permission.WRITE_MEDIA_STORAGE to package org.cyanogenmod.gello.browser (protectionLevel=18 flags=0x3809be45)
01-04 00:35:33.830   554   670 W PackageManager: Unknown permission org.cyanogenmod.gello.browser.permission.READ_HOMEPAGE in package org.cyanogenmod.gello.browser
01-04 00:35:33.830   554   670 W PackageManager: Unknown permission org.cyanogenmod.gello.browser.permission.WRITE_HOMEPAGE in package org.cyanogenmod.gello.browser
01-04 00:35:33.830   554   670 W PackageManager: Unknown permission cyanogenmod.permission.LEGALESE in package com.cyanogenmod.setupwizard
01-04 00:35:33.830   554   670 W PackageManager: Unknown permission com.cyngn.stats.SEND_ANALYTICS in package com.cyanogenmod.setupwizard
01-04 00:35:33.830   554   670 W PackageManager: Unknown permission com.cyanogen.permission.REQUEST_KILL_SWITCH_OP in package com.cyanogenmod.setupwizard
01-04 00:35:33.831   554   670 W PackageManager: Unknown permission com.google.android.googleapps.permission.GOOGLE_AUTH.mail in package com.android.calendar
01-04 00:35:33.832   554   670 W PackageManager: Unknown permission com.android.launcher.permission.READ_SETTINGS in package com.android.onetimeinitializer
01-04 00:35:33.832   554   670 W PackageManager: Unknown permission com.android.launcher.permission.WRITE_SETTINGS in package com.android.onetimeinitializer
01-04 00:35:33.832   554   670 W PackageManager: Unknown permission com.android.vending.BILLING in package com.sumoing.camu
01-04 00:35:33.832   554   670 W PackageManager: Unknown permission com.android.launcher.permission.READ_SETTINGS in package com.cyanogenmod.trebuchet
01-04 00:35:33.832   554   670 W PackageManager: Unknown permission com.android.launcher.permission.WRITE_SETTINGS in package com.cyanogenmod.trebuchet
01-04 00:35:33.833   554   670 W PackageManager: Unknown permission com.google.android.permission.INSTALL_WEARABLE_PACKAGES in package com.android.packageinstaller
01-04 00:35:33.833   554   670 W PackageManager: Not granting permission android.permission.DELETE_PACKAGES to package com.svox.pico (protectionLevel=18 flags=0x3808be45)
01-04 00:35:33.833   554   670 W PackageManager: Unknown permission android.permission.ACCESS_SUPERUSER in package com.cyanogenmod.filemanager
01-04 00:35:33.833   554   670 W PackageManager: Unknown permission com.cyanogenmod.filemanager.permissions.READ_THEME in package com.cyanogenmod.filemanager
01-04 00:35:33.833   554   670 W PackageManager: Unknown permission com.google.android.gallery3d.permission.PICASA_STORE in package com.android.dreams.phototable
01-04 00:35:33.833   554   670 W PackageManager: Unknown permission com.google.android.googleapps.permission.GOOGLE_AUTH in package com.android.settings
01-04 00:35:33.833   554   670 W PackageManager: Unknown permission com.android.launcher.permission.READ_SETTINGS in package com.android.settings
01-04 00:35:33.834   554   670 W PackageManager: Unknown permission com.android.launcher.permission.WRITE_SETTINGS in package com.android.settings
01-04 00:35:33.834   554   670 W PackageManager: Not granting permission android.permission.REAL_GET_TASKS to package com.cyanogenmod.eleven (protectionLevel=18 flags=0x3818be65)
01-04 00:35:33.835   554   670 W PackageManager: Not granting permission android.permission.MANAGE_DOCUMENTS to package com.android.deskclock (protectionLevel=2 flags=0x3c49be45)
01-04 00:35:33.835   554   670 W PackageManager: Unknown permission com.android.deskclock.worldclock.permissions.WRITE_DATABASE in package com.android.deskclock
01-04 00:35:33.835   554   670 W PackageManager: Unknown permission org.codeaurora.permission.POWER_ON_ALERT in package com.android.deskclock
01-04 00:35:33.835   554   670 W PackageManager: Not granting permission android.permission.WRITE_SECURE_SETTINGS to package com.android.deskclock (protectionLevel=50 flags=0x3c49be45)
01-04 00:35:33.836   554   667 I InputReader: Reconfiguring input devices.  changes=0x00000004
01-04 00:35:33.836   554   667 I InputReader: Device reconfigured: id=2, name='mtk-tpd', size 720x1280, orientation 0, mode 1, display id 0
01-04 00:35:33.836   554   670 W PackageManager: Unknown permission com.google.android.gallery3d.permission.GALLERY_PROVIDER in package com.android.bluetooth
01-04 00:35:33.837   554   670 W PackageManager: Unknown permission com.google.android.googleapps.permission.ACCESS_GOOGLE_PASSWORD in package com.android.development
01-04 00:35:33.837   554   670 W PackageManager: Unknown permission com.google.android.googleapps.permission.GOOGLE_AUTH in package com.android.development
01-04 00:35:33.837   554   670 W PackageManager: Unknown permission com.google.android.googleapps.permission.GOOGLE_AUTH.ALL_SERVICES in package com.android.development
01-04 00:35:33.837   554   670 W PackageManager: Unknown permission com.google.android.googleapps.permission.GOOGLE_AUTH.YouTubeUser in package com.android.development
01-04 00:35:33.985   554   666 I ActivityManager: Config changes=8 {1.0 ?mcc?mnc [en_US] ldltr sw360dp w360dp h616dp 320dpi nrml long port finger -keyb/h/h -nav/h s.5}
01-04 00:35:33.987   554   554 I SystemServer: StartLockSettingsService
01-04 00:35:33.987   554   554 I SystemServiceManager: Starting com.android.server.LockSettingsService$Lifecycle
01-04 00:35:33.992   554   670 W MountService: No primary storage defined yet; hacking together a stub
01-04 00:35:33.994   554   670 W MountService: No primary storage defined yet; hacking together a stub
01-04 00:35:33.994   554   670 W MountService: No primary storage mounted!
01-04 00:35:33.995   554   670 D VoldConnector: SND -> {2 asec list}
01-04 00:35:33.995   554   671 D VoldConnector: RCV <- {200 2 asec operation succeeded}
01-04 00:35:34.019   554   554 I SystemServiceManager: Starting com.android.server.DeviceIdleController
01-04 00:35:34.031   554   554 I SystemServiceManager: Starting com.android.server.devicepolicy.DevicePolicyManagerService$Lifecycle
01-04 00:35:34.059   554   554 I SystemServer: StartStatusBarManagerService
01-04 00:35:34.064   554   554 I SystemServer: StartClipboardService
01-04 00:35:34.068   554   554 I SystemServer: StartNetworkManagementService
01-04 00:35:34.073   554   676 E NetdConnector: Communications error: java.io.IOException: Connection refused
01-04 00:35:34.074   554   676 E NetdConnector: Error in NativeDaemonConnector: java.io.IOException: Connection refused
01-04 00:35:34.437   293   389 D agps    : [agps] WARNING: [AGPS] agps2_gnss_ack_timeout
01-04 00:35:34.437   293   389 D agps    : [agps][n][AGPS] [MNL] write  agps_settings_sync  sib8_16=[1], gps=[1] glonass=[1] beidou=[1] galileo=[1] aglonass=[1]
01-04 00:35:34.438   295   295 D MNLD    : process: epoll_wait() received 1 events
01-04 00:35:34.438   295   295 D MNLD    : process: mnl2agps_handler: ret = 0
01-04 00:35:34.438   295   295 E agps    : ERR: [MNL2AGPS] agps2mnl unknown type=252
01-04 00:35:34.438   295   295 E MNLD    : main: process data error: 2 (No such file or directory)
01-04 00:35:36.437   293   389 D agps    : [agps] WARNING: [AGPS] agps2_gnss_ack_timeout
01-04 00:35:36.438   293   389 D agps    : [agps][n][AGPS] [MNL] write  agps_settings_sync  sib8_16=[1], gps=[1] glonass=[1] beidou=[1] galileo=[1] aglonass=[1]
01-04 00:35:36.438   295   295 D MNLD    : process: epoll_wait() received 1 events
01-04 00:35:36.438   295   295 D MNLD    : process: mnl2agps_handler: ret = 0
01-04 00:35:36.438   295   295 E agps    : ERR: [MNL2AGPS] agps2mnl unknown type=252
01-04 00:35:36.438   295   295 E MNLD    : main: process data error: 2 (No such file or directory)
01-04 00:35:38.438   293   389 D agps    : [agps] WARNING: [AGPS] agps2_gnss_ack_timeout
01-04 00:35:38.438   293   389 D agps    : [agps][n][AGPS] [MNL] write  agps_settings_sync  sib8_16=[1], gps=[1] glonass=[1] beidou=[1] galileo=[1] aglonass=[1]
01-04 00:35:38.438   295   295 D MNLD    : process: epoll_wait() received 1 events
01-04 00:35:38.438   295   295 D MNLD    : process: mnl2agps_handler: ret = 0
01-04 00:35:38.438   295   295 E agps    : ERR: [MNL2AGPS] agps2mnl unknown type=252
01-04 00:35:38.438   295   295 E MNLD    : main: process data error: 2 (No such file or directory)
01-04 00:35:39.002   284   343 W hwcomposer: [JOB] (0) Timed out waiting for vsync...
01-04 00:35:39.076   554   676 E NetdConnector: Communications error: java.io.IOException: Connection refused
01-04 00:35:39.078   554   676 E NetdConnector: Error in NativeDaemonConnector: java.io.IOException: Connection refused
01-04 00:35:40.438   293   389 D agps    : [agps] WARNING: [AGPS] agps2_gnss_ack_timeout
01-04 00:35:40.438   293   389 D agps    : [agps][n][AGPS] [MNL] write  agps_settings_sync  sib8_16=[1], gps=[1] glonass=[1] beidou=[1] galileo=[1] aglonass=[1]
01-04 00:35:40.439   295   295 D MNLD    : process: epoll_wait() received 1 events
01-04 00:35:40.439   295   295 D MNLD    : process: mnl2agps_handler: ret = 0
01-04 00:35:40.440   295   295 E agps    : ERR: [MNL2AGPS] agps2mnl unknown type=252
01-04 00:35:40.440   295   295 E MNLD    : main: process data error: 2 (No such file or directory)
01-04 00:35:40.536   309   309 V NatController: runCmd(/system/bin/iptables -w -F natctrl_FORWARD) res=0
01-04 00:35:40.630   309   309 V NatController: runCmd(/system/bin/ip6tables -w -F natctrl_FORWARD) res=0
01-04 00:35:40.724   309   309 V NatController: runCmd(/system/bin/iptables -w -A natctrl_FORWARD -j DROP) res=0
01-04 00:35:40.821   309   309 V NatController: runCmd(/system/bin/iptables -w -t nat -F natctrl_nat_POSTROUTING) res=0
01-04 00:35:40.911   309   309 V NatController: runCmd(/system/bin/ip6tables -w -t raw -F natctrl_raw_PREROUTING) res=0
01-04 00:35:41.001   309   309 V NatController: runCmd(/system/bin/iptables -w -F natctrl_tether_counters) res=1
01-04 00:35:41.094   309   309 V NatController: runCmd(/system/bin/ip6tables -w -F natctrl_tether_counters) res=1
01-04 00:35:41.185   309   309 V NatController: runCmd(/system/bin/iptables -w -X natctrl_tether_counters) res=1
01-04 00:35:41.272   309   309 V NatController: runCmd(/system/bin/ip6tables -w -X natctrl_tether_counters) res=1
01-04 00:35:41.366   309   309 V NatController: runCmd(/system/bin/iptables -w -N natctrl_tether_counters) res=0
01-04 00:35:41.459   309   309 V NatController: runCmd(/system/bin/ip6tables -w -N natctrl_tether_counters) res=0
01-04 00:35:41.552   309   309 V NatController: runCmd(/system/bin/iptables -w -t mangle -A natctrl_mangle_FORWARD -p tcp --tcp-flags SYN SYN -j TCPMSS --clamp-mss-to-pmtu) res=0
01-04 00:35:42.438   293   389 D agps    : [agps] WARNING: [AGPS] agps2_gnss_ack_timeout
01-04 00:35:42.438   293   389 E agps    : [agps] ERR: [AGPS] agps2_gnss_ack_timeout is already retried for 10 times
01-04 00:35:42.883   309   309 E Netd    : cannot find interface dummy0
01-04 00:35:42.886   309   309 D MDnsDS  : MDnsSdListener::Hander starting up
01-04 00:35:42.890   309   781 D MDnsDS  : MDnsSdListener starting to monitor
01-04 00:35:42.890   309   781 D MDnsDS  : Going to poll with pollCount 1
01-04 00:35:44.079   554   676 I NetworkManagement: onDaemonConnected()
01-04 00:35:44.084   554   554 I SystemServiceManager: Starting com.android.server.TextServicesManagerService$Lifecycle
01-04 00:35:44.108   554   554 I SystemServer: StartNetworkScoreService
01-04 00:35:44.111   554   554 I SystemServer: StartNetworkStatsService
01-04 00:35:44.155   554   554 I SystemServer: StartNetworkPolicyManagerService
01-04 00:35:44.169   554   554 I SystemServer: No Wi-Fi NAN Service (NAN support Not Present)
01-04 00:35:44.174   554   554 I SystemServiceManager: Starting com.android.server.wifi.p2p.WifiP2pService
01-04 00:35:44.284   554   554 I WifiP2pService: Registering wifip2p
01-04 00:35:44.294   554   554 I SystemServiceManager: Starting com.android.server.wifi.WifiService
01-04 00:35:44.438   554   554 D WifiStateMachine: fst disabled
01-04 00:35:44.478   554   554 D HS20    : Passpoint is enabled, false
01-04 00:35:44.562   554   793 E IpManager.wlan0: Failed to disable IPv6java.lang.IllegalStateException: command '1 interface ipv6 wlan0 disable' failed with '400 1 Failed to change IPv6 state (No such file or directory)'
01-04 00:35:44.563   309   785 D CommandListener: Clearing all IP addresses on wlan0
01-04 00:35:44.772   554   554 W art     : Long monitor contention with owner WifiStateMachine (792) at boolean com.android.server.wifi.WifiNative.unloadDriverNative()(WifiNative.java:-2) waiters=0 in java.lang.String com.android.server.wifi.WifiNative.doStringCommand(java.lang.String) for 200ms
01-04 00:35:44.772   554   554 E WifiLogger: no ring buffers found
01-04 00:35:44.772   554   554 E WifiLogger: Failed to start packet fate monitoring
01-04 00:35:44.774   554   792 D WifiApConfigStore: 2G band allowed channels are:1,6,11
01-04 00:35:44.800   554   554 D WifiController: isAirplaneModeOn = false, isWifiEnabled = true, isScanningAvailable = false
01-04 00:35:44.804   554   554 I WifiService: Registering wifi
01-04 00:35:44.807   554   554 I SystemServiceManager: Starting com.android.server.wifi.scanner.WifiScanningService
01-04 00:35:44.807   554   554 I WifiScanningService: Creating wifiscanner
01-04 00:35:44.814   554   554 I WifiScanningService: Publishing wifiscanner
01-04 00:35:44.816   554   554 I SystemServiceManager: Starting com.android.server.wifi.RttService
01-04 00:35:44.817   554   554 I RttService: Creating rttmanager
01-04 00:35:44.819   554   554 I RttService: Starting rttmanager
01-04 00:35:44.820   554   554 I SystemServiceManager: Starting com.android.server.ethernet.EthernetService
01-04 00:35:44.821   554   554 I EthernetServiceImpl: Creating EthernetConfigStore
01-04 00:35:44.830   554   554 E IpConfigStore: Error parsing configuration: java.io.FileNotFoundException: /data/misc/ethernet/ipconfig.txt (No such file or directory)
01-04 00:35:44.830   554   554 W EthernetConfigStore: No Ethernet configuration found. Using default.
01-04 00:35:44.830   554   554 I EthernetServiceImpl: Read stored IP configuration: IP assignment: DHCP
01-04 00:35:44.830   554   554 I EthernetServiceImpl: Proxy settings: NONE
01-04 00:35:44.831   554   554 I EthernetService: Registering service ethernet
01-04 00:35:44.835   554   554 I SystemServer: StartConnectivityService
01-04 00:35:44.844   554   554 D ConnectivityService: ConnectivityService starting up
01-04 00:35:44.852   554   554 D ConnectivityService: wifiOnly=false
01-04 00:35:44.879   554   554 I SystemServer: StartNsdService
01-04 00:35:44.885   554   554 I SystemServer: StartUpdateLockService
01-04 00:35:44.887   554   554 I SystemServiceManager: Starting com.android.server.RecoverySystemService
01-04 00:35:44.900   554   554 I SystemServiceManager: Starting com.android.server.notification.NotificationManagerService
01-04 00:35:44.948   554   554 D ConditionProviders.SCP: new ScheduleConditionProvider()
01-04 00:35:44.955   554   554 D ZenLog  : config: readXml,ZenModeConfig[user=0,allowCalls=true,allowRepeatCallers=false,allowMessages=false,allowCallsFrom=contacts,allowMessagesFrom=contacts,allowReminders=true,allowEvents=true,allowWhenScreenOff=true,allowWhenScreenOn=true,automaticRules={6da2c32878e1430ab29839ff6e0d7a2e=ZenRule[enabled=false,snoozing=false,name=Weekend,zenMode=ZEN_MODE_ALARMS,conditionId=condition://android/schedule?days=6.7&start=23.30&end=10.0&exitAtAlarm=false,condition=Condition[id=condition://android/schedule?days=6.7&start=23.30&end=10.0&exitAtAlarm=false,summary=...,line1=...,line2=...,icon=0,state=STATE_FALSE,flags=2],component=ComponentInfo{android/com.android.server.notification.ScheduleConditionProvider},id=6da2c32878e1430ab29839ff6e0d7a2e,creationTime=1483475548232,enabler=null], 6a48d8ab6d7b436d832a8790c0ce30fc=ZenRule[enabled=false,snoozing=false,name=Event,zenMode=ZEN_MODE_ALARMS,conditionId=condition://android/event?userId=-10000&calendar=&reply=1,condition=Condition[id=condition://android/event?userId=-10000&calendar=&reply=1,summary=...,line1=...,line2=...,icon=0,state=STATE_FALSE,flags=2],component=ComponentInfo{android/com.android.server.notification.EventConditionProvider},id=6a48d8ab6d7b436d832a8790c0ce30fc,creationTime=1483475548233,enabler=null], c28a92db22a446969316bd53f259d006=ZenRule[enabled=false,snoozing=false,name=Weeknight,zenMode=ZEN_MODE_ALARMS,conditionId=condition://android/schedule?days=1.2.3.4.5&start=22.0&end=7.0&exitAtAlarm=false,condition=Condition[id=condition://android/schedule?days=1.2.3.4.5&start=22.0&end=7.0&exitAtAlarm=false,summary=...,line1=...,line2=...,icon=0,state=STATE_TRUE,flags=2],component=ComponentInfo{android/com.android.server.notification.ScheduleConditionProvider},id=c28a92db22a446969316bd53f259d006,creationTime=1483475548232,enabler=null]},manualRule=null],Diff[automaticRule[e2179e591eaa42e9a9da9d70bbae7982]:delete,automaticRule[8e264eb29e7749e492df0ebbf8f80f0f]:delete,automaticRule[6da2c32878e1430ab29839ff6e0d7a2e]:insert,automaticRule[6a48d8ab6d7b436d832a8790c0ce30fc]:insert,automaticRule[c28a92db22a446969316bd53f259d006]:insert,automaticRule[3f34c73389fa4be8967198258e453220]:delete]
01-04 00:35:44.977   554   554 D ZenLog  : set_zen_mode: off,init
01-04 00:35:44.995   554   554 D lights  : set_led_state colorRGB=FF000000, onMS=0, offMS=0
01-04 00:35:44.995   554   554 D lights  : set_led_state colorRGB=FF000000, onMS=0, offMS=0
01-04 00:35:45.036   554   554 I SystemServiceManager: Starting com.android.server.storage.DeviceStorageMonitorService
01-04 00:35:45.062   554   554 I SystemServer: StartLocationManagerService
01-04 00:35:45.067   554   554 I SystemServer: StartCountryDetectorService
01-04 00:35:45.071   554   554 I SystemServer: StartSearchManagerService
01-04 00:35:45.072   554   554 I SystemServiceManager: Starting com.android.server.search.SearchManagerService$Lifecycle
01-04 00:35:45.076   554   554 I SystemServiceManager: Starting com.android.server.DropBoxManagerService
01-04 00:35:45.079   554   554 I SystemServer: StartWallpaperManagerService
01-04 00:35:45.079   554   554 I SystemServiceManager: Starting com.android.server.wallpaper.WallpaperManagerService$Lifecycle
01-04 00:35:45.084   554   554 E BitmapFactory: Unable to decode stream: java.io.FileNotFoundException: /data/system/users/0/wallpaper_orig (No such file or directory)
01-04 00:35:45.084   554   554 E WallpaperManagerService: Invalid wallpaper data
01-04 00:35:45.084   554   554 E WallpaperManagerService: Unable to apply new wallpaper
01-04 00:35:45.086   554   554 I SystemServer: StartAudioService
01-04 00:35:45.087   554   554 I SystemServiceManager: Starting com.android.server.audio.AudioService$Lifecycle
01-04 00:35:45.098   300   454 D PermissionCache: checking android.permission.MODIFY_AUDIO_SETTINGS for uid=1000 => granted (1041 us)
01-04 00:35:45.104   554   554 W TelecomManager: Telecom Service not found.
01-04 00:35:45.113   554   567 E BatteryStatsService: power: Missing API
01-04 00:35:45.114   300   446 W AudioFlinger: no wake lock to update, system not ready yet
01-04 00:35:45.115   300   451 W AudioFlinger: no wake lock to update, system not ready yet
01-04 00:35:45.118   300   300 D AudioALSAStreamManager: setMicMute(), mMicMute: 0 => 0
01-04 00:35:45.118   300   300 D AudioALSAStreamManager: +SetInputMute(), 0
01-04 00:35:45.118   300   300 D AudioALSAStreamManager: -SetInputMute(), 0
01-04 00:35:45.140   284   343 W hwcomposer: [JOB] (0) Timed out waiting for vsync...
01-04 00:35:45.188   554   554 I SystemServiceManager: Starting com.android.server.DockObserver
01-04 00:35:45.189   554   554 W DockObserver: This kernel does not have dock station support
01-04 00:35:45.191   554   554 I SystemServer: StartWiredAccessoryManager
01-04 00:35:45.193   554   554 W WiredAccessoryManager: This kernel does not have usb audio support
01-04 00:35:45.193   554   554 W WiredAccessoryManager: This kernel does not have HDMI audio support
01-04 00:35:45.194   554   554 I SystemServiceManager: Starting com.android.server.usb.UsbService$Lifecycle
01-04 00:35:45.244   554   554 I SystemServer: StartSerialService
01-04 00:35:45.246   554   554 E HardwarePropertiesManagerService-JNI: Couldn't load thermal module (No such file or directory)
01-04 00:35:45.248   554   554 I SystemServiceManager: Starting com.android.server.twilight.TwilightService
01-04 00:35:45.250   554   554 I SystemServiceManager: Starting com.android.server.job.JobSchedulerService
01-04 00:35:45.255   554   554 D JobStore: Start tag: job-info
01-04 00:35:45.266   554   554 I SystemServiceManager: Starting com.android.server.soundtrigger.SoundTriggerService
01-04 00:35:45.274   554   554 I SystemServiceManager: Starting com.android.server.backup.BackupManagerService$Lifecycle
01-04 00:35:45.279   554   554 I SystemServiceManager: Starting com.android.server.appwidget.AppWidgetService
01-04 00:35:45.289   554   554 I SystemServiceManager: Starting com.android.server.voiceinteraction.VoiceInteractionManagerService
01-04 00:35:45.295   554   554 I SystemServer: Gesture Launcher Service
01-04 00:35:45.296   554   554 I SystemServiceManager: Starting com.android.server.GestureLauncherService
01-04 00:35:45.296   554   554 I SystemServiceManager: Starting com.android.server.SensorNotificationService
01-04 00:35:45.297   554   554 I SystemServiceManager: Starting com.android.server.ContextHubSystemService
01-04 00:35:45.298   554   554 E ContextHubService: ** Could not load context_hub module : err No such file or directory
01-04 00:35:45.298   554   554 W ContextHubService: No Context Hub Module present
01-04 00:35:45.298   554   554 I SystemServer: StartDiskStatsService
01-04 00:35:45.300   554   554 I SystemServer: StartSamplingProfilerService
01-04 00:35:45.427   554   554 I SystemServer: StartNetworkTimeUpdateService
01-04 00:35:45.429   554   554 I SystemServer: StartCommonTimeManagementService
01-04 00:35:45.432   554   554 I SystemServer: CertBlacklister
01-04 00:35:45.433   554   554 I SystemServiceManager: Starting com.android.server.emergency.EmergencyAffordanceService
01-04 00:35:45.435   554   554 I SystemServiceManager: Starting com.android.server.dreams.DreamManagerService
01-04 00:35:45.438   554   554 I SystemServer: StartAssetAtlasService
01-04 00:35:45.445   554   554 I SystemServiceManager: Starting com.android.server.print.PrintManagerService
01-04 00:35:45.450   554   554 I SystemServiceManager: Starting com.android.server.restrictions.RestrictionsManagerService
01-04 00:35:45.456   554   554 I SystemServiceManager: Starting com.android.server.media.MediaSessionService
01-04 00:35:45.460   554   808 D AssetAtlas: Loaded configuration: SliceMinArea (576x960) flags=0x2 count=98
01-04 00:35:45.468   554   554 I SystemServer: StartMediaRouterService
01-04 00:35:45.489   554   554 I SystemServiceManager: Starting com.android.server.trust.TrustManagerService
01-04 00:35:45.493   554   554 I SystemServer: StartBackgroundDexOptService
01-04 00:35:45.496   554   554 I SystemServiceManager: Starting com.android.server.pm.ShortcutService$Lifecycle
01-04 00:35:45.513   554   554 I SystemServiceManager: Starting com.android.server.pm.LauncherAppsService
01-04 00:35:45.520   554   554 I SystemServiceManager: Starting com.android.server.media.projection.MediaProjectionManagerService
01-04 00:35:45.527   554   554 V MediaRouter: Adding route: RouteInfo{ name=Phone, description=null, status=null, category=RouteCategory{ name=null types=ROUTE_TYPE_LIVE_AUDIO ROUTE_TYPE_LIVE_VIDEO  groupable=false }, supportedTypes=ROUTE_TYPE_LIVE_AUDIO ROUTE_TYPE_LIVE_VIDEO , presentationDisplay=null }
01-04 00:35:45.530   554   554 V MediaRouter: Updating audio routes: AudioRoutesInfo{ type=SPEAKER }
01-04 00:35:45.532   554   554 V MediaRouter: Selecting route: RouteInfo{ name=Phone, description=null, status=null, category=RouteCategory{ name=null types=ROUTE_TYPE_LIVE_AUDIO ROUTE_TYPE_LIVE_VIDEO  groupable=false }, supportedTypes=ROUTE_TYPE_LIVE_AUDIO ROUTE_TYPE_LIVE_VIDEO , presentationDisplay=null }
01-04 00:35:45.785   554   808 D AssetAtlas: Rendered atlas in 303.98ms (38.15+265.82ms)
01-04 00:35:45.923   554   554 I WindowManager: SAFE MODE not enabled
01-04 00:35:45.926   554   554 I SystemServiceManager: Starting com.android.server.MmsServiceBroker
01-04 00:35:45.931   554   554 I CMSystemServer: Attempting to start service org.cyanogenmod.platform.internal.CMStatusBarManagerService
01-04 00:35:45.937   554   554 I CMSystemServer: Starting service org.cyanogenmod.platform.internal.CMStatusBarManagerService
01-04 00:35:45.937   554   554 I SystemServiceManager: Starting org.cyanogenmod.platform.internal.CMStatusBarManagerService
01-04 00:35:45.937   554   554 D CMStatusBarManagerService: registerCMStatusBar cmstatusbar: org.cyanogenmod.platform.internal.CMStatusBarManagerService@8fc8139
01-04 00:35:45.941   554   554 I CMSystemServer: Attempting to start service org.cyanogenmod.platform.internal.ProfileManagerService
01-04 00:35:45.951   554   554 I CMSystemServer: Starting service org.cyanogenmod.platform.internal.ProfileManagerService
01-04 00:35:45.951   554   554 I SystemServiceManager: Starting org.cyanogenmod.platform.internal.ProfileManagerService
01-04 00:35:45.952   283   283 E ServiceManager: add_service('profile',6c) uid=1000 - ALREADY REGISTERED, OVERRIDE
01-04 00:35:45.952   283   283 I ServiceManager: service 'profile' died
01-04 00:35:45.961   554   554 V ProfileTriggerHelper: Enabling
01-04 00:35:45.965   554   554 D CMProfileService: Found active: 0230226d-0d05-494a-a9bd-d222a1117655
01-04 00:35:45.972   554   554 D CMProfileService: Set active profile to: 0230226d-0d05-494a-a9bd-d222a1117655 - Default
01-04 00:35:45.972   554   554 D CMProfileService: Saving profile data...
01-04 00:35:45.976   554   554 D CMProfileService: Save completed.
01-04 00:35:45.981   554   554 I CMSystemServer: Attempting to start service org.cyanogenmod.platform.internal.PartnerInterfaceService
01-04 00:35:45.986   554   554 I CMSystemServer: Starting service org.cyanogenmod.platform.internal.PartnerInterfaceService
01-04 00:35:45.986   554   554 I SystemServiceManager: Starting org.cyanogenmod.platform.internal.PartnerInterfaceService
01-04 00:35:45.987   283   283 E ServiceManager: add_service('cmpartnerinterface',6d) uid=1000 - ALREADY REGISTERED, OVERRIDE
01-04 00:35:45.987   283   283 I ServiceManager: service 'cmpartnerinterface' died
01-04 00:35:45.988   554   554 I CMSystemServer: Attempting to start service org.cyanogenmod.platform.internal.CMTelephonyManagerService
01-04 00:35:45.990   554   554 I CMSystemServer: Starting service org.cyanogenmod.platform.internal.CMTelephonyManagerService
01-04 00:35:45.990   554   554 I SystemServiceManager: Starting org.cyanogenmod.platform.internal.CMTelephonyManagerService
01-04 00:35:45.992   554   554 I CMSystemServer: Attempting to start service org.cyanogenmod.platform.internal.CMHardwareService
01-04 00:35:45.999   554   554 I CMSystemServer: Starting service org.cyanogenmod.platform.internal.CMHardwareService
01-04 00:35:45.999   554   554 I SystemServiceManager: Starting org.cyanogenmod.platform.internal.CMHardwareService
01-04 00:35:46.000   283   283 E ServiceManager: add_service('cmhardware',6f) uid=1000 - ALREADY REGISTERED, OVERRIDE
01-04 00:35:46.000   283   283 I ServiceManager: service 'cmhardware' died
01-04 00:35:46.000   554   554 I CMSystemServer: Attempting to start service org.cyanogenmod.platform.internal.AppSuggestManagerService
01-04 00:35:46.002   554   554 I CMSystemServer: Starting service org.cyanogenmod.platform.internal.AppSuggestManagerService
01-04 00:35:46.002   554   554 I SystemServiceManager: Starting org.cyanogenmod.platform.internal.AppSuggestManagerService
01-04 00:35:46.003   554   554 W ServiceWatcher: com.cyanogen.app.suggest not found
01-04 00:35:46.003   554   554 E AppSgstMgrService: no app suggest provider found
01-04 00:35:46.004   554   554 I CMSystemServer: Attempting to start service org.cyanogenmod.platform.internal.PerformanceManagerService
01-04 00:35:46.020   554   821 I ServiceThread: Enabled StrictMode logging for PerformanceManager looper.
01-04 00:35:46.021   554   554 I CMSystemServer: Starting service org.cyanogenmod.platform.internal.PerformanceManagerService
01-04 00:35:46.022   554   554 I SystemServiceManager: Starting org.cyanogenmod.platform.internal.PerformanceManagerService
01-04 00:35:46.024   554   822 I ServiceThread: Enabled StrictMode logging for PerformanceManager looper.
01-04 00:35:46.026   554   554 I CMSystemServer: Attempting to start service org.cyanogenmod.platform.internal.ThemeManagerServiceBroker
01-04 00:35:46.030   554   554 E BrokerableCMSystemService: Setting brokered service connection org.cyanogenmod.platform.internal.ThemeManagerServiceBroker$2@b8f09eb
01-04 00:35:46.030   554   554 I CMSystemServer: Starting service org.cyanogenmod.platform.internal.ThemeManagerServiceBroker
01-04 00:35:46.030   554   554 I SystemServiceManager: Starting org.cyanogenmod.platform.internal.ThemeManagerServiceBroker
01-04 00:35:46.030   554   554 E BrokerableCMSystemService: Setting brokered service connection org.cyanogenmod.platform.internal.ThemeManagerServiceBroker$2@7af0348
01-04 00:35:46.031   554   554 I CMSystemServer: Attempting to start service org.cyanogenmod.platform.internal.IconCacheManagerServiceBroker
01-04 00:35:46.033   554   554 E BrokerableCMSystemService: Setting brokered service connection org.cyanogenmod.platform.internal.IconCacheManagerServiceBroker$2@a3485e1
01-04 00:35:46.033   554   554 I CMSystemServer: Starting service org.cyanogenmod.platform.internal.IconCacheManagerServiceBroker
01-04 00:35:46.033   554   554 I SystemServiceManager: Starting org.cyanogenmod.platform.internal.IconCacheManagerServiceBroker
01-04 00:35:46.034   554   554 E BrokerableCMSystemService: Setting brokered service connection org.cyanogenmod.platform.internal.IconCacheManagerServiceBroker$2@62dbf06
01-04 00:35:46.035   554   554 I CMSystemServer: Attempting to start service org.cyanogenmod.platform.internal.LiveLockScreenServiceBroker
01-04 00:35:46.037   554   554 E BrokerableCMSystemService: Setting brokered service connection org.cyanogenmod.platform.internal.LiveLockScreenServiceBroker$2@65259c7
