01-04 00:35:53.532   554   587 D BluetoothManagerService: Message: 20
01-04 00:35:53.534   863  1093 D LocalBluetoothProfileManager: Adding local HEADSET profile
01-04 00:35:53.538   554   587 D BluetoothManagerService: Added callback: android.bluetooth.IBluetoothManagerCallback$Stub$Proxy@3d6ac21:true
01-04 00:35:53.543   554   587 D BluetoothManagerService: Message: 30
01-04 00:35:53.547   840  1256 W bt_l2cap: L2CAP - L2CA_Register() called for PSM: 0x1003
01-04 00:35:53.547   840  1325 D ObexServerSockets: Succeed to create listening sockets 
01-04 00:35:53.547   840  1325 D ObexServerSockets2: startAccept()
01-04 00:35:53.547   840  1325 D ObexServerSockets2: prepareForNewConnect()
01-04 00:35:53.548   840  1332 D ObexServerSockets2: Accepting socket connection...
01-04 00:35:53.552   863  1093 D LocalBluetoothProfileManager: Handsfree Uuid not found.
01-04 00:35:53.558   840  1325 D BluetoothPbapService: isDisabledNonAosp :false
01-04 00:35:53.561   840  1325 D BluetoothSdpJni: sdpCreatePbapPseRecordNative:
01-04 00:35:53.561   840  1325 D BluetoothSdpJni: SDP Create record success - handle: 1
01-04 00:35:53.561   840  1239 D [BT]    : mtk_bt_op: BT_VND_OP_LPM_WAKE_SET_STATE
01-04 00:35:53.561   840  1325 D BluetoothPbapService: Creating new SDP record for PBAP server with handle: 1
01-04 00:35:53.570  1184  1184 D LocalBluetoothProfileManager: Adding local A2DP SRC profile
01-04 00:35:53.574   554   587 D BluetoothManagerService: Message: 30
01-04 00:35:53.579  1184  1184 D LocalBluetoothProfileManager: Adding local HEADSET profile
01-04 00:35:53.582   554   587 D BluetoothManagerService: Message: 30
01-04 00:35:53.584   840  1334 D ObexServerSockets2: Accepting socket connection...
01-04 00:35:53.586  1184  1184 D LocalBluetoothProfileManager: Handsfree Uuid not found.
01-04 00:35:53.591   840   840 D BluetoothOppReceiver: Exit - onReceive for intent:android.bluetooth.adapter.action.STATE_CHANGED
01-04 00:35:53.596   554   587 D BluetoothManagerService: Message: 30
01-04 00:35:53.611   554   587 D BluetoothManagerService: Message: 30
01-04 00:35:53.621  1184  1184 D LocalBluetoothProfileManager: Adding local MAP profile
01-04 00:35:53.623   840   840 D BtOppService: Enter - onCreate for service OPP
01-04 00:35:53.623  1184  1184 D BluetoothMap: Create BluetoothMap proxy object
01-04 00:35:53.625   554   587 D BluetoothManagerService: Message: 30
01-04 00:35:53.637   554   587 D BluetoothManagerService: Message: 30
01-04 00:35:53.647  1184  1184 D LocalBluetoothProfileManager: LocalBluetoothProfileManager construction complete
01-04 00:35:53.650   554   587 D BluetoothManagerService: Message: 400
01-04 00:35:53.652   863  1306 D BluetoothHeadset: Proxy object connected
01-04 00:35:53.668   840   840 D BtOppService: Exit - onCreate for service OPP
01-04 00:35:53.668   840   840 D BtOppService: Enter - onStartCommand for service OPP
01-04 00:35:53.669   840   840 D BtOppService: Exit - onStartCommand for service OPP
01-04 00:35:53.676  1184  1184 D DockEventReceiver: finishStartingService: stopping service
01-04 00:35:53.682   554   587 D BluetoothManagerService: Message: 400
01-04 00:35:53.684  1184  1198 D BluetoothHeadset: Proxy object connected
01-04 00:35:53.691  1184  1184 D BluetoothA2dp: Proxy object connected
01-04 00:35:53.705   840   840 D BtOppService: start Socket Listeners
01-04 00:35:53.706   840  1235 D A2dpStateMachine: Enter getConnectedDevices() 
01-04 00:35:53.706   840  1235 I A2dpStateMachine: mConnectedDevicesList size is 0
01-04 00:35:53.706   840  1235 D A2dpStateMachine: Exit getConnectedDevices() 
01-04 00:35:53.707   554   567 D BluetoothManagerService: checkIfCallerIsForegroundUser: valid=true callingUser=0 parentUser=-10000 foregroundUser=0
01-04 00:35:53.708  1184  1184 D BluetoothInputDevice: Proxy object connected
01-04 00:35:53.709  1184  1184 D HidProfile: Bluetooth service connected
01-04 00:35:53.710   840   840 W BluetoothAdapter: getBluetoothService() called with no BluetoothManagerCallback
01-04 00:35:53.721  1184  1184 D BluetoothPan: BluetoothPAN Proxy object connected
01-04 00:35:53.722  1184  1184 D PanProfile: Bluetooth service connected
01-04 00:35:53.723  1184  1184 D BluetoothMap: Proxy object connected
01-04 00:35:53.724  1184  1184 D MapProfile: Bluetooth service connected
01-04 00:35:53.724  1184  1184 D BluetoothMap: getConnectedDevices()
01-04 00:35:53.730   840   840 I BtOppRfcommListener: Accept thread started.
01-04 00:35:53.731  1184  1184 D BluetoothPbap: Proxy object connected
01-04 00:35:53.732  1184  1184 D PbapServerProfile: Bluetooth service connected
01-04 00:35:53.732  1184  1184 D HeadsetProfile: Bluetooth service connected
01-04 00:35:53.732  1184  1184 D BluetoothHeadset: getConnectedDevices()
01-04 00:35:53.735   554   568 D BluetoothManagerService: checkIfCallerIsForegroundUser: valid=true callingUser=0 parentUser=-10000 foregroundUser=0
01-04 00:35:53.736   840   840 W BluetoothAdapter: getBluetoothService() called with no BluetoothManagerCallback
01-04 00:35:53.739   840  1256 W bt_l2cap: L2CAP - L2CA_Register() called for PSM: 0x1005
01-04 00:35:53.740   840   840 I BluetoothOppL2capListener: Accept thread started.
01-04 00:35:53.740   840   840 D BtOppService: isDisabledNonAosp :false
01-04 00:35:53.740   840   840 D BtOppRfcommListener: rfcomm channel is 6
01-04 00:35:53.740   840   840 D BluetoothOppL2capListener: L2CAP psm is 4101
01-04 00:35:53.740   840   840 D BluetoothSdpJni: sdpCreateOppOpsRecordNative:
01-04 00:35:53.741   840   840 D BluetoothSdpJni: SDP Create record success - handle: 2
01-04 00:35:53.741   840  1239 D [BT]    : mtk_bt_op: BT_VND_OP_LPM_WAKE_SET_STATE
01-04 00:35:53.869   863   863 D BluetoothPan: BluetoothPAN Proxy object connected
01-04 00:35:53.870   863   863 D PanProfile: Bluetooth service connected
01-04 00:35:53.870   863   863 I Choreographer: Skipped 34 frames!  The application may be doing too much work on its main thread.
01-04 00:35:53.914   863   863 D BluetoothMap: Proxy object connected
01-04 00:35:53.915   863   863 D MapProfile: Bluetooth service connected
01-04 00:35:53.915   863   863 D BluetoothMap: getConnectedDevices()
01-04 00:35:53.929   863   863 D BluetoothPbap: Proxy object connected
01-04 00:35:53.930   863   863 D PbapServerProfile: Bluetooth service connected
01-04 00:35:53.930   863   863 D BluetoothA2dp: Proxy object connected
01-04 00:35:53.937   840   853 D A2dpStateMachine: Enter getConnectedDevices() 
01-04 00:35:53.937   840   853 I A2dpStateMachine: mConnectedDevicesList size is 0
01-04 00:35:53.937   840   853 D A2dpStateMachine: Exit getConnectedDevices() 
01-04 00:35:53.938   863   863 D HeadsetProfile: Bluetooth service connected
01-04 00:35:53.938   863   863 D BluetoothHeadset: getConnectedDevices()
01-04 00:35:53.945   863   863 W KeyguardUpdateMonitor: invalid subId in handleSimStateChange()
01-04 00:35:53.975  1170  1170 D PhoneSwitcherNetworkRequstListener: Registering NetworkFactory
01-04 00:35:53.976   554   796 D ConnectivityService: Got NetworkFactory Messenger for PhoneSwitcherNetworkRequstListener
01-04 00:35:53.985   554   796 D ConnectivityService: Got NetworkFactory Messenger for TelephonyNetworkFactory[0]
01-04 00:35:53.987   554   796 D ConnectivityService: Got NetworkFactory Messenger for TelephonyNetworkFactory[1]
01-04 00:35:53.989  1170  1182 W art     : Long monitor contention with owner main (1170) at boolean android.os.BinderProxy.transactNative(int, android.os.Parcel, android.os.Parcel, int)(Binder.java:-2) waiters=0 in com.android.internal.telephony.Phone com.android.internal.telephony.PhoneFactory.getPhone(int) for 1.158s
01-04 00:35:54.047  1170  1348 E ActivityThread: Failed to find provider info for com.android.contacts
01-04 00:35:54.047  1170  1348 W CallerInfoCache: cursor is null
01-04 00:35:54.053  1170  1170 D CarrierConfigLoader: CarrierConfigLoader has started
01-04 00:35:54.060   554   587 D BluetoothManagerService: Message: 20
01-04 00:35:54.060   554   587 D BluetoothManagerService: Added callback: android.bluetooth.IBluetoothManagerCallback$Stub$Proxy@d001c4a:true
01-04 00:35:54.066   554   587 D BluetoothManagerService: Message: 30
01-04 00:35:54.129  1170  1170 I Telephony: TtyManager: updateUiTtyMode -1 -> 0
01-04 00:35:54.146  1170  1170 I Telephony: TtyManager: updateUiTtyMode -1 -> 0
01-04 00:35:54.165  1123  1123 D wpa_supplicant: random: Got 5/5 bytes from /dev/random
01-04 00:35:54.166  1123  1123 D wpa_supplicant: Get randomness: len=20 entropy=0
01-04 00:35:54.167   554   587 D BluetoothManagerService: Message: 400
01-04 00:35:54.168  1170  1183 D BluetoothHeadset: Proxy object connected
01-04 00:35:54.169  1123  1123 D wpa_supplicant: random: Updated entropy file /data/misc/wifi/entropy.bin (own_pool_ready=2)
01-04 00:35:54.340   554   588 I art     : Starting a blocking GC Explicit
01-04 00:35:54.424   554   588 I art     : Explicit concurrent mark sweep GC freed 10632(546KB) AllocSpace objects, 4(192KB) LOS objects, 34% free, 7MB/11MB, paused 1.884ms total 82.648ms
01-04 00:35:54.426   394   431 D BootAnimation: Free memory: 602964, max texture size: 8192
01-04 00:35:54.427   394   431 D BootAnimation: Disabled bootanimation texture cache, FPS drops might occur.
01-04 00:35:54.717  1184  1184 D SimSelectNotification:  no of slots 2 provision = true
01-04 00:35:54.962  1170  1170 D PhoneSwitcherNetworkRequstListener: got request NetworkRequest [ REQUEST id=1, [ Capabilities: INTERNET&NOT_RESTRICTED&TRUSTED&NOT_VPN] ] with score 0
01-04 00:35:54.963  1170  1170 D TelephonyDebugService: TelephonyDebugService()
01-04 00:35:54.965  1170  1170 D CarrierConfigLoader: mHandler: 12 phoneId: 0
01-04 00:35:55.039  1184  1184 D SimSelectNotification:  no of slots 2 provision = true
01-04 00:35:55.094   284   284 I hwcomposer: [GAME] game: 0 notify gas
01-04 00:35:55.097   284   284 I SceneKnowledgeProvider: SKP: notifyChange(0, 0, -1)
01-04 00:35:55.137   554   554 I GnssLocationProvider: WakeLock acquired by sendMessage(12, 0, null)
01-04 00:35:55.159  1293  1293 D CellBroadcastReceiver: Service state changed! 1 Full: 1 1 voice home data home null null null null null null  Unknown Unknown CSS not supported -1 -1 RoamInd=-1 DefRoamInd=-1 EmergOnly=false IsDataRoamingFromRegistration=false IsUsingCarrierAggregation=false Current state=-1
01-04 00:35:55.161   863   863 W KeyguardUpdateMonitor: invalid subId in handleServiceStateChange()
01-04 00:35:55.166   554   576 I GnssLocationProvider: WakeLock released by handleMessage(12, 0, null)
01-04 00:35:55.181   554   554 I GnssLocationProvider: WakeLock acquired by sendMessage(12, 0, null)
01-04 00:35:55.196   863   863 W KeyguardUpdateMonitor: invalid subId in handleServiceStateChange()
01-04 00:35:55.200   554   554 D WifiService: resetting networks because SIM was removed
01-04 00:35:55.200   554   554 D WifiService: resetting country code because SIM is removed
01-04 00:35:55.200   554   792 D WifiStateMachine: resetting EAP-SIM/AKA/AKA' networks since SIM was changed
01-04 00:35:55.201   863   863 W KeyguardUpdateMonitor: invalid subId in handleSimStateChange()
01-04 00:35:55.206   554   554 D WifiService: resetting networks because SIM was removed
01-04 00:35:55.206   554   554 D WifiService: resetting country code because SIM is removed
01-04 00:35:55.207   554   792 D WifiStateMachine: resetting EAP-SIM/AKA/AKA' networks since SIM was changed
01-04 00:35:55.207   863   863 W KeyguardUpdateMonitor: invalid subId in handleSimStateChange()
01-04 00:35:55.212   554   576 I GnssLocationProvider: WakeLock released by handleMessage(12, 0, null)
01-04 00:35:55.221  1170  1170 W Telephony: TelecomAccountRegistry: Failed to get status , slotId: 0 Exception: java.lang.NullPointerException: Attempt to invoke interface method 'int org.codeaurora.internal.IExtTelephony.getCurrentUiccCardProvisioningStatus(int)' on a null object reference
01-04 00:35:55.222  1170  1170 W Telephony: TelecomAccountRegistry: Failed to get status , slotId: 1 Exception: java.lang.NullPointerException: Attempt to invoke interface method 'int org.codeaurora.internal.IExtTelephony.getCurrentUiccCardProvisioningStatus(int)' on a null object reference
01-04 00:35:55.224  1170  1170 E PhoneInterfaceManager: [PhoneIntfMgr] getIccId: No UICC
01-04 00:35:55.239   554  1329 I Telecom : PhoneAccountRegistrar: [ComponentInfo{com.android.phone/com.android.services.telephony.TelephonyConnectionService}, [e0184adedf913b076626646d3f52c3b49c39ad6d], UserHandle{0}(icon: Icon(typ=BITMAP size=38x48) -> Icon(typ=BITMAP size=38x48))]: TSI.rPA@AAY
01-04 00:35:55.244   554  1329 I Telecom : : Sending phone-account registered intent as user: TSI.rPA@AAY
01-04 00:35:55.246  1170  1170 I Telephony: AccountEntry: Registered phoneAccount: [[ ] PhoneAccount: ComponentInfo{com.android.phone/com.android.services.telephony.TelephonyConnectionService}, [e0184adedf913b076626646d3f52c3b49c39ad6d], UserHandle{0} Capabilities: CallProvider MultiUser PlaceEmerg SimSub  Schemes: tel voicemail  Extras: null GroupId: [da39a3ee5e6b4b0d3255bfef95601890afd80709]] with handle: ComponentInfo{com.android.phone/com.android.services.telephony.TelephonyConnectionService}, [e0184adedf913b076626646d3f52c3b49c39ad6d], UserHandle{0}
01-04 00:35:55.273  1170  1170 I Telephony: PstnIncomingCallNotifier: Registering: Handler (com.android.internal.telephony.GsmCdmaPhone) {3c8cb9b}
01-04 00:35:55.281   554   568 I Telecom : PhoneAccountRegistrar: getUserSelVoicePhoneAccount, voice subId = -1: TSI.gUSOPA@AAg
01-04 00:35:55.281   554   568 I Telecom : PhoneAccountRegistrar: getUserSelVoicePhoneAccount, emergency account : TSI.gUSOPA@AAg
01-04 00:35:55.286  1170  1170 I Telephony: PstnIncomingCallNotifier: Unregistering: Handler (com.android.internal.telephony.GsmCdmaPhone) {3c8cb9b}
01-04 00:35:55.287  1170  1170 W Telephony: TelecomAccountRegistry: Failed to get status , slotId: 0 Exception: java.lang.NullPointerException: Attempt to invoke interface method 'int org.codeaurora.internal.IExtTelephony.getCurrentUiccCardProvisioningStatus(int)' on a null object reference
01-04 00:35:55.287  1170  1170 W Telephony: TelecomAccountRegistry: Failed to get status , slotId: 1 Exception: java.lang.NullPointerException: Attempt to invoke interface method 'int org.codeaurora.internal.IExtTelephony.getCurrentUiccCardProvisioningStatus(int)' on a null object reference
01-04 00:35:55.288  1170  1170 E PhoneInterfaceManager: [PhoneIntfMgr] getIccId: No UICC
01-04 00:35:55.294   554  1191 I Telecom : PhoneAccountRegistrar: [ComponentInfo{com.android.phone/com.android.services.telephony.TelephonyConnectionService}, [e0184adedf913b076626646d3f52c3b49c39ad6d], UserHandle{0}(icon: Icon(typ=BITMAP size=38x48) -> Icon(typ=BITMAP size=38x48))]: TSI.rPA@AAk
01-04 00:35:55.297   554  1191 I Telecom : : Sending phone-account registered intent as user: TSI.rPA@AAk
01-04 00:35:55.298  1170  1170 I Telephony: AccountEntry: Registered phoneAccount: [[ ] PhoneAccount: ComponentInfo{com.android.phone/com.android.services.telephony.TelephonyConnectionService}, [e0184adedf913b076626646d3f52c3b49c39ad6d], UserHandle{0} Capabilities: CallProvider MultiUser PlaceEmerg SimSub  Schemes: tel voicemail  Extras: null GroupId: [da39a3ee5e6b4b0d3255bfef95601890afd80709]] with handle: ComponentInfo{com.android.phone/com.android.services.telephony.TelephonyConnectionService}, [e0184adedf913b076626646d3f52c3b49c39ad6d], UserHandle{0}
01-04 00:35:55.298  1170  1170 I Telephony: PstnIncomingCallNotifier: Registering: Handler (com.android.internal.telephony.GsmCdmaPhone) {3c8cb9b}
01-04 00:35:55.304   554   889 I Telecom : PhoneAccountRegistrar: getUserSelVoicePhoneAccount, voice subId = -1: TSI.gUSOPA@AAs
01-04 00:35:55.305   554   889 I Telecom : PhoneAccountRegistrar: getUserSelVoicePhoneAccount, emergency account : TSI.gUSOPA@AAs
01-04 00:35:55.381   554   588 I SystemServiceManager: Starting phase 1000
01-04 00:35:55.382   554   588 D lights  : write_int open fd=-1
01-04 00:35:55.384  1170  1170 I VvmSimChangeReceiver: Sim removed, removing inactive accounts
01-04 00:35:55.389  1170  1170 E PhoneInterfaceManager: [PhoneIntfMgr] getIccId: No UICC
01-04 00:35:55.392  1184  1184 D SimSelectNotification:  no of slots 2 provision = true
01-04 00:35:55.409   554   567 I Telecom : PhoneAccountRegistrar: [ComponentInfo{com.android.phone/com.android.services.telephony.TelephonyConnectionService}, [e0184adedf913b076626646d3f52c3b49c39ad6d], UserHandle{0}(icon: Icon(typ=BITMAP size=38x48) -> Icon(typ=BITMAP size=38x48))]: TSI.rPA@AAw
01-04 00:35:55.412   554   567 I Telecom : : Sending phone-account registered intent as user: TSI.rPA@AAw
01-04 00:35:55.414  1170  1170 D CarrierConfigLoader: update config for phoneId: 0 simState: ABSENT
01-04 00:35:55.414  1170  1170 D CarrierSvcBindHelper: update binding for phoneId: 0 simState: ABSENT
01-04 00:35:55.431   554   588 D lights  : set_led_state colorRGB=47FFFF00, onMS=0, offMS=0
01-04 00:35:55.431   554   588 D lights  : blink_red, level=255, onMS=0, offMS=0
01-04 00:35:55.431   554   588 D lights  : write_int open fd=207
01-04 00:35:55.464  1170  1170 D CarrierConfigLoader: update config for phoneId: 1 simState: ABSENT
01-04 00:35:55.464  1170  1170 D CarrierSvcBindHelper: update binding for phoneId: 1 simState: ABSENT
01-04 00:35:55.466   554   824 E LiveDisplay: Color temperature out of range: 0
01-04 00:35:55.466   554   554 I GnssLocationProvider: WakeLock acquired by sendMessage(12, 0, null)
01-04 00:35:55.469  1170  1170 I VvmSimChangeReceiver: Sim removed, removing inactive accounts
01-04 00:35:55.469  1170  1170 D CarrierConfigLoader: mHandler: 0 phoneId: 0
01-04 00:35:55.469  1170  1170 D CarrierSvcBindHelper: mHandler: 0
01-04 00:35:55.469  1170  1170 D CarrierSvcBindHelper: Rebinding if necessary for phoneId: 0
01-04 00:35:55.470  1170  1170 D CarrierSvcBindHelper: No carrier app for: 0
01-04 00:35:55.472  1184  1184 D SimSelectNotification:  no of slots 2 provision = true
01-04 00:35:55.477  1170  1170 I Telephony: PstnIncomingCallNotifier: Unregistering: Handler (com.android.internal.telephony.GsmCdmaPhone) {3c8cb9b}
01-04 00:35:55.478  1170  1170 W Telephony: TelecomAccountRegistry: Failed to get status , slotId: 0 Exception: java.lang.NullPointerException: Attempt to invoke interface method 'int org.codeaurora.internal.IExtTelephony.getCurrentUiccCardProvisioningStatus(int)' on a null object reference
01-04 00:35:55.480  1170  1170 W Telephony: TelecomAccountRegistry: Failed to get status , slotId: 1 Exception: java.lang.NullPointerException: Attempt to invoke interface method 'int org.codeaurora.internal.IExtTelephony.getCurrentUiccCardProvisioningStatus(int)' on a null object reference
01-04 00:35:55.482  1170  1170 E PhoneInterfaceManager: [PhoneIntfMgr] getIccId: No UICC
01-04 00:35:55.498   554   889 I Telecom : PhoneAccountRegistrar: [ComponentInfo{com.android.phone/com.android.services.telephony.TelephonyConnectionService}, [e0184adedf913b076626646d3f52c3b49c39ad6d], UserHandle{0}(icon: Icon(typ=BITMAP size=38x48) -> Icon(typ=BITMAP size=38x48))]: TSI.rPA@AA0
01-04 00:35:55.501   554   889 I Telecom : : Sending phone-account registered intent as user: TSI.rPA@AA0
01-04 00:35:55.503   284  1317 D PermissionCache: checking android.permission.HARDWARE_TEST for uid=1000 => granted (953 us)
01-04 00:35:55.512   554   588 I ActivityManager: Start proc 1362:android.ext.services/u0a14 for on-hold
01-04 00:35:55.514   554   588 D ActivityManager: Finishing user boot 0
01-04 00:35:55.516   554   588 D CryptdConnector: SND -> {5 cryptfs prepare_user_storage ! 0 0 2}
01-04 00:35:55.517   256   269 D vold    : e4crypt_prepare_user_storage for volume null, user 0, serial 0, flags 2
01-04 00:35:55.517   256   269 D vold    : Preparing: /data/system_ce/0
01-04 00:35:55.517   256   269 D vold    : Preparing: /data/misc_ce/0
01-04 00:35:55.517   256   269 D vold    : Preparing: /data/media/0
01-04 00:35:55.517   256   269 D vold    : Preparing: /data/data
01-04 00:35:55.518   554   672 D CryptdConnector: RCV <- {200 5 Command succeeded}
01-04 00:35:55.519   554   588 V UserManagerService: Found /data/user/0 with serial number 0
01-04 00:35:55.519   554   588 V UserManagerService: Found /data/system_ce/0 with serial number 0
01-04 00:35:55.519   554   588 V PackageManager: reconcileAppsData for null u0 0x2
01-04 00:35:55.849   554   576 I GnssLocationProvider: WakeLock released by handleMessage(12, 0, null)
01-04 00:35:56.015   554   588 V PackageManager: reconcileAppsData finished 96 packages
01-04 00:35:56.016   554   889 W art     : Long monitor contention with owner android.display (588) at void com.android.server.am.ActivityManagerService.finishBooting()(ActivityManagerService.java:7009) waiters=0 in int com.android.server.am.ActivityManagerService.broadcastIntent(android.app.IApplicationThread, android.content.Intent, java.lang.String, android.content.IIntentReceiver, int, java.lang.String, android.os.Bundle, java.lang.String[], int, android.os.Bundle, boolean, boolean, int) for 515ms
01-04 00:35:56.017   554   577 W art     : Long monitor contention with owner android.display (588) at void com.android.server.am.ActivityManagerService.finishBooting()(ActivityManagerService.java:7009) waiters=1 in void com.android.server.am.BroadcastQueue.processNextBroadcast(boolean) for 502ms
01-04 00:35:56.018   554   947 W art     : Long monitor contention with owner android.display (588) at void com.android.server.am.ActivityManagerService.finishBooting()(ActivityManagerService.java:7009) waiters=2 in void com.android.server.am.ActivityManagerService.attachApplication(android.app.IApplicationThread) for 471ms
01-04 00:35:56.018   554   577 D BluetoothManagerService: User 0 unlocked
01-04 00:35:56.018  1170  1170 I Telephony: AccountEntry: Registered phoneAccount: [[ ] PhoneAccount: ComponentInfo{com.android.phone/com.android.services.telephony.TelephonyConnectionService}, [e0184adedf913b076626646d3f52c3b49c39ad6d], UserHandle{0} Capabilities: CallProvider MultiUser PlaceEmerg SimSub  Schemes: tel voicemail  Extras: null GroupId: [da39a3ee5e6b4b0d3255bfef95601890afd80709]] with handle: ComponentInfo{com.android.phone/com.android.services.telephony.TelephonyConnectionService}, [e0184adedf913b076626646d3f52c3b49c39ad6d], UserHandle{0}
01-04 00:35:56.018   554   577 D MountService: onUnlockUser 0
01-04 00:35:56.018   554   577 D VoldConnector: SND -> {7 volume user_started 0}
01-04 00:35:56.018   554   587 D BluetoothManagerService: Message: 301
01-04 00:35:56.018  1170  1170 I Telephony: PstnIncomingCallNotifier: Registering: Handler (com.android.internal.telephony.GsmCdmaPhone) {3c8cb9b}
01-04 00:35:56.018   554   587 D BluetoothManagerService: MESSAGE_USER_UNLOCKED
01-04 00:35:56.021   256   268 D vold    : Linking /storage/emulated/0 to /mnt/user/0/primary
01-04 00:35:56.022   554   671 D VoldConnector: RCV <- {200 7 Command succeeded}
01-04 00:35:56.024   554   670 D MountService: Volume public:179_129 broadcasting mounted to UserHandle{0}
01-04 00:35:56.025   554   554 W art     : Long monitor contention with owner android.display (588) at void com.android.server.am.ActivityManagerService.finishBooting()(ActivityManagerService.java:7009) waiters=3 in int com.android.server.am.ActivityManagerService.broadcastIntent(android.app.IApplicationThread, android.content.Intent, java.lang.String, android.content.IIntentReceiver, int, java.lang.String, android.os.Bundle, java.lang.String[], int, android.os.Bundle, boolean, boolean, int) for 451ms
01-04 00:35:56.028   554   792 D WIFI    : Registering NetworkFactory
01-04 00:35:56.028   554   796 D ConnectivityService: Got NetworkFactory Messenger for WIFI
01-04 00:35:56.029   554   792 D WIFI_UT : Registering NetworkFactory
01-04 00:35:56.029   554   588 D lights  : set_led_state colorRGB=47000000, onMS=0, offMS=0
01-04 00:35:56.029   554   588 D lights  : blink_red, level=0, onMS=0, offMS=0
01-04 00:35:56.029   554   588 D lights  : write_int open fd=165
01-04 00:35:56.030   554   588 D lights  : set_led_state colorRGB=FF000000, onMS=0, offMS=0
01-04 00:35:56.031   554   796 D ConnectivityService: Got NetworkFactory Messenger for WIFI_UT
01-04 00:35:56.033   554   792 D WIFI    : got request NetworkRequest [ REQUEST id=1, [ Capabilities: INTERNET&NOT_RESTRICTED&TRUSTED&NOT_VPN] ] with score 0
01-04 00:35:56.034   554   792 I WifiConnectivityManager: Set WiFiConnectivityManager enabled
01-04 00:35:56.043  1123  1123 D wpa_supplicant: wlan0: Control interface command 'SCAN TYPE=ONLY'
01-04 00:35:56.043  1123  1123 D wpa_supplicant: wlan0: Setting scan request: 0.000000 sec
01-04 00:35:56.043  1123  1123 D wpa_supplicant: CTRL-DEBUG: global_ctrl_sock-sendto: sock=8 sndbuf=212992 outq=0 send_len=3
01-04 00:35:56.044  1123  1123 D wpa_supplicant: wlan0: State: DISCONNECTED -> SCANNING
01-04 00:35:56.044  1123  1123 D wpa_supplicant: CTRL-DEBUG: ctrl_sock-sendmsg: sock=8 sndbuf=212992 outq=768 send_len=67
01-04 00:35:56.044  1123  1123 D wpa_supplicant: CTRL_IFACE monitor sent successfully to /data/misc/wifi/sockets/wpa_ctrl_554-2\x00
01-04 00:35:56.044  1123  1123 D wpa_supplicant: wlan0: Determining shared radio frequencies (max len 1)
01-04 00:35:56.044  1123  1123 D wpa_supplicant: wlan0: Shared frequencies (len=0): completed iteration
01-04 00:35:56.044  1123  1123 D wpa_supplicant: P2P: Add operating class 81
01-04 00:35:56.044  1123  1123 D wpa_supplicant: P2P: Channels - hexdump(len=13): 01 02 03 04 05 06 07 08 09 0a 0b 0c 0d
01-04 00:35:56.044  1123  1123 D wpa_supplicant: P2P: Add operating class 115
01-04 00:35:56.044  1123  1123 D wpa_supplicant: P2P: Channels - hexdump(len=4): 24 28 2c 30
01-04 00:35:56.044  1123  1123 D wpa_supplicant: P2P: Add operating class 116
01-04 00:35:56.044  1123  1123 D wpa_supplicant: P2P: Channels - hexdump(len=2): 24 2c
01-04 00:35:56.044  1123  1123 D wpa_supplicant: P2P: Add operating class 117
01-04 00:35:56.044  1123  1123 D wpa_supplicant: P2P: Channels - hexdump(len=2): 28 30
01-04 00:35:56.044  1123  1123 D wpa_supplicant: P2P: Add operating class 124
01-04 00:35:56.044  1123  1123 D wpa_supplicant: P2P: Channels - hexdump(len=4): 95 99 9d a1
01-04 00:35:56.044  1123  1123 D wpa_supplicant: P2P: Add operating class 125
01-04 00:35:56.044  1123  1123 D wpa_supplicant: P2P: Channels - hexdump(len=6): 95 99 9d a1 a5 a9
01-04 00:35:56.044  1123  1123 D wpa_supplicant: P2P: Add operating class 130
01-04 00:35:56.044  1123  1123 D wpa_supplicant: P2P: Channels - hexdump(len=19): 24 28 2c 30 34 38 3c 40 64 68 6c 70 74 78 7c 80 84 88 8c
01-04 00:35:56.044  1123  1123 D wpa_supplicant: P2P: Update channel list
01-04 00:35:56.045  1123  1123 D wpa_supplicant: P2P: channels: 81:1,2,3,4,5,6,7,8,9,10,11,12,13 115:36,40,44,48 116:36,44 117:40,48 124:149,153,157,161 125:149,153,157,161,165,169 130:36,40,44,48,52,56,60,64,100,104,108,112,116,120,124,128,132,136,140
01-04 00:35:56.045  1123  1123 D wpa_supplicant: P2P: cli_channels:
01-04 00:35:56.045  1123  1123 D wpa_supplicant: wlan0: Starting AP scan for wildcard SSID
01-04 00:35:56.045  1123  1123 D wpa_supplicant: wlan0: Add radio work 'scan'@0x7f8722e660
01-04 00:35:56.045  1123  1123 D wpa_supplicant: wlan0: First radio work item in the queue - schedule start immediately
01-04 00:35:56.045  1123  1123 D wpa_supplicant: wlan0: Starting radio work 'scan'@0x7f8722e660 after 0.000104 second wait
01-04 00:35:56.045  1123  1123 D wpa_supplicant: wlan0: nl80211: scan request
01-04 00:35:56.045  1123  1123 D wpa_supplicant: nl80211: Scan SSID - hexdump(len=0): [NULL]
01-04 00:35:56.045  1123  1123 D wpa_supplicant: nl80211: Scan extra IEs - hexdump(len=6): 7f 04 00 00 0a 02
01-04 00:35:56.048  1123  1123 D wpa_supplicant: Scan requested (ret=0) - scan timeout 10 seconds
01-04 00:35:56.048  1123  1123 D wpa_supplicant: nl80211: Event message available
01-04 00:35:56.048  1123  1123 D wpa_supplicant: nl80211: Ignored event (cmd=33) for foreign interface (ifindex 15 wdev 0x0)
01-04 00:35:56.048  1123  1123 D wpa_supplicant: nl80211: Drv Event 33 (NL80211_CMD_TRIGGER_SCAN) received for wlan0
01-04 00:35:56.048  1123  1123 D wpa_supplicant: wlan0: nl80211: Scan trigger
01-04 00:35:56.048  1123  1123 D wpa_supplicant: wlan0: Event SCAN_STARTED (47) received
01-04 00:35:56.048  1123  1123 D wpa_supplicant: wlan0: Own scan request started a scan in 0.000412 seconds
01-04 00:35:56.048  1123  1123 D wpa_supplicant: CTRL-DEBUG: ctrl_sock-sendmsg: sock=8 sndbuf=212992 outq=768 send_len=24
01-04 00:35:56.048  1123  1123 D wpa_supplicant: CTRL_IFACE monitor sent successfully to /data/misc/wifi/sockets/wpa_ctrl_554-2\x00
01-04 00:35:56.053   554   947 I Telecom : PhoneAccountRegistrar: getUserSelVoicePhoneAccount, voice subId = -1: TSI.gUSOPA@AA8
01-04 00:35:56.054   554   947 I Telecom : PhoneAccountRegistrar: getUserSelVoicePhoneAccount, emergency account : TSI.gUSOPA@AA8
01-04 00:35:56.050  1393  1393 I main    : type=1400 audit(0.0:24): avc: denied { write } for name="trace_marker" dev="debugfs" ino=1049 scontext=u:r:zygote:s0 tcontext=u:object_r:debugfs:s0 tclass=file permissive=1
01-04 00:35:56.050  1393  1393 I main    : type=1400 audit(0.0:25): avc: denied { open } for path="/sys/kernel/debug/tracing/trace_marker" dev="debugfs" ino=1049 scontext=u:r:zygote:s0 tcontext=u:object_r:debugfs:s0 tclass=file permissive=1
01-04 00:35:56.058  1170  1170 D CarrierConfigLoader: mHandler: 0 phoneId: 1
01-04 00:35:56.058  1170  1170 D CarrierSvcBindHelper: mHandler: 0
01-04 00:35:56.058  1170  1170 D CarrierSvcBindHelper: Rebinding if necessary for phoneId: 1
01-04 00:35:56.059  1170  1170 D CarrierSvcBindHelper: No carrier app for: 1
01-04 00:35:56.061   554   554 I ActivityManager: Start proc 1393:com.android.deskclock/u0a50 for broadcast com.android.deskclock/.AlarmInitReceiver
01-04 00:35:56.064   554   792 D WIFI_UT : got request NetworkRequest [ REQUEST id=1, [ Capabilities: INTERNET&NOT_RESTRICTED&TRUSTED&NOT_VPN] ] with score 0
01-04 00:35:56.064   554   670 D MountService: Volume emulated broadcasting mounted to UserHandle{0}
01-04 00:35:56.065  1362  1362 W System  : ClassLoader referenced unknown path: /system/priv-app/ExtServices/lib/arm
01-04 00:35:56.067  1170  1170 E PhoneInterfaceManager: [PhoneIntfMgr] getIccId: No UICC
01-04 00:35:56.082   554  1326 I Telecom : PhoneAccountRegistrar: [ComponentInfo{com.android.phone/com.android.services.telephony.TelephonyConnectionService}, [e0184adedf913b076626646d3f52c3b49c39ad6d], UserHandle{0}(icon: Icon(typ=BITMAP size=38x48) -> Icon(typ=BITMAP size=38x48))]: TSI.rPA@ABA
01-04 00:35:56.085   554  1326 I Telecom : : Sending phone-account registered intent as user: TSI.rPA@ABA
01-04 00:35:56.095   554   577 V BackupManagerService: No ancestral data
01-04 00:35:56.386   554   554 W art     : Long monitor contention with owner ActivityManager (577) at android.content.pm.ParceledListSlice com.android.server.pm.PackageManagerService.getInstalledPackages(int, int)(PackageManagerService.java:6319) waiters=0 in android.content.pm.ApplicationInfo com.android.server.pm.PackageManagerService.getApplicationInfo(java.lang.String, int, int) for 252ms
01-04 00:35:56.386   554  1326 W art     : Long monitor contention with owner ActivityManager (577) at android.content.pm.ParceledListSlice com.android.server.pm.PackageManagerService.getInstalledPackages(int, int)(PackageManagerService.java:6319) waiters=1 in int com.android.server.pm.PackageManagerService.checkUidPermission(java.lang.String, int) for 179ms
01-04 00:35:56.388   554   577 V BackupManagerService: Starting with transport com.google.android.gms/.backup.BackupTransportService
01-04 00:35:56.389   554   577 V BackupManagerService: Found transports: 1
01-04 00:35:56.396   554   577 I BackupManagerService: Backup enabled => false
01-04 00:35:56.398   855   855 W InputAttributes: No editor info for this field. Bug?
01-04 00:35:56.414   554   554 V BackupManagerService: Connected to transport ComponentInfo{android/com.android.internal.backup.LocalTransportService}
01-04 00:35:56.415   554   554 V BackupManagerService: Registering transport android/com.android.internal.backup.LocalTransportService::android/com.android.internal.backup.LocalTransport = android.app.backup.BackupTransport$TransportImpl@91c3637
01-04 00:35:56.436  1393  1393 W System  : ClassLoader referenced unknown path: /system/app/DeskClock/lib/arm
01-04 00:35:56.445   554   554 I GnssLocationProvider: WakeLock acquired by sendMessage(12, 0, null)
01-04 00:35:56.452   554   564 I art     : Background sticky concurrent mark sweep GC freed 43443(3MB) AllocSpace objects, 8(176KB) LOS objects, 30% free, 8MB/11MB, paused 3.373ms total 323.280ms
01-04 00:35:56.459   554   576 W Searchables: No global search activity found
01-04 00:35:56.465  1170  1170 I Telephony: PstnIncomingCallNotifier: Unregistering: Handler (com.android.internal.telephony.GsmCdmaPhone) {3c8cb9b}
01-04 00:35:56.466  1170  1170 W Telephony: TelecomAccountRegistry: Failed to get status , slotId: 0 Exception: java.lang.NullPointerException: Attempt to invoke interface method 'int org.codeaurora.internal.IExtTelephony.getCurrentUiccCardProvisioningStatus(int)' on a null object reference
01-04 00:35:56.467  1170  1170 W Telephony: TelecomAccountRegistry: Failed to get status , slotId: 1 Exception: java.lang.NullPointerException: Attempt to invoke interface method 'int org.codeaurora.internal.IExtTelephony.getCurrentUiccCardProvisioningStatus(int)' on a null object reference
01-04 00:35:56.469  1170  1170 E PhoneInterfaceManager: [PhoneIntfMgr] getIccId: No UICC
01-04 00:35:56.477   554   576 I GnssLocationProvider: WakeLock released by handleMessage(12, 0, null)
01-04 00:35:56.480   554   568 I Telecom : PhoneAccountRegistrar: [ComponentInfo{com.android.phone/com.android.services.telephony.TelephonyConnectionService}, [e0184adedf913b076626646d3f52c3b49c39ad6d], UserHandle{0}(icon: Icon(typ=BITMAP size=38x48) -> Icon(typ=BITMAP size=38x48))]: TSI.rPA@ABE
01-04 00:35:56.483   554   568 I Telecom : : Sending phone-account registered intent as user: TSI.rPA@ABE
01-04 00:35:56.487  1170  1170 I Telephony: AccountEntry: Registered phoneAccount: [[ ] PhoneAccount: ComponentInfo{com.android.phone/com.android.services.telephony.TelephonyConnectionService}, [e0184adedf913b076626646d3f52c3b49c39ad6d], UserHandle{0} Capabilities: CallProvider MultiUser PlaceEmerg SimSub  Schemes: tel voicemail  Extras: null GroupId: [da39a3ee5e6b4b0d3255bfef95601890afd80709]] with handle: ComponentInfo{com.android.phone/com.android.services.telephony.TelephonyConnectionService}, [e0184adedf913b076626646d3f52c3b49c39ad6d], UserHandle{0}
01-04 00:35:56.488  1170  1170 I Telephony: PstnIncomingCallNotifier: Registering: Handler (com.android.internal.telephony.GsmCdmaPhone) {3c8cb9b}
01-04 00:35:56.495   554  1329 I Telecom : PhoneAccountRegistrar: getUserSelVoicePhoneAccount, voice subId = -1: TSI.gUSOPA@ABM
01-04 00:35:56.495   554  1329 I Telecom : PhoneAccountRegistrar: getUserSelVoicePhoneAccount, emergency account : TSI.gUSOPA@ABM
01-04 00:35:56.497  1170  1170 E PhoneInterfaceManager: [PhoneIntfMgr] getIccId: No UICC
01-04 00:35:56.505   554   567 I Telecom : PhoneAccountRegistrar: [ComponentInfo{com.android.phone/com.android.services.telephony.TelephonyConnectionService}, [e0184adedf913b076626646d3f52c3b49c39ad6d], UserHandle{0}(icon: Icon(typ=BITMAP size=38x48) -> Icon(typ=BITMAP size=38x48))]: TSI.rPA@ABQ
01-04 00:35:56.507   554   567 I Telecom : : Sending phone-account registered intent as user: TSI.rPA@ABQ
01-04 00:35:56.512   554  1400 V KeyValueBackupJob: Scheduling k/v pass in 247 minutes
01-04 00:35:56.562  1393  1393 I AlarmClock: AlarmInitReceiver android.intent.action.LOCKED_BOOT_COMPLETED
01-04 00:35:56.615   554   577 W VoiceInteractionManagerService: no available voice interaction services found for user 0
01-04 00:35:56.615   554   577 W VoiceInteractionManagerService: no available voice recognition services found for user 0
01-04 00:35:56.616   554   577 I BrokerableCMSystemService: Connecting to implementation
01-04 00:35:56.617   554   577 W ContextImpl: Calling a method in the system process without a qualified user: android.app.ContextImpl.bindService:1421 org.cyanogenmod.platform.internal.BrokerableCMSystemService.tryConnecting:199 org.cyanogenmod.platform.internal.WeatherManagerServiceBroker.onUnlockUser:97 com.android.server.SystemServiceManager.unlockUser:178 com.android.server.am.ActivityManagerService$MainHandler.handleMessage:2054 
01-04 00:35:56.618  1393  1393 D AlarmClock/Events: [Stopwatch] [Reset] [Reboot]
01-04 00:35:56.620   299   299 I main    : type=1400 audit(0.0:26): avc: denied { getattr } for path="/sys/kernel/debug/tracing/trace_marker" dev="debugfs" ino=1049 scontext=u:r:zygote:s0 tcontext=u:object_r:debugfs:s0 tclass=file permissive=1
01-04 00:35:56.631   554   577 I ActivityManager: Start proc 1421:org.cyanogenmod.weatherservice/u0a33 for service org.cyanogenmod.weatherservice/.WeatherManagerService
01-04 00:35:56.632   554   577 I ActivityManager: Loading recents for user 0 into memory.
01-04 00:35:56.705   554   577 I ActivityManager: Start proc 1435:org.cyanogenmod.audiofx/u0a2 for added application org.cyanogenmod.audiofx
01-04 00:35:56.708   554   577 D ActivityManager: Sending BOOT_COMPLETE user #0
01-04 00:35:56.710   554  1400 I BackupManagerService: Found stale backup journal, scheduling
01-04 00:35:56.726  1421  1421 W System  : ClassLoader referenced unknown path: /system/priv-app/WeatherManagerService/lib/arm
01-04 00:35:56.728   554   576 I ActivityManager: Start proc 1455:com.android.printspooler/u0a60 for service com.android.printspooler/.model.PrintSpoolerService
01-04 00:35:56.742   863   863 W KeyguardUpdateMonitor: invalid subId in handleServiceStateChange()
01-04 00:35:56.756  1393  1420 V AlarmClock: AlarmInitReceiver finished
01-04 00:35:56.768   554   889 I ActivityManager: Start proc 1481:android.process.acore/u0a3 for broadcast com.android.providers.contacts/.PhoneAccountRegistrationReceiver
01-04 00:35:56.769  1435  1435 W System  : ClassLoader referenced unknown path: /system/priv-app/AudioFX/lib/arm
01-04 00:35:56.771  1184  1184 D FallbackHome: User unlocked and real home found; let's go!
01-04 00:35:56.809   554  1326 I ActivityManager: Start proc 1498:com.android.smspush/u0a61 for service com.android.smspush/.WapPushManager
01-04 00:35:56.816  1170  1170 D CarrierSvcBindHelper: Received android.intent.action.USER_UNLOCKED
01-04 00:35:56.821  1170  1170 D CarrierSvcBindHelper: No carrier app for: 0
01-04 00:35:56.822  1170  1170 D CarrierSvcBindHelper: No carrier app for: 1
01-04 00:35:56.866   554   806 I ActivityManager: Start proc 1512:com.android.keychain/1000 for service com.android.keychain/.KeyChainService
01-04 00:35:56.897   554   554 I AccountManagerService: User 0 is unlocked - opening CE database
01-04 00:35:56.930   863   863 W KeyguardUpdateMonitor: invalid subId in handleSimStateChange()
01-04 00:35:56.930   863   863 W KeyguardUpdateMonitor: invalid subId in handleSimStateChange()
01-04 00:35:56.946  1170  1170 D CarrierConfigLoader: update config for phoneId: 0 simState: ABSENT
01-04 00:35:56.947  1170  1170 D CarrierSvcBindHelper: update binding for phoneId: 0 simState: ABSENT
01-04 00:35:56.948  1498  1498 W System  : ClassLoader referenced unknown path: /system/app/WAPPushManager/lib/arm
01-04 00:35:56.953   554  1329 I ActivityManager: START u0 {act=android.intent.action.MAIN cat=[android.intent.category.HOME] flg=0x10000100 cmp=com.cyanogenmod.trebuchet/com.android.launcher3.Launcher} from uid 0 on display 0
01-04 00:35:56.985  1512  1512 W System  : ClassLoader referenced unknown path: /system/app/KeyChain/lib/arm
01-04 00:35:56.989  1170  1170 I Telephony: PstnIncomingCallNotifier: Unregistering: Handler (com.android.internal.telephony.GsmCdmaPhone) {3c8cb9b}
01-04 00:35:57.002  1170  1170 W Telephony: TelecomAccountRegistry: Failed to get status , slotId: 0 Exception: java.lang.NullPointerException: Attempt to invoke interface method 'int org.codeaurora.internal.IExtTelephony.getCurrentUiccCardProvisioningStatus(int)' on a null object reference
01-04 00:35:57.003  1170  1170 W Telephony: TelecomAccountRegistry: Failed to get status , slotId: 1 Exception: java.lang.NullPointerException: Attempt to invoke interface method 'int org.codeaurora.internal.IExtTelephony.getCurrentUiccCardProvisioningStatus(int)' on a null object reference
01-04 00:35:57.006  1170  1170 E PhoneInterfaceManager: [PhoneIntfMgr] getIccId: No UICC
01-04 00:35:57.013   554   577 I ActivityManager: Start proc 1531:com.cyanogenmod.trebuchet/u0a31 for activity com.cyanogenmod.trebuchet/com.android.launcher3.Launcher
01-04 00:35:57.050  1481  1481 W System  : ClassLoader referenced unknown path: /system/priv-app/ContactsProvider/lib/arm
01-04 00:35:57.054   554   947 I Telecom : PhoneAccountRegistrar: [ComponentInfo{com.android.phone/com.android.services.telephony.TelephonyConnectionService}, [e0184adedf913b076626646d3f52c3b49c39ad6d], UserHandle{0}(icon: Icon(typ=BITMAP size=38x48) -> Icon(typ=BITMAP size=38x48))]: TSI.rPA@ABY
01-04 00:35:57.065   554   947 I Telecom : : Sending phone-account registered intent as user: TSI.rPA@ABY
01-04 00:35:57.078  1170  1170 I Telephony: AccountEntry: Registered phoneAccount: [[ ] PhoneAccount: ComponentInfo{com.android.phone/com.android.services.telephony.TelephonyConnectionService}, [e0184adedf913b076626646d3f52c3b49c39ad6d], UserHandle{0} Capabilities: CallProvider MultiUser PlaceEmerg SimSub  Schemes: tel voicemail  Extras: null GroupId: [da39a3ee5e6b4b0d3255bfef95601890afd80709]] with handle: ComponentInfo{com.android.phone/com.android.services.telephony.TelephonyConnectionService}, [e0184adedf913b076626646d3f52c3b49c39ad6d], UserHandle{0}
01-04 00:35:57.079  1170  1170 I Telephony: PstnIncomingCallNotifier: Registering: Handler (com.android.internal.telephony.GsmCdmaPhone) {3c8cb9b}
01-04 00:35:57.098   554   889 I Telecom : PhoneAccountRegistrar: getUserSelVoicePhoneAccount, voice subId = -1: TSI.gUSOPA@ABg
01-04 00:35:57.099   554   889 I Telecom : PhoneAccountRegistrar: getUserSelVoicePhoneAccount, emergency account : TSI.gUSOPA@ABg
01-04 00:35:57.099  1170  1170 D CarrierConfigLoader: mHandler: 0 phoneId: 0
01-04 00:35:57.109  1531  1531 W System  : ClassLoader referenced unknown path: /system/priv-app/Trebuchet/lib/arm
01-04 00:35:57.116   554   554 D WifiService: resetting networks because SIM was removed
01-04 00:35:57.116   554   554 D WifiService: resetting country code because SIM is removed
01-04 00:35:57.118   554   792 D WifiStateMachine: resetting EAP-SIM/AKA/AKA' networks since SIM was changed
01-04 00:35:57.118   554   554 D WifiService: resetting networks because SIM was removed
01-04 00:35:57.118   554   554 D WifiService: resetting country code because SIM is removed
01-04 00:35:57.118   554   792 D WifiStateMachine: resetting EAP-SIM/AKA/AKA' networks since SIM was changed
01-04 00:35:57.119   554   554 I GnssLocationProvider: WakeLock acquired by sendMessage(12, 0, null)
01-04 00:35:57.120   554   554 I BrokerableCMSystemService: Implementation service connected
01-04 00:35:57.152   554   554 I GnssLocationProvider: WakeLock acquired by sendMessage(12, 0, null)
01-04 00:35:57.162  1170  1170 D CarrierConfigLoader: update config for phoneId: 1 simState: ABSENT
01-04 00:35:57.163  1170  1170 D CarrierSvcBindHelper: update binding for phoneId: 1 simState: ABSENT
01-04 00:35:57.166  1170  1170 E PhoneInterfaceManager: [PhoneIntfMgr] getIccId: No UICC
01-04 00:35:57.178   554  1480 I Telecom : PhoneAccountRegistrar: [ComponentInfo{com.android.phone/com.android.services.telephony.TelephonyConnectionService}, [e0184adedf913b076626646d3f52c3b49c39ad6d], UserHandle{0}(icon: Icon(typ=BITMAP size=38x48) -> Icon(typ=BITMAP size=38x48))]: TSI.rPA@ABk
01-04 00:35:57.182   554  1480 I Telecom : : Sending phone-account registered intent as user: TSI.rPA@ABk
01-04 00:35:57.193  1170  1170 I Telephony: PstnIncomingCallNotifier: Unregistering: Handler (com.android.internal.telephony.GsmCdmaPhone) {3c8cb9b}
01-04 00:35:57.195  1170  1170 W Telephony: TelecomAccountRegistry: Failed to get status , slotId: 0 Exception: java.lang.NullPointerException: Attempt to invoke interface method 'int org.codeaurora.internal.IExtTelephony.getCurrentUiccCardProvisioningStatus(int)' on a null object reference
01-04 00:35:57.196  1170  1170 W Telephony: TelecomAccountRegistry: Failed to get status , slotId: 1 Exception: java.lang.NullPointerException: Attempt to invoke interface method 'int org.codeaurora.internal.IExtTelephony.getCurrentUiccCardProvisioningStatus(int)' on a null object reference
01-04 00:35:57.199  1170  1170 E PhoneInterfaceManager: [PhoneIntfMgr] getIccId: No UICC
01-04 00:35:57.213   554   567 I Telecom : PhoneAccountRegistrar: [ComponentInfo{com.android.phone/com.android.services.telephony.TelephonyConnectionService}, [e0184adedf913b076626646d3f52c3b49c39ad6d], UserHandle{0}(icon: Icon(typ=BITMAP size=38x48) -> Icon(typ=BITMAP size=38x48))]: TSI.rPA@ABo
01-04 00:35:57.216   554   567 I Telecom : : Sending phone-account registered intent as user: TSI.rPA@ABo
01-04 00:35:57.219  1170  1170 I Telephony: AccountEntry: Registered phoneAccount: [[ ] PhoneAccount: ComponentInfo{com.android.phone/com.android.services.telephony.TelephonyConnectionService}, [e0184adedf913b076626646d3f52c3b49c39ad6d], UserHandle{0} Capabilities: CallProvider MultiUser PlaceEmerg SimSub  Schemes: tel voicemail  Extras: null GroupId: [da39a3ee5e6b4b0d3255bfef95601890afd80709]] with handle: ComponentInfo{com.android.phone/com.android.services.telephony.TelephonyConnectionService}, [e0184adedf913b076626646d3f52c3b49c39ad6d], UserHandle{0}
01-04 00:35:57.220  1170  1170 I Telephony: PstnIncomingCallNotifier: Registering: Handler (com.android.internal.telephony.GsmCdmaPhone) {3c8cb9b}
01-04 00:35:57.230   554  1479 I Telecom : PhoneAccountRegistrar: getUserSelVoicePhoneAccount, voice subId = -1: TSI.gUSOPA@ABw
01-04 00:35:57.231   554  1479 I Telecom : PhoneAccountRegistrar: getUserSelVoicePhoneAccount, emergency account : TSI.gUSOPA@ABw
01-04 00:35:57.233  1170  1170 D CarrierConfigLoader: mHandler: 0 phoneId: 1
01-04 00:35:57.234  1531  1531 V Launcher: LauncherAppState inited
01-04 00:35:57.234   554   576 I memtrack_graphic: graphic_memtrack_get_memory match 4:      ion_mm_heap 284  7372800   1 ffffffc00fd6de00 ffffffc0133a4900.
01-04 00:35:57.234   554   576 I memtrack_graphic:  : 284 284 7372800 1 7372800
01-04 00:35:57.234   554   576 I memtrack_graphic: graphic_memtrack_get_memory match 4:      ion_mm_heap 284  3686400   2 ffffffc012a54240 ffffffc0135d5f00.
01-04 00:35:57.234   554   576 I memtrack_graphic:  : 284 284 3686400 2 9216000
01-04 00:35:57.234   554   576 I memtrack_graphic: graphic_memtrack_get_memory match 4:      ion_mm_heap 284  3686400   2 ffffffc011119d40 ffffffc01497ca00.
01-04 00:35:57.234   554   576 I memtrack_graphic:  : 284 284 3686400 2 11059200
01-04 00:35:57.235   554   576 I memtrack_graphic: graphic_memtrack_get_memory match 4:      ion_mm_heap 284  3686400   2 ffffffc012a1dd40 ffffffc0149b0700.
01-04 00:35:57.235   554   576 I memtrack_graphic:  : 284 284 3686400 2 12902400
01-04 00:35:57.235  1170  1170 E PhoneInterfaceManager: [PhoneIntfMgr] getIccId: No UICC
01-04 00:35:57.245   554  1480 I Telecom : PhoneAccountRegistrar: [ComponentInfo{com.android.phone/com.android.services.telephony.TelephonyConnectionService}, [e0184adedf913b076626646d3f52c3b49c39ad6d], UserHandle{0}(icon: Icon(typ=BITMAP size=38x48) -> Icon(typ=BITMAP size=38x48))]: TSI.rPA@AB0
01-04 00:35:57.248   554  1480 I Telecom : : Sending phone-account registered intent as user: TSI.rPA@AB0
01-04 00:35:57.252  1481  1481 I ContactsPerf: VoicemailContentProvider.onCreate start
01-04 00:35:57.259  1481  1481 I ContactsPerf: VoicemailContentProvider.onCreate finish
01-04 00:35:57.282  1481  1481 W System  : ClassLoader referenced unknown path: /system/priv-app/BlockedNumberProvider/lib/arm
01-04 00:35:57.284  1481  1481 D ApplicationLoaders: ignored Vulkan layer search path /system/priv-app/BlockedNumberProvider/lib/arm:/system/lib:/vendor/lib for namespace 0xee632090
01-04 00:35:57.291  1531  1531 D Launcher.Model: Old launcher provider: content://com.android.launcher2.settings/favorites?notify=true
01-04 00:35:57.292  1531  1531 D Launcher.Model: Old launcher provider does not exist.
01-04 00:35:57.310  1481  1481 W System  : ClassLoader referenced unknown path: /system/app/UserDictionaryProvider/lib/arm
01-04 00:35:57.312  1481  1481 D ApplicationLoaders: ignored Vulkan layer search path /system/app/UserDictionaryProvider/lib/arm:/system/lib:/vendor/lib for namespace 0xee6320d0
01-04 00:35:57.348   554  1329 I ActivityManager: Start proc 1566:android.process.media/u0a10 for broadcast com.android.providers.downloads/.DownloadReceiver
01-04 00:35:57.468  1481  1560 I ContactLocale: AddressBook Labels [[en_US]]: [, A, B, C, D, E, F, G, H, I, J, K, L, M, N, O, P, Q, R, S, T, U, V, W, X, Y, Z, , , , , , , , , , , , , , , , , , , , , , , , , , , , , , , , , , , , , , , , , , , , , , , , , , , , , , , , , , , , , , , , , , , , , , , , , , , , , , , , , , , , , , , , , , , , , , , , , , , , , , , , , , , , , , , , , , , , , , , , , , , , , , , , , , , , , , , , , , , , , , , , , , , , , , , , , , , , , , , , , , , , , , , , , , , , , , , , , , , , , , , , , , , #, ]
01-04 00:35:57.560   554  1482 W art     : Long monitor contention with owner android.ui (578) at void com.android.server.NetworkManagementService.setUidOnMeteredNetworkList(android.util.SparseBooleanArray, int, boolean, boolean)(NetworkManagementService.java:1896) waiters=0 in void com.android.server.NetworkManagementService.setUidCleartextNetworkPolicy(int, int) for 142ms
01-04 00:35:57.573   554   577 W ActivityManager: Activity pause timeout for ActivityRecord{62e3693 u0 com.cyanogenmod.trebuchet/com.android.launcher3.Launcher t25}
