adb server is out of date.  killing...
* daemon started successfully *
--------- beginning of main
01-04 00:35:13.321   252   252 W auditd  : type=2000 audit(0.0:1): initialized
01-04 00:35:14.610   252   252 I auditd  : type=1403 audit(0.0:2): policy loaded auid=4294967295 ses=4294967295
01-04 00:35:19.806   255   255 I         : debuggerd: starting
--------- beginning of system
01-04 00:35:19.999   256   256 I vold    : Vold 3.0 (the awakening) firing up
01-04 00:35:20.001   256   256 V vold    : Detected support for: exfat ext4 ntfs vfat
01-04 00:35:20.015   256   256 W Vold    : Tearing down stale mount /storage/usbotg
01-04 00:35:20.016   256   256 W Vold    : Tearing down stale mount /mnt/media_rw
01-04 00:35:20.177   254   254 I         : debuggerd: starting
01-04 00:35:20.333   256   269 D vold    : e4crypt_init_user0
01-04 00:35:20.333   256   269 D vold    : e4crypt_prepare_user_storage for volume null, user 0, serial 0, flags 1
01-04 00:35:20.333   256   269 D vold    : Preparing: /data/system/users/0
01-04 00:35:20.334   256   267 V vold    : /system/bin/sgdisk
01-04 00:35:20.334   256   267 V vold    :     --android-dump
01-04 00:35:20.334   256   267 V vold    :     /dev/block/vold/disk:179_128
01-04 00:35:20.335   256   269 D vold    : Preparing: /data/misc/profiles/cur/0
01-04 00:35:20.335   256   269 D vold    : Preparing: /data/misc/profiles/cur/0/foreign-dex
01-04 00:35:20.336   256   269 D vold    : Preparing: /data/system_de/0
01-04 00:35:20.337   256   269 D vold    : Preparing: /data/misc_de/0
01-04 00:35:20.337   256   269 D vold    : Preparing: /data/user_de/0
01-04 00:35:20.339   256   269 D vold    : e4crypt_unlock_user_key 0 serial=0 token_present=0
01-04 00:35:20.342     1     1 I vdc     : 200 265 Command succeeded
01-04 00:35:20.475   271   271 I /system/bin/tzdatacheck: tzdata file /data/misc/zoneinfo/current/tzdata does not exist. No action required.
01-04 00:35:20.557   256   267 V vold    : DISK gpt CBC83FD9-4235-4453-8D69-6B98D2518C8B
01-04 00:35:20.558   256   267 V vold    : 
01-04 00:35:20.558   256   267 V vold    : PART 1 EBD0A0A2-B9E5-4433-87C0-68B6B72699C7 6364D990-56C9-45B7-991C-554740580B3D Microsoft basic data
01-04 00:35:20.558   256   267 V vold    : 
01-04 00:35:20.829   274   274 I sysinit : Running /system/etc/init.d/00banner
01-04 00:35:20.920   277   277 I wmt_loader: is_chipId_vaild: 11 :0x335!
01-04 00:35:20.921   277   277 I wmt_loader: key:(persist.mtk.wcn.combo.chipid)-value:(0x0335),chipId:0x0335,iRet(6)
01-04 00:35:20.923   277   277 I wmt_loader: remove wmtWifi returns:-1, errno:2
01-04 00:35:20.975   278   278 I 6620_launcher: get property(service.wcn.driver.ready) failed i_ret:0
01-04 00:35:20.986   282   282 I lowmemorykiller: Using in-kernel low memory killer interface
01-04 00:35:21.068   277   277 I wmt_loader: do kernel module init succeed: 0
01-04 00:35:21.069   277   277 I wmt_loader: chown wmt_tm fail:No such file or directory
01-04 00:35:21.069   277   277 I wmt_loader: get property(service.wcn.driver.ready) failed iRet:0 or property is 
01-04 00:35:21.104   277   277 I wmt_loader: set property(service.wcn.driver.ready) to yes succeed
01-04 00:35:21.173   294   294 D wifi2agps: add no timeout event, sock=4
01-04 00:35:21.228   314   314 I cm      : ____ _   _ ____ _  _ ____ ____ ____ _  _ _  _ ____ ___
01-04 00:35:21.275   278   278 I 6620_launcher: get property(service.wcn.driver.ready) is yes
01-04 00:35:21.276   278   278 E 6620_launcher: open device node succeed.(Node:/dev/stpwmt, fd:4) 
01-04 00:35:21.276   278   278 I 6620_launcher: key:(persist.mtk.wcn.combo.chipid)-value:(0x0335),chipId:0x0335
01-04 00:35:21.276   278   278 I 6620_launcher: chip id is 0x335
01-04 00:35:21.276   278   278 I 6620_launcher: chiId:0x335, setting to property(persist.mtk.wcn.combo.chipid)
01-04 00:35:21.315   320   320 I cm      : |     \_/  |__| |\ | |  | | __ |___ |\ | |\/| |  | |  \
01-04 00:35:21.527   278   278 I 6620_launcher: set property(persist.mtk.wcn.combo.chipid) to 0x0335 succeed.
01-04 00:35:21.527   278   278 I 6620_launcher: chipIdProp:key(persist.mtk.wcn.combo.chipid)value(0x0335)
01-04 00:35:21.527   278   278 I 6620_launcher: chiId:0x0335
01-04 00:35:21.527   278   278 I 6620_launcher: for denali chipid convert
01-04 00:35:21.527   278   278 I 6620_launcher: run SOC chip flow
01-04 00:35:21.527   278   278 I 6620_launcher: key:(ro.build.type)-value:(userdebug)
01-04 00:35:21.527   278   278 I 6620_launcher: get coredump_mode property(service.wcn.coredump.mode) failed
01-04 00:35:21.527   278   278 I 6620_launcher: Connectivity coredump is disabled!
01-04 00:35:21.527   278   278 I 6620_launcher: create pwr on thread ok
01-04 00:35:21.541   321   321 I cm      : |___   |   |  | | \| |__| |__] |___ | \| |  | |__| |__/
01-04 00:35:21.551   278   323 I 6620_launcher: enter power on connsys flow
01-04 00:35:21.574   284   284 E DispSync: Couldn't set SCHED_FIFO for DispSyncThread
01-04 00:35:21.574   284   284 I SurfaceFlinger: SurfaceFlinger is starting
01-04 00:35:21.574   284   284 I SurfaceFlinger: SurfaceFlinger's main thread ready to run. Initializing graphics H/W...
01-04 00:35:21.636   278   278 I 6620_launcher: for denali chipid convert
01-04 00:35:21.636   278   278 I 6620_launcher: patch name pre-fix:ROMv2_lm_patch
01-04 00:35:21.636   278   278 I 6620_launcher: fwVersion:0x8a00
01-04 00:35:21.636   278   278 I 6620_launcher: /system/etc/firmware//ROMv2_lm_patch_1_0_hdr.bin
01-04 00:35:21.642   278   278 I 6620_launcher: fw Ver in patch: 0x8a00
01-04 00:35:21.642   278   278 I 6620_launcher: read patch info:0x22,0x00,0x06,0x00
01-04 00:35:21.642   278   278 I 6620_launcher: gpatchnum = [2]
01-04 00:35:21.642   278   278 I 6620_launcher: gdwonseq = [2]
01-04 00:35:21.642   278   278 I 6620_launcher: /system/etc/firmware//ROMv2_lm_patch_1_1_hdr.bin
01-04 00:35:21.647   278   278 I 6620_launcher: fw Ver in patch: 0x8a00
01-04 00:35:21.647   278   278 I 6620_launcher: read patch info:0x21,0x00,0x0e,0xf0
01-04 00:35:21.647   278   278 I 6620_launcher: gdwonseq = [1]
01-04 00:35:21.647   278   278 I 6620_launcher: cmd(srh_patch) resp(ok)
01-04 00:35:21.846   288   288 D Netdiag : setgid SHELL successfully!
01-04 00:35:21.846   288   288 D Netdiag : setuid SHELL successfully!
01-04 00:35:21.846   288   288 E Netdiag : network_dignose_daemon doing
01-04 00:35:21.846   288   288 E Netdiag : commandlistening sockname=netdiag
01-04 00:35:21.846   288   288 E Netdiag : commandlistening::startlistening() ret:0,sock_listen_id:5
01-04 00:35:21.846   288   328 E Netdiag : commandlistening threadStart doing
01-04 00:35:21.846   288   328 E Netdiag : commandlistening runListener doing
01-04 00:35:21.846   288   328 D Netdiag : Set net log running flag to 0 at the very beginning
01-04 00:35:21.848   288   328 D Netdiag : Add listener on socket server whose id=5
01-04 00:35:21.848   288   328 E Netdiag : commandlistening unlock exit
01-04 00:35:21.876   284   284 D libEGL  : loaded /system/lib64/egl/libGLES_mali.so
01-04 00:35:22.220   284   284 I surfaceflinger: type=1400 audit(0.0:3): avc: denied { write } for name="trace_marker" dev="debugfs" ino=1049 scontext=u:r:surfaceflinger:s0 tcontext=u:object_r:debugfs:s0 tclass=file permissive=1
01-04 00:35:22.220   284   284 I surfaceflinger: type=1400 audit(0.0:4): avc: denied { open } for path="/sys/kernel/debug/tracing/trace_marker" dev="debugfs" ino=1049 scontext=u:r:surfaceflinger:s0 tcontext=u:object_r:debugfs:s0 tclass=file permissive=1
01-04 00:35:21.906   310   310 I gatekeeperd: Starting gatekeeperd...
01-04 00:35:21.949   310   310 W gatekeeperd: falling back to software GateKeeper
01-04 00:35:21.969   297   297 D MsensorDaemon: Msensor deamon statr!!!!!!!!!!!!
01-04 00:35:21.969   297   297 D MsensorDaemon: Msensor deamon statr : /sys/bus/platform/drivers/msensor/daemon don't exist
01-04 00:35:22.024   304   304 I keystore: Found keymaster0 module Keymaster OpenSSL HAL, version 2
01-04 00:35:22.024   304   304 I SoftKeymaster: system/keymaster/soft_keymaster_device.cpp, Line 131: Creating device
01-04 00:35:22.024   304   304 D SoftKeymaster: system/keymaster/soft_keymaster_device.cpp, Line 132: Device address: 0x7f8c050000
01-04 00:35:22.024   304   304 I keystore: Keymaster0 module is software-only.  Using SoftKeymasterDevice instead.
01-04 00:35:22.024   304   304 I SoftKeymaster: system/keymaster/soft_keymaster_device.cpp, Line 131: Creating device
01-04 00:35:22.025   304   304 D SoftKeymaster: system/keymaster/soft_keymaster_device.cpp, Line 132: Device address: 0x7f8c050400
01-04 00:35:22.025   284   284 E SurfaceFlinger: Couldn't set SCHED_FIFO for SFEventThread
01-04 00:35:22.061   287   287 I MobileLogD/main: =====MOBILELOG START=======
01-04 00:35:22.064   303   303 I         : installd firing up
01-04 00:35:22.084   284   284 W hwcomposer: [EVENT] Start to listen uevent, addr.nl_pid(284)
01-04 00:35:22.090   284   284 W GuiExt  : Cannot find GuiExtService
01-04 00:35:22.090   284   284 W GuiExt  : Cannot find GuiExtService
01-04 00:35:22.090   284   284 W GuiExt  : Cannot find GuiExtService
01-04 00:35:22.090   284   284 E GuiExt  : [GuiExtC] [android::status_t android::GuiExtClientConsumer::configDisplay(uint32_t, bool, uint32_t, uint32_t, uint32_t)] assertStateLocked fail
01-04 00:35:22.090   284   284 W hwcomposer: [EVENT] HW VSync State(1)
01-04 00:35:22.090   284   284 I hwcomposer: [DPY] Display Information:
01-04 00:35:22.090   284   284 I hwcomposer: [DPY] # fo current devices : 1
01-04 00:35:22.090   284   284 I hwcomposer: [DPY] ------------------------------------
01-04 00:35:22.090   284   284 I hwcomposer: [DPY] Device id   : 0
01-04 00:35:22.090   284   284 I hwcomposer: [DPY] Width       : 720
01-04 00:35:22.090   284   284 I hwcomposer: [DPY] Height      : 1280
01-04 00:35:22.090   284   284 I hwcomposer: [DPY] xdpi        : 320.000000
01-04 00:35:22.090   284   284 I hwcomposer: [DPY] ydpi        : 320.000000
01-04 00:35:22.090   284   284 I hwcomposer: [DPY] vsync       : 1
01-04 00:35:22.090   284   284 I hwcomposer: [DPY] refresh     : 16025640
01-04 00:35:22.090   284   284 I hwcomposer: [DPY] connected   : 1
01-04 00:35:22.090   284   284 I hwcomposer: [DPY] hwrotation  : 0
01-04 00:35:22.090   284   284 I hwcomposer: [DPY] subtype     : 0
01-04 00:35:22.091   284   284 I hwcomposer: [DPY] aspect      : 0.562, 1.778
01-04 00:35:22.091   284   284 I hwcomposer: [DPY] protrait    : [   0,   0, 720,1280]
01-04 00:35:22.091   284   284 I hwcomposer: [DPY] landscape   : [   0,   0, 720,1280]
01-04 00:35:22.091   284   284 I SurfaceFlinger: Using composer version 1.4
01-04 00:35:22.091   284   284 I hwcomposer: [HWC] getConfigs Display(0)
01-04 00:35:22.091   284   284 I hwcomposer: [HWC] getAttributes Display(0)
01-04 00:35:22.091   284   284 I hwcomposer: [HWC] getConfigs Display(1)
01-04 00:35:22.091   284   284 I hwcomposer: [HWC] getAttributes Display(1)
01-04 00:35:22.091   284   284 W hwcomposer: [HWC] Failed to get display attributes (dpy=1 is not connected)
01-04 00:35:22.091   284   284 I hwcomposer: [HWC] getAttributes Display(1)
01-04 00:35:22.091   284   284 W hwcomposer: [HWC] Failed to get display attributes (dpy=1 is not connected)
01-04 00:35:22.091   284   284 W SurfaceFlinger: no suitable EGLConfig found, trying a simpler query
01-04 00:35:22.091   284   284 I SurfaceFlinger: EGL information:
01-04 00:35:22.091   284   284 I SurfaceFlinger: vendor    : Android
01-04 00:35:22.091   284   284 I SurfaceFlinger: version   : 1.4 Android META-EGL
01-04 00:35:22.091   284   284 I SurfaceFlinger: extensions: EGL_KHR_get_all_proc_addresses EGL_ANDROID_presentation_time EGL_KHR_swap_buffers_with_damage EGL_ANDROID_create_native_client_buffer EGL_ANDROID_front_buffer_auto_refresh EGL_KHR_image EGL_KHR_image_base EGL_KHR_gl_texture_2D_image EGL_KHR_gl_texture_cubemap_image EGL_KHR_gl_renderbuffer_image EGL_KHR_fence_sync EGL_KHR_create_context EGL_KHR_config_attribs EGL_KHR_surfaceless_context EGL_EXT_create_context_robustness EGL_ANDROID_image_native_buffer EGL_KHR_wait_sync EGL_ANDROID_recordable EGL_KHR_partial_update 
01-04 00:35:22.091   284   284 I SurfaceFlinger: Client API: OpenGL_ES
01-04 00:35:22.091   284   284 I SurfaceFlinger: EGLSurface: 8-8-8-8, config=0x7f77023220
01-04 00:35:22.095   311   311 I perfprofd: starting Android Wide Profiling daemon
01-04 00:35:22.095   311   311 E perfprofd: unable to open configuration file /data/data/com.google.android.gms/files/perfprofd.conf
01-04 00:35:22.095   311   311 I perfprofd: random seed set to 4080916880
01-04 00:35:22.143   309   309 I Netd    : Netd 1.0 starting
01-04 00:35:22.143   298   298 I thermal_manager: thermal_manager Service started!, argc 1
01-04 00:35:22.143   298   298 I thermal_manager: thermal_manager Service started!, argv[0] /system/bin/thermal_manager
01-04 00:35:22.158   290   290 D PQ      : PQ service start...
01-04 00:35:22.173   305   305 I mediacodec: @@@ mediacodecservice starting
01-04 00:35:22.174   305   305 W         : No seccomp filter defined for this architecture.
01-04 00:35:22.174   290   290 D PQ      : [PQ_SERIVCE] PQService constructor
01-04 00:35:22.176   290   290 D PQ      : [PQ_SERIVCE] PQService : onFirstRef
01-04 00:35:22.184   290   347 D PQ      : [PQ_SERIVCE] PQService is ready to run.
01-04 00:35:22.184   295   295 E MNLD    : main: MNLD started
01-04 00:35:22.184   295   295 D MNLD    : main: Normal mode
01-04 00:35:22.184   290   347 D PQ      : Gamma index: 7/15
01-04 00:35:22.186   290   347 D PQ      : [PQ_SERIVCE] DISP PQ init start...
01-04 00:35:22.186   290   347 D PQ      : [PQ_SERIVCE] DISP_IOCTL_SET_PQPARAM 0...
01-04 00:35:22.186   290   347 D PQ      : [PQ_SERIVCE] DISP_IOCTL_SET_PQ_GAL_PARAM 0...
01-04 00:35:22.212   298   298 I thermal_manager: thermal_manager dlopen
01-04 00:35:22.213   298   298 I thermal_manager: loadmtc  etc .tp thermal.conf 
01-04 00:35:22.213   298   298 I libMtcLoader: mtcloader started!
01-04 00:35:22.213   298   298 E libMtcLoader: mtcloader fails to open .tp.settings and exits!
01-04 00:35:22.213   298   298 I thermal_manager: [backward-compatiable] default thermal policy
01-04 00:35:22.226   284   284 I SurfaceFlinger: OpenGL ES informations:
01-04 00:35:22.226   284   284 I SurfaceFlinger: vendor    : ARM
01-04 00:35:22.226   284   284 I SurfaceFlinger: renderer  : Mali-T720
01-04 00:35:22.226   284   284 I SurfaceFlinger: version   : OpenGL ES 3.1 v1.r7p0-02rel0.4ea33e6671ff828e33c99c982634cd65
01-04 00:35:22.226   284   284 I SurfaceFlinger: extensions: GL_EXT_debug_marker GL_ARM_rgba8 GL_ARM_mali_shader_binary GL_OES_depth24 GL_OES_depth_texture GL_OES_depth_texture_cube_map GL_OES_packed_depth_stencil GL_OES_rgb8_rgba8 GL_EXT_read_format_bgra GL_OES_compressed_paletted_texture GL_OES_compressed_ETC1_RGB8_texture GL_OES_standard_derivatives GL_OES_EGL_image GL_OES_EGL_image_external GL_OES_EGL_sync GL_OES_texture_npot GL_OES_vertex_half_float GL_OES_required_internalformat GL_OES_vertex_array_object GL_OES_mapbuffer GL_EXT_texture_format_BGRA8888 GL_EXT_texture_rg GL_EXT_texture_type_2_10_10_10_REV GL_OES_fbo_render_mipmap GL_OES_element_index_uint GL_EXT_shadow_samplers GL_OES_texture_compression_astc GL_KHR_texture_compression_astc_ldr GL_KHR_texture_compression_astc_hdr GL_KHR_debug GL_EXT_occlusion_query_boolean GL_EXT_disjoint_timer_query GL_EXT_blend_minmax GL_EXT_discard_framebuffer GL_OES_get_program_binary GL_OES_texture_3D GL_EXT_texture_storage GL_EXT_multisampled_render_to_texture GL_OES_surfaceless_context GL_OES_texture_stencil8 G
01-04 00:35:22.226   284   284 I SurfaceFlinger: GL_MAX_TEXTURE_SIZE = 8192
01-04 00:35:22.226   284   284 I SurfaceFlinger: GL_MAX_VIEWPORT_DIMS = 8192
01-04 00:35:22.228   284   284 D mali_winsys: new_window_surface returns 0x3000
01-04 00:35:22.228   309   309 D TetherController: Setting IP forward enable = 0
01-04 00:35:22.232   295   295 D MNLD    : setup_socket_mtklogger: socket_fd = 7
01-04 00:35:22.232   295   295 D MNLD    : main: mtklogger2mnld_fd created success
01-04 00:35:22.233   295   295 D MNLD    : mnl_write_attr: write '0' to /sys/class/gpsdrv/gps/pwrctl okay
01-04 00:35:22.233   295   295 D MNLD    : mnl_write_attr: write '0' to /sys/class/gpsdrv/gps/suspend okay
01-04 00:35:22.233   295   295 D MNLD    : mnl_write_attr: write '0' to /sys/class/gpsdrv/gps/state okay
01-04 00:35:22.233   295   295 D MNLD    : mnl_write_attr: write '1' to /sys/class/gpsdrv/gps/pwrsave okay
01-04 00:35:22.234   295   295 D mnl_linux: read_prop: read_prop: open /data/misc/gps/mnl.prop fail!
01-04 00:35:22.234   295   295 D mnl_linux: read_prop: read_prop: open /sbin/mnl.prop fail!
01-04 00:35:22.234   295   295 E mnl_linux: mnl_utl_load_property: Config is not set yet, ignore
01-04 00:35:22.234   295   295 D mnl_linux: mnl_utl_load_property: ========================================
01-04 00:35:22.234   295   295 D mnl_linux: mnl_utl_load_property: [setting] load default value
01-04 00:35:22.234   295   295 D mnl_linux: mnl_utl_load_property: dev_dsp/dev_gps :  
01-04 00:35:22.234   295   295 D mnl_linux: mnl_utl_load_property: init_speed/link_speed: 0 0
01-04 00:35:22.234   295   295 D mnl_linux: mnl_utl_load_property: pmtk_conn/socket_port/dev_dbg : 0 0 
01-04 00:35:22.234   295   295 D mnl_linux: mnl_utl_load_property: debug_nmea/debug_mnl: 0 0x0000
01-04 00:35:22.234   295   295 D mnl_linux: mnl_utl_load_property: nmea2file/dbg2file: 0/0
01-04 00:35:22.234   295   295 D mnl_linux: mnl_utl_load_property: time-out: 15 5 3 10 0 0
01-04 00:35:22.234   295   295 D mnl_linux: mnl_utl_load_property: EPO_Enabled: 0
01-04 00:35:22.234   295   295 D mnl_linux: mnl_utl_load_property: BEE_Enabled: 0
01-04 00:35:22.234   295   295 D mnl_linux: mnl_utl_load_property: SUPL_Enabled: 0
01-04 00:35:22.234   295   295 D mnl_linux: mnl_utl_load_property: SUPLSI_Enabled: 0
01-04 00:35:22.234   295   295 D mnl_linux: mnl_utl_load_property: EPO_priority: 0
01-04 00:35:22.234   295   295 D mnl_linux: mnl_utl_load_property: BEE_priority: 0
01-04 00:35:22.234   295   295 D mnl_linux: mnl_utl_load_property: SUPL_priority: 0
01-04 00:35:22.234   295   295 D mnl_linux: mnl_utl_load_property: AVAILIABLE_AGE: 0
01-04 00:35:22.234   295   295 D mnl_linux: mnl_utl_load_property: RTC_DRIFT: 0
01-04 00:35:22.234   295   295 D mnl_linux: mnl_utl_load_property: TIME_INTERVAL: 0
01-04 00:35:22.234   295   295 D mnl_linux: mnl_utl_load_property: ========================================
01-04 00:35:22.234   295   295 D MNLD    : main: listening..
01-04 00:35:22.234   295   295 D MNLD    : chip_detector: combo_chip_id is 0x0335
01-04 00:35:22.234   295   295 D mnl_linux: mtk_gps_sys_init: Start to read nvram
01-04 00:35:22.235   295   295 D mnl_linux: mtk_gps_sys_init: nvram_init_val not Ready,sleep 500ms
01-04 00:35:22.236   309   309 E         : Failed to open libdatactrl, some features may not be present.
01-04 00:35:22.237   309   309 E         : Failed to open libcsm_data, some features may not be present.
01-04 00:35:22.262   290   347 D PQ      : ccorr table index=0
01-04 00:35:22.262   290   347 D PQ      : [PQ_SERIVCE] DISP_IOCTL_SET_PQ_CAM_PARAM 0...
01-04 00:35:22.262   290   347 D PQ      : [PQ_SERIVCE] DISP_IOCTL_SET_TDSHPINDEX 0...
01-04 00:35:22.315   293   293 E agps    : [agps] ERR: [MAIN] mtk_agpsd is running ver=4.111.0
01-04 00:35:22.315   293   293 E agps    : [agps] ERR: [MAIN] mtk_agpsd is for Android
01-04 00:35:22.315   293   293 D agps    : [agps] WARNING: [MAIN] mkdir failure for [/data/agps_supl/log] reason=[File exists]
01-04 00:35:22.316   301   301 I cameraserver: ServiceManager: 0xf6a19460
01-04 00:35:22.316   301   301 I CameraService: CameraService started (pid=301)
01-04 00:35:22.317   301   301 I CameraService: CameraService process starting
01-04 00:35:22.321   301   301 W BatteryNotifier: batterystats service unavailable!
01-04 00:35:22.322   301   301 W BatteryNotifier: batterystats service unavailable!
01-04 00:35:22.353   293   293 D MtkAgpsNative: SuplRawLog.bEnable:0
01-04 00:35:22.353   293   293 D MtkAgpsNative: SuplRawLog.szPath:/sdcard
01-04 00:35:22.353   293   293 D MtkAgpsNative: SuplRawLog.szFile:agps_raw.log
01-04 00:35:22.353   293   293 D MtkAgpsNative: SuplSslLog.bEnable:0
01-04 00:35:22.353   293   293 D MtkAgpsNative: SuplSslLog.szPath:/sdcard
01-04 00:35:22.353   293   293 D MtkAgpsNative: SuplSslLog.szFile:agps_ssl.log
01-04 00:35:22.353   293   293 D agps    : [agps] WARNING: [MAIN] cdma_mgr_dlopen_firmware failed
01-04 00:35:22.363   293   354 I MtkAgpsNative: Enter mtk_agps_up_init
01-04 00:35:22.363   293   354 D MtkAgpsNative: FS_CreateDir: /data/agps_supl
01-04 00:35:22.363   293   354 W MtkAgpsNative:   -> errno(EEXIST) => dir already exists
01-04 00:35:22.363   293   354 D MtkAgpsNative: mtk_agps_debug_init()
01-04 00:35:22.363   293   354 D MtkAgpsNative: Enter supl_os_timer_init
01-04 00:35:22.366   307   307 V MediaUtils: physMem: 964718592
01-04 00:35:22.366   307   307 V MediaUtils: requested limit: 192943700
01-04 00:35:22.366   307   307 V MediaUtils: actual limit: 192943700
01-04 00:35:22.366   307   307 V MediaUtils: original limits: 4294967295/4294967295
01-04 00:35:22.366   307   307 V MediaUtils: new limits: 192943700/4294967295
01-04 00:35:22.366   307   307 W         : No seccomp filter defined for this architecture.
01-04 00:35:22.372   293   354 D MtkAgpsNative: rrlp_mod_init(): Init rrlp_ptr_g
01-04 00:35:22.372   293   354 I MtkAgpsNative: [????] kal_create_mutex: name(tls_global) 
01-04 00:35:22.372   293   354 D MtkAgpsNative: [????] -> idx(0) tbl_mtx_name()  name(tls_global) 
01-04 00:35:22.372   293   354 D MtkAgpsNative: [????]   -> empty slot found (0)
01-04 00:35:22.372   293   354 D MtkAgpsNative: [????]   -> kal_create_mutex: idx(0) name(tls_global) 
01-04 00:35:22.380   293   354 D agps    : [agps] WARNING: [CP] get_ccci_uart  is not a tty
01-04 00:35:22.380   293   354 D agps    : [agps] WARNING: [CP] get_ccci_uart  [/dev/ttyC2] success
01-04 00:35:22.380   293   354 D agps    : [agps][n][CP] ccci_uart_1  open success
01-04 00:35:22.381   293   354 D agps    : [agps][n][CP] [MD_1] write  sim_info_req
01-04 00:35:22.381   293   354 E agps    : [agps] ERR: [Utility] safe_write reason=[No such device]19
01-04 00:35:22.381   293   354 E agps    : [agps] ERR: [CP] get_ccci_uart  open failed node=[/dev/ccci2_tty2] reason=[No such file or directory]
01-04 00:35:22.381   293   354 E agps    : [agps] ERR: [CP] ccci_uart_2  open failed
01-04 00:35:22.384   293   370 D agps    : [agps][n][task] rrlp  is running
01-04 00:35:22.391   293   372 D agps    : [agps][n][task] lpp  is running
01-04 00:35:22.398   293   371 D agps    : [agps][n][task] is801  is running
01-04 00:35:22.402   293   370 D agps    : [agps][n][task] rrlp  before poll...
01-04 00:35:22.403   293   372 D agps    : [agps][n][task] lpp  before poll...
01-04 00:35:22.403   293   371 D agps    : [agps][n][task] is801  before poll...
01-04 00:35:22.412   290   347 D PQ      : ccorr table index=0
01-04 00:35:22.412   290   347 D PQ      : [PQ_SERIVCE] DISP PQ init end...
01-04 00:35:22.412   290   347 D PQ      : [PQ_SERIVCE] threadLoop config User_Def PQ... end
01-04 00:35:22.413   293   354 D agps    : [agps][n][AGPS] xml file load from [/etc/agps_profiles_conf2.xml]
01-04 00:35:22.435   293   354 D agps    : [agps] WARNING: [Default]  =================== dump_agps_mgr_agps_config ===================
01-04 00:35:22.435   293   354 D agps    : [agps][n][Default] cur_supl_profile  name=[GOOGLE] addr=[supl.google.com] port=[7275] tls=[1] mcc=[] mcc_mnc=[] is_auto_config=[0] supl_version=[1.0.0] tls_version=[0] sha_version=[0] app_id=[] provider_id=[] default_apn=[] option_apn=[] optional_apn_2=[] addr_type=[]
01-04 00:35:22.435   293   354 D agps    : [agps][n][Default] cdma_profile  name=[CDMA1] mcp_enable=[1] mcp_addr=[10.199.22.165] mcp_port=[6066] pde_addr_valid=[0] pde_ip_type=[0] pde_addr=[11.11.11.11] pde_port=[1111] pde_url_valid=[0] pde_url_addr=[www.mediatek.com]
01-04 00:35:22.435   293   354 D agps    : [agps][n][Default] agps_setting  agps_enable=[1] agps_protocol=[0] gpevt=[0] e911_gps_icon_enable=[0] e911_open_gps=[0]
01-04 00:35:22.435   293   354 D agps    : [agps][n][Default] gnss_setting  sib8_16_enable=[1] gps_satellite_enable=[1] glonass_satellite_enable=[1] beidou_satellite_enable=[1] galileo_satellite_enable=[1] a_glonass_satellite_enable=[1]
01-04 00:35:22.435   293   354 D agps    : [agps][n][Default] cp_setting  molr_pos_method=[0] external_addr=[0][0123456789*#+] mlc_number=[0][0123456789*#+] cp_auto_reset=[0] epc_molr_lpp_payload_enable=[0] lpp_payload=[50]
01-04 00:35:22.435   293   354 D agps    : [agps][n][Utility] agps_dump_buf=lpp_payload  0xd2,0x00,0x00,0x10,0x23,0x7b,0x20,0x26,0x40,0x4f,0xb8,0x00,0x72,0x02,0xbf,0xff,0xff,0xff,0xf8,0x00,0x00,0x00,0x00,0x20,0xc0,0x00,0x01,0x00,0x94,0x0f,0xb9,0x00,
01-04 00:35:22.435   293   354 D agps    : [agps][n][Utility] agps_dump_buf=lpp_payload  0x12,0x02,0xb7,0xff,0xff,0xf8,0x00,0x00,0x00,0x00,0x00,0x61,0x80,0x00,0x02,0x01,0x8a,0x00,
01-04 00:35:22.435   293   354 D agps    : [agps][n][Default] up_setting  ca_enable=[0] ni_request=[1] roaming=[1] cdma_preferred=[0] pref_method=[1] supl_version=[2.0.0] tls_version=[1] sha_version=[0] supl_log=[0] msa=[1] msb=[1] ecid=[1] otdoa=[0] autonomous=[1] aflt=[0] hacc=[22] vacc=[0] loc_age=[0] delay=[0] udp_port_enable=[0] dedicated_apn_enable=[0] preferred_2g3g_cell_age=[300] lpp_enable=[1] cert_from_sdcard=[1] auto_profile_enable=[1] ut2=[11] ut3=[10] sync_to_slp=[0] imsi_enable=[1] no_sensitive_log=[0]
01-04 00:35:22.435   293   354 D agps    : [agps] WARNING: [AGPS] /nvcfg does not exist
01-04 00:35:22.436   293   354 D agps    : [agps][n][AGPS] [MNL] write  agps_reboot
01-04 00:35:22.436   293   354 D agps    : [agps][n][AGPS] [MNL] write  agps_settings_sync  sib8_16=[1], gps=[1] glonass=[1] beidou=[1] galileo=[1] aglonass=[1]
01-04 00:35:22.437   293   354 D agps    : [agps][n][C2K_MSG] c2k_msg_set_handler(0, 0xf7218989)
01-04 00:35:22.437   293   354 D agps    : [agps][n][C2K_MSG] c2k_msg_set_handler(1, 0xf721892d)
01-04 00:35:22.437   293   354 D agps    : [agps][n][C2K_MSG] c2k_msg_set_handler(2, 0xf721858d)
01-04 00:35:22.437   293   354 D agps    : [agps][n][C2K_MSG] c2k_msg_set_handler(3, 0xf721880d)
01-04 00:35:22.437   293   354 D agps    : [agps][n][C2K_MSG] c2k_msg_set_handler(4, 0xf721855d)
01-04 00:35:22.437   293   354 D agps    : [agps][n][C2K_MSG] c2k_msg_set_handler(6, 0xf7218aed)
01-04 00:35:22.437   293   354 D agps    : [agps][n][C2K_MSG] c2k_msg_set_handler(7, 0xf7218519)
01-04 00:35:22.596   301   301 E HAL     : load: module=/system/lib/hw/camera.mt6737m.so
01-04 00:35:22.596   301   301 E HAL     : dlopen failed: cannot locate symbol "_ZN5NSCam14IHalSensorList3getEv" referenced by "/system/lib/hw/camera.mt6737m.so"...
01-04 00:35:22.596   301   301 E CameraService: Could not load camera HAL module: -22 (Invalid argument)
01-04 00:35:22.609   284   284 D SurfaceFlinger: SF. shader cache generated - 26 shaders in 380.086304 ms
01-04 00:35:22.611   300   300 I chatty  : uid=1041(audioserver) /system/bin/audioserver expire 510 lines
01-04 00:35:22.618   284   284 E SurfaceFlinger: Couldn't set SCHED_FIFO
01-04 00:35:22.618   284   284 D SurfaceFlinger: Set power mode=2, type=0 flinger=0x7f77068000
01-04 00:35:22.618   284   284 I hwcomposer: [HWC] SetPowerMode(2) Display(0)
01-04 00:35:22.630   287   287 I MobileLogD/bootmode: boot mode is 0
01-04 00:35:22.662   284   284 W SurfaceFlinger: Couldn't set SCHED_FIFO on display on
01-04 00:35:22.722   306   306 I mediaserver: ServiceManager: 0xf63194c0
01-04 00:35:22.730   287   287 E MobileLogD/bootmode: no start logging
01-04 00:35:22.735   295   295 D mnl_linux: mtk_gps_sys_init: nvram_init_val not Ready,sleep 500ms
01-04 00:35:22.738   308   308 I mediaserver: ServiceManager: 0xf62994c0
01-04 00:35:22.739   308   308 W BatteryNotifier: batterystats service unavailable!
01-04 00:35:22.767   392   392 I cm      : Welcome to Android 7.1.1 / CyanogenMod-14.1-20170103-UNOFFICIAL-maxi_lte
01-04 00:35:22.895   405   405 I sysinit : Running /system/etc/init.d/90userinit
01-04 00:35:23.060   414   414 I nvram_daemon: type=1400 audit(0.0:5): avc: denied { read } for name="boot_mode" dev="sysfs" ino=118 scontext=u:r:nvram_daemon:s0 tcontext=u:object_r:sysfs:s0 tclass=file permissive=1
01-04 00:35:23.060   414   414 I nvram_daemon: type=1400 audit(0.0:6): avc: denied { open } for path="/sys/devices/virtual/BOOT/BOOT/boot/boot_mode" dev="sysfs" ino=118 scontext=u:r:nvram_daemon:s0 tcontext=u:object_r:sysfs:s0 tclass=file permissive=1
01-04 00:35:23.062   289   415 E HWMLIB  : gyroscope_open: Couldn't find or open file sensor (Not a typewriter)
01-04 00:35:23.079   289   414 D HWMLIB  : [RN]    0.0000    0.0000    0.0000 =>     0     0     0
01-04 00:35:23.080   289   416 D HWMLIB  : nvram read: 0, 0, 0 
01-04 00:35:23.091   289   414 D HWMLIB  : [WD]    0.0000    0.0000    0.0000 =>     0     0     0
01-04 00:35:23.091   289   416 E HWMLIB  : alsps_set_cali: set_cali err: -1
01-04 00:35:23.091   289   414 E HWMLIB  : gsensor_set_cali: set_cali err: -1
01-04 00:35:23.235   295   295 D mnl_linux: mtk_gps_sys_init: nvram_init_val Ready
01-04 00:35:23.235   295   295 D mnl_linux: mtk_gps_sys_init: Get nvram restore ready retry cc=3
01-04 00:35:23.240   295   295 D mnl_linux: mtk_gps_sys_init: GPS NVRam (52 * 1) : 
01-04 00:35:23.240   295   295 D mnl_linux: mtk_gps_sys_init: dsp_dev(/dev/stpgps) : /dev/stpgps
01-04 00:35:23.240   295   295 D mnl_linux: mtk_gps_sys_init: gps_tcxo_hz : 26000000
01-04 00:35:23.240   295   295 D mnl_linux: mtk_gps_sys_init: gps_tcxo_ppb : 0
01-04 00:35:23.240   295   295 D mnl_linux: mtk_gps_sys_init: gps_tcxo_type : 255
01-04 00:35:23.240   295   295 D mnl_linux: mtk_gps_sys_init: gps_lna_mode : 0
01-04 00:35:23.240   295   295 E MNLD    : read_NVRAM: not 3332 UART port
01-04 00:35:23.240   295   295 D MNLD    : chip_detector: exit chip_detector
01-04 00:35:23.240   295   295 D MNLD    : main: main2
01-04 00:35:23.240   295   295 D MNLD    : main: main3
01-04 00:35:23.240   295   295 D MNLD    : epoll_init: Print:epoll_add success
01-04 00:35:23.240   295   295 D MNLD    : main: new connection
01-04 00:35:23.240   295   295 D MNLD    : process: epoll_wait() received 1 events
01-04 00:35:23.240   295   295 D MNLD    : process: mnl2agps_handler: ret = 0
01-04 00:35:23.241   295   295 D MNLD    : agps_reboot: agps_reboot
01-04 00:35:23.241   295   295 E MNLD    : main: process data error: 2 (No such file or directory)
01-04 00:35:23.241   295   295 D MNLD    : process: epoll_wait() received 1 events
01-04 00:35:23.241   295   295 D MNLD    : process: mnl2agps_handler: ret = 0
01-04 00:35:23.241   295   295 E agps    : ERR: [MNL2AGPS] agps2mnl unknown type=252
01-04 00:35:23.241   295   295 E MNLD    : main: process data error: 2 (No such file or directory)
01-04 00:35:23.429   300   300 D AudioALSADeviceConfigManager: -UniqueAlsaDeviceConfigParserInstance
01-04 00:35:23.429   300   300 D         : PHONE_MIC_MODE defined!, mPhoneMicMode = 1
01-04 00:35:23.429   300   300 D         : HEADSET_MIC_MODE defined!, mHeadsetMicMode = 1
01-04 00:35:23.429   300   300 D AudioALSADeviceConfigManager: GetDeviceDescriptorbyname
01-04 00:35:23.429   300   300 D AudioALSADeviceConfigManager: CheckDeviceExist exist devicename = Mic1TypeACCMode
01-04 00:35:23.429   300   300 D AudioALSADeviceConfigManager: ApplyDeviceSettingByName() DeviceName = Mic1TypeACCMode descriptor->DeviceStatusCounte = 0
01-04 00:35:23.429   300   300 D AudioALSADeviceConfigManager: cltname = Audio_MIC1_Mode_Select cltvalue = ACCMODE
01-04 00:35:23.429   300   300 D AudioALSADeviceConfigManager: GetDeviceDescriptorbyname
01-04 00:35:23.429   300   300 D AudioALSADeviceConfigManager: CheckDeviceExist exist devicename = Mic2TypeACCMode
01-04 00:35:23.429   300   300 D AudioALSADeviceConfigManager: ApplyDeviceSettingByName() DeviceName = Mic2TypeACCMode descriptor->DeviceStatusCounte = 0
01-04 00:35:23.429   300   300 D AudioALSADeviceConfigManager: cltname = Audio_MIC2_Mode_Select cltvalue = ACCMODE
01-04 00:35:23.429   300   300 D AudioALSADeviceConfigManager: GetDeviceDescriptorbyname
01-04 00:35:23.429   300   300 D AudioALSADeviceConfigManager: CheckDeviceExist exist devicename = Mic3TypeACCMode
01-04 00:35:23.429   300   300 D AudioALSADeviceConfigManager: ApplyDeviceSettingByName() DeviceName = Mic3TypeACCMode descriptor->DeviceStatusCounte = 0
01-04 00:35:23.429   300   300 D AudioALSADeviceConfigManager: cltname = Audio_MIC3_Mode_Select cltvalue = ACCMODE
01-04 00:35:23.429   300   300 D AudioALSADeviceConfigManager: GetDeviceDescriptorbyname
01-04 00:35:23.429   300   300 D AudioALSADeviceConfigManager: CheckDeviceExist exist devicename = Mic4TypeACCMode
01-04 00:35:23.429   300   300 D AudioALSADeviceConfigManager: ApplyDeviceSettingByName() DeviceName = Mic4TypeACCMode descriptor->DeviceStatusCounte = 0
01-04 00:35:23.429   300   300 D AudioALSADeviceConfigManager: cltname = Audio_MIC4_Mode_Select cltvalue = ACCMODE
01-04 00:35:23.430   300   300 D AudioALSAVolumeController: +UniqueVolumeInstance
01-04 00:35:23.430   300   300 D AudioSpeechEnhanceInfo: getInstance()
01-04 00:35:23.430   300   300 D AudioSpeechEnhanceInfo: AudioSpeechEnhanceInfo()
01-04 00:35:23.430   300   300 D AudioSpeechEnhanceInfo: PreLoadBesRecordParams+
01-04 00:35:23.432   300   300 D AudioYusuParam: GetHdRecordSceneTableFromNV rec_size = 135 rec_num = 1
01-04 00:35:23.432   300   300 D AudioYusuParam: GetHdRecordSceneTableFromNV result = 135
01-04 00:35:23.439   300   300 D AudioYusuParam: GetHdRecordParamFromNV rec_size = 4054 rec_num = 1
01-04 00:35:23.441   300   300 D AudioYusuParam: GetHdRecordParamFromNV result = 4054
01-04 00:35:23.446   300   300 D AudioYusuParam: GetAudioVoIPParamFromNV rec_size = 1592 rec_num = 1
01-04 00:35:23.447   300   300 D AudioYusuParam: GetAudioVoIPParamFromNV result = 1592
01-04 00:35:23.447   300   300 D AudioYusuParam: QueryFeatureSupportInfo(),feature support 2090055 
01-04 00:35:23.447   300   300 D AudioSpeechEnhanceInfo: PreLoadBesRecordParams-
01-04 00:35:23.447   300   300 D AudioALSAVolumeController: AudioALSAVolumeController contructor
01-04 00:35:23.447   300   300 D AudioALSAVolumeController: mMixer = 0xf65531c0
01-04 00:35:23.447   300   300 D AudioALSAVolumeController: AudioALSAVolumeController initCheck
01-04 00:35:23.447   300   300 D AudioALSAVolumeController: AudioALSAVolumeController initVolumeController
01-04 00:35:23.447   300   300 D AudioYusuParam: GetVolumeVer1ParamFromNV 
01-04 00:35:23.449   300   300 D AudioYusuParam: GetVolumeVer1ParamFromNV rec_size = 581 rec_num = 1
01-04 00:35:23.453   300   300 D AudioYusuParam: GetNBSpeechParamFromNVRam audio_nvram_fd.lid = 49
01-04 00:35:23.453   300   300 D AudioYusuParam: GetNBSpeechParamFromNVRam rec_size = 1444 rec_num = 1
01-04 00:35:23.453   300   300 D AudioYusuParam: GetNBSpeechParamFromNVRam uMicbiasVolt = 1900
01-04 00:35:23.459   300   300 D AudioYusuParam: GetWBSpeechParamFromNVRam audio_nvram_fd.lid = 58
01-04 00:35:23.459   300   300 D AudioYusuParam: GetWBSpeechParamFromNVRam rec_size = 2416 rec_num = 1
01-04 00:35:23.460   300   300 D AudioALSAVolumeController: normalaudiovolume 0 = 128
01-04 00:35:23.460   300   300 D AudioALSAVolumeController: normalaudiovolume 1 = 128
01-04 00:35:23.460   300   300 D AudioALSAVolumeController: normalaudiovolume 2 = 128
01-04 00:35:23.460   300   300 D AudioALSAVolumeController: normalaudiovolume 3 = 128
01-04 00:35:23.460   300   300 D AudioALSAVolumeController: normalaudiovolume 4 = 128
01-04 00:35:23.460   300   300 D AudioALSAVolumeController: normalaudiovolume 5 = 128
01-04 00:35:23.460   300   300 D AudioALSAVolumeController: headsetaudiovolume 0 = 124
01-04 00:35:23.460   300   300 D AudioALSAVolumeController: headsetaudiovolume 1 = 148
01-04 00:35:23.460   300   300 D AudioALSAVolumeController: headsetaudiovolume 2 = 148
01-04 00:35:23.460   300   300 D AudioALSAVolumeController: headsetaudiovolume 3 = 148
01-04 00:35:23.460   300   300 D AudioALSAVolumeController: headsetaudiovolume 4 = 148
01-04 00:35:23.460   300   300 D AudioALSAVolumeController: headsetaudiovolume 5 = 148
01-04 00:35:23.460   300   300 D AudioALSAVolumeController: speakeraudiovolume 0 = 160
01-04 00:35:23.460   300   300 D AudioALSAVolumeController: speakeraudiovolume 1 = 120
01-04 00:35:23.460   300   300 D AudioALSAVolumeController: speakeraudiovolume 2 = 120
01-04 00:35:23.460   300   300 D AudioALSAVolumeController: speakeraudiovolume 3 = 120
01-04 00:35:23.460   300   300 D AudioALSAVolumeController: speakeraudiovolume 4 = 120
01-04 00:35:23.460   300   300 D AudioALSAVolumeController: speakeraudiovolume 5 = 120
01-04 00:35:23.460   300   300 D AudioALSAVolumeController: headsetspeakeraudiovolume 0 = 112
01-04 00:35:23.460   300   300 D AudioALSAVolumeController: headsetspeakeraudiovolume 1 = 160
01-04 00:35:23.460   300   300 D AudioALSAVolumeController: headsetspeakeraudiovolume 2 = 132
01-04 00:35:23.460   300   300 D AudioALSAVolumeController: headsetspeakeraudiovolume 3 = 132
01-04 00:35:23.460   300   300 D AudioALSAVolumeController: headsetspeakeraudiovolume 4 = 132
01-04 00:35:23.460   300   300 D AudioALSAVolumeController: headsetspeakeraudiovolume 5 = 132
01-04 00:35:23.460   300   300 D AudioALSAVolumeController: headsetspeakeraudiovolume 6 = 132
01-04 00:35:23.460   300   300 D AudioALSAVolumeController: headsetspeakeraudiovolume 7 = 132
01-04 00:35:23.460   300   300 D AudioALSAVolumeController: audiovolume_level 0 = 15
01-04 00:35:23.460   300   300 D AudioALSAVolumeController: audiovolume_level 1 = 7
01-04 00:35:23.460   300   300 D AudioALSAVolumeController: audiovolume_level 2 = 15
01-04 00:35:23.460   300   300 D AudioALSAVolumeController: audiovolume_level 3 = 15
01-04 00:35:23.460   300   300 D AudioALSAVolumeController: audiovolume_level 4 = 7
01-04 00:35:23.460   300   300 D AudioALSAVolumeController: audiovolume_level 5 = 7
01-04 00:35:23.460   300   300 D AudioALSAVolumeController: audiovolume_level 6 = 7
01-04 00:35:23.460   300   300 D AudioALSAVolumeController: audiovolume_level 7 = 15
01-04 00:35:23.460   300   300 D AudioALSAVolumeController: audiovolume_level 8 = 15
01-04 00:35:23.461   300   300 D AudioALSAVolumeController: mVolumeParam.audiovolume_mic[VOLUME_NORMAL_MODE][0] = 64
01-04 00:35:23.461   300   300 D AudioALSAVolumeController: mVolumeParam.audiovolume_mic[VOLUME_NORMAL_MODE][1] = 112
01-04 00:35:23.461   300   300 D AudioALSAVolumeController: mVolumeParam.audiovolume_mic[VOLUME_NORMAL_MODE][2] = 192
01-04 00:35:23.461   300   300 D AudioALSAVolumeController: mVolumeParam.audiovolume_mic[VOLUME_NORMAL_MODE][3] = 152
01-04 00:35:23.461   300   300 D AudioALSAVolumeController: mVolumeParam.audiovolume_mic[VOLUME_NORMAL_MODE][4] = 192
01-04 00:35:23.461   300   300 D AudioALSAVolumeController: mVolumeParam.audiovolume_mic[VOLUME_NORMAL_MODE][5] = 192
01-04 00:35:23.461   300   300 D AudioALSAVolumeController: mVolumeParam.audiovolume_mic[VOLUME_NORMAL_MODE][6] = 184
01-04 00:35:23.461   300   300 D AudioALSAVolumeController: mVolumeParam.audiovolume_mic[VOLUME_NORMAL_MODE][7] = 184
01-04 00:35:23.461   300   300 D AudioALSAVolumeController: mVolumeParam.audiovolume_mic[VOLUME_NORMAL_MODE][8] = 184
01-04 00:35:23.461   300   300 D AudioALSAVolumeController: mVolumeParam.audiovolume_mic[VOLUME_NORMAL_MODE][9] = 184
01-04 00:35:23.461   300   300 D AudioALSAVolumeController: mVolumeParam.audiovolume_mic[VOLUME_NORMAL_MODE][10] = 184
01-04 00:35:23.461   300   300 D AudioALSAVolumeController: mVolumeParam.audiovolume_mic[VOLUME_NORMAL_MODE][11] = 0
01-04 00:35:23.461   300   300 D AudioALSAVolumeController: mVolumeParam.audiovolume_mic[VOLUME_NORMAL_MODE][12] = 0
01-04 00:35:23.461   300   300 D AudioALSAVolumeController: mVolumeParam.audiovolume_mic[VOLUME_NORMAL_MODE][13] = 0
01-04 00:35:23.461   300   300 D AudioALSAVolumeController: mVolumeParam.audiovolume_mic[VOLUME_NORMAL_MODE][14] = 0
01-04 00:35:23.461   300   300 D AudioALSAVolumeController: mVolumeParam.audiovolume_mic[VOLUME_HEADSET_MODE][0] = 255
01-04 00:35:23.461   300   300 D AudioALSAVolumeController: mVolumeParam.audiovolume_mic[VOLUME_HEADSET_MODE][1] = 192
01-04 00:35:23.461   300   300 D AudioALSAVolumeController: mVolumeParam.audiovolume_mic[VOLUME_HEADSET_MODE][2] = 192
01-04 00:35:23.461   300   300 D AudioALSAVolumeController: mVolumeParam.audiovolume_mic[VOLUME_HEADSET_MODE][3] = 180
01-04 00:35:23.462   300   300 D AudioALSAVolumeController: mVolumeParam.audiovolume_mic[VOLUME_HEADSET_MODE][4] = 192
01-04 00:35:23.462   300   300 D AudioALSAVolumeController: mVolumeParam.audiovolume_mic[VOLUME_HEADSET_MODE][5] = 192
01-04 00:35:23.462   300   300 D AudioALSAVolumeController: mVolumeParam.audiovolume_mic[VOLUME_HEADSET_MODE][6] = 196
01-04 00:35:23.462   300   300 D AudioALSAVolumeController: mVolumeParam.audiovolume_mic[VOLUME_HEADSET_MODE][7] = 184
01-04 00:35:23.462   300   300 D AudioALSAVolumeController: mVolumeParam.audiovolume_mic[VOLUME_HEADSET_MODE][8] = 184
01-04 00:35:23.462   300   300 D AudioALSAVolumeController: mVolumeParam.audiovolume_mic[VOLUME_HEADSET_MODE][9] = 184
01-04 00:35:23.462   300   300 D AudioALSAVolumeController: mVolumeParam.audiovolume_mic[VOLUME_HEADSET_MODE][10] = 184
01-04 00:35:23.462   300   300 D AudioALSAVolumeController: mVolumeParam.audiovolume_mic[VOLUME_HEADSET_MODE][11] = 0
01-04 00:35:23.462   300   300 D AudioALSAVolumeController: mVolumeParam.audiovolume_mic[VOLUME_HEADSET_MODE][12] = 0
01-04 00:35:23.462   300   300 D AudioALSAVolumeController: mVolumeParam.audiovolume_mic[VOLUME_HEADSET_MODE][13] = 0
01-04 00:35:23.462   300   300 D AudioALSAVolumeController: mVolumeParam.audiovolume_mic[VOLUME_HEADSET_MODE][14] = 0
01-04 00:35:23.462   300   300 D AudioALSAVolumeController: mVolumeParam.audiovolume_mic[VOLUME_SPEAKER_MODE][0] = 255
01-04 00:35:23.462   300   300 D AudioALSAVolumeController: mVolumeParam.audiovolume_mic[VOLUME_SPEAKER_MODE][1] = 208
01-04 00:35:23.462   300   300 D AudioALSAVolumeController: mVolumeParam.audiovolume_mic[VOLUME_SPEAKER_MODE][2] = 208
01-04 00:35:23.462   300   300 D AudioALSAVolumeController: mVolumeParam.audiovolume_mic[VOLUME_SPEAKER_MODE][3] = 180
01-04 00:35:23.462   300   300 D AudioALSAVolumeController: mVolumeParam.audiovolume_mic[VOLUME_SPEAKER_MODE][4] = 255
01-04 00:35:23.462   300   300 D AudioALSAVolumeController: mVolumeParam.audiovolume_mic[VOLUME_SPEAKER_MODE][5] = 208
01-04 00:35:23.462   300   300 D AudioALSAVolumeController: mVolumeParam.audiovolume_mic[VOLUME_SPEAKER_MODE][6] = 196
01-04 00:35:23.462   300   300 D AudioALSAVolumeController: mVolumeParam.audiovolume_mic[VOLUME_SPEAKER_MODE][7] = 0
01-04 00:35:23.462   300   300 D AudioALSAVolumeController: mVolumeParam.audiovolume_mic[VOLUME_SPEAKER_MODE][8] = 0
01-04 00:35:23.462   300   300 D AudioALSAVolumeController: mVolumeParam.audiovolume_mic[VOLUME_SPEAKER_MODE][9] = 0
01-04 00:35:23.462   300   300 D AudioALSAVolumeController: mVolumeParam.audiovolume_mic[VOLUME_SPEAKER_MODE][10] = 0
01-04 00:35:23.462   300   300 D AudioALSAVolumeController: mVolumeParam.audiovolume_mic[VOLUME_SPEAKER_MODE][11] = 0
01-04 00:35:23.462   300   300 D AudioALSAVolumeController: mVolumeParam.audiovolume_mic[VOLUME_SPEAKER_MODE][12] = 0
01-04 00:35:23.462   300   300 D AudioALSAVolumeController: mVolumeParam.audiovolume_mic[VOLUME_SPEAKER_MODE][13] = 0
01-04 00:35:23.462   300   300 D AudioALSAVolumeController: mVolumeParam.audiovolume_mic[VOLUME_SPEAKER_MODE][14] = 0
01-04 00:35:23.462   300   300 D AudioALSAVolumeController: normalaudiovolume 0 = 88
01-04 00:35:23.462   300   300 D AudioALSAVolumeController: normalaudiovolume 1 = 100
01-04 00:35:23.462   300   300 D AudioALSAVolumeController: normalaudiovolume 2 = 112
01-04 00:35:23.462   300   300 D AudioALSAVolumeController: normalaudiovolume 3 = 124
01-04 00:35:23.462   300   300 D AudioALSAVolumeController: normalaudiovolume 4 = 136
01-04 00:35:23.462   300   300 D AudioALSAVolumeController: normalaudiovolume 5 = 148
01-04 00:35:23.462   300   300 D AudioALSAVolumeController: normalaudiovolume 6 = 160
01-04 00:35:23.462   300   300 D AudioALSAVolumeController: normalaudiovolume 7 = 172
01-04 00:35:23.462   300   300 D AudioALSAVolumeController: normalaudiovolume 8 = 184
01-04 00:35:23.462   300   300 D AudioALSAVolumeController: normalaudiovolume 9 = 196
01-04 00:35:23.462   300   300 D AudioALSAVolumeController: normalaudiovolume 10 = 208
01-04 00:35:23.463   300   300 D AudioALSAVolumeController: normalaudiovolume 11 = 220
01-04 00:35:23.463   300   300 D AudioALSAVolumeController: normalaudiovolume 12 = 232
01-04 00:35:23.463   300   300 D AudioALSAVolumeController: normalaudiovolume 13 = 244
01-04 00:35:23.463   300   300 D AudioALSAVolumeController: normalaudiovolume 14 = 255
01-04 00:35:23.463   300   300 D AudioALSAVolumeController: Volume = 128 MampVoiceVolume DegradedB = 8.000000 
01-04 00:35:23.463   300   300 D AudioALSAVolumeController: SetVolumeRange mode=0, MaxVolume=8, MinVolume=-4 VolumeRange = 8
01-04 00:35:23.463   300   300 D AudioALSAVolumeController: Volume = 124 MampAudioVolume DegradedB = 9.000000 
01-04 00:35:23.463   300   300 D AudioALSAVolumeController: SetVolumeRange mode=1, MaxVolume=8, MinVolume=-4 VolumeRange = 9
01-04 00:35:23.463   300   300 D AudioALSAVolumeController: SetVolumeRange mode=2, MaxVolume=8, MinVolume=-4 VolumeRange = 9
01-04 00:35:23.463   300   300 D AudioALSAVolumeController: Volume = 160 MampAudioVolume DegradedB = 0.000000 
01-04 00:35:23.465   300   300 D AudioVIBSPKControl: +UniqueAudioVIBSPKControl
01-04 00:35:23.465   300   300 D AudioVIBSPKControl: +UniqueAudioVIBSPKVsgGen
01-04 00:35:23.465   300   300 D AudioVIBSPKControl: VsgGen constructor
01-04 00:35:23.465   300   300 D AudioVIBSPKControl: -UniqueAudioVIBSPKVsgGen
01-04 00:35:23.465   300   300 D AudioVIBSPKControl: VsgGen getInstance()
01-04 00:35:23.465   300   300 D AudioVIBSPKControl: constructor
01-04 00:35:23.465   300   300 D AudioVIBSPKControl: -UniqueAudioVIBSPKControl
01-04 00:35:23.465   300   300 D AudioVIBSPKControl: getInstance()
01-04 00:35:23.465   300   300 D AudioVIBSPKControl: setVibSpkGain:f 6 0
01-04 00:35:23.465   300   300 D AudioALSAVolumeController: SetVolumeRange mode=3, MaxVolume=15, MinVolume=6 VolumeRange = 0
01-04 00:35:23.465   300   300 D AudioALSAVolumeController: Volume = 128 MampVoiceVolume DegradedB = 8.000000 
01-04 00:35:23.465   300   300 D AudioALSAVolumeController: SetVolumeRange mode=4, MaxVolume=8, MinVolume=-4 VolumeRange = 8
01-04 00:35:23.465   300   300 D AudioALSAVolumeController: Volume = 112 MampAudioVolume DegradedB = 12.000000 
01-04 00:35:23.465   300   300 D AudioALSAVolumeController: SetVolumeRange mode=5, MaxVolume=8, MinVolume=-4 VolumeRange = 12
01-04 00:35:23.465   300   300 D AudioALSAVolumeController: SetVolumeRange mode=6, MaxVolume=8, MinVolume=-4 VolumeRange = 12
01-04 00:35:23.465   300   300 D AudioALSAVolumeController: Volume = 160 MampSpkAmpVolume DegradedB = 5.000000 
01-04 00:35:23.465   300   300 D AudioALSAVolumeController: SetVolumeRange mode=7, MaxVolume=15, MinVolume=6 VolumeRange = 5
01-04 00:35:23.465   300   300 D AudioALSAVolumeController: Volume = 128 MampVoiceVolume DegradedB = 8.000000 
01-04 00:35:23.465   300   300 D AudioALSAVolumeController: SetVolumeRange mode=8, MaxVolume=8, MinVolume=-4 VolumeRange = 8
01-04 00:35:23.465   300   300 D AudioALSAVolumeController: Volume = 124 MampAudioVolume DegradedB = 9.000000 
01-04 00:35:23.465   300   300 D AudioALSAVolumeController: SetVolumeRange mode=9, MaxVolume=8, MinVolume=-4 VolumeRange = 9
01-04 00:35:23.465   300   300 D AudioALSAVolumeController: SetVolumeRange mode=10, MaxVolume=8, MinVolume=-4 VolumeRange = 9
01-04 00:35:23.465   300   300 D AudioALSAVolumeController: Volume = 120 MampSpkAmpVolume DegradedB = 15.000000 
01-04 00:35:23.465   300   300 D AudioALSAVolumeController: SetVolumeRange mode=11, MaxVolume=15, MinVolume=6 VolumeRange = 15
01-04 00:35:23.465   300   300 D AudioALSAVolumeController: Volume = 128 MampVoiceVolume DegradedB = 8.000000 
01-04 00:35:23.465   300   300 D AudioALSAVolumeController: SetVolumeRange mode=12, MaxVolume=8, MinVolume=-4 VolumeRange = 8
01-04 00:35:23.465   300   300 D AudioALSAVolumeController: Volume = 148 MampAudioVolume DegradedB = 3.000000 
01-04 00:35:23.465   300   300 D AudioALSAVolumeController: SetVolumeRange mode=13, MaxVolume=8, MinVolume=-4 VolumeRange = 3
01-04 00:35:23.465   300   300 D AudioALSAVolumeController: SetVolumeRange mode=14, MaxVolume=8, MinVolume=-4 VolumeRange = 3
01-04 00:35:23.465   300   300 D AudioALSAVolumeController: Volume = 120 MampSpkAmpVolume DegradedB = 15.000000 
01-04 00:35:23.465   300   300 D AudioALSAVolumeController: SetVolumeRange mode=15, MaxVolume=15, MinVolume=6 VolumeRange = 15
01-04 00:35:23.465   300   300 D AudioALSAVolumeController:  not define MTK_AUDIO_GAIN_TABLE_SUPPORT
01-04 00:35:23.465   300   300 D AudioALSAVolumeController: Volume = 192 UPLINK_GAIN_MAX DegradedB = 15.000000 
01-04 00:35:23.465   300   300 D AudioALSAVolumeController: SetULTotalGain MicMode=0, Volume=192
01-04 00:35:23.466   300   300 D AudioALSAVolumeController: SetMicGain MicMode=0, Gain=15
01-04 00:35:23.466   300   300 D AudioALSAVolumeController: Volume = 192 UPLINK_GAIN_MAX DegradedB = 15.000000 
01-04 00:35:23.466   300   300 D AudioALSAVolumeController: SetULTotalGain MicMode=1, Volume=192
01-04 00:35:23.466   300   300 D AudioALSAVolumeController: SetMicGain MicMode=1, Gain=15
01-04 00:35:23.466   300   300 D AudioALSAVolumeController: Volume = 152 UPLINK_GAIN_MAX DegradedB = 25.000000 
01-04 00:35:23.466   300   300 D AudioALSAVolumeController: SetULTotalGain MicMode=6, Volume=152
01-04 00:35:23.466   300   300 D AudioALSAVolumeController: SetMicGain MicMode=6, Gain=25
