01-04 00:35:48.738   305  1002 W OMXNodeInstance: [1310020:google.h264.decoder] component does not support metadata mode; using fallback
01-04 00:35:48.740   308   308 I MediaPlayerService: MediaPlayerService::getOMX
01-04 00:35:48.740   308   308 I OMXClient: MuxOMX ctor
01-04 00:35:48.740   305  1002 I OMXMaster: makeComponentInstance(OMX.google.hevc.decoder) in mediacodec process
01-04 00:35:48.744   863   863 W Resources: Drawable com.android.systemui:drawable/ic_battery_portrait has unresolved theme attributes! Consider using Resources.getDrawable(int, Theme) or Context.getDrawable(int).
01-04 00:35:48.744   863   863 W Resources: java.lang.RuntimeException
01-04 00:35:48.744   863   863 W Resources: 	at android.content.res.Resources.getDrawable(Resources.java:746)
01-04 00:35:48.744   863   863 W Resources: 	at com.android.systemui.BatteryMeterDrawable.loadBatteryDrawables(BatteryMeterDrawable.java:427)
01-04 00:35:48.744   863   863 W Resources: 	at com.android.systemui.BatteryMeterDrawable.<init>(BatteryMeterDrawable.java:174)
01-04 00:35:48.744   863   863 W Resources: 	at com.android.systemui.BatteryMeterDrawable.<init>(BatteryMeterDrawable.java:145)
01-04 00:35:48.744   863   863 W Resources: 	at com.android.systemui.BatteryMeterView.<init>(BatteryMeterView.java:62)
01-04 00:35:48.744   863   863 W Resources: 	at com.android.systemui.BatteryMeterView.<init>(BatteryMeterView.java:52)
01-04 00:35:48.744   863   863 W Resources: 	at java.lang.reflect.Constructor.newInstance0(Native Method)
01-04 00:35:48.744   863   863 W Resources: 	at java.lang.reflect.Constructor.newInstance(Constructor.java:430)
01-04 00:35:48.744   863   863 W Resources: 	at android.view.LayoutInflater.createView(LayoutInflater.java:645)
01-04 00:35:48.744   863   863 W Resources: 	at android.view.LayoutInflater.createViewFromTag(LayoutInflater.java:787)
01-04 00:35:48.744   863   863 W Resources: 	at android.view.LayoutInflater.createViewFromTag(LayoutInflater.java:727)
01-04 00:35:48.744   863   863 W Resources: 	at android.view.LayoutInflater.rInflate(LayoutInflater.java:858)
01-04 00:35:48.744   863   863 W Resources: 	at android.view.LayoutInflater.rInflateChildren(LayoutInflater.java:821)
01-04 00:35:48.744   863   863 W Resources: 	at android.view.LayoutInflater.parseInclude(LayoutInflater.java:994)
01-04 00:35:48.744   863   863 W Resources: 	at android.view.LayoutInflater.rInflate(LayoutInflater.java:854)
01-04 00:35:48.744   863   863 W Resources: 	at android.view.LayoutInflater.rInflateChildren(LayoutInflater.java:821)
01-04 00:35:48.744   863   863 W Resources: 	at android.view.LayoutInflater.rInflate(LayoutInflater.java:861)
01-04 00:35:48.744   863   863 W Resources: 	at android.view.LayoutInflater.rInflateChildren(LayoutInflater.java:821)
01-04 00:35:48.744   863   863 W Resources: 	at android.view.LayoutInflater.rInflate(LayoutInflater.java:861)
01-04 00:35:48.744   863   863 W Resources: 	at android.view.LayoutInflater.rInflateChildren(LayoutInflater.java:821)
01-04 00:35:48.744   863   863 W Resources: 	at android.view.LayoutInflater.parseInclude(LayoutInflater.java:994)
01-04 00:35:48.744   863   863 W Resources: 	at android.view.LayoutInflater.rInflate(LayoutInflater.java:854)
01-04 00:35:48.744   863   863 W Resources: 	at android.view.LayoutInflater.rInflateChildren(LayoutInflater.java:821)
01-04 00:35:48.744   863   863 W Resources: 	at android.view.LayoutInflater.inflate(LayoutInflater.java:518)
01-04 00:35:48.744   863   863 W Resources: 	at android.view.LayoutInflater.inflate(LayoutInflater.java:426)
01-04 00:35:48.744   863   863 W Resources: 	at android.view.LayoutInflater.inflate(LayoutInflater.java:377)
01-04 00:35:48.744   863   863 W Resources: 	at android.view.View.inflate(View.java:21014)
01-04 00:35:48.744   863   863 W Resources: 	at com.android.systemui.statusbar.phone.PhoneStatusBar.inflateStatusBarWindow(PhoneStatusBar.java:1273)
01-04 00:35:48.744   863   863 W Resources: 	at com.android.systemui.statusbar.phone.PhoneStatusBar.makeStatusBarView(PhoneStatusBar.java:870)
01-04 00:35:48.744   863   863 W Resources: 	at com.android.systemui.statusbar.phone.PhoneStatusBar.addStatusBarWindow(PhoneStatusBar.java:3712)
01-04 00:35:48.744   863   863 W Resources: 	at com.android.systemui.statusbar.phone.PhoneStatusBar.createAndAddWindows(PhoneStatusBar.java:3708)
01-04 00:35:48.744   863   863 W Resources: 	at com.android.systemui.statusbar.BaseStatusBar.start(BaseStatusBar.java:769)
01-04 00:35:48.744   863   863 W Resources: 	at com.android.systemui.statusbar.phone.PhoneStatusBar.start(PhoneStatusBar.java:793)
01-04 00:35:48.744   863   863 W Resources: 	at com.android.systemui.statusbar.SystemBars.createStatusBarFromConfig(SystemBars.java:106)
01-04 00:35:48.744   863   863 W Resources: 	at com.android.systemui.statusbar.SystemBars.onNoService(SystemBars.java:58)
01-04 00:35:48.744   863   863 W Resources: 	at com.android.systemui.statusbar.ServiceMonitor.startService(ServiceMonitor.java:230)
01-04 00:35:48.744   863   863 W Resources: 	at com.android.systemui.statusbar.ServiceMonitor.-wrap5(ServiceMonitor.java)
01-04 00:35:48.744   863   863 W Resources: 	at com.android.systemui.statusbar.ServiceMonitor$1.handleMessage(ServiceMonitor.java:73)
01-04 00:35:48.744   863   863 W Resources: 	at android.os.Handler.dispatchMessage(Handler.java:102)
01-04 00:35:48.744   863   863 W Resources: 	at android.os.Looper.loop(Looper.java:154)
01-04 00:35:48.744   863   863 W Resources: 	at android.app.ActivityThread.main(ActivityThread.java:6126)
01-04 00:35:48.744   863   863 W Resources: 	at java.lang.reflect.Method.invoke(Native Method)
01-04 00:35:48.744   863   863 W Resources: 	at com.android.internal.os.ZygoteInit$MethodAndArgsCaller.run(ZygoteInit.java:886)
01-04 00:35:48.744   863   863 W Resources: 	at com.android.internal.os.ZygoteInit.main(ZygoteInit.java:776)
01-04 00:35:48.750   305  1002 E OMXNodeInstance: getExtensionIndex(1310021:google.hevc.decoder, OMX.google.android.index.configureVideoTunnelMode) ERROR: UnsupportedIndex(0x8000101a)
01-04 00:35:48.751   305   349 W OMXNodeInstance: [1310021:google.hevc.decoder] component does not support metadata mode; using fallback
01-04 00:35:48.753   308   308 I MediaPlayerService: MediaPlayerService::getOMX
01-04 00:35:48.753   308   308 I OMXClient: MuxOMX ctor
01-04 00:35:48.754   305   349 I OMXMaster: makeComponentInstance(OMX.google.vp8.decoder) in mediacodec process
01-04 00:35:48.764   294   294 D wifi2agps: wifi on
01-04 00:35:48.764   294   294 D agps    : [WIFI2AGPS] wifi2agps_enabled
01-04 00:35:48.765   293   354 D agps    : [agps][n][WIFI] wifi_enabled
01-04 00:35:48.765   309   785 D SoftapController: Softap fwReload - Ok
01-04 00:35:48.767   554   792 E NetdConnector: NDC Command {4 softap fwreload wlan0 STA} took too long (2066ms)
01-04 00:35:48.781   305  1002 E OMXNodeInstance: getExtensionIndex(1310022:google.vp8.decoder, OMX.google.android.index.configureVideoTunnelMode) ERROR: UnsupportedIndex(0x8000101a)
01-04 00:35:48.782   305   349 W OMXNodeInstance: [1310022:google.vp8.decoder] component does not support metadata mode; using fallback
01-04 00:35:48.785   308   308 I MediaPlayerService: MediaPlayerService::getOMX
01-04 00:35:48.786   308   308 I OMXClient: MuxOMX ctor
01-04 00:35:48.786   305   349 I OMXMaster: makeComponentInstance(OMX.google.vp9.decoder) in mediacodec process
01-04 00:35:48.799   305  1002 E OMXNodeInstance: getExtensionIndex(1310023:google.vp9.decoder, OMX.google.android.index.configureVideoTunnelMode) ERROR: UnsupportedIndex(0x8000101a)
01-04 00:35:48.801   305   305 W OMXNodeInstance: [1310023:google.vp9.decoder] component does not support metadata mode; using fallback
01-04 00:35:48.804   308   308 I MediaPlayerService: MediaPlayerService::getOMX
01-04 00:35:48.805   308   308 I OMXClient: MuxOMX ctor
01-04 00:35:48.805   305   305 I OMXMaster: makeComponentInstance(OMX.google.h263.encoder) in mediacodec process
01-04 00:35:48.811   305   305 I SoftMPEG4Encoder: Construct SoftMPEG4Encoder
01-04 00:35:48.815   308   308 W ACodec  : do not know color format 0x7f000789 = 2130708361
01-04 00:35:48.816   305   349 E OMXNodeInstance: getConfig(1310024:google.h263.encoder, ConfigAndroidIntraRefresh(0x6f60000a)) ERROR: Undefined(0x80001001)
01-04 00:35:48.817   308   308 I MediaPlayerService: MediaPlayerService::getOMX
01-04 00:35:48.818   308   308 I OMXClient: MuxOMX ctor
01-04 00:35:48.818   305   933 I OMXMaster: makeComponentInstance(OMX.google.h264.encoder) in mediacodec process
01-04 00:35:48.846   308   308 W ACodec  : do not know color format 0x7f000789 = 2130708361
01-04 00:35:48.849   308   308 I MediaPlayerService: MediaPlayerService::getOMX
01-04 00:35:48.850   308   308 I OMXClient: MuxOMX ctor
01-04 00:35:48.850   305  1002 I OMXMaster: makeComponentInstance(OMX.google.mpeg4.encoder) in mediacodec process
01-04 00:35:48.852   305  1002 I SoftMPEG4Encoder: Construct SoftMPEG4Encoder
01-04 00:35:48.855   308   308 W ACodec  : do not know color format 0x7f000789 = 2130708361
01-04 00:35:48.856   305   349 E OMXNodeInstance: getConfig(1310026:google.mpeg4.encoder, ConfigAndroidIntraRefresh(0x6f60000a)) ERROR: Undefined(0x80001001)
01-04 00:35:48.867   308   308 I MediaPlayerService: MediaPlayerService::getOMX
01-04 00:35:48.868   308   308 I OMXClient: MuxOMX ctor
01-04 00:35:48.868   305   305 I OMXMaster: makeComponentInstance(OMX.google.vp8.encoder) in mediacodec process
01-04 00:35:48.880   308   308 W ACodec  : do not know color format 0x7f000789 = 2130708361
01-04 00:35:48.881   305   349 E OMXNodeInstance: getConfig(1310027:google.vp8.encoder, ConfigAndroidIntraRefresh(0x6f60000a)) ERROR: Undefined(0x80001001)
01-04 00:35:48.885   308   308 W MediaCodecList: Component OMX.dolby.ec3.decoder does not support any type of media?
01-04 00:35:48.885   308   308 W MediaCodecList: Component OMX.dolby.ac3.decoder does not support any type of media?
01-04 00:35:48.886   308   308 I MediaPlayerService: MediaPlayerService::getOMX
01-04 00:35:48.887   308   308 I OMXClient: MuxOMX ctor
01-04 00:35:48.887   308   308 W MediaCodecList: unable to open media codecs configuration xml file: /etc/media_codecs_performance.xml
01-04 00:35:48.887   308   308 I MediaPlayerService: MediaPlayerService::getOMX
01-04 00:35:48.889   308   308 I OMXClient: MuxOMX ctor
01-04 00:35:48.905   308   308 W MediaCodecList: unable to open media codecs configuration xml file: /data/misc/media/media_codecs_profiling_results.xml
01-04 00:35:48.907   308   914 I MediaPlayerService: MediaPlayerService::getOMX
01-04 00:35:48.907   308   964 I MediaPlayerService: MediaPlayerService::getOMX
01-04 00:35:48.909   554   891 I OMXClient: MuxOMX ctor
01-04 00:35:48.912   863   956 I OMXClient: MuxOMX ctor
01-04 00:35:48.913   305   349 I OMXMaster: makeComponentInstance(OMX.google.vorbis.decoder) in mediacodec process
01-04 00:35:48.915   305   349 I OMXMaster: makeComponentInstance(OMX.google.vorbis.decoder) in mediacodec process
01-04 00:35:49.040   308   964 I MediaPlayerService: MediaPlayerService::getOMX
01-04 00:35:49.046   554  1071 I OMXClient: MuxOMX ctor
01-04 00:35:49.048   305   305 I OMXMaster: makeComponentInstance(OMX.google.vorbis.decoder) in mediacodec process
01-04 00:35:49.070   308   402 I MediaPlayerService: MediaPlayerService::getOMX
01-04 00:35:49.072   863  1074 I OMXClient: MuxOMX ctor
01-04 00:35:49.074   305  1002 I OMXMaster: makeComponentInstance(OMX.google.vorbis.decoder) in mediacodec process
01-04 00:35:49.173   308   308 I MediaPlayerService: MediaPlayerService::getOMX
01-04 00:35:49.174   554  1077 I OMXClient: MuxOMX ctor
01-04 00:35:49.178   305   933 I OMXMaster: makeComponentInstance(OMX.google.vorbis.decoder) in mediacodec process
01-04 00:35:49.248   308   402 I MediaPlayerService: MediaPlayerService::getOMX
01-04 00:35:49.250   863  1081 I OMXClient: MuxOMX ctor
01-04 00:35:49.252   305   305 I OMXMaster: makeComponentInstance(OMX.google.vorbis.decoder) in mediacodec process
01-04 00:35:49.343   308   308 I MediaPlayerService: MediaPlayerService::getOMX
01-04 00:35:49.345   554  1086 I OMXClient: MuxOMX ctor
01-04 00:35:49.347   305  1002 I OMXMaster: makeComponentInstance(OMX.google.vorbis.decoder) in mediacodec process
01-04 00:35:49.451   308   914 I MediaPlayerService: MediaPlayerService::getOMX
01-04 00:35:49.453   554  1090 I OMXClient: MuxOMX ctor
01-04 00:35:49.455   305   305 I OMXMaster: makeComponentInstance(OMX.google.vorbis.decoder) in mediacodec process
01-04 00:35:49.475   863   863 W System  : ClassLoader referenced unknown path: 
01-04 00:35:49.476   863   863 W System  : ClassLoader referenced unknown path: /system/priv-app/Dialer/lib/arm
01-04 00:35:49.477   863   863 D ApplicationLoaders: ignored Vulkan layer search path /system/priv-app/Dialer/lib/arm:/system/lib:/vendor/lib for namespace 0xf7208090
01-04 00:35:49.526   554   587 D BluetoothManagerService: Message: 100
01-04 00:35:49.527   554   587 E BluetoothManagerService: MESSAGE_TIMEOUT_BIND
01-04 00:35:49.533   863   863 D ClockController: onTuningChanged key=cmsystem:status_bar_clock value=null
01-04 00:35:49.558   863   863 D ClockController: onTuningChanged key=cmsystem:status_bar_am_pm value=null
01-04 00:35:49.560   863   863 D ClockController: onTuningChanged key=clock_seconds value=null
01-04 00:35:49.571   554   554 E NetdConnector: NDC Command {5 bandwidth enable} took too long (2505ms)
01-04 00:35:49.573   554   792 E NetdConnector: NDC Command {6 interface getcfg wlan0} took too long (803ms)
01-04 00:35:49.576   309   785 D CommandListener: Setting iface cfg
01-04 00:35:49.576   309   785 D CommandListener: Trying to bring down wlan0
01-04 00:35:49.613   308   914 I MediaPlayerService: MediaPlayerService::getOMX
01-04 00:35:49.617   554  1095 I OMXClient: MuxOMX ctor
01-04 00:35:49.626   305   305 I OMXMaster: makeComponentInstance(OMX.google.vorbis.decoder) in mediacodec process
01-04 00:35:49.645   554   587 D BluetoothManagerService: Message: 20
01-04 00:35:49.645   554   587 D BluetoothManagerService: Added callback: android.bluetooth.IBluetoothManagerCallback$Stub$Proxy@66a4595:true
01-04 00:35:49.646   863   886 I art     : Background sticky concurrent mark sweep GC freed 23036(2MB) AllocSpace objects, 3(56KB) LOS objects, 38% free, 4MB/8MB, paused 4.459ms total 127.501ms
01-04 00:35:49.667   554   587 D BluetoothManagerService: Message: 30
01-04 00:35:49.675   554   587 D BluetoothManagerService: Message: 30
01-04 00:35:49.681   863   863 D LocalBluetoothProfileManager: Adding local MAP profile
01-04 00:35:49.684   863   863 D BluetoothMap: Create BluetoothMap proxy object
01-04 00:35:49.685   554   587 D BluetoothManagerService: Message: 30
01-04 00:35:49.694   554   587 D BluetoothManagerService: Message: 30
01-04 00:35:49.697   863   863 D LocalBluetoothProfileManager: LocalBluetoothProfileManager construction complete
01-04 00:35:49.758   554   587 D BluetoothManagerService: Message: 401
01-04 00:35:49.759   300   300 D AudioALSAHardware: +setParameters(): A2dpSuspended=false
01-04 00:35:49.759   300   300 W AudioALSAHardware: setParameters(), still have param.size() = 1, remain param = "A2dpSuspended=false"
01-04 00:35:49.759   300   300 D AudioALSAHardware: -setParameters(): A2dpSuspended=false 
01-04 00:35:49.766   863   863 I CameraManagerGlobal: Connecting to camera service
01-04 00:35:49.770   301   301 I cameraserver: type=1400 audit(0.0:16): avc: denied { write } for name="trace_marker" dev="debugfs" ino=1049 scontext=u:r:cameraserver:s0 tcontext=u:object_r:debugfs:s0 tclass=file permissive=1
01-04 00:35:49.770   301   301 I cameraserver: type=1400 audit(0.0:17): avc: denied { open } for path="/sys/kernel/debug/tracing/trace_marker" dev="debugfs" ino=1049 scontext=u:r:cameraserver:s0 tcontext=u:object_r:debugfs:s0 tclass=file permissive=1
01-04 00:35:49.774   301   301 E CameraService: getCameraVendorTagDescriptor: camera hardware module doesn't exist
01-04 00:35:49.810   299   299 I main    : type=1400 audit(0.0:18): avc: denied { getattr } for path="/sys/kernel/debug/tracing/trace_marker" dev="debugfs" ino=1049 scontext=u:r:zygote:s0 tcontext=u:object_r:debugfs:s0 tclass=file permissive=1
01-04 00:35:49.810  1104  1104 I main    : type=1400 audit(0.0:19): avc: denied { write } for name="trace_marker" dev="debugfs" ino=1049 scontext=u:r:zygote:s0 tcontext=u:object_r:debugfs:s0 tclass=file permissive=1
01-04 00:35:49.823   554   568 I ActivityManager: Start proc 1104:org.cyanogenmod.weather.provider/u0a32 for content provider org.cyanogenmod.weather.provider/.WeatherContentProvider
01-04 00:35:49.810  1104  1104 I main    : type=1400 audit(0.0:20): avc: denied { open } for path="/sys/kernel/debug/tracing/trace_marker" dev="debugfs" ino=1049 scontext=u:r:zygote:s0 tcontext=u:object_r:debugfs:s0 tclass=file permissive=1
01-04 00:35:49.867  1104  1104 W System  : ClassLoader referenced unknown path: /system/priv-app/WeatherProvider/lib/arm
01-04 00:35:49.991   863  1122 E ActivityThread: Failed to find provider info for com.android.contacts
01-04 00:35:50.010   863   996 D OpenGLRenderer: profile bars disabled
01-04 00:35:50.011   863   996 D OpenGLRenderer: ambientRatio = 1.50
01-04 00:35:50.030   863   863 D PhoneStatusBar: disable: < EXPAND* icons alerts system_info BACK* HOME* RECENT* clock SEARCH* quick_settings >
01-04 00:35:50.062   309   785 D CommandListener: Clearing all IP addresses on wlan0
01-04 00:35:50.062   554   554 W NetworkManagement: setDataSaverMode(): already false
01-04 00:35:50.068   554   792 E wifi    : Can not initialize the vendor function pointer table
01-04 00:35:50.068   554   792 E WifiNative-HAL: Could not start hal
01-04 00:35:50.068   554   792 E WifiStateMachine: Failed to start HAL
01-04 00:35:50.081   554   554 W ConnectivityExtension: ConnectivityExt jar file not present
01-04 00:35:50.083   554   792 D WifiMonitor: startMonitoring(wlan0) with mConnected = false
01-04 00:35:50.262  1123  1123 D wpa_supplicant: wpa_supplicant v2.6-devel-7.1.1
01-04 00:35:50.264  1123  1123 D wpa_supplicant: random: Added entropy from /data/misc/wifi/entropy.bin (own_pool_ready=2)
01-04 00:35:50.264  1123  1123 D wpa_supplicant: random: Trying to read entropy from /dev/random
01-04 00:35:50.264  1123  1123 D wpa_supplicant: Get randomness: len=20 entropy=1
01-04 00:35:50.266  1123  1123 D wpa_supplicant: random: Updated entropy file /data/misc/wifi/entropy.bin (own_pool_ready=2)
01-04 00:35:50.267  1123  1123 D wpa_supplicant: Global control interface '@android:wpa_wlan0'
01-04 00:35:50.267  1123  1123 D wpa_supplicant: Using Android control socket 'wpa_wlan0'
01-04 00:35:50.268  1123  1123 I wpa_supplicant: Successfully initialized wpa_supplicant
01-04 00:35:50.268  1123  1123 D wpa_supplicant: Override interface parameter: ctrl_interface ('(null)' -> '/data/misc/wifi/sockets')
01-04 00:35:50.268  1123  1123 D wpa_supplicant: Initializing interface 'wlan0' conf '/data/misc/wifi/wpa_supplicant.conf' driver 'nl80211' ctrl_interface '/data/misc/wifi/sockets' bridge 'N/A'
01-04 00:35:50.268  1123  1123 D wpa_supplicant: Configuration file '/data/misc/wifi/wpa_supplicant.conf' -> '/data/misc/wifi/wpa_supplicant.conf'
01-04 00:35:50.268  1123  1123 D wpa_supplicant: Reading configuration file '/data/misc/wifi/wpa_supplicant.conf'
01-04 00:35:50.300  1123  1123 D wpa_supplicant: ctrl_interface='/data/misc/wifi/sockets'
01-04 00:35:50.300  1123  1123 D wpa_supplicant: disable_scan_offload=1
01-04 00:35:50.300  1123  1123 D wpa_supplicant: driver_param='use_p2p_group_interface=1'
01-04 00:35:50.300  1123  1123 D wpa_supplicant: update_config=1
01-04 00:35:50.300  1123  1123 D wpa_supplicant: device_name='cm_maxi_lte'
01-04 00:35:50.300  1123  1123 D wpa_supplicant: manufacturer='Tele2'
01-04 00:35:50.300  1123  1123 D wpa_supplicant: model_name='Maxi LTE'
01-04 00:35:50.300  1123  1123 D wpa_supplicant: model_number='Maxi LTE'
01-04 00:35:50.300  1123  1123 D wpa_supplicant: serial_number='0123456789ABCDEF'
01-04 00:35:50.301  1123  1123 D wpa_supplicant: os_version=01020300
01-04 00:35:50.301  1123  1123 D wpa_supplicant: config_methods='physical_display virtual_push_button'
01-04 00:35:50.301  1123  1123 D wpa_supplicant: p2p_disabled=1
01-04 00:35:50.301  1123  1123 D wpa_supplicant: p2p_no_group_iface=1
01-04 00:35:50.301  1123  1123 D wpa_supplicant: external_sim=1
01-04 00:35:50.301  1123  1123 D wpa_supplicant: tdls_external_control=1
01-04 00:35:50.301  1123  1123 D wpa_supplicant: wowlan_triggers='disconnect'
01-04 00:35:50.301  1123  1123 D wpa_supplicant: Reading configuration file '/system/etc/wifi/wpa_supplicant_overlay.conf'
01-04 00:35:50.302  1123  1123 D wpa_supplicant: p2p_no_group_iface=1
01-04 00:35:50.303  1123  1123 D wpa_supplicant: driver_param='use_p2p_group_interface=1'
01-04 00:35:50.303  1123  1123 D wpa_supplicant: wowlan_triggers='disconnect'
01-04 00:35:50.310  1123  1123 D wpa_supplicant: nl80211: Using driver-based roaming
01-04 00:35:50.310  1123  1123 D wpa_supplicant: nl80211: TDLS supported
01-04 00:35:50.311  1123  1123 D wpa_supplicant: nl80211: TDLS external setup
01-04 00:35:50.311  1123  1123 D wpa_supplicant: nl80211: Supported cipher 00-0f-ac:1
01-04 00:35:50.311  1123  1123 D wpa_supplicant: nl80211: Supported cipher 00-0f-ac:5
01-04 00:35:50.311  1123  1123 D wpa_supplicant: nl80211: Supported cipher 00-0f-ac:2
01-04 00:35:50.311  1123  1123 D wpa_supplicant: nl80211: Supported cipher 00-0f-ac:4
01-04 00:35:50.311  1123  1123 D wpa_supplicant: nl80211: Supported cipher 00-0f-ac:6
01-04 00:35:50.311  1123  1123 D wpa_supplicant: nl80211: Supported vendor command: vendor_id=0x1a11 subcmd=4096
01-04 00:35:50.311  1123  1123 D wpa_supplicant: nl80211: Supported vendor command: vendor_id=0x1a11 subcmd=4097
01-04 00:35:50.311  1123  1123 D wpa_supplicant: nl80211: Supported vendor command: vendor_id=0x1a11 subcmd=4098
01-04 00:35:50.311  1123  1123 D wpa_supplicant: nl80211: Supported vendor command: vendor_id=0x1a11 subcmd=4099
01-04 00:35:50.311  1123  1123 D wpa_supplicant: nl80211: Supported vendor command: vendor_id=0x1a11 subcmd=4104
01-04 00:35:50.311  1123  1123 D wpa_supplicant: nl80211: Supported vendor command: vendor_id=0x1a11 subcmd=4100
01-04 00:35:50.311  1123  1123 D wpa_supplicant: nl80211: Supported vendor command: vendor_id=0x1a11 subcmd=4105
01-04 00:35:50.311  1123  1123 D wpa_supplicant: nl80211: Supported vendor command: vendor_id=0x1a11 subcmd=4103
01-04 00:35:50.311  1123  1123 D wpa_supplicant: nl80211: Supported vendor command: vendor_id=0x1a11 subcmd=4102
01-04 00:35:50.311  1123  1123 D wpa_supplicant: nl80211: Supported vendor command: vendor_id=0x1a11 subcmd=4608
01-04 00:35:50.311  1123  1123 D wpa_supplicant: nl80211: Supported vendor command: vendor_id=0x1a11 subcmd=4354
01-04 00:35:50.311  1123  1123 D wpa_supplicant: nl80211: Supported vendor event: vendor_id=0x1a11 subcmd=0
01-04 00:35:50.311  1123  1123 D wpa_supplicant: nl80211: Supported vendor event: vendor_id=0x1a11 subcmd=1
01-04 00:35:50.311  1123  1123 D wpa_supplicant: nl80211: Supported vendor event: vendor_id=0x1a11 subcmd=2
01-04 00:35:50.312  1123  1123 D wpa_supplicant: nl80211: Supported vendor event: vendor_id=0x1a11 subcmd=3
01-04 00:35:50.312  1123  1123 D wpa_supplicant: nl80211: Supported vendor event: vendor_id=0x1a11 subcmd=4
01-04 00:35:50.312  1123  1123 D wpa_supplicant: nl80211: Supported vendor event: vendor_id=0x1a11 subcmd=5
01-04 00:35:50.312  1123  1123 D wpa_supplicant: nl80211: Supported vendor event: vendor_id=0x1a11 subcmd=6
01-04 00:35:50.312  1123  1123 D wpa_supplicant: nl80211: interface wlan0 in phy phy0
01-04 00:35:50.312  1123  1123 D wpa_supplicant: nl80211: Set mode ifindex 15 iftype 2 (STATION)
01-04 00:35:50.312  1123  1123 D wpa_supplicant: nl80211: Subscribe to mgmt frames with non-AP handle 0x7f8723d240
01-04 00:35:50.312  1123  1123 D wpa_supplicant: nl80211: Register frame type=0xd0 (WLAN_FC_STYPE_ACTION) nl_handle=0x7f8723d240 match=0104
01-04 00:35:50.312  1123  1123 D wpa_supplicant: nl80211: Register frame type=0xd0 (WLAN_FC_STYPE_ACTION) nl_handle=0x7f8723d240 match=040a
01-04 00:35:50.313  1123  1123 D wpa_supplicant: nl80211: Register frame type=0xd0 (WLAN_FC_STYPE_ACTION) nl_handle=0x7f8723d240 match=040b
01-04 00:35:50.313  1123  1123 D wpa_supplicant: nl80211: Register frame type=0xd0 (WLAN_FC_STYPE_ACTION) nl_handle=0x7f8723d240 match=040c
01-04 00:35:50.313  1123  1123 D wpa_supplicant: nl80211: Register frame type=0xd0 (WLAN_FC_STYPE_ACTION) nl_handle=0x7f8723d240 match=040d
01-04 00:35:50.313  1123  1123 D wpa_supplicant: nl80211: Register frame type=0xd0 (WLAN_FC_STYPE_ACTION) nl_handle=0x7f8723d240 match=090a
01-04 00:35:50.313  1123  1123 D wpa_supplicant: nl80211: Register frame type=0xd0 (WLAN_FC_STYPE_ACTION) nl_handle=0x7f8723d240 match=090b
01-04 00:35:50.313  1123  1123 D wpa_supplicant: nl80211: Register frame type=0xd0 (WLAN_FC_STYPE_ACTION) nl_handle=0x7f8723d240 match=090c
01-04 00:35:50.313  1123  1123 D wpa_supplicant: nl80211: Register frame type=0xd0 (WLAN_FC_STYPE_ACTION) nl_handle=0x7f8723d240 match=090d
01-04 00:35:50.313  1123  1123 D wpa_supplicant: nl80211: Register frame type=0xd0 (WLAN_FC_STYPE_ACTION) nl_handle=0x7f8723d240 match=0409506f9a09
01-04 00:35:50.313  1123  1123 D wpa_supplicant: nl80211: Register frame type=0xd0 (WLAN_FC_STYPE_ACTION) nl_handle=0x7f8723d240 match=7f506f9a09
01-04 00:35:50.313  1123  1123 D wpa_supplicant: nl80211: Register frame type=0xd0 (WLAN_FC_STYPE_ACTION) nl_handle=0x7f8723d240 match=0801
01-04 00:35:50.313  1123  1123 D wpa_supplicant: nl80211: Register frame type=0xd0 (WLAN_FC_STYPE_ACTION) nl_handle=0x7f8723d240 match=040e
01-04 00:35:50.313  1123  1123 D wpa_supplicant: nl80211: Register frame type=0xd0 (WLAN_FC_STYPE_ACTION) nl_handle=0x7f8723d240 match=12
01-04 00:35:50.314  1123  1123 D wpa_supplicant: nl80211: Register frame type=0xd0 (WLAN_FC_STYPE_ACTION) nl_handle=0x7f8723d240 match=06
01-04 00:35:50.314  1123  1123 D wpa_supplicant: nl80211: Register frame type=0xd0 (WLAN_FC_STYPE_ACTION) nl_handle=0x7f8723d240 match=0a07
01-04 00:35:50.314  1123  1123 D wpa_supplicant: nl80211: Register frame type=0xd0 (WLAN_FC_STYPE_ACTION) nl_handle=0x7f8723d240 match=0a11
01-04 00:35:50.314  1123  1123 D wpa_supplicant: nl80211: Register frame type=0xd0 (WLAN_FC_STYPE_ACTION) nl_handle=0x7f8723d240 match=0a1a
01-04 00:35:50.314  1123  1123 D wpa_supplicant: nl80211: Register frame type=0xd0 (WLAN_FC_STYPE_ACTION) nl_handle=0x7f8723d240 match=1101
01-04 00:35:50.314  1123  1123 D wpa_supplicant: nl80211: Register frame type=0xd0 (WLAN_FC_STYPE_ACTION) nl_handle=0x7f8723d240 match=1102
01-04 00:35:50.314  1123  1123 D wpa_supplicant: nl80211: Register frame type=0xd0 (WLAN_FC_STYPE_ACTION) nl_handle=0x7f8723d240 match=0505
01-04 00:35:50.315  1123  1123 I wpa_supplicant: rfkill: Cannot open RFKILL control device
01-04 00:35:50.315  1123  1123 D wpa_supplicant: nl80211: RFKILL status not available
01-04 00:35:50.317  1123  1123 D wpa_supplicant: netlink: Operstate: ifindex=15 linkmode=1 (userspace-control), operstate=5 (IF_OPER_DORMANT)
01-04 00:35:50.319  1123  1123 D wpa_supplicant: nl80211: driver param='use_p2p_group_interface=1'
01-04 00:35:50.319  1123  1123 D wpa_supplicant: nl80211: Use separate P2P group interface
01-04 00:35:50.319  1123  1123 D wpa_supplicant: Add interface wlan0 to a new radio phy0
01-04 00:35:50.320  1123  1123 D wpa_supplicant: nl80211: Regulatory information - country=00
01-04 00:35:50.320  1123  1123 D wpa_supplicant: nl80211: 2402-2472 @ 40 MHz 20 mBm
01-04 00:35:50.320  1123  1123 D wpa_supplicant: nl80211: 2457-2482 @ 40 MHz 20 mBm (no IR)
01-04 00:35:50.320  1123  1123 D wpa_supplicant: nl80211: 2474-2494 @ 20 MHz 20 mBm (no OFDM) (no IR)
01-04 00:35:50.320  1123  1123 D wpa_supplicant: nl80211: 5170-5250 @ 160 MHz 20 mBm (no IR)
01-04 00:35:50.320  1123  1123 D wpa_supplicant: nl80211: 5250-5330 @ 160 MHz 20 mBm (DFS) (no IR)
01-04 00:35:50.320  1123  1123 D wpa_supplicant: nl80211: 5490-5730 @ 160 MHz 20 mBm (DFS) (no IR)
01-04 00:35:50.320  1123  1123 D wpa_supplicant: nl80211: Added 802.11b mode based on 802.11g information
01-04 00:35:50.330   863   863 D PhoneStatusBar: heads up is enabled
01-04 00:35:50.367   863   863 D StorageNotification: Notifying about public volume: VolumeInfo{public:179_129}:
01-04 00:35:50.367   863   863 D StorageNotification:     type=PUBLIC diskId=disk:179_128 partGuid=null mountFlags=VISIBLE 
01-04 00:35:50.367   863   863 D StorageNotification:     mountUserId=0 state=MOUNTED 
01-04 00:35:50.367   863   863 D StorageNotification:     fsType=vfat fsUuid=5F4E-035A fsLabel=^^NAM-yM-@^C?M-VM-b^C 
01-04 00:35:50.367   863   863 D StorageNotification:     path=/storage/5F4E-035A internalPath=/mnt/media_rw/5F4E-035A 
01-04 00:35:50.371  1123  1123 D wpa_supplicant: wlan0: Own MAC address: 04:8c:08:55:8c:ae
01-04 00:35:50.372  1123  1123 D wpa_supplicant: wpa_driver_nl80211_set_key: ifindex=15 (wlan0) alg=0 addr=0x0 key_idx=0 set_tx=0 seq_len=0 key_len=0
01-04 00:35:50.373  1123  1123 D wpa_supplicant: wpa_driver_nl80211_set_key: ifindex=15 (wlan0) alg=0 addr=0x0 key_idx=1 set_tx=0 seq_len=0 key_len=0
01-04 00:35:50.373  1123  1123 D wpa_supplicant: wpa_driver_nl80211_set_key: ifindex=15 (wlan0) alg=0 addr=0x0 key_idx=2 set_tx=0 seq_len=0 key_len=0
01-04 00:35:50.374  1123  1123 D wpa_supplicant: wpa_driver_nl80211_set_key: ifindex=15 (wlan0) alg=0 addr=0x0 key_idx=3 set_tx=0 seq_len=0 key_len=0
01-04 00:35:50.374  1123  1123 D wpa_supplicant: wpa_driver_nl80211_set_key: ifindex=15 (wlan0) alg=0 addr=0x0 key_idx=4 set_tx=0 seq_len=0 key_len=0
01-04 00:35:50.374  1123  1123 D wpa_supplicant: wpa_driver_nl80211_set_key: ifindex=15 (wlan0) alg=0 addr=0x0 key_idx=5 set_tx=0 seq_len=0 key_len=0
01-04 00:35:50.375  1123  1123 D wpa_supplicant: wlan0: RSN: flushing PMKID list in the driver
01-04 00:35:50.375  1123  1123 D wpa_supplicant: nl80211: Flush PMKIDs
01-04 00:35:50.375  1123  1123 D wpa_supplicant: wlan0: State: DISCONNECTED -> INACTIVE
01-04 00:35:50.379   863   863 I Choreographer: Skipped 100 frames!  The application may be doing too much work on its main thread.
01-04 00:35:50.403   863   863 D ViewRootImpl[StatusBar]: changeCanvasOpacity: opaque=true
01-04 00:35:50.411  1123  1123 D wpa_supplicant: TDLS: TDLS operation supported by driver
01-04 00:35:50.411  1123  1123 D wpa_supplicant: TDLS: Driver uses external link setup
01-04 00:35:50.411  1123  1123 D wpa_supplicant: TDLS: Driver does not support TDLS channel switching
01-04 00:35:50.412  1123  1123 D wpa_supplicant: wlan0: WPS: UUID based on MAC address: aa19ab07-0595-5a46-a39a-6180b39f9440
01-04 00:35:50.412  1123  1123 D wpa_supplicant: EAPOL: SUPP_PAE entering state DISCONNECTED
01-04 00:35:50.412  1123  1123 D wpa_supplicant: EAPOL: Supplicant port status: Unauthorized
01-04 00:35:50.412  1123  1123 D wpa_supplicant: nl80211: Skip set_supp_port(unauthorized) while not associated
01-04 00:35:50.412  1123  1123 D wpa_supplicant: EAPOL: KEY_RX entering state NO_KEY_RECEIVE
01-04 00:35:50.412  1123  1123 D wpa_supplicant: EAPOL: SUPP_BE entering state INITIALIZE
01-04 00:35:50.412  1123  1123 D wpa_supplicant: EAP: EAP entering state DISABLED
01-04 00:35:50.413  1123  1123 D wpa_supplicant: Using existing control interface directory.
01-04 00:35:50.413  1123  1123 D wpa_supplicant: nl80211: Setting wowlan
01-04 00:35:50.414  1123  1123 D wpa_supplicant: wlan0: Added interface wlan0
01-04 00:35:50.414  1123  1123 D wpa_supplicant: wlan0: State: INACTIVE -> DISCONNECTED
01-04 00:35:50.414  1123  1123 D wpa_supplicant: nl80211: Set wlan0 operstate 0->0 (DORMANT)
01-04 00:35:50.414  1123  1123 D wpa_supplicant: netlink: Operstate: ifindex=15 linkmode=-1 (no change), operstate=5 (IF_OPER_DORMANT)
01-04 00:35:50.414  1123  1123 D wpa_supplicant: Override interface parameter: ctrl_interface ('(null)' -> '/data/misc/wifi/sockets')
01-04 00:35:50.414  1123  1123 D wpa_supplicant: Initializing interface 'p2p0' conf '/data/misc/wifi/p2p_supplicant.conf' driver 'nl80211' ctrl_interface '/data/misc/wifi/sockets' bridge 'N/A'
01-04 00:35:50.414  1123  1123 D wpa_supplicant: Configuration file '/data/misc/wifi/p2p_supplicant.conf' -> '/data/misc/wifi/p2p_supplicant.conf'
01-04 00:35:50.414  1123  1123 D wpa_supplicant: Reading configuration file '/data/misc/wifi/p2p_supplicant.conf'
01-04 00:35:50.431   863   863 W Resources: Drawable com.android.systemui:drawable/ic_battery_circle has unresolved theme attributes! Consider using Resources.getDrawable(int, Theme) or Context.getDrawable(int).
01-04 00:35:50.431   863   863 W Resources: java.lang.RuntimeException
01-04 00:35:50.431   863   863 W Resources: 	at android.content.res.Resources.getDrawable(Resources.java:746)
01-04 00:35:50.431   863   863 W Resources: 	at com.android.systemui.BatteryMeterDrawable.loadBatteryDrawables(BatteryMeterDrawable.java:427)
01-04 00:35:50.431   863   863 W Resources: 	at com.android.systemui.BatteryMeterDrawable.<init>(BatteryMeterDrawable.java:174)
01-04 00:35:50.431   863   863 W Resources: 	at com.android.systemui.BatteryMeterView.updateBatteryStyle(BatteryMeterView.java:141)
01-04 00:35:50.431   863   863 W Resources: 	at com.android.systemui.BatteryMeterView.onTuningChanged(BatteryMeterView.java:88)
01-04 00:35:50.431   863   863 W Resources: 	at com.android.systemui.tuner.TunerService.addTunable(TunerService.java:217)
01-04 00:35:50.431   863   863 W Resources: 	at com.android.systemui.tuner.TunerService.addTunable(TunerService.java:193)
01-04 00:35:50.431   863   863 W Resources: 	at com.android.systemui.BatteryMeterView.onAttachedToWindow(BatteryMeterView.java:97)
01-04 00:35:50.431   863   863 W Resources: 	at android.view.View.dispatchAttachedToWindow(View.java:15513)
01-04 00:35:50.431   863   863 W Resources: 	at android.view.ViewGroup.dispatchAttachedToWindow(ViewGroup.java:2923)
01-04 00:35:50.431   863   863 W Resources: 	at android.view.ViewGroup.dispatchAttachedToWindow(ViewGroup.java:2923)
01-04 00:35:50.431   863   863 W Resources: 	at android.view.ViewGroup.dispatchAttachedToWindow(ViewGroup.java:2923)
01-04 00:35:50.431   863   863 W Resources: 	at android.view.ViewGroup.dispatchAttachedToWindow(ViewGroup.java:2923)
01-04 00:35:50.431   863   863 W Resources: 	at android.view.ViewGroup.dispatchAttachedToWindow(ViewGroup.java:2923)
01-04 00:35:50.431   863   863 W Resources: 	at android.view.ViewRootImpl.performTraversals(ViewRootImpl.java:1526)
01-04 00:35:50.431   863   863 W Resources: 	at android.view.ViewRootImpl.doTraversal(ViewRootImpl.java:1254)
01-04 00:35:50.431   863   863 W Resources: 	at android.view.ViewRootImpl$TraversalRunnable.run(ViewRootImpl.java:6343)
01-04 00:35:50.431   863   863 W Resources: 	at android.view.Choreographer$CallbackRecord.run(Choreographer.java:874)
01-04 00:35:50.431   863   863 W Resources: 	at android.view.Choreographer.doCallbacks(Choreographer.java:686)
01-04 00:35:50.431   863   863 W Resources: 	at android.view.Choreographer.doFrame(Choreographer.java:621)
01-04 00:35:50.431   863   863 W Resources: 	at android.view.Choreographer$FrameDisplayEventReceiver.run(Choreographer.java:860)
01-04 00:35:50.431   863   863 W Resources: 	at android.os.Handler.handleCallback(Handler.java:751)
01-04 00:35:50.431   863   863 W Resources: 	at android.os.Handler.dispatchMessage(Handler.java:95)
01-04 00:35:50.431   863   863 W Resources: 	at android.os.Looper.loop(Looper.java:154)
01-04 00:35:50.431   863   863 W Resources: 	at android.app.ActivityThread.main(ActivityThread.java:6126)
01-04 00:35:50.431   863   863 W Resources: 	at java.lang.reflect.Method.invoke(Native Method)
01-04 00:35:50.431   863   863 W Resources: 	at com.android.internal.os.ZygoteInit$MethodAndArgsCaller.run(ZygoteInit.java:886)
01-04 00:35:50.431   863   863 W Resources: 	at com.android.internal.os.ZygoteInit.main(ZygoteInit.java:776)
01-04 00:35:50.524  1123  1123 D wpa_supplicant: ctrl_interface='/data/misc/wifi/sockets'
01-04 00:35:50.524  1123  1123 D wpa_supplicant: driver_param='use_p2p_group_interface=1'
01-04 00:35:50.524  1123  1123 D wpa_supplicant: update_config=1
01-04 00:35:50.524  1123  1123 D wpa_supplicant: device_name='Android_a4e6'
01-04 00:35:50.524  1123  1123 D wpa_supplicant: manufacturer='MediaTek Inc.'
01-04 00:35:50.524  1123  1123 D wpa_supplicant: model_name='MTK Wireless Model'
01-04 00:35:50.524  1123  1123 D wpa_supplicant: model_number='1.0'
01-04 00:35:50.524  1123  1123 D wpa_supplicant: serial_number='2.0'
01-04 00:35:50.524  1123  1123 D wpa_supplicant: os_version=01020300
01-04 00:35:50.524  1123  1123 D wpa_supplicant: config_methods='virtual_push_button physical_display keypad'
01-04 00:35:50.524  1123  1123 D wpa_supplicant: p2p_ssid_postfix='-Android_a4e6'
01-04 00:35:50.524  1123  1123 D wpa_supplicant: persistent_reconnect=1
01-04 00:35:50.524  1123  1123 D wpa_supplicant: p2p_no_group_iface=1
01-04 00:35:50.524  1123  1123 D wpa_supplicant: bss_expiration_scan_count=1
01-04 00:35:50.524  1123  1123 D wpa_supplicant: wowlan_triggers='disconnect'
01-04 00:35:50.524  1123  1123 D wpa_supplicant: Reading configuration file '/system/etc/wifi/p2p_supplicant_overlay.conf'
01-04 00:35:50.543  1123  1123 D wpa_supplicant: p2p_no_group_iface=1
01-04 00:35:50.543  1123  1123 D wpa_supplicant: driver_param='use_p2p_group_interface=1'
01-04 00:35:50.543  1123  1123 D wpa_supplicant: bss_expiration_scan_count=1
01-04 00:35:50.543  1123  1123 D wpa_supplicant: wowlan_triggers='disconnect'
01-04 00:35:50.544  1123  1123 D wpa_supplicant: nl80211: Supported cipher 00-0f-ac:1
01-04 00:35:50.544  1123  1123 D wpa_supplicant: nl80211: Supported cipher 00-0f-ac:5
01-04 00:35:50.544  1123  1123 D wpa_supplicant: nl80211: Supported cipher 00-0f-ac:2
01-04 00:35:50.544  1123  1123 D wpa_supplicant: nl80211: Supported cipher 00-0f-ac:4
01-04 00:35:50.544  1123  1123 D wpa_supplicant: nl80211: Supported cipher 00-0f-ac:6
01-04 00:35:50.544  1123  1123 D wpa_supplicant: nl80211: interface p2p0 in phy phy1
01-04 00:35:50.545  1123  1123 D wpa_supplicant: nl80211: Set mode ifindex 16 iftype 2 (STATION)
01-04 00:35:50.545  1123  1123 D wpa_supplicant: nl80211: Subscribe to mgmt frames with non-AP handle 0x7f8723d540
01-04 00:35:50.545  1123  1123 D wpa_supplicant: nl80211: Register frame type=0xd0 (WLAN_FC_STYPE_ACTION) nl_handle=0x7f8723d540 match=0104
01-04 00:35:50.545  1123  1123 D wpa_supplicant: nl80211: Register frame type=0xd0 (WLAN_FC_STYPE_ACTION) nl_handle=0x7f8723d540 match=040a
01-04 00:35:50.546  1123  1123 D wpa_supplicant: nl80211: Register frame type=0xd0 (WLAN_FC_STYPE_ACTION) nl_handle=0x7f8723d540 match=040b
01-04 00:35:50.546  1123  1123 D wpa_supplicant: nl80211: Register frame type=0xd0 (WLAN_FC_STYPE_ACTION) nl_handle=0x7f8723d540 match=040c
01-04 00:35:50.549  1123  1123 D wpa_supplicant: nl80211: Register frame type=0xd0 (WLAN_FC_STYPE_ACTION) nl_handle=0x7f8723d540 match=040d
01-04 00:35:50.550  1123  1123 D wpa_supplicant: nl80211: Register frame type=0xd0 (WLAN_FC_STYPE_ACTION) nl_handle=0x7f8723d540 match=090a
01-04 00:35:50.550  1123  1123 D wpa_supplicant: nl80211: Register frame type=0xd0 (WLAN_FC_STYPE_ACTION) nl_handle=0x7f8723d540 match=090b
01-04 00:35:50.550  1123  1123 D wpa_supplicant: nl80211: Register frame type=0xd0 (WLAN_FC_STYPE_ACTION) nl_handle=0x7f8723d540 match=090c
01-04 00:35:50.550  1123  1123 D wpa_supplicant: nl80211: Register frame type=0xd0 (WLAN_FC_STYPE_ACTION) nl_handle=0x7f8723d540 match=090d
01-04 00:35:50.550  1123  1123 D wpa_supplicant: nl80211: Register frame type=0xd0 (WLAN_FC_STYPE_ACTION) nl_handle=0x7f8723d540 match=0409506f9a09
01-04 00:35:50.550  1123  1123 D wpa_supplicant: nl80211: Register frame type=0xd0 (WLAN_FC_STYPE_ACTION) nl_handle=0x7f8723d540 match=7f506f9a09
01-04 00:35:50.550  1123  1123 D wpa_supplicant: nl80211: Register frame type=0xd0 (WLAN_FC_STYPE_ACTION) nl_handle=0x7f8723d540 match=0801
01-04 00:35:50.550  1123  1123 D wpa_supplicant: nl80211: Register frame type=0xd0 (WLAN_FC_STYPE_ACTION) nl_handle=0x7f8723d540 match=12
01-04 00:35:50.550  1123  1123 D wpa_supplicant: nl80211: Register frame type=0xd0 (WLAN_FC_STYPE_ACTION) nl_handle=0x7f8723d540 match=06
01-04 00:35:50.550  1123  1123 D wpa_supplicant: nl80211: Register frame type=0xd0 (WLAN_FC_STYPE_ACTION) nl_handle=0x7f8723d540 match=0a07
01-04 00:35:50.550  1123  1123 D wpa_supplicant: nl80211: Register frame type=0xd0 (WLAN_FC_STYPE_ACTION) nl_handle=0x7f8723d540 match=0a11
01-04 00:35:50.550  1123  1123 D wpa_supplicant: nl80211: Register frame type=0xd0 (WLAN_FC_STYPE_ACTION) nl_handle=0x7f8723d540 match=0a1a
01-04 00:35:50.550  1123  1123 D wpa_supplicant: nl80211: Register frame type=0xd0 (WLAN_FC_STYPE_ACTION) nl_handle=0x7f8723d540 match=1101
01-04 00:35:50.550  1123  1123 D wpa_supplicant: nl80211: Register frame type=0xd0 (WLAN_FC_STYPE_ACTION) nl_handle=0x7f8723d540 match=1102
01-04 00:35:50.550  1123  1123 D wpa_supplicant: nl80211: Register frame type=0xd0 (WLAN_FC_STYPE_ACTION) nl_handle=0x7f8723d540 match=0505
01-04 00:35:50.551  1123  1123 I wpa_supplicant: rfkill: Cannot open RFKILL control device
01-04 00:35:50.551  1123  1123 D wpa_supplicant: nl80211: RFKILL status not available
01-04 00:35:50.552  1123  1123 D wpa_supplicant: netlink: Operstate: ifindex=16 linkmode=1 (userspace-control), operstate=5 (IF_OPER_DORMANT)
01-04 00:35:50.556  1123  1123 D wpa_supplicant: nl80211: driver param='use_p2p_group_interface=1'
01-04 00:35:50.556  1123  1123 D wpa_supplicant: nl80211: Use separate P2P group interface
01-04 00:35:50.556  1123  1123 D wpa_supplicant: Add interface p2p0 to a new radio phy1
01-04 00:35:50.557  1123  1123 D wpa_supplicant: nl80211: Regulatory information - country=00
01-04 00:35:50.557  1123  1123 D wpa_supplicant: nl80211: 2402-2472 @ 40 MHz 20 mBm
01-04 00:35:50.557  1123  1123 D wpa_supplicant: nl80211: 2457-2482 @ 40 MHz 20 mBm (no IR)
01-04 00:35:50.557  1123  1123 D wpa_supplicant: nl80211: 2474-2494 @ 20 MHz 20 mBm (no OFDM) (no IR)
01-04 00:35:50.557  1123  1123 D wpa_supplicant: nl80211: 5170-5250 @ 160 MHz 20 mBm (no IR)
01-04 00:35:50.557  1123  1123 D wpa_supplicant: nl80211: 5250-5330 @ 160 MHz 20 mBm (DFS) (no IR)
01-04 00:35:50.557  1123  1123 D wpa_supplicant: nl80211: 5490-5730 @ 160 MHz 20 mBm (DFS) (no IR)
01-04 00:35:50.557  1123  1123 D wpa_supplicant: nl80211: Added 802.11b mode based on 802.11g information
01-04 00:35:50.621  1123  1123 D wpa_supplicant: p2p0: Own MAC address: 06:8c:08:55:8c:ae
01-04 00:35:50.621  1123  1123 D wpa_supplicant: wpa_driver_nl80211_set_key: ifindex=16 (p2p0) alg=0 addr=0x0 key_idx=0 set_tx=0 seq_len=0 key_len=0
01-04 00:35:50.622  1123  1123 D wpa_supplicant: wpa_driver_nl80211_set_key: ifindex=16 (p2p0) alg=0 addr=0x0 key_idx=1 set_tx=0 seq_len=0 key_len=0
01-04 00:35:50.622  1123  1123 D wpa_supplicant: wpa_driver_nl80211_set_key: ifindex=16 (p2p0) alg=0 addr=0x0 key_idx=2 set_tx=0 seq_len=0 key_len=0
01-04 00:35:50.622  1123  1123 D wpa_supplicant: wpa_driver_nl80211_set_key: ifindex=16 (p2p0) alg=0 addr=0x0 key_idx=3 set_tx=0 seq_len=0 key_len=0
01-04 00:35:50.622  1123  1123 D wpa_supplicant: wpa_driver_nl80211_set_key: ifindex=16 (p2p0) alg=0 addr=0x0 key_idx=4 set_tx=0 seq_len=0 key_len=0
01-04 00:35:50.622  1123  1123 D wpa_supplicant: wpa_driver_nl80211_set_key: ifindex=16 (p2p0) alg=0 addr=0x0 key_idx=5 set_tx=0 seq_len=0 key_len=0
01-04 00:35:50.622  1123  1123 D wpa_supplicant: p2p0: RSN: flushing PMKID list in the driver
01-04 00:35:50.622  1123  1123 D wpa_supplicant: nl80211: Flush PMKIDs
01-04 00:35:50.622  1123  1123 D wpa_supplicant: p2p0: State: DISCONNECTED -> INACTIVE
01-04 00:35:50.644   554   554 D NetworkPolicy: setRestrictBackgroundUL(): false
01-04 00:35:50.646   554   554 W NetworkManagement: setDataSaverMode(): already false
01-04 00:35:50.659   863   996 I OpenGLRenderer: Initialized EGL, version 1.4
01-04 00:35:50.659   863   996 D OpenGLRenderer: Swap behavior 1
01-04 00:35:50.670   863   996 D mali_winsys: new_window_surface returns 0x3000
01-04 00:35:50.679   554   791 D WifiService: New client listening to asynchronous messages
01-04 00:35:50.681  1123  1123 D wpa_supplicant: TDLS: TDLS operation not supported by driver
01-04 00:35:50.681  1123  1123 D wpa_supplicant: TDLS: Driver uses internal link setup
01-04 00:35:50.681  1123  1123 D wpa_supplicant: TDLS: Driver does not support TDLS channel switching
01-04 00:35:50.682  1123  1123 D wpa_supplicant: p2p0: WPS: UUID from the first interface: aa19ab07-0595-5a46-a39a-6180b39f9440
01-04 00:35:50.682  1123  1123 D wpa_supplicant: EAPOL: SUPP_PAE entering state DISCONNECTED
01-04 00:35:50.682  1123  1123 D wpa_supplicant: EAPOL: Supplicant port status: Unauthorized
01-04 00:35:50.682  1123  1123 D wpa_supplicant: nl80211: Skip set_supp_port(unauthorized) while not associated
01-04 00:35:50.682  1123  1123 D wpa_supplicant: EAPOL: KEY_RX entering state NO_KEY_RECEIVE
01-04 00:35:50.682  1123  1123 D wpa_supplicant: EAPOL: SUPP_BE entering state INITIALIZE
01-04 00:35:50.683  1123  1123 D wpa_supplicant: EAP: EAP entering state DISABLED
01-04 00:35:50.683  1123  1123 D wpa_supplicant: Using existing control interface directory.
01-04 00:35:50.747  1123  1123 D wpa_supplicant: P2P: Add operating class 81
01-04 00:35:50.747  1123  1123 D wpa_supplicant: P2P: Channels - hexdump(len=13): 01 02 03 04 05 06 07 08 09 0a 0b 0c 0d
01-04 00:35:50.747  1123  1123 D wpa_supplicant: P2P: Add operating class 115
01-04 00:35:50.747  1123  1123 D wpa_supplicant: P2P: Channels - hexdump(len=4): 24 28 2c 30
01-04 00:35:50.747  1123  1123 D wpa_supplicant: P2P: Add operating class 116
01-04 00:35:50.747  1123  1123 D wpa_supplicant: P2P: Channels - hexdump(len=2): 24 2c
01-04 00:35:50.747  1123  1123 D wpa_supplicant: P2P: Add operating class 117
01-04 00:35:50.747  1123  1123 D wpa_supplicant: P2P: Channels - hexdump(len=2): 28 30
01-04 00:35:50.747  1123  1123 D wpa_supplicant: P2P: Add operating class 124
01-04 00:35:50.748  1123  1123 D wpa_supplicant: P2P: Channels - hexdump(len=4): 95 99 9d a1
01-04 00:35:50.748  1123  1123 D wpa_supplicant: P2P: Add operating class 125
01-04 00:35:50.748  1123  1123 D wpa_supplicant: P2P: Channels - hexdump(len=6): 95 99 9d a1 a5 a9
01-04 00:35:50.748  1123  1123 D wpa_supplicant: P2P: Add operating class 130
01-04 00:35:50.748  1123  1123 D wpa_supplicant: P2P: Channels - hexdump(len=19): 24 28 2c 30 34 38 3c 40 64 68 6c 70 74 78 7c 80 84 88 8c
01-04 00:35:50.749  1123  1123 D wpa_supplicant: P2P: Own listen channel: 81:1
01-04 00:35:50.750  1123  1123 D wpa_supplicant: P2P: Random operating channel: 81:6
01-04 00:35:50.751  1123  1123 D wpa_supplicant: P2P: initialized
01-04 00:35:50.752  1123  1123 D wpa_supplicant: P2P: channels: 81:1,2,3,4,5,6,7,8,9,10,11,12,13 115:36,40,44,48 116:36,44 117:40,48 124:149,153,157,161 125:149,153,157,161,165,169 130:36,40,44,48,52,56,60,64,100,104,108,112,116,120,124,128,132,136,140
01-04 00:35:50.752  1123  1123 D wpa_supplicant: P2P: cli_channels:
01-04 00:35:50.752  1123  1123 D wpa_supplicant: nl80211: Setting wowlan
01-04 00:35:50.752  1123  1123 D wpa_supplicant: p2p0: Added interface p2p0
01-04 00:35:50.752  1123  1123 D wpa_supplicant: p2p0: State: INACTIVE -> DISCONNECTED
01-04 00:35:50.752  1123  1123 D wpa_supplicant: nl80211: Set p2p0 operstate 0->0 (DORMANT)
01-04 00:35:50.752  1123  1123 D wpa_supplicant: netlink: Operstate: ifindex=16 linkmode=-1 (no change), operstate=5 (IF_OPER_DORMANT)
01-04 00:35:50.752  1123  1123 D wpa_supplicant: p2p0: Determining shared radio frequencies (max len 1)
01-04 00:35:50.752  1123  1123 D wpa_supplicant: p2p0: Shared frequencies (len=0): completed iteration
01-04 00:35:50.752  1123  1123 D wpa_supplicant: P2P: Add operating class 81
01-04 00:35:50.752  1123  1123 D wpa_supplicant: P2P: Channels - hexdump(len=13): 01 02 03 04 05 06 07 08 09 0a 0b 0c 0d
01-04 00:35:50.752  1123  1123 D wpa_supplicant: P2P: Add operating class 115
01-04 00:35:50.752  1123  1123 D wpa_supplicant: P2P: Channels - hexdump(len=4): 24 28 2c 30
01-04 00:35:50.752  1123  1123 D wpa_supplicant: P2P: Add operating class 116
01-04 00:35:50.752  1123  1123 D wpa_supplicant: P2P: Channels - hexdump(len=2): 24 2c
01-04 00:35:50.752  1123  1123 D wpa_supplicant: P2P: Add operating class 117
01-04 00:35:50.752  1123  1123 D wpa_supplicant: P2P: Channels - hexdump(len=2): 28 30
01-04 00:35:50.752  1123  1123 D wpa_supplicant: P2P: Add operating class 124
01-04 00:35:50.752  1123  1123 D wpa_supplicant: P2P: Channels - hexdump(len=4): 95 99 9d a1
01-04 00:35:50.752  1123  1123 D wpa_supplicant: P2P: Add operating class 125
01-04 00:35:50.752  1123  1123 D wpa_supplicant: P2P: Channels - hexdump(len=6): 95 99 9d a1 a5 a9
01-04 00:35:50.753  1123  1123 D wpa_supplicant: P2P: Add operating class 130
01-04 00:35:50.753  1123  1123 D wpa_supplicant: P2P: Channels - hexdump(len=19): 24 28 2c 30 34 38 3c 40 64 68 6c 70 74 78 7c 80 84 88 8c
01-04 00:35:50.753  1123  1123 D wpa_supplicant: P2P: Update channel list
01-04 00:35:50.753  1123  1123 D wpa_supplicant: P2P: channels: 81:1,2,3,4,5,6,7,8,9,10,11,12,13 115:36,40,44,48 116:36,44 117:40,48 124:149,153,157,161 125:149,153,157,161,165,169 130:36,40,44,48,52,56,60,64,100,104,108,112,116,120,124,128,132,136,140
01-04 00:35:50.753  1123  1123 D wpa_supplicant: P2P: cli_channels:
01-04 00:35:50.753  1123  1123 D wpa_supplicant: random: Got 15/20 bytes from /dev/random
01-04 00:35:50.753  1123  1123 D wpa_supplicant: CTRL_IFACE monitor attached /data/misc/wifi/sockets/wpa_ctrl_554-2\x00
01-04 00:35:50.753  1123  1123 D wpa_supplicant: CTRL-DEBUG: global_ctrl_sock-sendto: sock=8 sndbuf=212992 outq=0 send_len=3
01-04 00:35:50.753  1123  1123 D wpa_supplicant: RTM_NEWLINK: ifi_index=15 ifname=wlan0 operstate=2 linkmode=0 ifi_family=0 ifi_flags=0x1003 ([UP])
01-04 00:35:50.753  1123  1123 D wpa_supplicant: RTM_NEWLINK: ifi_index=15 ifname=wlan0 operstate=2 linkmode=1 ifi_family=0 ifi_flags=0x1003 ([UP])
