* daemon not running. starting it now on port 5037 *
* daemon started successfully *
--------- beginning of system
01-03 21:23:21.382   256   256 I vold    : Vold 3.0 (the awakening) firing up
01-03 21:23:21.386   256   256 V vold    : Detected support for: exfat ext4 ntfs vfat
01-03 21:23:21.393   256   256 W Vold    : Tearing down stale mount /storage/usbotg
01-03 21:23:21.393   256   256 W Vold    : Tearing down stale mount /mnt/media_rw
01-03 21:23:21.715   256   267 V vold    : /system/bin/sgdisk
01-03 21:23:21.715   256   267 V vold    :     --android-dump
01-03 21:23:21.715   256   267 V vold    :     /dev/block/vold/disk:179_128
01-03 21:23:21.720   256   269 D vold    : e4crypt_init_user0
01-03 21:23:21.720   256   269 D vold    : e4crypt_prepare_user_storage for volume null, user 0, serial 0, flags 1
01-03 21:23:21.721   256   269 D vold    : Preparing: /data/system/users/0
01-03 21:23:21.722   256   269 D vold    : Preparing: /data/misc/profiles/cur/0
01-03 21:23:21.723   256   269 D vold    : Preparing: /data/misc/profiles/cur/0/foreign-dex
01-03 21:23:21.724   256   269 D vold    : Preparing: /data/system_de/0
01-03 21:23:21.725   256   269 D vold    : Preparing: /data/misc_de/0
01-03 21:23:21.725   256   269 D vold    : Preparing: /data/user_de/0
01-03 21:23:21.727   256   269 D vold    : e4crypt_unlock_user_key 0 serial=0 token_present=0
01-03 21:23:21.980   256   267 V vold    : DISK gpt CBC83FD9-4235-4453-8D69-6B98D2518C8B
01-03 21:23:21.980   256   267 V vold    : 
01-03 21:23:21.980   256   267 V vold    : PART 1 EBD0A0A2-B9E5-4433-87C0-68B6B72699C7 6364D990-56C9-45B7-991C-554740580B3D Microsoft basic data
01-03 21:23:21.980   256   267 V vold    : 
01-03 21:23:29.969   577   577 I InstallerConnection: connecting...
01-03 21:23:30.040   577   577 I InstallerConnection: disconnecting...
01-03 21:23:30.322   577   577 I SystemServer: Entered the Android system server!
01-03 21:23:30.720   577   577 I SystemServiceManager: Starting com.android.server.pm.Installer
01-03 21:23:30.725   577   577 I Installer: Waiting for installd to be ready.
01-03 21:23:30.725   577   577 I InstallerConnection: connecting...
01-03 21:23:30.726   577   577 I SystemServiceManager: Starting com.android.server.am.ActivityManagerService$Lifecycle
01-03 21:23:30.784   577   577 I ActivityManager: Memory class: 96
01-03 21:23:30.793   577   602 I ServiceThread: Enabled StrictMode logging for ActivityManager looper.
01-03 21:23:30.796   577   603 I ServiceThread: Enabled StrictMode logging for android.ui looper.
01-03 21:23:30.828   577   577 D BatteryStatsImpl: Reading daily items from /data/system/batterystats-daily.xml
01-03 21:23:31.167   577   577 W ProcessCpuTracker: Skipping unknown process pid 607
01-03 21:23:31.201   577   577 I IntentFirewall: Read new rules (A:0 B:0 S:0)
01-03 21:23:31.218   577   613 I ServiceThread: Enabled StrictMode logging for android.display looper.
01-03 21:23:31.224   577   577 D AppOps  : AppOpsService published
01-03 21:23:31.225   577   577 I SystemServiceManager: Starting com.android.server.power.PowerManagerService
01-03 21:23:31.230   577   615 I ServiceThread: Enabled StrictMode logging for PowerManagerService looper.
01-03 21:23:31.243   577   577 I SystemServiceManager: Starting com.android.server.lights.LightsService
01-03 21:23:31.250   577   577 I SystemServiceManager: Starting com.android.server.display.DisplayManagerService
01-03 21:23:31.259   577   577 I SystemServiceManager: Starting phase 100
01-03 21:23:31.273   577   613 I DisplayManagerService: Display device added: DisplayDeviceInfo{"Встроенный экран": uniqueId="local:0", 720 x 1280, modeId 1, defaultModeId 1, supportedModes [{id=1, width=720, height=1280, fps=62.400005}], colorMode 0, supportedColorModes [0], HdrCapabilities android.view.Display$HdrCapabilities@a69d6308, density 320, 320.0 x 320.0 dpi, appVsyncOff 1000000, presDeadline 16025640, touch INTERNAL, rotation 0, type BUILT_IN, state UNKNOWN, FLAG_DEFAULT_DISPLAY, FLAG_ROTATES_WITH_CONTENT, FLAG_SECURE, FLAG_SUPPORTS_PROTECTED_BUFFERS}
01-03 21:23:31.277   577   613 I DisplayManagerService: Display device changed state: "Встроенный экран", ON
01-03 21:23:31.278   577   577 I SystemServer: StartPackageManagerService
01-03 21:23:31.479   577   577 D SELinuxMMAC: Using policy file /system/etc/security/mac_permissions.xml
01-03 21:23:31.776   577   577 W PackageManager: Library not found: /system/framework/org.apache.http.legacy.jar
01-03 21:23:31.835   577   626 W PackageManager: Permission cyanogenmod.permission.WRITE_ALARMS from package cyanogenmod.platform in an unknown group android.permission-group.SYSTEM_CLOCK
01-03 21:23:31.836   577   626 W PackageManager: Permission cyanogenmod.permission.MANAGE_ALARMS from package cyanogenmod.platform in an unknown group android.permission-group.SYSTEM_CLOCK
01-03 21:23:31.836   577   626 W PackageManager: Permission cyanogenmod.permission.READ_ALARMS from package cyanogenmod.platform in an unknown group android.permission-group.SYSTEM_CLOCK
01-03 21:23:32.284   577   628 W PackageManager: Permission android.permission.DOWNLOAD_WITHOUT_NOTIFICATION from package com.android.providers.downloads in an unknown group android.permission-group.NETWORK
01-03 21:23:32.323   577   627 W PackageParser: No actions in intent filter at /system/priv-app/Contacts/Contacts.apk Binary XML file line #431
01-03 21:23:32.324   577   630 W PackageParser: No actions in intent filter at /system/priv-app/Dialer/Dialer.apk Binary XML file line #204
01-03 21:23:32.469   577   628 W PackageParser: Unknown element under <application>: permission at /system/priv-app/Gallery2/Gallery2.apk Binary XML file line #269
01-03 21:23:32.469   577   628 W PackageParser: Unknown element under <application>: permission at /system/priv-app/Gallery2/Gallery2.apk Binary XML file line #272
01-03 21:23:32.650   577   625 W PackageParser: Ignoring duplicate uses-permissions/uses-permissions-sdk-m: android.permission.INSTALL_GRANT_RUNTIME_PERMISSIONS in package: com.android.shell at: Binary XML file line #102
01-03 21:23:32.808   577   629 W PackageParser: Ignoring duplicate uses-permissions/uses-permissions-sdk-m: android.permission.USE_CREDENTIALS in package: com.android.settings at: Binary XML file line #53
01-03 21:23:32.813   577   629 W PackageParser: Ignoring duplicate uses-permissions/uses-permissions-sdk-m: android.permission.READ_SYNC_SETTINGS in package: com.android.settings at: Binary XML file line #58
01-03 21:23:32.813   577   629 W PackageParser: Ignoring duplicate uses-permissions/uses-permissions-sdk-m: android.permission.WRITE_SYNC_SETTINGS in package: com.android.settings at: Binary XML file line #59
01-03 21:23:32.894   577   627 W PackageManager: Permission com.android.launcher.permission.INSTALL_SHORTCUT from package com.cyanogenmod.trebuchet in an unknown group android.permission-group.SYSTEM_TOOLS
01-03 21:23:32.894   577   627 W PackageManager: Permission com.android.launcher3.permission.READ_SETTINGS from package com.cyanogenmod.trebuchet in an unknown group android.permission-group.SYSTEM_TOOLS
01-03 21:23:32.894   577   627 W PackageManager: Permission com.android.launcher3.permission.WRITE_SETTINGS from package com.cyanogenmod.trebuchet in an unknown group android.permission-group.SYSTEM_TOOLS
01-03 21:23:32.999   577   628 W PackageParser: Ignoring duplicate uses-permissions/uses-permissions-sdk-m: android.permission.CONFIGURE_WIFI_DISPLAY in package: com.android.systemui at: Binary XML file line #117
01-03 21:23:33.225   577   626 W PackageParser: No actions in intent filter at /system/app/Bluetooth/Bluetooth.apk Binary XML file line #227
01-03 21:23:33.246   577   628 W PackageManager: Non-privileged app; cap priority to 0; package: com.android.cts.ctsshim activity: com.android.cts.ctsshim.InstallPriority origPrio: 100
01-03 21:23:33.246   577   628 W PackageManager: Non-privileged app; cap priority to 0; package: com.android.cts.ctsshim activity: com.android.cts.ctsshim.InstallPriority origPrio: 100
01-03 21:23:33.246   577   628 W PackageManager: Non-privileged app; cap priority to 0; package: com.android.cts.ctsshim activity: com.android.cts.ctsshim.InstallPriority origPrio: 100
01-03 21:23:33.246   577   628 W PackageManager: Non-privileged app; cap priority to 0; package: com.android.cts.ctsshim activity: com.android.cts.ctsshim.InstallPriority origPrio: 100
01-03 21:23:33.246   577   628 W PackageManager: Non-privileged app; cap priority to 0; package: com.android.cts.ctsshim activity: com.android.cts.ctsshim.InstallPriority origPrio: 100
01-03 21:23:33.270   577   630 W PackageParser: No actions in intent filter at /system/app/CMFileManager/CMFileManager.apk Binary XML file line #166
01-03 21:23:33.323   577   629 W PackageManager: Non-privileged app; cap priority to 0; package: com.android.calendar activity: com.android.calendar.GoogleCalendarUriIntentFilter origPrio: 50
01-03 21:23:33.372   577   626 W PackageParser: Ignoring duplicate uses-permissions/uses-permissions-sdk-m: android.permission.WRITE_SETTINGS in package: com.android.deskclock at: Binary XML file line #45
01-03 21:23:33.546   577   626 W PackageParser: Unknown element under <manifest>: meta-data at /system/app/HexoLibre/HexoLibre.apk Binary XML file line #17
01-03 21:23:33.547   577   626 W PackageParser: Unknown element under <manifest>: meta-data at /system/app/HexoLibre/HexoLibre.apk Binary XML file line #18
01-03 21:23:33.599   577   629 W PackageManager: Permission com.android.email.permission.READ_ATTACHMENT from package com.android.email in an unknown group android.permission-group.MESSAGES
01-03 21:23:33.610   577   630 W PackageParser: No actions in intent filter at /system/app/Gello/Gello.apk Binary XML file line #284
01-03 21:23:33.807   577   625 W PackageManager: Failed to parse /data/app/mcRegistry: Missing base APK in /data/app/mcRegistry
01-03 21:23:33.810   577   577 W PackageManager: Protected action; cap priority to 0; package: com.android.cts.priv.ctsshim activity: com.android.cts.priv.ctsshim.InstallPriority origPrio: 100
01-03 21:23:33.811   577   577 W PackageManager: Protected action; cap priority to 0; package: com.android.cts.priv.ctsshim activity: com.android.cts.priv.ctsshim.InstallPriority origPrio: 100
01-03 21:23:33.811   577   577 W PackageManager: Protected action; cap priority to 0; package: com.android.cts.priv.ctsshim activity: com.android.cts.priv.ctsshim.InstallPriority origPrio: 100
01-03 21:23:33.811   577   577 W PackageManager: Protected action; cap priority to 0; package: com.android.cts.priv.ctsshim activity: com.android.cts.priv.ctsshim.InstallPriority origPrio: 100
01-03 21:23:33.811   577   577 W PackageManager: Package org.cyanogenmod.gello.browser desires unavailable shared library com.qrd.useragent; ignoring!
01-03 21:23:33.811   577   577 W PackageManager: Package com.android.gallery3d desires unavailable shared library com.google.android.media.effects; ignoring!
01-03 21:23:33.811   577   577 W PackageManager: Package com.android.gallery3d desires unavailable shared library com.google.android.media.effects; ignoring!
01-03 21:23:33.811   577   577 I PackageManager: Adjusting ABI for com.android.providers.downloads.ui to armeabi-v7a (requirer=com.android.mtp, scannedPackage=null)
01-03 21:23:33.813   577   577 I PackageManager: Adjusting ABI for com.android.providers.downloads to armeabi-v7a (requirer=com.android.mtp, scannedPackage=null)
01-03 21:23:33.814   577   577 I PackageManager: Adjusting ABI for com.android.providers.media to armeabi-v7a (requirer=com.android.mtp, scannedPackage=null)
01-03 21:23:33.815   577   577 I PackageManager: Adjusting ABI for com.android.keychain to armeabi-v7a (requirer=android, scannedPackage=null)
01-03 21:23:33.815   577   577 I PackageManager: Adjusting ABI for com.android.server.telecom to armeabi-v7a (requirer=android, scannedPackage=null)
01-03 21:23:33.816   577   577 I PackageManager: Adjusting ABI for com.android.location.fused to armeabi-v7a (requirer=android, scannedPackage=null)
01-03 21:23:33.817   577   577 I PackageManager: Adjusting ABI for com.android.providers.settings to armeabi-v7a (requirer=android, scannedPackage=null)
01-03 21:23:33.818   577   577 I PackageManager: Adjusting ABI for org.cyanogenmod.cmparts to armeabi-v7a (requirer=android, scannedPackage=null)
01-03 21:23:33.819   577   577 I PackageManager: Adjusting ABI for com.android.settings to armeabi-v7a (requirer=android, scannedPackage=null)
01-03 21:23:33.820   577   577 I PackageManager: Adjusting ABI for com.android.development to armeabi-v7a (requirer=android, scannedPackage=null)
01-03 21:23:33.820   577   577 I PackageManager: Adjusting ABI for com.cyanogenmod.setupwizard to armeabi-v7a (requirer=android, scannedPackage=null)
01-03 21:23:33.821   577   577 I PackageManager: Adjusting ABI for org.cyanogenmod.cmsettings to armeabi-v7a (requirer=android, scannedPackage=null)
01-03 21:23:33.822   577   577 I PackageManager: Adjusting ABI for com.android.inputdevices to armeabi-v7a (requirer=android, scannedPackage=null)
01-03 21:23:33.827   577   577 I PackageManager: Adjusting ABI for cyanogenmod.platform to armeabi-v7a (requirer=android, scannedPackage=null)
01-03 21:23:33.828   577   577 I PackageManager: Adjusting ABI for com.android.wallpaperbackup to armeabi-v7a (requirer=android, scannedPackage=null)
01-03 21:23:33.837   577   577 I PackageManager: Time to scan packages: 2.086 seconds
01-03 21:23:33.838   577   577 W PackageManager: Unknown permission com.google.android.googleapps.permission.GOOGLE_AUTH in package com.android.providers.calendar
01-03 21:23:33.838   577   577 W PackageManager: Unknown permission com.google.android.googleapps.permission.GOOGLE_AUTH.cl in package com.android.providers.calendar
01-03 21:23:33.839   577   577 W PackageManager: Not granting permission android.permission.ACCESS_DOWNLOAD_MANAGER to package org.cyanogenmod.gello.browser (protectionLevel=18 flags=0x3809be45)
01-03 21:23:33.839   577   577 W PackageManager: Not granting permission android.permission.SEND_DOWNLOAD_COMPLETED_INTENTS to package org.cyanogenmod.gello.browser (protectionLevel=2 flags=0x3809be45)
01-03 21:23:33.839   577   577 W PackageManager: Not granting permission android.permission.WRITE_MEDIA_STORAGE to package org.cyanogenmod.gello.browser (protectionLevel=18 flags=0x3809be45)
01-03 21:23:33.839   577   577 W PackageManager: Unknown permission org.cyanogenmod.gello.browser.permission.READ_HOMEPAGE in package org.cyanogenmod.gello.browser
01-03 21:23:33.839   577   577 W PackageManager: Unknown permission org.cyanogenmod.gello.browser.permission.WRITE_HOMEPAGE in package org.cyanogenmod.gello.browser
01-03 21:23:33.840   577   577 W PackageManager: Unknown permission cyanogenmod.permission.LEGALESE in package com.cyanogenmod.setupwizard
01-03 21:23:33.840   577   577 W PackageManager: Unknown permission com.cyngn.stats.SEND_ANALYTICS in package com.cyanogenmod.setupwizard
01-03 21:23:33.840   577   577 W PackageManager: Unknown permission com.cyanogen.permission.REQUEST_KILL_SWITCH_OP in package com.cyanogenmod.setupwizard
01-03 21:23:33.841   577   577 W PackageManager: Unknown permission com.google.android.googleapps.permission.GOOGLE_AUTH.mail in package com.android.calendar
01-03 21:23:33.841   577   577 W PackageManager: Unknown permission com.android.launcher.permission.READ_SETTINGS in package com.android.onetimeinitializer
01-03 21:23:33.841   577   577 W PackageManager: Unknown permission com.android.launcher.permission.WRITE_SETTINGS in package com.android.onetimeinitializer
01-03 21:23:33.842   577   577 W PackageManager: Unknown permission com.android.launcher.permission.READ_SETTINGS in package com.cyanogenmod.trebuchet
01-03 21:23:33.842   577   577 W PackageManager: Unknown permission com.android.launcher.permission.WRITE_SETTINGS in package com.cyanogenmod.trebuchet
01-03 21:23:33.842   577   577 W PackageManager: Unknown permission com.google.android.permission.INSTALL_WEARABLE_PACKAGES in package com.android.packageinstaller
01-03 21:23:33.842   577   577 W PackageManager: Not granting permission android.permission.DELETE_PACKAGES to package com.svox.pico (protectionLevel=18 flags=0x3808be45)
01-03 21:23:33.842   577   577 W PackageManager: Unknown permission android.permission.ACCESS_SUPERUSER in package com.cyanogenmod.filemanager
01-03 21:23:33.842   577   577 W PackageManager: Unknown permission com.cyanogenmod.filemanager.permissions.READ_THEME in package com.cyanogenmod.filemanager
01-03 21:23:33.843   577   577 W PackageManager: Unknown permission com.google.android.gallery3d.permission.PICASA_STORE in package com.android.dreams.phototable
01-03 21:23:33.843   577   577 W PackageManager: Unknown permission com.google.android.googleapps.permission.GOOGLE_AUTH in package com.android.settings
01-03 21:23:33.843   577   577 W PackageManager: Unknown permission com.android.launcher.permission.READ_SETTINGS in package com.android.settings
01-03 21:23:33.843   577   577 W PackageManager: Unknown permission com.android.launcher.permission.WRITE_SETTINGS in package com.android.settings
01-03 21:23:33.843   577   577 W PackageManager: Not granting permission android.permission.REAL_GET_TASKS to package com.cyanogenmod.eleven (protectionLevel=18 flags=0x3818be65)
01-03 21:23:33.844   577   577 W PackageManager: Not granting permission android.permission.MANAGE_DOCUMENTS to package com.android.deskclock (protectionLevel=2 flags=0x3c49be45)
01-03 21:23:33.845   577   577 W PackageManager: Unknown permission com.android.deskclock.worldclock.permissions.WRITE_DATABASE in package com.android.deskclock
01-03 21:23:33.845   577   577 W PackageManager: Unknown permission org.codeaurora.permission.POWER_ON_ALERT in package com.android.deskclock
01-03 21:23:33.845   577   577 W PackageManager: Not granting permission android.permission.WRITE_SECURE_SETTINGS to package com.android.deskclock (protectionLevel=50 flags=0x3c49be45)
01-03 21:23:33.845   577   577 W PackageManager: Unknown permission com.google.android.gallery3d.permission.GALLERY_PROVIDER in package com.android.bluetooth
01-03 21:23:33.846   577   577 W PackageManager: Unknown permission com.google.android.googleapps.permission.ACCESS_GOOGLE_PASSWORD in package com.android.development
01-03 21:23:33.846   577   577 W PackageManager: Unknown permission com.google.android.googleapps.permission.GOOGLE_AUTH in package com.android.development
01-03 21:23:33.846   577   577 W PackageManager: Unknown permission com.google.android.googleapps.permission.GOOGLE_AUTH.ALL_SERVICES in package com.android.development
01-03 21:23:33.846   577   577 W PackageManager: Unknown permission com.google.android.googleapps.permission.GOOGLE_AUTH.YouTubeUser in package com.android.development
01-03 21:23:33.847   577   577 V PackageManager: reconcileAppsData for null u0 0x3
01-03 21:23:33.850   577   577 W PackageManager: Destroying /data/user/0/mcube due to: com.android.server.pm.PackageManagerException: Package mcube is unknown
01-03 21:23:34.784   577   577 V PackageManager: reconcileAppsData finished 95 packages
01-03 21:23:34.785   577   577 V PackageManager: Disabling com.google.android.gsf/com.google.android.gsf.update.SystemUpdateActivity
01-03 21:23:34.785   577   577 W PackageManager: Unable to disable com.google.android.gsf/com.google.android.gsf.update.SystemUpdateActivity
01-03 21:23:34.785   577   577 V PackageManager: Disabling com.google.android.gsf/com.google.android.gsf.update.SystemUpdateService$Receiver
01-03 21:23:34.785   577   577 W PackageManager: Unable to disable com.google.android.gsf/com.google.android.gsf.update.SystemUpdateService$Receiver
01-03 21:23:34.785   577   577 V PackageManager: Disabling com.google.android.gsf/com.google.android.gsf.update.SystemUpdateService$SecretCodeReceiver
01-03 21:23:34.785   577   577 W PackageManager: Unable to disable com.google.android.gsf/com.google.android.gsf.update.SystemUpdateService$SecretCodeReceiver
01-03 21:23:34.785   577   577 V PackageManager: Disabling com.google.android.gsf/com.google.android.gsf.update.SystemUpdateServiceReceiver
01-03 21:23:34.785   577   577 W PackageManager: Unable to disable com.google.android.gsf/com.google.android.gsf.update.SystemUpdateServiceReceiver
01-03 21:23:34.785   577   577 V PackageManager: Disabling com.google.android.gms/com.google.android.gms.update.SystemUpdateActivity
01-03 21:23:34.785   577   577 W PackageManager: Unable to disable com.google.android.gms/com.google.android.gms.update.SystemUpdateActivity
01-03 21:23:34.785   577   577 V PackageManager: Disabling com.google.android.gms/com.google.android.gms.update.SystemUpdateService$Receiver
01-03 21:23:34.785   577   577 W PackageManager: Unable to disable com.google.android.gms/com.google.android.gms.update.SystemUpdateService$Receiver
01-03 21:23:34.785   577   577 V PackageManager: Disabling com.google.android.gms/com.google.android.gms.update.SystemUpdateService$ActiveReceiver
01-03 21:23:34.785   577   577 W PackageManager: Unable to disable com.google.android.gms/com.google.android.gms.update.SystemUpdateService$ActiveReceiver
01-03 21:23:34.785   577   577 V PackageManager: Disabling com.google.android.gms/com.google.android.gms.update.SystemUpdateService$SecretCodeReceiver
01-03 21:23:34.785   577   577 W PackageManager: Unable to disable com.google.android.gms/com.google.android.gms.update.SystemUpdateService$SecretCodeReceiver
01-03 21:23:34.785   577   577 V PackageManager: Disabling com.google.android.gms/com.google.android.gms.update.SystemUpdateServiceReceiver
01-03 21:23:34.785   577   577 W PackageManager: Unable to disable com.google.android.gms/com.google.android.gms.update.SystemUpdateServiceReceiver
01-03 21:23:34.786   577   577 V PackageManager: Enabling com.google.android.gsf/com.google.android.gsf.update.SystemUpdateService
01-03 21:23:34.786   577   577 W PackageManager: Unable to enable com.google.android.gsf/com.google.android.gsf.update.SystemUpdateService
01-03 21:23:34.786   577   577 V PackageManager: Enabling com.google.android.gms/com.google.android.gms.update.SystemUpdateService
01-03 21:23:34.786   577   577 W PackageManager: Unable to enable com.google.android.gms/com.google.android.gms.update.SystemUpdateService
01-03 21:23:34.910   577   577 D PackageManager: Ephemeral resolver NOT found; no matching intent filters
01-03 21:23:34.910   577   577 I PackageManager: Ephemeral deactivated; missing resolver and installer
01-03 21:23:34.968   577   577 I SystemServer: StartOtaDexOptService
01-03 21:23:34.971   577   577 I SystemServer: StartUserManagerService
01-03 21:23:34.972   577   577 I SystemServiceManager: Starting com.android.server.pm.UserManagerService$LifeCycle
01-03 21:23:35.017   577   577 I SystemServiceManager: Starting com.android.server.BatteryService
01-03 21:23:35.032   577   577 I SystemServiceManager: Starting com.android.server.usage.UsageStatsService
01-03 21:23:35.080   577   577 I SystemServiceManager: Starting com.android.server.webkit.WebViewUpdateService
01-03 21:23:35.085   577   602 W ProcessCpuTracker: Skipping unknown process pid 669
01-03 21:23:35.091   577   577 I SystemServer: Reading configuration...
01-03 21:23:35.091   577   577 I SystemServer: StartSchedulingPolicyService
01-03 21:23:35.093   577   577 I SystemServiceManager: Starting com.android.server.telecom.TelecomLoaderService
01-03 21:23:35.096   577   577 I SystemServer: StartTelephonyRegistry
01-03 21:23:35.105   577   577 I SystemServer: StartEntropyMixer
01-03 21:23:35.109   577   577 I EntropyMixer: Writing entropy...
01-03 21:23:35.147   577   577 I SystemServer: Camera Service
01-03 21:23:35.147   577   577 I SystemServiceManager: Starting com.android.server.camera.CameraService
01-03 21:23:35.152   577   677 I ServiceThread: Enabled StrictMode logging for CameraService_proxy looper.
01-03 21:23:35.154   577   577 I SystemServer: StartAccountManagerService
01-03 21:23:35.156   577   577 I SystemServiceManager: Starting com.android.server.accounts.AccountManagerService$Lifecycle
01-03 21:23:35.180   577   577 I SystemServer: StartContentService
01-03 21:23:35.183   577   577 I SystemServiceManager: Starting com.android.server.content.ContentService$Lifecycle
01-03 21:23:35.189   577   577 I SystemServer: InstallSystemProviders
01-03 21:23:35.277   577   577 I SystemServer: StartVibratorService
01-03 21:23:35.283   577   577 I SystemServer: StartConsumerIrService
01-03 21:23:35.287   577   577 I SystemServer: StartAlarmManagerService
01-03 21:23:35.287   577   577 I SystemServiceManager: Starting com.android.server.AlarmManagerService
01-03 21:23:35.302   577   577 I SystemServer: InitWatchdog
01-03 21:23:35.304   577   577 I SystemServer: StartInputManagerService
01-03 21:23:35.306   577   577 I InputManager: Initializing input manager, mUseDevInputEventForAudioJack=false
01-03 21:23:35.308   577   577 I SystemServer: StartWindowManagerService
01-03 21:23:35.344   577   613 I WindowManager: No existing display settings /data/system/display_settings.xml; starting empty
01-03 21:23:35.428   577   577 I SystemServer: StartVrManagerService
01-03 21:23:35.429   577   577 I SystemServiceManager: Starting com.android.server.vr.VrManagerService
01-03 21:23:35.449   577   577 I InputManager: Starting input manager
01-03 21:23:35.469   577   577 I SystemServiceManager: Starting com.android.server.BluetoothService
01-03 21:23:35.476   577   577 D BluetoothManagerService: Loading stored name and address
01-03 21:23:35.477   577   577 D BluetoothManagerService: Stored bluetooth Name=Maxi LTE,Address=22:22:FE:49:67:9F
01-03 21:23:35.477   577   577 D BluetoothManagerService: Bluetooth persisted state: 1
01-03 21:23:35.477   577   577 D BluetoothManagerService: Startup: Bluetooth persisted state is ON.
01-03 21:23:35.477   577   577 I SystemServer: ConnectivityMetricsLoggerService
01-03 21:23:35.478   577   577 I SystemServiceManager: Starting com.android.server.connectivity.MetricsLoggerService
01-03 21:23:35.480   577   577 I SystemServer: IpConnectivityMetrics
01-03 21:23:35.481   577   577 I SystemServiceManager: Starting com.android.server.connectivity.IpConnectivityMetrics
01-03 21:23:35.482   577   577 I SystemServer: PinnerService
01-03 21:23:35.482   577   577 I SystemServiceManager: Starting com.android.server.PinnerService
01-03 21:23:35.484   577   577 I SystemServiceManager: Starting com.android.server.InputMethodManagerService$Lifecycle
01-03 21:23:35.588   577   577 I SystemServer: StartAccessibilityManagerService
01-03 21:23:35.604   577   577 I ActivityManager: Config changes=1df8 {1.0 ?mcc?mnc [ru_RU] ldltr sw360dp w360dp h640dp 320dpi nrml long port ?uimode ?night -touch -keyb/h/h -nav/h s.2}
01-03 21:23:35.622   577   613 I ActivityManager: Config changes=400 {1.0 ?mcc?mnc [ru_RU] ldltr sw360dp w360dp h616dp 320dpi nrml long port ?uimode ?night -touch -keyb/h/h -nav/h s.3}
01-03 21:23:35.655   577   577 I SystemServiceManager: Starting com.android.server.MountService$Lifecycle
01-03 21:23:35.667   577   600 I UsageStatsService: User[0] Rollover scheduled @ 2017-01-04 20:43:06(1483551786563)
01-03 21:23:35.674   577   694 I ActivityManager: Config changes=8 {1.0 ?mcc?mnc [ru_RU] ldltr sw360dp w360dp h616dp 320dpi nrml long port ?uimode ?night finger -keyb/h/h -nav/h s.4}
01-03 21:23:35.696   577   577 I SystemServiceManager: Starting com.android.server.UiModeManagerService
01-03 21:23:35.699   577   577 I ActivityManager: Config changes=200 {1.0 ?mcc?mnc [ru_RU] ldltr sw360dp w360dp h616dp 320dpi nrml long port finger -keyb/h/h -nav/h s.5}
01-03 21:23:35.700   577   698 D MountService: Thinking about init, mSystemReady=false, mDaemonConnected=true
01-03 21:23:35.700   577   698 D MountService: Thinking about reset, mSystemReady=false, mDaemonConnected=true
01-03 21:23:35.701   577   698 D MountService: Thinking about init, mSystemReady=false, mDaemonConnected=true
01-03 21:23:35.701   577   698 D MountService: Thinking about reset, mSystemReady=false, mDaemonConnected=true
01-03 21:23:35.703   577   698 D CryptdConnector: SND -> {1 cryptfs getfield SystemLocale}
01-03 21:23:35.713   577   701 D CryptdConnector: RCV <- {200 1 -1}
01-03 21:23:35.716   577   698 W MountService: No primary storage mounted!
01-03 21:23:35.717   577   698 D VoldConnector: SND -> {1 asec list}
01-03 21:23:35.719   577   700 D VoldConnector: RCV <- {200 1 asec operation succeeded}
01-03 21:23:35.722   577   698 W PackageManager: Unknown permission com.google.android.googleapps.permission.GOOGLE_AUTH in package com.android.providers.calendar
01-03 21:23:35.722   577   698 W PackageManager: Unknown permission com.google.android.googleapps.permission.GOOGLE_AUTH.cl in package com.android.providers.calendar
01-03 21:23:35.723   577   698 W PackageManager: Not granting permission android.permission.ACCESS_DOWNLOAD_MANAGER to package org.cyanogenmod.gello.browser (protectionLevel=18 flags=0x3809be45)
01-03 21:23:35.723   577   698 W PackageManager: Not granting permission android.permission.SEND_DOWNLOAD_COMPLETED_INTENTS to package org.cyanogenmod.gello.browser (protectionLevel=2 flags=0x3809be45)
01-03 21:23:35.723   577   698 W PackageManager: Not granting permission android.permission.WRITE_MEDIA_STORAGE to package org.cyanogenmod.gello.browser (protectionLevel=18 flags=0x3809be45)
01-03 21:23:35.723   577   698 W PackageManager: Unknown permission org.cyanogenmod.gello.browser.permission.READ_HOMEPAGE in package org.cyanogenmod.gello.browser
01-03 21:23:35.723   577   698 W PackageManager: Unknown permission org.cyanogenmod.gello.browser.permission.WRITE_HOMEPAGE in package org.cyanogenmod.gello.browser
01-03 21:23:35.724   577   698 W PackageManager: Unknown permission cyanogenmod.permission.LEGALESE in package com.cyanogenmod.setupwizard
01-03 21:23:35.724   577   698 W PackageManager: Unknown permission com.cyngn.stats.SEND_ANALYTICS in package com.cyanogenmod.setupwizard
01-03 21:23:35.724   577   698 W PackageManager: Unknown permission com.cyanogen.permission.REQUEST_KILL_SWITCH_OP in package com.cyanogenmod.setupwizard
01-03 21:23:35.725   577   698 W PackageManager: Unknown permission com.google.android.googleapps.permission.GOOGLE_AUTH.mail in package com.android.calendar
01-03 21:23:35.725   577   698 W PackageManager: Unknown permission com.android.launcher.permission.READ_SETTINGS in package com.android.onetimeinitializer
01-03 21:23:35.725   577   698 W PackageManager: Unknown permission com.android.launcher.permission.WRITE_SETTINGS in package com.android.onetimeinitializer
01-03 21:23:35.726   577   698 W PackageManager: Unknown permission com.android.launcher.permission.READ_SETTINGS in package com.cyanogenmod.trebuchet
01-03 21:23:35.726   577   698 W PackageManager: Unknown permission com.android.launcher.permission.WRITE_SETTINGS in package com.cyanogenmod.trebuchet
01-03 21:23:35.726   577   698 W PackageManager: Unknown permission com.google.android.permission.INSTALL_WEARABLE_PACKAGES in package com.android.packageinstaller
01-03 21:23:35.726   577   698 W PackageManager: Not granting permission android.permission.DELETE_PACKAGES to package com.svox.pico (protectionLevel=18 flags=0x3808be45)
01-03 21:23:35.726   577   698 W PackageManager: Unknown permission android.permission.ACCESS_SUPERUSER in package com.cyanogenmod.filemanager
01-03 21:23:35.726   577   698 W PackageManager: Unknown permission com.cyanogenmod.filemanager.permissions.READ_THEME in package com.cyanogenmod.filemanager
01-03 21:23:35.726   577   698 W PackageManager: Unknown permission com.google.android.gallery3d.permission.PICASA_STORE in package com.android.dreams.phototable
01-03 21:23:35.727   577   698 W PackageManager: Unknown permission com.google.android.googleapps.permission.GOOGLE_AUTH in package com.android.settings
01-03 21:23:35.727   577   698 W PackageManager: Unknown permission com.android.launcher.permission.READ_SETTINGS in package com.android.settings
01-03 21:23:35.727   577   698 W PackageManager: Unknown permission com.android.launcher.permission.WRITE_SETTINGS in package com.android.settings
01-03 21:23:35.727   577   698 W PackageManager: Not granting permission android.permission.REAL_GET_TASKS to package com.cyanogenmod.eleven (protectionLevel=18 flags=0x3818be65)
01-03 21:23:35.728   577   698 W PackageManager: Not granting permission android.permission.MANAGE_DOCUMENTS to package com.android.deskclock (protectionLevel=2 flags=0x3c49be45)
01-03 21:23:35.728   577   698 W PackageManager: Unknown permission com.android.deskclock.worldclock.permissions.WRITE_DATABASE in package com.android.deskclock
01-03 21:23:35.728   577   698 W PackageManager: Unknown permission org.codeaurora.permission.POWER_ON_ALERT in package com.android.deskclock
01-03 21:23:35.728   577   698 W PackageManager: Not granting permission android.permission.WRITE_SECURE_SETTINGS to package com.android.deskclock (protectionLevel=50 flags=0x3c49be45)
01-03 21:23:35.729   577   698 W PackageManager: Unknown permission com.google.android.gallery3d.permission.GALLERY_PROVIDER in package com.android.bluetooth
01-03 21:23:35.729   577   698 W PackageManager: Unknown permission com.google.android.googleapps.permission.ACCESS_GOOGLE_PASSWORD in package com.android.development
01-03 21:23:35.729   577   698 W PackageManager: Unknown permission com.google.android.googleapps.permission.GOOGLE_AUTH in package com.android.development
01-03 21:23:35.729   577   698 W PackageManager: Unknown permission com.google.android.googleapps.permission.GOOGLE_AUTH.ALL_SERVICES in package com.android.development
01-03 21:23:35.729   577   698 W PackageManager: Unknown permission com.google.android.googleapps.permission.GOOGLE_AUTH.YouTubeUser in package com.android.development
01-03 21:23:35.855   577   698 W MountService: No primary storage mounted!
01-03 21:23:35.855   577   698 D VoldConnector: SND -> {2 asec list}
01-03 21:23:35.857   577   700 D VoldConnector: RCV <- {200 2 asec operation succeeded}
01-03 21:23:35.858   577   577 I SystemServer: StartLockSettingsService
01-03 21:23:35.859   577   577 I SystemServiceManager: Starting com.android.server.LockSettingsService$Lifecycle
01-03 21:23:35.884   577   577 I SystemServiceManager: Starting com.android.server.DeviceIdleController
01-03 21:23:35.896   577   577 I SystemServiceManager: Starting com.android.server.devicepolicy.DevicePolicyManagerService$Lifecycle
01-03 21:23:35.919   577   577 I SystemServer: StartStatusBarManagerService
01-03 21:23:35.924   577   577 I SystemServer: StartClipboardService
01-03 21:23:35.928   577   577 I SystemServer: StartNetworkManagementService
01-03 21:23:35.933   577   704 E NetdConnector: Communications error: java.io.IOException: Connection refused
01-03 21:23:35.934   577   704 E NetdConnector: Error in NativeDaemonConnector: java.io.IOException: Connection refused
01-03 21:23:40.936   577   704 E NetdConnector: Communications error: java.io.IOException: Connection refused
01-03 21:23:40.937   577   704 E NetdConnector: Error in NativeDaemonConnector: java.io.IOException: Connection refused
01-03 21:23:45.938   577   704 I NetworkManagement: onDaemonConnected()
01-03 21:23:45.942   577   577 I SystemServiceManager: Starting com.android.server.TextServicesManagerService$Lifecycle
01-03 21:23:45.984   577   577 I SystemServer: StartNetworkScoreService
01-03 21:23:46.016   577   577 I SystemServer: StartNetworkStatsService
01-03 21:23:46.111   577   577 I SystemServer: StartNetworkPolicyManagerService
01-03 21:23:46.121   577   577 I SystemServer: No Wi-Fi NAN Service (NAN support Not Present)
01-03 21:23:46.126   577   577 I SystemServiceManager: Starting com.android.server.wifi.p2p.WifiP2pService
01-03 21:23:46.253   577   577 I SystemServiceManager: Starting com.android.server.wifi.WifiService
01-03 21:23:46.710   577   577 I SystemServiceManager: Starting com.android.server.wifi.scanner.WifiScanningService
01-03 21:23:46.721   577   577 I SystemServiceManager: Starting com.android.server.wifi.RttService
01-03 21:23:46.725   577   577 I SystemServiceManager: Starting com.android.server.ethernet.EthernetService
01-03 21:23:46.733   577   577 I SystemServer: StartConnectivityService
01-03 21:23:46.744   577   577 D ConnectivityService: ConnectivityService starting up
01-03 21:23:46.752   577   577 D ConnectivityService: wifiOnly=false
01-03 21:23:46.771   577   577 I SystemServer: StartNsdService
01-03 21:23:46.777   577   577 I SystemServer: StartUpdateLockService
01-03 21:23:46.780   577   577 I SystemServiceManager: Starting com.android.server.RecoverySystemService
01-03 21:23:46.784   577   577 I SystemServiceManager: Starting com.android.server.notification.NotificationManagerService
01-03 21:23:46.813   577   577 D ConditionProviders.SCP: new ScheduleConditionProvider()
01-03 21:23:46.819   577   577 D ZenLog  : config: readXml,ZenModeConfig[user=0,allowCalls=true,allowRepeatCallers=false,allowMessages=false,allowCallsFrom=contacts,allowMessagesFrom=contacts,allowReminders=true,allowEvents=true,allowWhenScreenOff=true,allowWhenScreenOn=true,automaticRules={854c42eb2bfe44a1a2637f3b3feaedf4=ZenRule[enabled=false,snoozing=false,name=Weekend,zenMode=ZEN_MODE_ALARMS,conditionId=condition://android/schedule?days=6.7&start=23.30&end=10.0&exitAtAlarm=false,condition=Condition[id=condition://android/schedule?days=6.7&start=23.30&end=10.0&exitAtAlarm=false,summary=...,line1=...,line2=...,icon=0,state=STATE_FALSE,flags=2],component=ComponentInfo{android/com.android.server.notification.ScheduleConditionProvider},id=854c42eb2bfe44a1a2637f3b3feaedf4,creationTime=1483461764887,enabler=null], 4e6d55ca7d414071acd44df0486bf62f=ZenRule[enabled=false,snoozing=false,name=Weeknight,zenMode=ZEN_MODE_ALARMS,conditionId=condition://android/schedule?days=1.2.3.4.5&start=22.0&end=7.0&exitAtAlarm=false,condition=Condition[id=condition://android/schedule?days=1.2.3.4.5&start=22.0&end=7.0&exitAtAlarm=false,summary=...,line1=...,line2=...,icon=0,state=STATE_FALSE,flags=2],component=ComponentInfo{android/com.android.server.notification.ScheduleConditionProvider},id=4e6d55ca7d414071acd44df0486bf62f,creationTime=1483461764886,enabler=null], 8d1c535ecb364ff790a30b05efe9126e=ZenRule[enabled=false,snoozing=false,name=Event,zenMode=ZEN_MODE_ALARMS,conditionId=condition://android/event?userId=-10000&calendar=&reply=1,condition=Condition[id=condition://android/event?userId=-10000&calendar=&reply=1,summary=...,line1=...,line2=...,icon=0,state=STATE_FALSE,flags=2],component=ComponentInfo{android/com.android.server.notification.EventConditionProvider},id=8d1c535ecb364ff790a30b05efe9126e,creationTime=1483461764888,enabler=null]},manualRule=null],Diff[automaticRule[854c42eb2bfe44a1a2637f3b3feaedf4]:insert,automaticRule[4e6d55ca7d414071acd44df0486bf62f]:insert,automaticRule[8d1c535ecb364ff790a30b05efe9126e]:insert,automaticRule[cf1cd4f6f24c4b63bdd376340fa5d171]:delete,automaticRule[51a15a884abd48d393a04180a9808cfc]:delete,automaticRule[55e97e51b84c4d6da514cb096a796290]:delete]
01-03 21:23:46.836   577   577 D ZenLog  : set_zen_mode: off,init
01-03 21:23:46.857   577   577 I SystemServiceManager: Starting com.android.server.storage.DeviceStorageMonitorService
01-03 21:23:46.862   577   577 I SystemServer: StartLocationManagerService
01-03 21:23:46.871   577   577 I SystemServer: StartCountryDetectorService
01-03 21:23:46.875   577   577 I SystemServer: StartSearchManagerService
01-03 21:23:46.875   577   577 I SystemServiceManager: Starting com.android.server.search.SearchManagerService$Lifecycle
01-03 21:23:46.879   577   577 I SystemServiceManager: Starting com.android.server.DropBoxManagerService
01-03 21:23:46.883   577   577 I SystemServer: StartWallpaperManagerService
01-03 21:23:46.883   577   577 I SystemServiceManager: Starting com.android.server.wallpaper.WallpaperManagerService$Lifecycle
01-03 21:23:46.888   577   577 E WallpaperManagerService: Invalid wallpaper data
01-03 21:23:46.888   577   577 E WallpaperManagerService: Unable to apply new wallpaper
01-03 21:23:46.891   577   577 I SystemServer: StartAudioService
01-03 21:23:46.891   577   577 I SystemServiceManager: Starting com.android.server.audio.AudioService$Lifecycle
01-03 21:23:46.994   577   577 I SystemServiceManager: Starting com.android.server.DockObserver
01-03 21:23:46.995   577   577 W DockObserver: This kernel does not have dock station support
01-03 21:23:46.999   577   577 I SystemServer: StartWiredAccessoryManager
01-03 21:23:47.001   577   577 W WiredAccessoryManager: This kernel does not have usb audio support
01-03 21:23:47.002   577   577 W WiredAccessoryManager: This kernel does not have HDMI audio support
01-03 21:23:47.002   577   577 I SystemServiceManager: Starting com.android.server.usb.UsbService$Lifecycle
01-03 21:23:47.025   577   577 I SystemServer: StartSerialService
01-03 21:23:47.028   577   577 I SystemServiceManager: Starting com.android.server.twilight.TwilightService
01-03 21:23:47.030   577   577 I SystemServiceManager: Starting com.android.server.job.JobSchedulerService
01-03 21:23:47.039   577   577 D JobStore: Start tag: job-info
01-03 21:23:47.052   577   577 I SystemServiceManager: Starting com.android.server.soundtrigger.SoundTriggerService
01-03 21:23:47.055   577   577 I SystemServiceManager: Starting com.android.server.backup.BackupManagerService$Lifecycle
01-03 21:23:47.059   577   577 I SystemServiceManager: Starting com.android.server.appwidget.AppWidgetService
01-03 21:23:47.074   577   577 I SystemServiceManager: Starting com.android.server.voiceinteraction.VoiceInteractionManagerService
01-03 21:23:47.080   577   577 I SystemServer: Gesture Launcher Service
01-03 21:23:47.080   577   577 I SystemServiceManager: Starting com.android.server.GestureLauncherService
01-03 21:23:47.081   577   577 I SystemServiceManager: Starting com.android.server.SensorNotificationService
01-03 21:23:47.082   577   577 I SystemServiceManager: Starting com.android.server.ContextHubSystemService
01-03 21:23:47.084   577   577 I SystemServer: StartDiskStatsService
01-03 21:23:47.085   577   577 I SystemServer: StartSamplingProfilerService
01-03 21:23:47.113   577   577 I SystemServer: StartNetworkTimeUpdateService
01-03 21:23:47.119   577   577 I SystemServer: StartCommonTimeManagementService
01-03 21:23:47.122   577   577 I SystemServer: CertBlacklister
01-03 21:23:47.124   577   577 I SystemServiceManager: Starting com.android.server.emergency.EmergencyAffordanceService
01-03 21:23:47.158   577   577 I SystemServiceManager: Starting com.android.server.dreams.DreamManagerService
01-03 21:23:47.178   577   577 I SystemServer: StartAssetAtlasService
01-03 21:23:47.193   577   577 I SystemServiceManager: Starting com.android.server.print.PrintManagerService
01-03 21:23:47.201   577   577 I SystemServiceManager: Starting com.android.server.restrictions.RestrictionsManagerService
01-03 21:23:47.207   577   577 I SystemServiceManager: Starting com.android.server.media.MediaSessionService
01-03 21:23:47.221   577   577 I SystemServer: StartMediaRouterService
01-03 21:23:47.257   577   577 I SystemServiceManager: Starting com.android.server.trust.TrustManagerService
01-03 21:23:47.264   577   577 I SystemServer: StartBackgroundDexOptService
01-03 21:23:47.268   577   577 I SystemServiceManager: Starting com.android.server.pm.ShortcutService$Lifecycle
01-03 21:23:47.282   577   577 I SystemServiceManager: Starting com.android.server.pm.LauncherAppsService
01-03 21:23:47.286   577   577 I SystemServiceManager: Starting com.android.server.media.projection.MediaProjectionManagerService
01-03 21:23:47.466   577   577 I SystemServiceManager: Starting com.android.server.MmsServiceBroker
01-03 21:23:47.474   577   577 I CMSystemServer: Attempting to start service org.cyanogenmod.platform.internal.CMStatusBarManagerService
01-03 21:23:47.483   577   577 I CMSystemServer: Starting service org.cyanogenmod.platform.internal.CMStatusBarManagerService
01-03 21:23:47.483   577   577 I SystemServiceManager: Starting org.cyanogenmod.platform.internal.CMStatusBarManagerService
01-03 21:23:47.486   577   577 I CMSystemServer: Attempting to start service org.cyanogenmod.platform.internal.ProfileManagerService
01-03 21:23:47.494   577   577 I CMSystemServer: Starting service org.cyanogenmod.platform.internal.ProfileManagerService
01-03 21:23:47.495   577   577 I SystemServiceManager: Starting org.cyanogenmod.platform.internal.ProfileManagerService
01-03 21:23:47.523   577   577 I CMSystemServer: Attempting to start service org.cyanogenmod.platform.internal.PartnerInterfaceService
01-03 21:23:47.527   577   577 I CMSystemServer: Starting service org.cyanogenmod.platform.internal.PartnerInterfaceService
01-03 21:23:47.527   577   577 I SystemServiceManager: Starting org.cyanogenmod.platform.internal.PartnerInterfaceService
01-03 21:23:47.528   577   577 I CMSystemServer: Attempting to start service org.cyanogenmod.platform.internal.CMTelephonyManagerService
01-03 21:23:47.531   577   577 I CMSystemServer: Starting service org.cyanogenmod.platform.internal.CMTelephonyManagerService
01-03 21:23:47.531   577   577 I SystemServiceManager: Starting org.cyanogenmod.platform.internal.CMTelephonyManagerService
01-03 21:23:47.532   577   577 I CMSystemServer: Attempting to start service org.cyanogenmod.platform.internal.CMHardwareService
01-03 21:23:47.544   577   577 I CMSystemServer: Starting service org.cyanogenmod.platform.internal.CMHardwareService
01-03 21:23:47.544   577   577 I SystemServiceManager: Starting org.cyanogenmod.platform.internal.CMHardwareService
01-03 21:23:47.546   577   577 I CMSystemServer: Attempting to start service org.cyanogenmod.platform.internal.AppSuggestManagerService
01-03 21:23:47.548   577   577 I CMSystemServer: Starting service org.cyanogenmod.platform.internal.AppSuggestManagerService
01-03 21:23:47.549   577   577 I SystemServiceManager: Starting org.cyanogenmod.platform.internal.AppSuggestManagerService
01-03 21:23:47.550   577   577 E AppSgstMgrService: no app suggest provider found
01-03 21:23:47.552   577   577 I CMSystemServer: Attempting to start service org.cyanogenmod.platform.internal.PerformanceManagerService
01-03 21:23:47.559   577   861 I ServiceThread: Enabled StrictMode logging for PerformanceManager looper.
01-03 21:23:47.562   577   577 I CMSystemServer: Starting service org.cyanogenmod.platform.internal.PerformanceManagerService
01-03 21:23:47.562   577   577 I SystemServiceManager: Starting org.cyanogenmod.platform.internal.PerformanceManagerService
01-03 21:23:47.565   577   862 I ServiceThread: Enabled StrictMode logging for PerformanceManager looper.
01-03 21:23:47.566   577   577 I CMSystemServer: Attempting to start service org.cyanogenmod.platform.internal.ThemeManagerServiceBroker
01-03 21:23:47.580   577   577 E BrokerableCMSystemService: Setting brokered service connection org.cyanogenmod.platform.internal.ThemeManagerServiceBroker$2@ccf8630
01-03 21:23:47.581   577   577 I CMSystemServer: Starting service org.cyanogenmod.platform.internal.ThemeManagerServiceBroker
01-03 21:23:47.581   577   577 I SystemServiceManager: Starting org.cyanogenmod.platform.internal.ThemeManagerServiceBroker
01-03 21:23:47.581   577   577 E BrokerableCMSystemService: Setting brokered service connection org.cyanogenmod.platform.internal.ThemeManagerServiceBroker$2@85ef2a9
01-03 21:23:47.582   577   577 I CMSystemServer: Attempting to start service org.cyanogenmod.platform.internal.IconCacheManagerServiceBroker
01-03 21:23:47.585   577   577 E BrokerableCMSystemService: Setting brokered service connection org.cyanogenmod.platform.internal.IconCacheManagerServiceBroker$2@613002e
01-03 21:23:47.585   577   577 I CMSystemServer: Starting service org.cyanogenmod.platform.internal.IconCacheManagerServiceBroker
01-03 21:23:47.585   577   577 I SystemServiceManager: Starting org.cyanogenmod.platform.internal.IconCacheManagerServiceBroker
01-03 21:23:47.585   577   577 E BrokerableCMSystemService: Setting brokered service connection org.cyanogenmod.platform.internal.IconCacheManagerServiceBroker$2@1b947cf
01-03 21:23:47.586   577   577 I CMSystemServer: Attempting to start service org.cyanogenmod.platform.internal.LiveLockScreenServiceBroker
01-03 21:23:47.590   577   577 E BrokerableCMSystemService: Setting brokered service connection org.cyanogenmod.platform.internal.LiveLockScreenServiceBroker$2@8ded55c
01-03 21:23:47.590   577   577 I CMSystemServer: Starting service org.cyanogenmod.platform.internal.LiveLockScreenServiceBroker
01-03 21:23:47.591   577   577 I SystemServiceManager: Starting org.cyanogenmod.platform.internal.LiveLockScreenServiceBroker
01-03 21:23:47.591   577   577 E BrokerableCMSystemService: Setting brokered service connection org.cyanogenmod.platform.internal.LiveLockScreenServiceBroker$2@d0b1065
01-03 21:23:47.593   577   577 I CMSystemServer: Attempting to start service org.cyanogenmod.platform.internal.WeatherManagerServiceBroker
01-03 21:23:47.595   577   577 I CMSystemServer: Starting service org.cyanogenmod.platform.internal.WeatherManagerServiceBroker
01-03 21:23:47.595   577   577 I SystemServiceManager: Starting org.cyanogenmod.platform.internal.WeatherManagerServiceBroker
01-03 21:23:47.596   577   577 I CMSystemServer: Attempting to start service org.cyanogenmod.platform.internal.display.LiveDisplayService
01-03 21:23:47.607   577   863 I ServiceThread: Enabled StrictMode logging for LiveDisplay looper.
01-03 21:23:47.615   577   577 I CMSystemServer: Starting service org.cyanogenmod.platform.internal.display.LiveDisplayService
01-03 21:23:47.616   577   577 I SystemServiceManager: Starting org.cyanogenmod.platform.internal.display.LiveDisplayService
01-03 21:23:47.620   577   864 I ServiceThread: Enabled StrictMode logging for LiveDisplay looper.
