01-03 21:23:47.590   577   577 E BrokerableCMSystemService: Setting brokered service connection org.cyanogenmod.platform.internal.LiveLockScreenServiceBroker$2@8ded55c
01-03 21:23:47.590   577   577 I CMSystemServer: Starting service org.cyanogenmod.platform.internal.LiveLockScreenServiceBroker
01-03 21:23:47.591   577   577 I SystemServiceManager: Starting org.cyanogenmod.platform.internal.LiveLockScreenServiceBroker
01-03 21:23:47.591   577   577 E BrokerableCMSystemService: Setting brokered service connection org.cyanogenmod.platform.internal.LiveLockScreenServiceBroker$2@d0b1065
01-03 21:23:47.593   577   577 I CMSystemServer: Attempting to start service org.cyanogenmod.platform.internal.WeatherManagerServiceBroker
01-03 21:23:47.595   577   577 I CMSystemServer: Starting service org.cyanogenmod.platform.internal.WeatherManagerServiceBroker
01-03 21:23:47.595   577   577 I SystemServiceManager: Starting org.cyanogenmod.platform.internal.WeatherManagerServiceBroker
01-03 21:23:47.596   577   577 I CMSystemServer: Attempting to start service org.cyanogenmod.platform.internal.display.LiveDisplayService
01-03 21:23:47.607   577   863 I ServiceThread: Enabled StrictMode logging for LiveDisplay looper.
01-03 21:23:47.615   577   577 I CMSystemServer: Starting service org.cyanogenmod.platform.internal.display.LiveDisplayService
01-03 21:23:47.616   577   577 I SystemServiceManager: Starting org.cyanogenmod.platform.internal.display.LiveDisplayService
01-03 21:23:47.620   577   864 I ServiceThread: Enabled StrictMode logging for LiveDisplay looper.
01-03 21:23:47.623   577   577 I CMSystemServer: Attempting to start service org.cyanogenmod.platform.internal.CMAudioServiceBroker
01-03 21:23:47.623   847   847 D ImgSensorDrv: [impSearchSensor]SENSOR search start 
01-03 21:23:47.623   847   847 D ImgSensorDrv: [impSearchSensor]impSearchSensor search to sub
01-03 21:23:47.623   847   847 D ImgSensorDrv: [impSearchSensor]set sensor driver id =10000
01-03 21:23:47.625   577   577 I CMSystemServer: Starting service org.cyanogenmod.platform.internal.CMAudioServiceBroker
01-03 21:23:47.625   577   577 I SystemServiceManager: Starting org.cyanogenmod.platform.internal.CMAudioServiceBroker
01-03 21:23:47.668   847   847 D ImgSensorDrv: [getCurrentSensorType][getCurrentSensorType] 
01-03 21:23:47.668   847   847 D ImgSensorDrv: [getInfo][getInfo],m_fdSensor = 0x8 
01-03 21:23:47.668   847   847 D ImgSensorDrv: [getSocketPosition][getSocketPosition]:[1][1] 
01-03 21:23:47.668   847   847 D ImgSensorDrv: [impSearchSensor]found <0x5005/gc5005mipiraw/SENSOR_DRVNAME_GC5005MIPI_RAW>
01-03 21:23:47.668   847   847 D ImgSensorDrv: [impSearchSensor]MAIN sensor found:[0]/[0x10000]/[0]/[1] 
01-03 21:23:47.668   847   847 D ImgSensorDrv: [impSearchSensor]set sensor driver id =10001
01-03 21:23:47.696   577   577 E LockSettingsStorage: Cannot read file java.io.FileNotFoundException: /data/system/gatekeeper.password.key: open failed: ENOENT (No such file or directory)
01-03 21:23:47.697   577   577 E LockSettingsStorage: Cannot read file java.io.FileNotFoundException: /data/system/password.key: open failed: ENOENT (No such file or directory)
01-03 21:23:47.698   577   577 E LockSettingsStorage: Cannot read file java.io.FileNotFoundException: /data/system/gatekeeper.pattern.key: open failed: ENOENT (No such file or directory)
01-03 21:23:47.699   577   577 E LockSettingsStorage: Cannot read file java.io.FileNotFoundException: /data/system/gatekeeper.gesture.key: open failed: ENOENT (No such file or directory)
01-03 21:23:47.700   577   577 E LockSettingsStorage: Cannot read file java.io.FileNotFoundException: /data/system/gesture.key: open failed: ENOENT (No such file or directory)
01-03 21:23:47.700   577   577 I SystemServiceManager: Starting phase 480
01-03 21:23:47.712   577   577 I DevicePolicyManagerService: Set ro.device_owner property to false
01-03 21:23:47.713   847   847 D ImgSensorDrv: [impSearchSensor][impSearchSensor] Err-ctrlCode (I/O error) 
01-03 21:23:47.713   847   847 D ImgSensorDrv: [getCurrentSensorType][getCurrentSensorType] 
01-03 21:23:47.713   847   847 D ImgSensorDrv: [getInfo][getInfo],m_fdSensor = 0x8 
01-03 21:23:47.713   847   847 D ImgSensorDrv: [getSocketPosition][getSocketPosition]:[1][1] 
01-03 21:23:47.713   847   847 D ImgSensorDrv: [impSearchSensor]sensor ID mismatch
01-03 21:23:47.713   847   847 D ImgSensorDrv: [impSearchSensor]m_pstSensorInitFunc[i].getCameraDefault is NULL: 2 
01-03 21:23:47.713   847   847 D ImgSensorDrv: [impSearchSensor]impSearchSensor search to sub
01-03 21:23:47.713   847   847 D ImgSensorDrv: [impSearchSensor]set sensor driver id =20000
01-03 21:23:47.716   577   577 I SystemServiceManager: Starting phase 500
01-03 21:23:47.734   577   577 I WifiService: WifiService starting up with Wi-Fi enabled
01-03 21:23:47.741   577   577 D WifiService: setWifiEnabled: true pid=577, uid=1000
01-03 21:23:47.745   577   829 I chatty  : uid=1000(system) WifiService expire 2 lines
01-03 21:23:47.760   847   847 D ImgSensorDrv: [impSearchSensor][impSearchSensor] Err-ctrlCode (I/O error) 
01-03 21:23:47.760   847   847 D ImgSensorDrv: [getCurrentSensorType][getCurrentSensorType] 
01-03 21:23:47.760   847   847 D ImgSensorDrv: [getInfo][getInfo],m_fdSensor = 0x8 
01-03 21:23:47.760   847   847 D ImgSensorDrv: [getSocketPosition][getSocketPosition]:[2][-1] 
01-03 21:23:47.760   847   847 D ImgSensorDrv: [impSearchSensor]sensor ID mismatch
01-03 21:23:47.760   847   847 D ImgSensorDrv: [impSearchSensor]set sensor driver id =20001
01-03 21:23:47.785   577   834 D ConnectivityService: Got NetworkFactory Messenger for Ethernet
01-03 21:23:47.785   577   866 I chatty  : uid=1000(system) EthernetService expire 1 line
01-03 21:23:47.796   577   577 D ZenLog  : config: cleanUpZenRules,ZenModeConfig[user=0,allowCalls=true,allowRepeatCallers=false,allowMessages=false,allowCallsFrom=contacts,allowMessagesFrom=contacts,allowReminders=true,allowEvents=true,allowWhenScreenOff=true,allowWhenScreenOn=true,automaticRules={854c42eb2bfe44a1a2637f3b3feaedf4=ZenRule[enabled=false,snoozing=false,name=Weekend,zenMode=ZEN_MODE_ALARMS,conditionId=condition://android/schedule?days=6.7&start=23.30&end=10.0&exitAtAlarm=false,condition=Condition[id=condition://android/schedule?days=6.7&start=23.30&end=10.0&exitAtAlarm=false,summary=...,line1=...,line2=...,icon=0,state=STATE_FALSE,flags=2],component=ComponentInfo{android/com.android.server.notification.ScheduleConditionProvider},id=854c42eb2bfe44a1a2637f3b3feaedf4,creationTime=1483461764887,enabler=null], 4e6d55ca7d414071acd44df0486bf62f=ZenRule[enabled=false,snoozing=false,name=Weeknight,zenMode=ZEN_MODE_ALARMS,conditionId=condition://android/schedule?days=1.2.3.4.5&start=22.0&end=7.0&exitAtAlarm=false,condition=Condition[id=condition://android/schedule?days=1.2.3.4.5&start=22.0&end=7.0&exitAtAlarm=false,summary=...,line1=...,line2=...,icon=0,state=STATE_FALSE,flags=2],component=ComponentInfo{android/com.android.server.notification.ScheduleConditionProvider},id=4e6d55ca7d414071acd44df0486bf62f,creationTime=1483461764886,enabler=null], 8d1c535ecb364ff790a30b05efe9126e=ZenRule[enabled=false,snoozing=false,name=Event,zenMode=ZEN_MODE_ALARMS,conditionId=condition://android/event?userId=-10000&calendar=&reply=1,condition=Condition[id=condition://android/event?userId=-10000&calendar=&reply=1,summary=...,line1=...,line2=...,icon=0,state=STATE_FALSE,flags=2],component=ComponentInfo{android/com.android.server.notification.EventConditionProvider},id=8d1c535ecb364ff790a30b05efe9126e,creationTime=1483461764888,enabler=null]},manualRule=null],Diff[]
01-03 21:23:47.796   577   577 D ZenLog  : set_zen_mode: off,onSystemReady
01-03 21:23:47.804   303   303 D PermissionCache: checking android.permission.CAPTURE_AUDIO_HOTWORD for uid=1000 => granted (848 us)
01-03 21:23:47.805   577   577 W SoundTriggerHelper: listModules status=0, # of modules=0
01-03 21:23:47.810   847   847 D ImgSensorDrv: [getCurrentSensorType][getCurrentSensorType] 
01-03 21:23:47.810   847   847 D ImgSensorDrv: [getInfo][getInfo],m_fdSensor = 0x8 
01-03 21:23:47.810   847   847 D ImgSensorDrv: [getSocketPosition][getSocketPosition]:[2][-1] 
01-03 21:23:47.810   847   847 D ImgSensorDrv: [impSearchSensor]found <0x30a/gc030amipiraw/SENSOR_DRVNAME_GC030AMIPI_RAW>
01-03 21:23:47.810   847   847 D ImgSensorDrv: [impSearchSensor]SUB sensor found:[1]/[0x20001]/[0]/[-1] 
01-03 21:23:47.810   847   847 D ImgSensorDrv: [impSearchSensor]m_pstSensorInitFunc[i].getCameraDefault is NULL: 2 
01-03 21:23:47.810   847   847 D ImgSensorDrv: [impSearchSensor]SENSOR search end: 0x3 /[0x5005][0]/[0xffffff][255]/[0x30a][1]
01-03 21:23:47.810   847   847 D ImgSensorDrv: [init][init] mUsers = 0
01-03 21:23:47.810   847   847 D ImgSensorDrv: [getResolution][getResolution] ACDK_SENSOR_RESOLUTION_INFO_STRUCT
01-03 21:23:47.810   847   847 F libc    : stack corruption detected
01-03 21:23:47.811   847   847 F libc    : Fatal signal 6 (SIGABRT), code -6 in tid 847 (cameraserver)
01-03 21:23:47.812   254   254 W         : debuggerd: handling request: pid=847 uid=1047 gid=1005 tid=847
01-03 21:23:47.832   867   867 E         : debuggerd: Unable to connect to activity manager (connect failed: Connection refused)
01-03 21:23:47.882   867   867 F DEBUG   : *** *** *** *** *** *** *** *** *** *** *** *** *** *** *** ***
01-03 21:23:47.883   867   867 F DEBUG   : CM Version: '14.1-20170103-UNOFFICIAL-maxi_lte'
01-03 21:23:47.883   867   867 F DEBUG   : Build fingerprint: 'Tele2/cm_maxi_lte/maxi_lte:7.1.1/NMF26Q/8407619d3f:userdebug/test-keys'
01-03 21:23:47.883   867   867 F DEBUG   : Revision: '0'
01-03 21:23:47.883   867   867 F DEBUG   : ABI: 'arm'
01-03 21:23:47.883   867   867 F DEBUG   : pid: 847, tid: 847, name: cameraserver  >>> /system/bin/cameraserver <<<
01-03 21:23:47.883   867   867 F DEBUG   : signal 6 (SIGABRT), code -6 (SI_TKILL), fault addr --------
01-03 21:23:47.887   867   867 F DEBUG   : Abort message: 'stack corruption detected'
01-03 21:23:47.888   867   867 F DEBUG   :     r0 00000000  r1 0000034f  r2 00000006  r3 00000008
01-03 21:23:47.888   867   867 F DEBUG   :     r4 f74ce58c  r5 00000006  r6 f74ce534  r7 0000010c
01-03 21:23:47.888   867   867 F DEBUG   :     r8 f6169d58  r9 f61644c0  sl f6169d54  fp f6b43008
01-03 21:23:47.888   867   867 F DEBUG   :     ip 00000005  sp ffc05980  lr f6afdca7  pc f6b00504  cpsr 200f0010
01-03 21:23:47.895   867   867 F DEBUG   : 
01-03 21:23:47.895   867   867 F DEBUG   : backtrace:
01-03 21:23:47.895   867   867 F DEBUG   :     #00 pc 0004a504  /system/lib/libc.so (tgkill+12)
01-03 21:23:47.895   867   867 F DEBUG   :     #01 pc 00047ca3  /system/lib/libc.so (pthread_kill+34)
01-03 21:23:47.896   867   867 F DEBUG   :     #02 pc 0001d585  /system/lib/libc.so (raise+10)
01-03 21:23:47.896   867   867 F DEBUG   :     #03 pc 000190d1  /system/lib/libc.so (__libc_android_abort+34)
01-03 21:23:47.896   867   867 F DEBUG   :     #04 pc 00017138  /system/lib/libc.so (abort+4)
01-03 21:23:47.896   867   867 F DEBUG   :     #05 pc 0001b57f  /system/lib/libc.so (__libc_fatal+22)
01-03 21:23:47.896   867   867 F DEBUG   :     #06 pc 000489bb  /system/lib/libc.so (__stack_chk_fail+6)
01-03 21:23:47.896   867   867 F DEBUG   :     #07 pc 0001ab3b  /system/lib/libc.so (ioctl+66)
01-03 21:23:47.896   867   867 F DEBUG   :     #08 pc 00011981  /system/lib/libcam.halsensor.so (_ZN12ImgSensorDrv13getResolutionEPP34ACDK_SENSOR_RESOLUTION_INFO_STRUCT+60)
01-03 21:23:47.896   867   867 F DEBUG   :     #09 pc 0001335b  /system/lib/libcam.halsensor.so (_ZN12ImgSensorDrv4initEi+370)
01-03 21:23:47.896   867   867 F DEBUG   :     #10 pc 0000fec5  /system/lib/libcam.halsensor.so (_ZN5NSCam11NSHalSensor13HalSensorList18querySensorDrvInfoEv+28)
01-03 21:23:47.896   867   867 F DEBUG   :     #11 pc 0000fd2f  /system/lib/libcam.halsensor.so (_ZN5NSCam11NSHalSensor13HalSensorList22enumerateSensor_LockedEv+178)
01-03 21:23:47.896   867   867 F DEBUG   :     #12 pc 0000f95d  /system/lib/libcam.halsensor.so (_ZN5NSCam11NSHalSensor13HalSensorList13searchSensorsEv+14)
01-03 21:23:47.896   867   867 F DEBUG   :     #13 pc 000042b9  /system/lib/hw/camera.mt6737m.so (_ZN5NSCam19CamDeviceManagerImp16enumDeviceLockedEv+52)
01-03 21:23:47.896   867   867 F DEBUG   :     #14 pc 00004a23  /system/lib/hw/camera.mt6737m.so (_ZN5NSCam20CamDeviceManagerBase18getNumberOfDevicesEv+38)
01-03 21:23:47.896   867   867 F DEBUG   :     #15 pc 00060513  /system/lib/libcameraservice.so (_ZN7android12CameraModule18getNumberOfCamerasEv+58)
01-03 21:23:47.897   867   867 F DEBUG   :     #16 pc 0006041f  /system/lib/libcameraservice.so (_ZN7android12CameraModule4initEv+182)
01-03 21:23:47.897   867   867 F DEBUG   :     #17 pc 0004fd4d  /system/lib/libcameraservice.so (_ZN7android13CameraService10onFirstRefEv+100)
01-03 21:23:47.897   867   867 F DEBUG   :     #18 pc 00000be3  /system/bin/cameraserver
01-03 21:23:47.897   867   867 F DEBUG   :     #19 pc 00000b25  /system/bin/cameraserver
01-03 21:23:47.897   867   867 F DEBUG   :     #20 pc 00016cad  /system/lib/libc.so (__libc_init+48)
01-03 21:23:47.897   867   867 F DEBUG   :     #21 pc 00000a18  /system/bin/cameraserver
01-03 21:23:47.900   577   577 I ActivityManager: Config changes=20 {1.0 ?mcc?mnc [ru_RU] ldltr sw360dp w360dp h616dp 320dpi nrml long port finger -keyb/v/h -nav/h s.6}
01-03 21:23:47.993   577   577 V UserManagerService: Found /data/user_de/0 with serial number 0
01-03 21:23:47.994   254   254 W         : debuggerd: resuming target 847
01-03 21:23:47.999   577   577 V UserManagerService: Found /data/user/0 with serial number 0
01-03 21:23:47.999   577   577 V UserManagerService: Found /data/system_de/0 with serial number 0
01-03 21:23:47.999   577   577 V UserManagerService: Found /data/system_ce/0 with serial number 0
01-03 21:23:47.999   577   615 W KeyguardServiceDelegate: onScreenTurningOn(): no keyguard service!
01-03 21:23:48.000   577   577 W PackageManager: Destroying /data/app/mcRegistry due to: android.content.pm.PackageParser$PackageParserException: Missing base APK in /data/app/mcRegistry
01-03 21:23:48.015   577   577 I ActivityManager: System now ready
01-03 21:23:48.022   577   577 I SystemServer: Making services ready
01-03 21:23:48.023   577   577 I SystemServiceManager: Starting phase 550
01-03 21:23:48.027   577   577 D BluetoothManagerService: Bluetooth boot completed
01-03 21:23:48.027   577   577 D BluetoothManagerService: Auto-enabling Bluetooth.
01-03 21:23:48.028   577   612 D BluetoothManagerService: Message: 1
01-03 21:23:48.028   577   612 D BluetoothManagerService: MESSAGE_ENABLE: mBluetooth = null
01-03 21:23:48.042   577   612 I chatty  : uid=1000(system) android.io expire 1 line
01-03 21:23:48.056   577   612 I ActivityManager: Start proc 886:com.android.bluetooth/1002 for service com.android.bluetooth/.btservice.AdapterService
01-03 21:23:48.070   577   577 E InputMethodManagerService: Ignoring updateSystemUiLocked due to an invalid token. uid:1000 token:null
01-03 21:23:48.142   577   577 I ActivityManager: Start proc 900:com.android.inputmethod.latin/u0a65 for service com.android.inputmethod.latin/.LatinIME
01-03 21:23:48.143   577   577 V InputMethodManagerService: Adding window token: android.os.Binder@927141f
01-03 21:23:48.145   577   698 D MountService: Thinking about init, mSystemReady=true, mDaemonConnected=true
01-03 21:23:48.145   577   698 D MountService: Setting up emulation state, initlocked=false
01-03 21:23:48.146   577   698 D CryptdConnector: SND -> {2 cryptfs unlock_user_key 0 0 ! !}
01-03 21:23:48.147   256   269 D vold    : e4crypt_unlock_user_key 0 serial=0 token_present=0
01-03 21:23:48.148   577   701 D CryptdConnector: RCV <- {200 2 Command succeeded}
01-03 21:23:48.150   577   698 D MountService: Thinking about reset, mSystemReady=true, mDaemonConnected=true
01-03 21:23:48.151   577   577 E WallpaperManagerService: Invalid wallpaper data
01-03 21:23:48.151   577   577 E WallpaperManagerService: Unable to apply new wallpaper
01-03 21:23:48.152   577   602 I ActivityManager: Force stopping com.android.providers.media appid=10014 user=-1: vold reset
01-03 21:23:48.154   577   698 D VoldConnector: SND -> {3 volume reset}
01-03 21:23:48.155   577   700 D VoldConnector: RCV <- {651 emulated 7}
01-03 21:23:48.156   256   268 V vold    : /system/bin/sgdisk
01-03 21:23:48.156   577   700 D VoldConnector: RCV <- {659 emulated}
01-03 21:23:48.156   256   268 V vold    :     --android-dump
01-03 21:23:48.156   256   268 V vold    :     /dev/block/vold/disk:179_128
01-03 21:23:48.157   577   700 D VoldConnector: RCV <- {650 emulated 2 "" ""}
01-03 21:23:48.158   577   700 D VoldConnector: RCV <- {654 emulated emulated}
01-03 21:23:48.158   577   700 D VoldConnector: RCV <- {651 emulated 0}
01-03 21:23:48.159   577   700 D VoldConnector: RCV <- {651 public:179_129 7}
01-03 21:23:48.160   577   611 V MountService: Found primary storage at VolumeInfo{emulated}:
01-03 21:23:48.160   577   611 V MountService:     type=EMULATED diskId=null partGuid=null mountFlags=0 mountUserId=-1 
01-03 21:23:48.160   577   611 V MountService:     state=UNMOUNTED 
01-03 21:23:48.160   577   611 V MountService:     fsType=null fsUuid=null fsLabel=null 
01-03 21:23:48.160   577   611 V MountService:     path=null internalPath=null 
01-03 21:23:48.160   577   700 D VoldConnector: RCV <- {659 public:179_129}
01-03 21:23:48.161   577   700 D VoldConnector: RCV <- {649 disk:179_128}
01-03 21:23:48.178   577   577 I ActivityManager: Start proc 914:com.android.systemui/u0a31 for service com.android.systemui/.ImageWallpaper
01-03 21:23:48.186   303   451 D AudioALSAHardware: +setParameters(): A2dpSuspended=false
01-03 21:23:48.186   303   451 W AudioALSAHardware: setParameters(), still have param.size() = 1, remain param = "A2dpSuspended=false"
01-03 21:23:48.186   303   451 D AudioALSAHardware: -setParameters(): A2dpSuspended=false 
01-03 21:23:48.191   577   612 D BluetoothManagerService: Message: 20
01-03 21:23:48.192   577   612 D BluetoothManagerService: Added callback: android.bluetooth.BluetoothAdapter$1@f43430f:true
01-03 21:23:48.193   577   577 D UsbAlsaManager: Adding ALSA device AlsaDevice: [card: 0, device: 24, type: 1]
01-03 21:23:48.193   577   577 D UsbAlsaManager: Adding ALSA device AlsaDevice: [card: 0, device: 22, type: 1]
01-03 21:23:48.193   577   577 D UsbAlsaManager: Adding ALSA device AlsaDevice: [card: 0, device: 21, type: 1]
01-03 21:23:48.193   577   577 D UsbAlsaManager: Adding ALSA device AlsaDevice: [card: 0, device: 22, type: 2]
01-03 21:23:48.194   577   577 D UsbAlsaManager: Adding ALSA device AlsaDevice: [card: 0, device: 20, type: 1]
01-03 21:23:48.194   577   577 D UsbAlsaManager: Adding ALSA device AlsaDevice: [card: 0, device: 21, type: 2]
01-03 21:23:48.195   577   577 D UsbAlsaManager: Adding ALSA device AlsaDevice: [card: 0, device: 19, type: 1]
01-03 21:23:48.195   577   577 D UsbAlsaManager: Adding ALSA device AlsaDevice: [card: 0, device: 18, type: 1]
01-03 21:23:48.195   577   577 D UsbAlsaManager: Adding ALSA device AlsaDevice: [card: 0, device: 17, type: 1]
01-03 21:23:48.195   577   577 D UsbAlsaManager: Adding ALSA device AlsaDevice: [card: 0, device: 17, type: 2]
01-03 21:23:48.195   577   577 D UsbAlsaManager: Adding ALSA device AlsaDevice: [card: 0, device: 16, type: 2]
01-03 21:23:48.196   577   577 D UsbAlsaManager: Adding ALSA device AlsaDevice: [card: 0, device: 14, type: 1]
01-03 21:23:48.196   577   577 D UsbAlsaManager: Adding ALSA device AlsaDevice: [card: 0, device: 15, type: 2]
01-03 21:23:48.196   577   577 D UsbAlsaManager: Adding ALSA device AlsaDevice: [card: 0, device: 13, type: 2]
01-03 21:23:48.196   577   577 D UsbAlsaManager: Adding ALSA device AlsaDevice: [card: 0, device: 11, type: 1]
01-03 21:23:48.196   577   577 D UsbAlsaManager: Adding ALSA device AlsaDevice: [card: 0, device: 12, type: 2]
01-03 21:23:48.196   577   577 D UsbAlsaManager: Adding ALSA device AlsaDevice: [card: 0, device: 10, type: 1]
01-03 21:23:48.196   577   577 D UsbAlsaManager: Adding ALSA device AlsaDevice: [card: 0, device: 8, type: 1]
01-03 21:23:48.196   577   577 D UsbAlsaManager: Adding ALSA device AlsaDevice: [card: 0, device: 9, type: 2]
01-03 21:23:48.196   577   577 D UsbAlsaManager: Adding ALSA device AlsaDevice: [card: 0, device: 7, type: 1]
01-03 21:23:48.196   577   577 D UsbAlsaManager: Adding ALSA device AlsaDevice: [card: 0, device: 6, type: 1]
01-03 21:23:48.196   577   577 D UsbAlsaManager: Adding ALSA device AlsaDevice: [card: 0, device: 7, type: 2]
01-03 21:23:48.196   577   577 D UsbAlsaManager: Adding ALSA device AlsaDevice: [card: 0, device: 5, type: 1]
01-03 21:23:48.196   577   577 D UsbAlsaManager: Adding ALSA device AlsaDevice: [card: 0, device: 6, type: 2]
01-03 21:23:48.196   577   577 D UsbAlsaManager: Adding ALSA device AlsaDevice: [card: 0, device: 4, type: 1]
01-03 21:23:48.196   577   577 D UsbAlsaManager: Adding ALSA device AlsaDevice: [card: 0, device: 5, type: 2]
01-03 21:23:48.196   577   577 D UsbAlsaManager: Adding ALSA device AlsaDevice: [card: 0, device: 3, type: 1]
01-03 21:23:48.196   577   577 D UsbAlsaManager: Adding ALSA device AlsaDevice: [card: 0, device: 4, type: 2]
01-03 21:23:48.196   577   577 D UsbAlsaManager: Adding ALSA device AlsaDevice: [card: 0, device: 2, type: 1]
01-03 21:23:48.196   577   577 D UsbAlsaManager: Adding ALSA device AlsaDevice: [card: 0, device: 3, type: 2]
01-03 21:23:48.196   577   577 D UsbAlsaManager: Adding ALSA device AlsaDevice: [card: 0, device: 2, type: 2]
01-03 21:23:48.196   577   577 D UsbAlsaManager: Adding ALSA device AlsaDevice: [card: 0, device: 0, type: 1]
01-03 21:23:48.196   577   577 D UsbAlsaManager: Adding ALSA device AlsaDevice: [card: 0, device: 1, type: 2]
01-03 21:23:48.198   577   841 D BluetoothManagerService: Creating new ProfileServiceConnections object for profile: 1
01-03 21:23:48.199   577   612 D BluetoothManagerService: Message: 30
01-03 21:23:48.200   577   700 D VoldConnector: RCV <- {640 disk:179_128 5}
01-03 21:23:48.201   577   700 D VoldConnector: RCV <- {641 disk:179_128 7969177600}
01-03 21:23:48.202   577   700 D VoldConnector: RCV <- {642 disk:179_128 }
01-03 21:23:48.203   577   700 D VoldConnector: RCV <- {644 disk:179_128 /sys//devices/mtk-msdc.0/11240000.msdc1/mmc_host/mmc1/mmc1:0007/block/mmcblk1}
01-03 21:23:48.204   577   577 I BrokerableCMSystemService: Connecting to implementation
01-03 21:23:48.204   577   577 E BrokerableCMSystemService: Target component lacks cyanogenmod.permission.ACCESS_THEME_MANAGER service permission, failing ComponentInfo{org.cyanogenmod.themeservice/org.cyanogenmod.themeservice.ThemeManagerService}
01-03 21:23:48.216   577   612 D BluetoothManagerService: Message: 30
01-03 21:23:48.221   577   577 I SystemServer: WebViewFactory preparation
01-03 21:23:48.230   303   843 I AudioFlinger: systemReady
01-03 21:23:48.305   577   612 D BluetoothManagerService: Message: 400
01-03 21:23:48.395   577   933 I chatty  : uid=1000(system) SoundPoolThread expire 1 line
01-03 21:23:48.396   914   914 W System  : ClassLoader referenced unknown path: /system/priv-app/SystemUI/lib/arm
01-03 21:23:48.420   256   268 V vold    : DISK gpt CBC83FD9-4235-4453-8D69-6B98D2518C8B
01-03 21:23:48.420   256   268 V vold    : 
01-03 21:23:48.420   256   268 V vold    : PART 1 EBD0A0A2-B9E5-4433-87C0-68B6B72699C7 6364D990-56C9-45B7-991C-554740580B3D Microsoft basic data
01-03 21:23:48.420   256   268 V vold    : 
01-03 21:23:48.423   577   700 D VoldConnector: RCV <- {650 public:179_129 0 "disk:179_128" ""}
01-03 21:23:48.424   577   700 D VoldConnector: RCV <- {654 public:179_129 sdcard1}
01-03 21:23:48.425   577   700 D VoldConnector: RCV <- {651 public:179_129 0}
01-03 21:23:48.426   577   700 D VoldConnector: RCV <- {643 disk:179_128}
01-03 21:23:48.426   577   700 D VoldConnector: RCV <- {200 3 Command succeeded}
01-03 21:23:48.427   577   698 D VoldConnector: SND -> {4 volume user_added 0 0}
01-03 21:23:48.428   577   700 D VoldConnector: RCV <- {200 4 Command succeeded}
01-03 21:23:48.430   577   698 D VoldConnector: SND -> {5 volume mount emulated 3 -1}
01-03 21:23:48.431   577   700 D VoldConnector: RCV <- {651 emulated 1}
01-03 21:23:48.432   577   700 D VoldConnector: RCV <- {656 emulated /data/media}
01-03 21:23:48.433   577   700 D VoldConnector: RCV <- {655 emulated /storage/emulated}
01-03 21:23:48.434   256   268 V vold    : Waiting for FUSE to spin up...
01-03 21:23:48.451   314   314 I MediaPlayerService: MediaPlayerService::getOMX
01-03 21:23:48.484   256   268 V vold    : Waiting for FUSE to spin up...
01-03 21:23:48.490   302   302 I main    : type=1400 audit(0.0:22): avc: denied { getattr } for path="/sys/kernel/debug/tracing/trace_marker" dev="debugfs" ino=1049 scontext=u:r:zygote:s0 tcontext=u:object_r:debugfs:s0 tclass=file permissive=1
01-03 21:23:48.510   937   937 I main    : type=1400 audit(0.0:23): avc: denied { write } for name="trace_marker" dev="debugfs" ino=1049 scontext=u:r:zygote:s0 tcontext=u:object_r:debugfs:s0 tclass=file permissive=1
01-03 21:23:48.510   937   937 I main    : type=1400 audit(0.0:24): avc: denied { open } for path="/sys/kernel/debug/tracing/trace_marker" dev="debugfs" ino=1049 scontext=u:r:zygote:s0 tcontext=u:object_r:debugfs:s0 tclass=file permissive=1
01-03 21:23:48.521   577   577 I ActivityManager: Start proc 937:WebViewLoader-armeabi-v7a/1037 [android.webkit.WebViewFactory$RelroFileCreator] for 
01-03 21:23:48.531   577   577 D NetworkManagement: enabling bandwidth control
01-03 21:23:48.535   256   268 V vold    : Waiting for FUSE to spin up...
01-03 21:23:48.540   937   937 V WebViewFactory: RelroFileCreator (64bit = false),  32-bit lib: /system/app/webview/webview.apk!/lib/armeabi-v7a/libwebviewchromium.so, 64-bit lib: 
01-03 21:23:48.585   256   268 V vold    : Waiting for FUSE to spin up...
01-03 21:23:48.585   935   935 W sdcard  : Device explicitly disabled sdcardfs
01-03 21:23:48.605   314   314 I OMXClient: MuxOMX ctor
01-03 21:23:48.613   314   314 I MediaPlayerService: MediaPlayerService::getOMX
01-03 21:23:48.613   314   314 I OMXClient: MuxOMX ctor
01-03 21:23:48.614   310   310 I OMXMaster: makeComponentInstance(OMX.MTK.AUDIO.DECODER.GSM) in mediacodec process
01-03 21:23:48.621   314   314 I MediaPlayerService: MediaPlayerService::getOMX
01-03 21:23:48.622   314   314 I OMXClient: MuxOMX ctor
01-03 21:23:48.622   310   310 I OMXMaster: makeComponentInstance(OMX.MTK.AUDIO.DECODER.G711.ALAW) in mediacodec process
01-03 21:23:48.633   314   314 I MediaPlayerService: MediaPlayerService::getOMX
01-03 21:23:48.635   314   314 I OMXClient: MuxOMX ctor
01-03 21:23:48.635   310   310 I OMXMaster: makeComponentInstance(OMX.MTK.AUDIO.DECODER.G711.MLAW) in mediacodec process
01-03 21:23:48.638   577   700 D VoldConnector: RCV <- {651 emulated 2}
01-03 21:23:48.639   577   700 D VoldConnector: RCV <- {200 5 Command succeeded}
01-03 21:23:48.642   577   698 D VoldConnector: SND -> {6 volume mount public:179_129 2 0}
01-03 21:23:48.643   256   268 V vold    : /system/bin/blkid
01-03 21:23:48.643   577   700 D VoldConnector: RCV <- {651 public:179_129 1}
01-03 21:23:48.643   256   268 V vold    :     -c
01-03 21:23:48.643   256   268 V vold    :     /dev/null
01-03 21:23:48.643   256   268 V vold    :     -s
01-03 21:23:48.643   256   268 V vold    :     TYPE
01-03 21:23:48.644   256   268 V vold    :     -s
01-03 21:23:48.644   256   268 V vold    :     UUID
01-03 21:23:48.644   256   268 V vold    :     -s
01-03 21:23:48.644   256   268 V vold    :     LABEL
01-03 21:23:48.644   256   268 V vold    :     /dev/block/vold/public:179_129
01-03 21:23:48.645   314   314 I MediaPlayerService: MediaPlayerService::getOMX
01-03 21:23:48.646   314   314 I OMXClient: MuxOMX ctor
01-03 21:23:48.648   310   310 I OMXMaster: makeComponentInstance(OMX.MTK.AUDIO.DECODER.FLAC) in mediacodec process
01-03 21:23:48.667   314   314 I MediaPlayerService: MediaPlayerService::getOMX
01-03 21:23:48.670   314   314 I OMXClient: MuxOMX ctor
01-03 21:23:48.671   310   310 I OMXMaster: makeComponentInstance(OMX.MTK.AUDIO.DECODER.WMA) in mediacodec process
01-03 21:23:48.672   310   310 E OMX     : FAILED to allocate omx component 'OMX.MTK.AUDIO.DECODER.WMA' err=ComponentNotFound(0x80001003)
01-03 21:23:48.673   914   914 V SystemUIService: Starting SystemUI services for user 0.
01-03 21:23:48.675   314   314 I MediaPlayerService: MediaPlayerService::getOMX
01-03 21:23:48.677   314   314 I OMXClient: MuxOMX ctor
01-03 21:23:48.677   310   310 I OMXMaster: makeComponentInstance(OMX.MTK.VIDEO.DECODER.MPEG2) in mediacodec process
01-03 21:23:48.809   886   886 E BluetoothVendorJni: register_com_android_bluetooth_btservice_vendor:
01-03 21:23:48.820   310   379 E OMXNodeInstance: getParameter(1360005:MTK.DECODER.MPEG2, ParamVideoProfileLevelQuerySupported(0x600000f)) ERROR: BadParameter(0x80001005)
01-03 21:23:48.821   310   310 E OMXNodeInstance: getParameter(1360005:MTK.DECODER.MPEG2, ??(0x7f200405)) ERROR: UnsupportedIndex(0x8000101a)
01-03 21:23:48.822   314   314 W ACodec  : do not know color format 0x7f000001 = 2130706433
01-03 21:23:48.823   310   379 E OMXNodeInstance: getParameter(1360005:MTK.DECODER.MPEG2, ??(0x7f200405)) ERROR: UnsupportedIndex(0x8000101a)
01-03 21:23:48.823   310   379 E OMXNodeInstance: getExtensionIndex(1360005:MTK.DECODER.MPEG2, OMX.google.android.index.configureVideoTunnelMode) ERROR: UnsupportedIndex(0x8000101a)
01-03 21:23:48.847   314   314 W MediaCodecList: ignoring Limit specified outside of a Type
01-03 21:23:48.848   314   314 I MediaPlayerService: MediaPlayerService::getOMX
01-03 21:23:48.849   314   314 I OMXClient: MuxOMX ctor
01-03 21:23:48.849   310   379 I OMXMaster: makeComponentInstance(OMX.MTK.VIDEO.DECODER.HEVC) in mediacodec process
01-03 21:23:48.890   937   937 I art     : System.exit called, status: 0
01-03 21:23:48.890   937   937 I AndroidRuntime: VM exiting with result code 0, cleanup skipped.
01-03 21:23:48.957   914   914 V MediaRouter: Adding route: RouteInfo{ name=, description=null, status=null, category=RouteCategory{ name=null types=ROUTE_TYPE_LIVE_AUDIO ROUTE_TYPE_LIVE_VIDEO  groupable=false }, supportedTypes=ROUTE_TYPE_LIVE_AUDIO ROUTE_TYPE_LIVE_VIDEO , presentationDisplay=null }
01-03 21:23:48.987   886   886 D AdapterServiceConfig: addA2dpProfile: isA2dpSinkEnabled = falseisHfpClientEnabled false serviceName HeadsetService
01-03 21:23:48.987   886   886 D AdapterServiceConfig: Adding HeadsetService
01-03 21:23:48.988   886   886 D AdapterServiceConfig: addA2dpProfile: isA2dpSinkEnabled = falseisHfpClientEnabled false serviceName A2dpService
01-03 21:23:48.988   886   886 D AdapterServiceConfig: Adding A2dpService
01-03 21:23:48.988   886   886 D AdapterServiceConfig: addA2dpProfile: isA2dpSinkEnabled = falseisHfpClientEnabled false serviceName HidService
01-03 21:23:48.988   886   886 D AdapterServiceConfig: Adding HidService
01-03 21:23:48.988   886   886 D AdapterServiceConfig: addA2dpProfile: isA2dpSinkEnabled = falseisHfpClientEnabled false serviceName HealthService
01-03 21:23:48.989   886   886 D AdapterServiceConfig: Adding HealthService
01-03 21:23:48.989   886   886 D AdapterServiceConfig: addA2dpProfile: isA2dpSinkEnabled = falseisHfpClientEnabled false serviceName PanService
01-03 21:23:48.989   886   886 D AdapterServiceConfig: Adding PanService
01-03 21:23:48.989   886   886 D AdapterServiceConfig: addA2dpProfile: isA2dpSinkEnabled = falseisHfpClientEnabled false serviceName GattService
01-03 21:23:48.989   886   886 D AdapterServiceConfig: Adding GattService
01-03 21:23:48.990   886   886 D AdapterServiceConfig: addA2dpProfile: isA2dpSinkEnabled = falseisHfpClientEnabled false serviceName BluetoothMapService
01-03 21:23:48.991   886   886 D AdapterServiceConfig: Adding BluetoothMapService
01-03 21:23:48.994   914   914 V MediaRouter: Updating audio routes: AudioRoutesInfo{ type=SPEAKER }
01-03 21:23:48.997   310   379 E OMXNodeInstance: getParameter(1360006:MTK.DECODER.HEVC, ??(0x7f200405)) ERROR: UnsupportedIndex(0x8000101a)
01-03 21:23:48.997   314   314 W ACodec  : do not know color format 0x7f000200 = 2130706944
01-03 21:23:49.002   577   603 W WindowManager: Keyguard drawn timeout. Setting mKeyguardDrawComplete
01-03 21:23:49.007   914   914 V MediaRouter: Selecting route: RouteInfo{ name=, description=null, status=null, category=RouteCategory{ name=null types=ROUTE_TYPE_LIVE_AUDIO ROUTE_TYPE_LIVE_VIDEO  groupable=false }, supportedTypes=ROUTE_TYPE_LIVE_AUDIO ROUTE_TYPE_LIVE_VIDEO , presentationDisplay=null }
01-03 21:23:49.019   310   310 E OMXNodeInstance: getParameter(1360006:MTK.DECODER.HEVC, ??(0x7f200405)) ERROR: UnsupportedIndex(0x8000101a)
01-03 21:23:49.020   886   886 E BluetoothVendorJni: register_com_android_bluetooth_btservice_vendor:
01-03 21:23:49.022   310   310 E OMXNodeInstance: getExtensionIndex(1360006:MTK.DECODER.HEVC, OMX.google.android.index.configureVideoTunnelMode) ERROR: UnsupportedIndex(0x8000101a)
01-03 21:23:49.040   314   314 I MediaPlayerService: MediaPlayerService::getOMX
01-03 21:23:49.042   314   314 I OMXClient: MuxOMX ctor
01-03 21:23:49.042   310   310 I OMXMaster: makeComponentInstance(OMX.MTK.VIDEO.DECODER.MPEG4) in mediacodec process
01-03 21:23:49.046   900   900 I LatinIME: Hardware accelerated drawing: true
01-03 21:23:49.058   914   914 V FingerprintManager: FingerprintManagerService was null
01-03 21:23:49.092   256   268 V vold    : /dev/block/vold/public:179_129: LABEL="^^NAM-yM-@^C?M-VM-b^C" UUID="5F4E-035A" TYPE="vfat" 
01-03 21:23:49.092   256   268 V vold    : 
01-03 21:23:49.097   914   914 W FingerprintManager: isFingerprintHardwareDetected(): Service not connected!
01-03 21:23:49.097   914   914 W FingerprintManager: addLockoutResetCallback(): Service not connected!
01-03 21:23:49.103   577   700 D VoldConnector: RCV <- {652 public:179_129 vfat}
01-03 21:23:49.104   577   700 D VoldConnector: RCV <- {653 public:179_129 5F4E-035A}
01-03 21:23:49.105   256   268 V vold    : /system/bin/fsck_msdos
01-03 21:23:49.105   256   268 V vold    :     -p
01-03 21:23:49.105   256   268 V vold    :     -f
01-03 21:23:49.105   256   268 V vold    :     /dev/block/vold/public:179_129
01-03 21:23:49.105   577   700 D VoldConnector: RCV <- {654 public:179_129 ^^NAM-yM-@^C?M-VM-b^C}
01-03 21:23:49.106   577   700 D VoldConnector: RCV <- {656 public:179_129 /mnt/media_rw/5F4E-035A}
01-03 21:23:49.107   577   700 D VoldConnector: RCV <- {655 public:179_129 /storage/5F4E-035A}
01-03 21:23:49.186   310   310 E OMXNodeInstance: getParameter(1360007:MTK.DECODER.MPEG4, ??(0x7f200405)) ERROR: UnsupportedIndex(0x8000101a)
01-03 21:23:49.186   314   314 W ACodec  : do not know color format 0x7f000001 = 2130706433
01-03 21:23:49.188   310   379 E OMXNodeInstance: getParameter(1360007:MTK.DECODER.MPEG4, ??(0x7f200405)) ERROR: UnsupportedIndex(0x8000101a)
01-03 21:23:49.189   310   310 E OMXNodeInstance: getExtensionIndex(1360007:MTK.DECODER.MPEG4, OMX.google.android.index.configureVideoTunnelMode) ERROR: UnsupportedIndex(0x8000101a)
01-03 21:23:49.206   314   314 I MediaPlayerService: MediaPlayerService::getOMX
01-03 21:23:49.207   314   314 I OMXClient: MuxOMX ctor
01-03 21:23:49.208   310   995 I OMXMaster: makeComponentInstance(OMX.MTK.VIDEO.DECODER.H263) in mediacodec process
01-03 21:23:49.311   577   612 D BluetoothManagerService: Message: 20
01-03 21:23:49.311   577   612 D BluetoothManagerService: Added callback: android.bluetooth.IBluetoothManagerCallback$Stub$Proxy@7a9ab2e:true
01-03 21:23:49.311   886   886 D BluetoothAdapterService: onCreate()
01-03 21:23:49.309   310   995 E OMXNodeInstance: getParameter(1360008:MTK.DECODER.H263, ??(0x7f200405)) ERROR: UnsupportedIndex(0x8000101a)
01-03 21:23:49.316   314   314 W ACodec  : do not know color format 0x7f000001 = 2130706433
01-03 21:23:49.318   310   995 E OMXNodeInstance: getParameter(1360008:MTK.DECODER.H263, ??(0x7f200405)) ERROR: UnsupportedIndex(0x8000101a)
01-03 21:23:49.318   310   379 E OMXNodeInstance: getExtensionIndex(1360008:MTK.DECODER.H263, OMX.google.android.index.configureVideoTunnelMode) ERROR: UnsupportedIndex(0x8000101a)
01-03 21:23:49.338   314   314 I MediaPlayerService: MediaPlayerService::getOMX
01-03 21:23:49.340   314   314 I OMXClient: MuxOMX ctor
01-03 21:23:49.340   310   995 I OMXMaster: makeComponentInstance(OMX.MTK.VIDEO.DECODER.VPX) in mediacodec process
01-03 21:23:49.341   914   989 E WVMExtractor: Failed to open libwvm.so: dlopen failed: cannot locate symbol "_ZN7android16MediaBufferGroupC1Ev" referenced by "/system/vendor/lib/libwvm.so"...
01-03 21:23:49.359   256   268 I fsck_msdos: ** /dev/block/vold/public:179_129
01-03 21:23:49.373   886   886 I BluetoothVendorJni: classInitNative: succeeds
01-03 21:23:49.373   987   987 D fsck_msdos: sectors Per cluster :8 
01-03 21:23:49.374   987   987 D fsck_msdos: boot->ClusterOffset :30354 
01-03 21:23:49.374   987   987 I fsck_msdos: FAT32 Filesystem
01-03 21:23:49.374   987   987 D fsck_msdos: Using cluster_chain_descriptor
01-03 21:23:49.374   987   987 I fsck_msdos: Total clusters 1941545 
01-03 21:23:49.374   886   886 D BluetoothAdapterState: make() - Creating AdapterState
01-03 21:23:49.380   256   268 I fsck_msdos: ** Phase 1 - Read FAT (compare skipped)
01-03 21:23:49.380   256   268 I fsck_msdos: Attempting to allocate 7584 KB for FAT
01-03 21:23:49.384   886   886 I bt_btif : init
01-03 21:23:49.386   886  1004 I BluetoothAdapterState: Entering OffState
01-03 21:23:49.387   886  1005 W bt_osi_thread: run_thread: thread id 1005, thread name stack_manager started
01-03 21:23:49.387   886  1005 I bt_stack_manager: event_init_stack is initializing the stack
01-03 21:23:49.388   886  1005 I bt_core_module: module_init Initializing module "osi_module"
01-03 21:23:49.388   886  1005 I bt_core_module: module_init Initialized module "osi_module"
01-03 21:23:49.389   886  1005 I bt_core_module: module_init Initializing module "bt_utils_module"
01-03 21:23:49.390   886  1005 I bt_utils: init_soc_type
01-03 21:23:49.390   886  1005 I bt_core_module: module_init Initialized module "bt_utils_module"
01-03 21:23:49.391   886  1005 I bt_core_module: module_init Initializing module "btif_config_module"
01-03 21:23:49.394   886  1009 W bt_osi_thread: run_thread: thread id 1009, thread name alarm_default_ca started
01-03 21:23:49.418   886  1010 W bt_osi_thread: run_thread: thread id 1010, thread name alarm_dispatcher started
01-03 21:23:49.418   886  1005 I bt_core_module: module_init Initialized module "btif_config_module"
01-03 21:23:49.418   886  1005 I bt_core_module: module_init Initializing module "interop_module"
01-03 21:23:49.418   886  1005 I bt_core_module: module_init Initialized module "interop_module"
01-03 21:23:49.419   886  1005 I bt_core_module: module_init Initializing module "stack_config_module"
01-03 21:23:49.419   886  1005 I bt_stack_config: init attempt to load stack conf from /etc/bluetooth/bt_stack.conf
01-03 21:23:49.421   886  1005 I bt_core_module: module_init Initialized module "stack_config_module"
01-03 21:23:49.423   886  1011 W bt_osi_thread: run_thread: thread id 1011, thread name bt_jni_workqueue started
01-03 21:23:49.423   886  1005 I bt_stack_manager: event_init_stack finished
01-03 21:23:49.424   886   886 I bt_osi_wakelock: wakelock_set_os_callouts set to non-native
01-03 21:23:49.424   886   886 I bt_btif : get_profile_interface socket
01-03 21:23:49.437   886   886 I bt_btif : get_profile_interface sdp
01-03 21:23:49.448   886   886 I bt_btif : get_profile_interface vendor
01-03 21:23:49.448   886   886 D BluetoothAdapterService: setAdapterService() - set to: null
01-03 21:23:49.449   886   886 D BluetoothAdapterService: onBind()
01-03 21:23:49.478   577   577 E NetdConnector: NDC Command {4 bandwidth enable} took too long (948ms)
01-03 21:23:49.479   886  1011 D BluetoothAdapterProperties: Address is:00:00:46:03:35:01
01-03 21:23:49.491   886  1011 D BluetoothAdapterProperties: Name is: Maxi LTE
01-03 21:23:49.507   310   310 E OMXNodeInstance: getParameter(1360009:MTK.DECODER.VPX, ??(0x7f200405)) ERROR: UnsupportedIndex(0x8000101a)
01-03 21:23:49.508   314   314 W ACodec  : do not know color format 0x7f000200 = 2130706944
01-03 21:23:49.515   310   310 E OMXNodeInstance: getParameter(1360009:MTK.DECODER.VPX, ??(0x7f200405)) ERROR: UnsupportedIndex(0x8000101a)
01-03 21:23:49.521   310   379 E OMXNodeInstance: getExtensionIndex(1360009:MTK.DECODER.VPX, OMX.google.android.index.configureVideoTunnelMode) ERROR: UnsupportedIndex(0x8000101a)
01-03 21:23:49.559   314   314 I MediaPlayerService: MediaPlayerService::getOMX
01-03 21:23:49.560   314   314 I OMXClient: MuxOMX ctor
01-03 21:23:49.560   310   310 I OMXMaster: makeComponentInstance(OMX.MTK.VIDEO.DECODER.VC1) in mediacodec process
01-03 21:23:49.563   900   900 W InputAttributes: No editor info for this field. Bug?
01-03 21:23:49.597   914   914 I vol.Events: writeEvent collection_started
01-03 21:23:49.621   900  1021 I LatinIME:LogUtils: Dictionary info: dictionary = userunigram.zz ; version = 1483467829 ; date = ?
01-03 21:23:49.621   914  1022 I vol.Events: writeEvent external_ringer_mode_changed normal
01-03 21:23:49.622   914  1022 I vol.Events: writeEvent internal_ringer_mode_changed normal
01-03 21:23:49.625   900  1021 E ActivityThread: Failed to find provider info for user_dictionary
01-03 21:23:49.626   900  1021 I LatinIME:LogUtils: Dictionary info: dictionary = UserHistoryDictionary.zz ; version = 1483467829 ; date = ?
01-03 21:23:49.630   987   987 I fsck_msdos: ** Phase 2 - Check Cluster Chains 
01-03 21:23:49.630   987   987 I fsck_msdos: Begin to handle the cluster chain
01-03 21:23:49.650   310   379 E OMXNodeInstance: getParameter(136000a:MTK.DECODER.VC1, ParamVideoProfileLevelQuerySupported(0x600000f)) ERROR: BadParameter(0x80001005)
01-03 21:23:49.653   310   379 E OMXNodeInstance: getParameter(136000a:MTK.DECODER.VC1, ??(0x7f200405)) ERROR: UnsupportedIndex(0x8000101a)
01-03 21:23:49.653   314   314 W ACodec  : do not know color format 0x7f000200 = 2130706944
01-03 21:23:49.654   310   379 E OMXNodeInstance: getParameter(136000a:MTK.DECODER.VC1, ??(0x7f200405)) ERROR: UnsupportedIndex(0x8000101a)
01-03 21:23:49.655   310   995 E OMXNodeInstance: getExtensionIndex(136000a:MTK.DECODER.VC1, OMX.google.android.index.configureVideoTunnelMode) ERROR: UnsupportedIndex(0x8000101a)
01-03 21:23:49.669   314   314 W MediaCodecList: ignoring Limit specified outside of a Type
01-03 21:23:49.670   314   314 I MediaPlayerService: MediaPlayerService::getOMX
01-03 21:23:49.670   314   314 I OMXClient: MuxOMX ctor
01-03 21:23:49.671   310   379 I OMXMaster: makeComponentInstance(OMX.MTK.VIDEO.DECODER.DIVX) in mediacodec process
01-03 21:23:49.769   310   379 E OMXNodeInstance: getParameter(136000b:MTK.DECODER.DIVX, ??(0x7f200405)) ERROR: UnsupportedIndex(0x8000101a)
01-03 21:23:49.769   314   314 W ACodec  : do not know color format 0x7f000001 = 2130706433
01-03 21:23:49.770   310   379 E OMXNodeInstance: getParameter(136000b:MTK.DECODER.DIVX, ??(0x7f200405)) ERROR: UnsupportedIndex(0x8000101a)
01-03 21:23:49.770   310   995 E OMXNodeInstance: getExtensionIndex(136000b:MTK.DECODER.DIVX, OMX.google.android.index.configureVideoTunnelMode) ERROR: UnsupportedIndex(0x8000101a)
01-03 21:23:49.790   256   268 I fsck_msdos: ** Phase 3 - Checking Directories
01-03 21:23:49.790   987   987 D fsck_msdos: rootDir->head :2
01-03 21:23:49.796   314   314 I MediaPlayerService: MediaPlayerService::getOMX
01-03 21:23:49.798   314   314 I OMXClient: MuxOMX ctor
01-03 21:23:49.799   310   379 I OMXMaster: makeComponentInstance(OMX.dolby.ac3.decoder) in mediacodec process
01-03 21:23:49.799   310   379 E OMX     : FAILED to allocate omx component 'OMX.dolby.ac3.decoder' err=InvalidComponentName(0x80001002)
01-03 21:23:49.800   314   314 I MediaPlayerService: MediaPlayerService::getOMX
01-03 21:23:49.801   314   314 I OMXClient: MuxOMX ctor
01-03 21:23:49.801   310   995 I OMXMaster: makeComponentInstance(OMX.dolby.ec3.decoder) in mediacodec process
01-03 21:23:49.801   310   995 E OMX     : FAILED to allocate omx component 'OMX.dolby.ec3.decoder' err=InvalidComponentName(0x80001002)
01-03 21:23:49.803   314   314 I MediaPlayerService: MediaPlayerService::getOMX
01-03 21:23:49.804   314   314 I OMXClient: MuxOMX ctor
01-03 21:23:49.805   310   310 I OMXMaster: makeComponentInstance(OMX.MTK.VIDEO.ENCODER.MPEG4) in mediacodec process
01-03 21:23:49.866   314   314 W ACodec  : do not know color format 0x7f000200 = 2130706944
01-03 21:23:49.867   314   314 W ACodec  : do not know color format 0x7f000789 = 2130708361
01-03 21:23:49.868   314   314 W ACodec  : do not know color format 0x7f000200 = 2130706944
01-03 21:23:49.870   314   314 W ACodec  : do not know color format 0x6 = 6
01-03 21:23:49.870   314   314 W ACodec  : do not know color format 0xb = 11
01-03 21:23:49.871   314   314 W ACodec  : do not know color format 0x10 = 16
01-03 21:23:49.872   314   314 W ACodec  : do not know color format 0x7f000300 = 2130707200
01-03 21:23:49.873   314   314 W ACodec  : do not know color format 0xf = 15
01-03 21:23:49.874   310   310 E OMXNodeInstance: getConfig(136000c:MTK.ENCODER.MPEG4, ConfigAndroidIntraRefresh(0x6f60000a)) ERROR: UnsupportedIndex(0x8000101a)
01-03 21:23:49.878   314   314 I MediaPlayerService: MediaPlayerService::getOMX
01-03 21:23:49.882   314   314 I OMXClient: MuxOMX ctor
01-03 21:23:49.883   310   310 I OMXMaster: makeComponentInstance(OMX.MTK.VIDEO.ENCODER.H263) in mediacodec process
01-03 21:23:49.895   987   987 D fsck_msdos: Verify Filesystem information
01-03 21:23:49.895   987   987 W fsck_msdos: 120 files, 34880 free (1057296 clusters)
01-03 21:23:49.895   987   987 I fsck_msdos: free_rb_tree 
01-03 21:23:49.895   987   987 I fsck_msdos: free_fragment_tree
01-03 21:23:49.895   987   987 I fsck_msdos: free_fragment_tree
01-03 21:23:49.895   987   987 I fsck_msdos: free_fragment_tree: rb_tree is empty 
01-03 21:23:49.900   256   268 I fsck_msdos: ** Phase 4 - Checking for Lost Files
01-03 21:23:49.921   256   268 I Vold    : Filesystem check completed OK
01-03 21:23:49.926   314   314 W ACodec  : do not know color format 0x7f000200 = 2130706944
01-03 21:23:49.927   314   314 W ACodec  : do not know color format 0x7f000789 = 2130708361
01-03 21:23:49.929   314   314 W ACodec  : do not know color format 0x7f000200 = 2130706944
01-03 21:23:49.931   314   314 W ACodec  : do not know color format 0x6 = 6
01-03 21:23:49.932   314   314 W ACodec  : do not know color format 0xb = 11
01-03 21:23:49.933   314   314 W ACodec  : do not know color format 0x10 = 16
01-03 21:23:49.933   314   314 W ACodec  : do not know color format 0x7f000300 = 2130707200
01-03 21:23:49.934   314   314 W ACodec  : do not know color format 0xf = 15
01-03 21:23:49.935   310   310 E OMXNodeInstance: getConfig(136000d:MTK.ENCODER.H263, ConfigAndroidIntraRefresh(0x6f60000a)) ERROR: UnsupportedIndex(0x8000101a)
01-03 21:23:49.939   314   314 I MediaPlayerService: MediaPlayerService::getOMX
01-03 21:23:49.940   314   314 I OMXClient: MuxOMX ctor
01-03 21:23:49.940   310   310 I OMXMaster: makeComponentInstance(OMX.MTK.VIDEO.ENCODER.AVC) in mediacodec process
01-03 21:23:49.945   256   268 V vold    : Waiting for FUSE to spin up...
01-03 21:23:49.996   256   268 V vold    : Waiting for FUSE to spin up...
01-03 21:23:50.007   314   314 W ACodec  : do not know color format 0x7f000200 = 2130706944
01-03 21:23:50.008   314   314 W ACodec  : do not know color format 0x7f000789 = 2130708361
01-03 21:23:50.009   314   314 W ACodec  : do not know color format 0x7f000200 = 2130706944
01-03 21:23:50.010   314   314 W ACodec  : do not know color format 0x6 = 6
01-03 21:23:50.011   314   314 W ACodec  : do not know color format 0xb = 11
01-03 21:23:50.012   314   314 W ACodec  : do not know color format 0x10 = 16
01-03 21:23:50.017   314   314 W ACodec  : do not know color format 0x7f000300 = 2130707200
01-03 21:23:50.019   314   314 W ACodec  : do not know color format 0xf = 15
01-03 21:23:50.020   310   995 E OMXNodeInstance: getConfig(136000e:MTK.ENCODER.AVC, ConfigAndroidIntraRefresh(0x6f60000a)) ERROR: UnsupportedIndex(0x8000101a)
01-03 21:23:50.026   314   314 I MediaPlayerService: MediaPlayerService::getOMX
01-03 21:23:50.030   314   314 I OMXClient: MuxOMX ctor
01-03 21:23:50.031   310  1053 I OMXMaster: makeComponentInstance(OMX.MTK.AUDIO.ENCODER.VORBIS) in mediacodec process
01-03 21:23:50.042   314   314 I MediaPlayerService: MediaPlayerService::getOMX
01-03 21:23:50.043   314   314 I OMXClient: MuxOMX ctor
01-03 21:23:50.043   310  1052 I OMXMaster: makeComponentInstance(OMX.google.mp3.decoder) in mediacodec process
01-03 21:23:50.046   256   268 V vold    : Waiting for FUSE to spin up...
01-03 21:23:50.059   314   314 I MediaPlayerService: MediaPlayerService::getOMX
01-03 21:23:50.060   314   314 I OMXClient: MuxOMX ctor
01-03 21:23:50.060   310   379 I OMXMaster: makeComponentInstance(OMX.google.amrnb.decoder) in mediacodec process
01-03 21:23:50.069   914  1022 I vol.Events: writeEvent level_changed STREAM_ALARM 6
01-03 21:23:50.072   314   314 I MediaPlayerService: MediaPlayerService::getOMX
01-03 21:23:50.072   314   314 I OMXClient: MuxOMX ctor
01-03 21:23:50.073   310   995 I OMXMaster: makeComponentInstance(OMX.google.amrwb.decoder) in mediacodec process
01-03 21:23:50.073   914  1022 I vol.Events: writeEvent level_changed STREAM_BLUETOOTH_SCO 7
01-03 21:23:50.078  1046  1046 W sdcard  : Device explicitly disabled sdcardfs
01-03 21:23:50.081   914  1022 I vol.Events: writeEvent level_changed STREAM_MUSIC 11
01-03 21:23:50.082   314   314 I MediaPlayerService: MediaPlayerService::getOMX
01-03 21:23:50.085   314   314 I OMXClient: MuxOMX ctor
01-03 21:23:50.085   310   310 I OMXMaster: makeComponentInstance(OMX.google.aac.decoder) in mediacodec process
01-03 21:23:50.093   914  1022 I vol.Events: writeEvent level_changed STREAM_RING 5
